$ /usr/bin/time -l /Users/zhangwenqian/UNSW/pivoter/research/r1_skyline_index_20260918/build/tail_check --graph /Users/zhangwenqian/UNSW/pivoter/graphs/ca-AstroPh.edges
{"graph":"ca-AstroPh.edges","n":18772,"m":198050,"d":56,"rows":95876,"incidences":678945,"bits":64,"sizes":56,"identical":true,"terminal_ms":59.045,"full_ms":93.709,"tail_ms":54.371,"tail_upper_ms":3.079,"tail_mark_ms":9.825,"tail_init_ms":9.345,"tail_peel_ms":29.164,"tail_order_ms":0.968,"full_upper_ms":3.782,"full_mark_ms":35.945,"full_init_ms":7.193,"full_peel_ms":43.518,"full_order_ms":1.073,"active_pairs":186754,"residue_pairs":19418,"relevant_vertex_pairs":86039,"relevant_rows":326454,"relevant_incidences":3631314,"all_valid_incidences":6512328,"closed_sizes":13,"last_residue_size":44,"tail_events":86039,"full_events":186754,"tail_subtracts":1009427,"full_subtracts":4878599,"per_size":[[3,17386,6554,14881,79315,574263,7.900],[4,15234,3728,11653,60794,492450,7.665],[5,12993,2083,8885,42716,393640,6.838],[6,11215,1344,6972,30170,315431,4.777],[7,9925,1004,5772,22488,263943,3.912],[8,8821,771,4828,17276,223489,3.152],[9,7980,568,3929,13086,184432,2.422],[10,7301,476,3365,10289,156256,2.027],[11,6782,382,2979,8365,136600,1.747],[12,6255,317,2628,6976,120882,1.484],[13,5825,293,2383,5753,105108,1.320],[14,5416,229,2107,4802,92509,1.167],[15,5072,215,1919,4083,82422,1.049],[16,4795,191,1717,3499,73606,0.970],[17,4448,161,1543,2993,65356,0.916],[18,4224,143,1411,2585,58406,0.769],[19,3908,134,1240,2155,50439,0.662],[20,3578,129,1069,1833,44321,0.606],[21,3370,117,995,1552,38676,0.577],[22,3170,108,813,1299,33357,0.466],[23,3008,91,651,1070,28116,0.388],[24,2779,74,577,869,23487,0.331],[25,2580,67,563,713,19742,0.299],[26,2453,52,522,559,15861,0.262],[27,2337,46,472,406,11882,0.216],[28,2235,45,380,291,8777,0.177],[29,2015,39,325,194,6061,0.153],[30,1834,25,305,130,4205,0.134],[31,1713,6,150,35,1245,0.089],[32,1670,6,147,25,935,0.085],[33,1523,3,101,20,775,0.066],[34,1440,3,101,19,742,0.065],[35,1404,3,101,18,708,0.065],[36,1393,3,101,16,638,0.065],[37,1262,1,62,11,456,0.063],[38,1170,1,62,10,419,0.062],[39,1092,1,62,9,381,0.064],[40,886,1,62,8,342,0.076],[41,805,1,62,7,302,0.065],[42,731,1,48,6,261,0.061],[43,638,1,48,6,261,0.060],[44,549,1,48,3,132,0.059],[45,545,0,0,0,0,0.024],[46,469,0,0,0,0,0.031],[47,428,0,0,0,0,0.024],[48,316,0,0,0,0,0.024],[49,316,0,0,0,0,0.024],[50,267,0,0,0,0,0.024],[51,267,0,0,0,0,0.024],[52,267,0,0,0,0,0.024],[53,216,0,0,0,0,0.029],[54,165,0,0,0,0,0.028],[55,113,0,0,0,0,0.024],[56,113,0,0,0,0,0.023],[57,57,0,0,0,0,0.026]]}
        0.36 real         0.35 user         0.00 sys
            30556160  maximum resident set size
                   0  average shared memory size
                   0  average unshared data size
                   0  average unshared stack size
                2058  page reclaims
                   1  page faults
                   0  swaps
                   0  block input operations
                   0  block output operations
                   0  messages sent
                   0  messages received
                   0  signals received
                   2  voluntary context switches
                 285  involuntary context switches
          4351655665  instructions retired
          1534811113  cycles elapsed
            29950336  peak memory footprint
