$ /usr/bin/time -l /Users/zhangwenqian/UNSW/pivoter/research/r1_skyline_index_20260918/build/tail_check --graph /Users/zhangwenqian/UNSW/pivoter/data/com-dblp.edges
{"graph":"com-dblp.edges","n":317080,"m":1049866,"d":113,"rows":475385,"incidences":1658264,"bits":128,"sizes":113,"identical":true,"terminal_ms":229.070,"full_ms":255.543,"tail_ms":155.431,"tail_upper_ms":14.419,"tail_mark_ms":13.466,"tail_init_ms":11.270,"tail_peel_ms":39.374,"tail_order_ms":7.073,"full_upper_ms":12.566,"full_mark_ms":45.491,"full_init_ms":9.783,"full_peel_ms":90.006,"full_order_ms":27.083,"active_pairs":929853,"residue_pairs":63769,"relevant_vertex_pairs":260461,"relevant_rows":304143,"relevant_incidences":1294996,"all_valid_incidences":5338511,"closed_sizes":92,"last_residue_size":22,"tail_events":260461,"full_events":929853,"tail_subtracts":491221,"full_subtracts":1540017,"per_size":[[3,269181,46642,169571,221311,861950,42.575],[4,194957,12427,59759,60542,283574,15.736],[5,127805,3164,18414,14797,85513,5.786],[6,82067,907,6498,4333,30362,2.673],[7,53496,317,2467,1512,12610,1.767],[8,36412,126,1114,643,6305,1.529],[9,25993,74,678,347,3902,1.379],[10,19354,35,450,203,2573,1.378],[11,14756,22,353,133,1866,1.423],[12,11949,10,249,80,1268,1.286],[13,9961,9,196,60,1028,1.253],[14,8089,9,185,48,872,1.277],[15,6767,7,132,30,612,1.239],[16,5746,5,101,21,472,1.199],[17,4743,5,89,19,440,1.222],[18,4207,2,41,13,334,1.229],[19,3656,2,41,13,334,1.178],[20,3396,2,41,13,334,1.217],[21,3060,2,41,13,334,1.219],[22,2722,2,41,12,313,1.233],[23,2438,0,0,0,0,0.684],[24,2221,0,0,0,0,0.654],[25,2069,0,0,0,0,0.670],[26,1896,0,0,0,0,0.664],[27,1715,0,0,0,0,0.689],[28,1603,0,0,0,0,0.699],[29,1487,0,0,0,0,0.726],[30,1358,0,0,0,0,0.727],[31,1206,0,0,0,0,0.691],[32,1050,0,0,0,0,0.715],[33,955,0,0,0,0,0.700],[34,856,0,0,0,0,0.708],[35,822,0,0,0,0,0.683],[36,819,0,0,0,0,0.704],[37,738,0,0,0,0,0.697],[38,703,0,0,0,0,0.693],[39,703,0,0,0,0,0.696],[40,625,0,0,0,0,0.696],[41,585,0,0,0,0,0.787],[42,585,0,0,0,0,0.925],[43,585,0,0,0,0,0.778],[44,542,0,0,0,0,0.701],[45,454,0,0,0,0,0.699],[46,454,0,0,0,0,0.695],[47,454,0,0,0,0,0.700],[48,454,0,0,0,0,0.696],[49,358,0,0,0,0,0.700],[50,309,0,0,0,0,0.697],[51,309,0,0,0,0,0.699],[52,309,0,0,0,0,0.707],[53,280,0,0,0,0,0.696],[54,280,0,0,0,0,0.696],[55,280,0,0,0,0,0.695],[56,280,0,0,0,0,0.696],[57,280,0,0,0,0,0.702],[58,280,0,0,0,0,0.701],[59,280,0,0,0,0,0.699],[60,280,0,0,0,0,0.696],[61,280,0,0,0,0,0.695],[62,280,0,0,0,0,0.699],[63,280,0,0,0,0,0.714],[64,217,0,0,0,0,0.726],[65,217,0,0,0,0,0.707],[66,216,0,0,0,0,0.722],[67,216,0,0,0,0,0.703],[68,216,0,0,0,0,0.718],[69,216,0,0,0,0,0.723],[70,216,0,0,0,0,0.701],[71,216,0,0,0,0,0.711],[72,216,0,0,0,0,0.710],[73,216,0,0,0,0,0.703],[74,216,0,0,0,0,0.702],[75,216,0,0,0,0,0.696],[76,216,0,0,0,0,0.696],[77,216,0,0,0,0,0.697],[78,216,0,0,0,0,0.698],[79,216,0,0,0,0,0.695],[80,216,0,0,0,0,0.709],[81,216,0,0,0,0,0.706],[82,216,0,0,0,0,0.704],[83,216,0,0,0,0,0.697],[84,216,0,0,0,0,0.702],[85,216,0,0,0,0,0.696],[86,216,0,0,0,0,0.702],[87,216,0,0,0,0,0.700],[88,216,0,0,0,0,0.699],[89,216,0,0,0,0,0.697],[90,216,0,0,0,0,0.705],[91,216,0,0,0,0,0.711],[92,216,0,0,0,0,0.701],[93,216,0,0,0,0,0.697],[94,216,0,0,0,0,0.696],[95,216,0,0,0,0,0.698],[96,216,0,0,0,0,0.699],[97,216,0,0,0,0,0.697],[98,216,0,0,0,0,0.697],[99,216,0,0,0,0,0.695],[100,216,0,0,0,0,0.695],[101,216,0,0,0,0,0.696],[102,216,0,0,0,0,0.695],[103,114,0,0,0,0,0.708],[104,114,0,0,0,0,0.698],[105,114,0,0,0,0,0.695],[106,114,0,0,0,0,0.696],[107,114,0,0,0,0,0.696],[108,114,0,0,0,0,0.698],[109,114,0,0,0,0,0.698],[110,114,0,0,0,0,0.696],[111,114,0,0,0,0,0.705],[112,114,0,0,0,0,0.700],[113,114,0,0,0,0,0.697],[114,114,0,0,0,0,0.705]]}
        1.05 real         1.02 user         0.01 sys
           140328960  maximum resident set size
                   0  average shared memory size
                   0  average unshared data size
                   0  average unshared stack size
                8758  page reclaims
                   1  page faults
                   0  swaps
                   0  block input operations
                   0  block output operations
                   0  messages sent
                   0  messages received
                   0  signals received
                   2  voluntary context switches
                 323  involuntary context switches
         14925343674  instructions retired
          4560621717  cycles elapsed
           139772384  peak memory footprint
