$ /usr/bin/time -l /Users/zhangwenqian/UNSW/pivoter/research/r1_skyline_index_20260918/build/tail_check --graph /Users/zhangwenqian/UNSW/pivoter/graphs/dblp-core30.edges
{"graph":"dblp-core30.edges","n":1206,"m":31769,"d":113,"rows":1311,"incidences":34311,"bits":128,"sizes":113,"identical":true,"terminal_ms":4.324,"full_ms":7.718,"tail_ms":0.712,"tail_upper_ms":0.332,"tail_mark_ms":0.005,"tail_init_ms":0.002,"tail_peel_ms":0.043,"tail_order_ms":0.034,"full_upper_ms":1.464,"full_mark_ms":2.783,"full_init_ms":0.912,"full_peel_ms":2.059,"full_order_ms":0.114,"active_pairs":60517,"residue_pairs":40,"relevant_vertex_pairs":714,"relevant_rows":132,"relevant_incidences":3210,"all_valid_incidences":1427803,"closed_sizes":92,"last_residue_size":22,"tail_events":714,"full_events":60517,"tail_subtracts":84,"full_subtracts":61557,"per_size":[[3,1206,2,39,10,179,0.018],[4,1206,2,39,10,179,0.011],[5,1206,2,38,9,175,0.010],[6,1206,2,38,8,170,0.010],[7,1206,2,35,6,158,0.010],[8,1206,2,35,6,158,0.010],[9,1206,2,35,6,158,0.010],[10,1206,2,35,6,158,0.010],[11,1206,2,35,6,158,0.011],[12,1206,2,35,6,158,0.011],[13,1206,2,35,6,158,0.011],[14,1206,2,35,6,158,0.011],[15,1206,2,35,6,158,0.011],[16,1206,2,35,6,158,0.011],[17,1206,2,35,6,158,0.011],[18,1206,2,35,6,158,0.010],[19,1206,2,35,6,158,0.010],[20,1206,2,35,6,158,0.011],[21,1206,2,35,6,158,0.010],[22,1206,2,35,5,137,0.010],[23,1206,0,0,0,0,0.006],[24,1206,0,0,0,0,0.006],[25,1206,0,0,0,0,0.005],[26,1206,0,0,0,0,0.005],[27,1206,0,0,0,0,0.005],[28,1206,0,0,0,0,0.005],[29,1206,0,0,0,0,0.005],[30,1206,0,0,0,0,0.005],[31,1206,0,0,0,0,0.005],[32,1050,0,0,0,0,0.005],[33,955,0,0,0,0,0.006],[34,856,0,0,0,0,0.005],[35,822,0,0,0,0,0.005],[36,819,0,0,0,0,0.005],[37,738,0,0,0,0,0.005],[38,703,0,0,0,0,0.005],[39,703,0,0,0,0,0.005],[40,625,0,0,0,0,0.005],[41,585,0,0,0,0,0.005],[42,585,0,0,0,0,0.005],[43,585,0,0,0,0,0.005],[44,542,0,0,0,0,0.005],[45,454,0,0,0,0,0.005],[46,454,0,0,0,0,0.005],[47,454,0,0,0,0,0.005],[48,454,0,0,0,0,0.005],[49,358,0,0,0,0,0.005],[50,309,0,0,0,0,0.005],[51,309,0,0,0,0,0.005],[52,309,0,0,0,0,0.005],[53,280,0,0,0,0,0.005],[54,280,0,0,0,0,0.005],[55,280,0,0,0,0,0.005],[56,280,0,0,0,0,0.005],[57,280,0,0,0,0,0.005],[58,280,0,0,0,0,0.005],[59,280,0,0,0,0,0.005],[60,280,0,0,0,0,0.005],[61,280,0,0,0,0,0.005],[62,280,0,0,0,0,0.014],[63,280,0,0,0,0,0.016],[64,217,0,0,0,0,0.005],[65,217,0,0,0,0,0.005],[66,216,0,0,0,0,0.005],[67,216,0,0,0,0,0.005],[68,216,0,0,0,0,0.005],[69,216,0,0,0,0,0.005],[70,216,0,0,0,0,0.005],[71,216,0,0,0,0,0.005],[72,216,0,0,0,0,0.005],[73,216,0,0,0,0,0.005],[74,216,0,0,0,0,0.005],[75,216,0,0,0,0,0.005],[76,216,0,0,0,0,0.005],[77,216,0,0,0,0,0.004],[78,216,0,0,0,0,0.005],[79,216,0,0,0,0,0.005],[80,216,0,0,0,0,0.005],[81,216,0,0,0,0,0.005],[82,216,0,0,0,0,0.005],[83,216,0,0,0,0,0.005],[84,216,0,0,0,0,0.005],[85,216,0,0,0,0,0.005],[86,216,0,0,0,0,0.005],[87,216,0,0,0,0,0.005],[88,216,0,0,0,0,0.005],[89,216,0,0,0,0,0.005],[90,216,0,0,0,0,0.005],[91,216,0,0,0,0,0.005],[92,216,0,0,0,0,0.005],[93,216,0,0,0,0,0.005],[94,216,0,0,0,0,0.005],[95,216,0,0,0,0,0.005],[96,216,0,0,0,0,0.005],[97,216,0,0,0,0,0.005],[98,216,0,0,0,0,0.005],[99,216,0,0,0,0,0.005],[100,216,0,0,0,0,0.005],[101,216,0,0,0,0,0.005],[102,216,0,0,0,0,0.005],[103,114,0,0,0,0,0.004],[104,114,0,0,0,0,0.004],[105,114,0,0,0,0,0.004],[106,114,0,0,0,0,0.004],[107,114,0,0,0,0,0.004],[108,114,0,0,0,0,0.004],[109,114,0,0,0,0,0.004],[110,114,0,0,0,0,0.005],[111,114,0,0,0,0,0.004],[112,114,0,0,0,0,0.004],[113,114,0,0,0,0,0.004],[114,114,0,0,0,0,0.004]]}
        0.02 real         0.02 user         0.00 sys
             3915776  maximum resident set size
                   0  average shared memory size
                   0  average unshared data size
                   0  average unshared stack size
                 432  page reclaims
                   1  page faults
                   0  swaps
                   0  block input operations
                   0  block output operations
                   0  messages sent
                   0  messages received
                   0  signals received
                   2  voluntary context switches
                  14  involuntary context switches
           446900780  instructions retired
           106017908  cycles elapsed
             3260752  peak memory footprint
