$ /usr/bin/time -l /Users/zhangwenqian/UNSW/pivoter/research/r1_skyline_index_20260918/build/tail_check --graph /Users/zhangwenqian/UNSW/pivoter/graphs/web-Stanford.edges
{"graph":"web-Stanford.edges","n":281903,"m":1992636,"d":71,"rows":1357105,"incidences":10094336,"bits":64,"sizes":61,"identical":true,"terminal_ms":619.518,"full_ms":1048.770,"tail_ms":923.954,"tail_upper_ms":48.738,"tail_mark_ms":270.408,"tail_init_ms":92.691,"tail_peel_ms":465.606,"tail_order_ms":19.329,"full_upper_ms":49.670,"full_mark_ms":354.797,"full_init_ms":86.436,"full_peel_ms":510.748,"full_order_ms":17.943,"active_pairs":1326086,"residue_pairs":726208,"relevant_vertex_pairs":1049148,"relevant_rows":7126170,"relevant_incidences":106211483,"all_valid_incidences":109311629,"closed_sizes":0,"last_residue_size":61,"tail_events":1049148,"full_events":1326086,"tail_subtracts":67361068,"full_subtracts":100711622,"per_size":[[3,241106,153580,196064,1172503,9442517,85.296],[4,177182,110084,137932,1005542,9018705,75.000],[5,149315,93641,118189,923173,8687067,68.477],[6,103244,58032,80868,831292,8222212,63.103],[7,82042,42846,64076,668091,7241647,57.331],[8,58345,29480,48433,291745,4607042,43.784],[9,51014,25167,42881,261777,4366358,41.355],[10,45835,22822,39707,238170,4152395,39.262],[11,42071,21396,37099,215857,3927337,37.161],[12,39742,20065,34913,193191,3677618,34.726],[13,37575,18999,33130,171982,3422705,31.900],[14,35879,17750,31664,154528,3195376,30.600],[15,33916,16257,30202,134401,2913428,29.756],[16,30460,13859,26781,104672,2467383,25.382],[17,21281,5475,14072,49885,1561376,16.542],[18,18446,5027,11345,44600,1470826,16.121],[19,17283,4608,9856,41414,1413124,10.517],[20,16174,4289,8064,38356,1354927,9.868],[21,12422,4083,6841,36070,1308903,9.616],[22,11553,3809,6160,33739,1257827,9.330],[23,10629,3509,5663,32251,1224922,8.945],[24,9400,3272,5098,31152,1199645,8.615],[25,8297,3185,4552,29888,1169277,8.368],[26,7487,3105,4451,29039,1148049,8.047],[27,6843,2982,4134,28393,1131146,8.050],[28,6207,2833,3781,27451,1105712,7.698],[29,5359,2665,3431,25635,1054863,7.430],[30,4224,2542,3165,24003,1007535,7.098],[31,3770,2370,2928,22529,963315,6.739],[32,3417,2155,2653,21011,916219,6.752],[33,2801,1792,2146,19272,860565,6.536],[34,2440,1561,1786,18304,828621,5.837],[35,2159,1481,1706,17625,805535,5.532],[36,2080,1447,1671,17171,789645,6.292],[37,1970,1445,1669,16740,774129,5.389],[38,1939,1414,1638,16171,753076,5.171],[39,1816,1329,1553,15559,729820,5.273],[40,1720,1311,1535,15221,716638,4.991],[41,1660,1268,1492,14790,699398,4.645],[42,1660,1268,1492,13998,666926,4.590],[43,1632,1266,1490,12595,608000,4.325],[44,1580,1214,1438,11073,542554,3.985],[45,1525,1170,1378,9651,479986,4.405],[46,1410,1101,1310,8820,442585,3.495],[47,1319,1055,1263,8379,422288,3.369],[48,1276,1010,1218,7921,400750,3.253],[49,1265,999,1207,7161,364270,3.134],[50,1229,963,1171,5953,305078,2.974],[51,1053,932,995,3996,207228,2.709],[52,864,745,808,1950,102882,2.366],[53,560,442,505,705,38142,1.967],[54,352,289,352,332,18373,1.921],[55,264,201,264,192,10813,1.765],[56,223,160,223,100,5753,1.747],[57,203,140,203,59,3457,1.705],[58,156,94,156,39,2317,1.697],[59,156,93,155,26,1562,1.714],[60,130,67,127,19,1148,2.020],[61,126,64,64,8,488,1.577],[62,0,0,0,0,0,0.000]]}
        3.82 real         3.73 user         0.06 sys
           421052416  maximum resident set size
                   0  average shared memory size
                   0  average unshared data size
                   0  average unshared stack size
               25892  page reclaims
                   1  page faults
                   0  swaps
                   0  block input operations
                   0  block output operations
                   0  messages sent
                   0  messages received
                   0  signals received
                   2  voluntary context switches
                1268  involuntary context switches
         58809684883  instructions retired
         16355155386  cycles elapsed
           420659896  peak memory footprint
