ca-GrQc                  r2 terminal old  total      0.01s ti     0.00 solve     0.00 trees     0.00 peak        5 MB
ca-GrQc                  r2 terminal fast total      0.01s ti     0.00 solve     0.00 trees     0.00 peak        5 MB
ca-GrQc                  r2 tail     old  total      0.00s ti     0.00 solve     0.00 trees     0.00 peak        5 MB
ca-GrQc                  r2 tail     fast total      0.00s ti     0.00 solve     0.00 trees     0.00 peak        5 MB
ca-GrQc                  r3 tail     fast total      0.00s ti     0.00 solve     0.00 trees     0.00 peak        4 MB
ca-GrQc                  r3 tail     old  total      0.01s ti     0.00 solve     0.00 trees     0.00 peak        5 MB
ca-GrQc                  r3 terminal fast total      0.01s ti     0.00 solve     0.00 trees     0.00 peak        4 MB
ca-GrQc                  r3 terminal old  total      0.01s ti     0.00 solve     0.00 trees     0.00 peak        5 MB
ca-GrQc                  r4 terminal old  total      0.01s ti     0.00 solve     0.00 trees     0.00 peak        5 MB
ca-GrQc                  r4 terminal fast total      0.01s ti     0.00 solve     0.00 trees     0.00 peak        5 MB
ca-GrQc                  r4 tail     old  total      0.01s ti     0.00 solve     0.00 trees     0.00 peak        5 MB
ca-GrQc                  r4 tail     fast total      0.00s ti     0.00 solve     0.00 trees     0.00 peak        4 MB
ca-GrQc                  r5 tail     fast total      0.00s ti     0.00 solve     0.00 trees     0.00 peak        4 MB
ca-GrQc                  r5 tail     old  total      0.00s ti     0.00 solve     0.00 trees     0.00 peak        5 MB
ca-GrQc                  r5 terminal fast total      0.01s ti     0.00 solve     0.00 trees     0.00 peak        4 MB
ca-GrQc                  r5 terminal old  total      0.01s ti     0.00 solve     0.00 trees     0.00 peak        5 MB
ca-GrQc                  r6 terminal old  total      0.01s ti     0.00 solve     0.00 trees     0.00 peak        5 MB
ca-GrQc                  r6 terminal fast total      0.01s ti     0.00 solve     0.00 trees     0.00 peak        4 MB
ca-GrQc                  r6 tail     old  total      0.01s ti     0.00 solve     0.00 trees     0.00 peak        5 MB
ca-GrQc                  r6 tail     fast total      0.00s ti     0.00 solve     0.00 trees     0.00 peak        5 MB
ca-GrQc                  r7 tail     fast total      0.00s ti     0.00 solve     0.00 trees     0.00 peak        4 MB
ca-GrQc                  r7 tail     old  total      0.00s ti     0.00 solve     0.00 trees     0.00 peak        5 MB
ca-GrQc                  r7 terminal fast total      0.01s ti     0.00 solve     0.00 trees     0.00 peak        4 MB
ca-GrQc                  r7 terminal old  total      0.01s ti     0.00 solve     0.00 trees     0.00 peak        5 MB
== ca-GrQc: terminal+old 0.01s (1.00x) terminal+fast 0.01s (1.09x) tail+old 0.00s (1.16x) tail+fast 0.00s (1.32x)
ca-HepTh                 r2 terminal old  total      0.01s ti     0.00 solve     0.00 trees     0.00 peak        6 MB
ca-HepTh                 r2 terminal fast total      0.01s ti     0.00 solve     0.00 trees     0.00 peak        6 MB
ca-HepTh                 r2 tail     old  total      0.01s ti     0.00 solve     0.00 trees     0.00 peak        6 MB
ca-HepTh                 r2 tail     fast total      0.01s ti     0.00 solve     0.00 trees     0.00 peak        6 MB
ca-HepTh                 r3 tail     fast total      0.01s ti     0.00 solve     0.00 trees     0.00 peak        6 MB
ca-HepTh                 r3 tail     old  total      0.01s ti     0.00 solve     0.00 trees     0.00 peak        6 MB
ca-HepTh                 r3 terminal fast total      0.01s ti     0.00 solve     0.00 trees     0.00 peak        6 MB
ca-HepTh                 r3 terminal old  total      0.01s ti     0.00 solve     0.00 trees     0.00 peak        6 MB
ca-HepTh                 r4 terminal old  total      0.01s ti     0.00 solve     0.00 trees     0.00 peak        6 MB
ca-HepTh                 r4 terminal fast total      0.01s ti     0.00 solve     0.00 trees     0.00 peak        6 MB
ca-HepTh                 r4 tail     old  total      0.01s ti     0.00 solve     0.00 trees     0.00 peak        6 MB
ca-HepTh                 r4 tail     fast total      0.01s ti     0.00 solve     0.00 trees     0.00 peak        6 MB
ca-HepTh                 r5 tail     fast total      0.01s ti     0.00 solve     0.00 trees     0.00 peak        6 MB
ca-HepTh                 r5 tail     old  total      0.01s ti     0.00 solve     0.00 trees     0.00 peak        6 MB
ca-HepTh                 r5 terminal fast total      0.01s ti     0.00 solve     0.00 trees     0.00 peak        7 MB
ca-HepTh                 r5 terminal old  total      0.01s ti     0.00 solve     0.00 trees     0.00 peak        6 MB
ca-HepTh                 r6 terminal old  total      0.01s ti     0.00 solve     0.00 trees     0.00 peak        6 MB
ca-HepTh                 r6 terminal fast total      0.01s ti     0.00 solve     0.00 trees     0.00 peak        6 MB
ca-HepTh                 r6 tail     old  total      0.01s ti     0.00 solve     0.00 trees     0.00 peak        7 MB
ca-HepTh                 r6 tail     fast total      0.01s ti     0.00 solve     0.00 trees     0.00 peak        6 MB
ca-HepTh                 r7 tail     fast total      0.01s ti     0.00 solve     0.00 trees     0.00 peak        6 MB
ca-HepTh                 r7 tail     old  total      0.01s ti     0.00 solve     0.00 trees     0.00 peak        6 MB
ca-HepTh                 r7 terminal fast total      0.01s ti     0.00 solve     0.00 trees     0.00 peak        6 MB
ca-HepTh                 r7 terminal old  total      0.01s ti     0.00 solve     0.00 trees     0.00 peak        6 MB
== ca-HepTh: terminal+old 0.01s (1.00x) terminal+fast 0.01s (1.08x) tail+old 0.01s (1.09x) tail+fast 0.01s (1.19x)
email-Eu-core            r2 terminal old  total      0.09s ti     0.05 solve     0.02 trees     0.03 peak       11 MB
email-Eu-core            r2 terminal fast total      0.09s ti     0.05 solve     0.02 trees     0.02 peak       11 MB
email-Eu-core            r2 tail     old  total      0.09s ti     0.05 solve     0.02 trees     0.02 peak       11 MB
email-Eu-core            r2 tail     fast total      0.09s ti     0.05 solve     0.02 trees     0.02 peak       12 MB
email-Eu-core            r3 tail     fast total      0.09s ti     0.04 solve     0.02 trees     0.02 peak       11 MB
email-Eu-core            r3 tail     old  total      0.10s ti     0.06 solve     0.02 trees     0.03 peak       12 MB
email-Eu-core            r3 terminal fast total      0.09s ti     0.05 solve     0.02 trees     0.02 peak       11 MB
email-Eu-core            r3 terminal old  total      0.09s ti     0.04 solve     0.02 trees     0.02 peak       11 MB
email-Eu-core            r4 terminal old  total      0.09s ti     0.04 solve     0.02 trees     0.02 peak       11 MB
email-Eu-core            r4 terminal fast total      0.09s ti     0.04 solve     0.02 trees     0.02 peak       12 MB
email-Eu-core            r4 tail     old  total      0.09s ti     0.04 solve     0.02 trees     0.02 peak       11 MB
email-Eu-core            r4 tail     fast total      0.09s ti     0.04 solve     0.02 trees     0.02 peak       11 MB
email-Eu-core            r5 tail     fast total      0.09s ti     0.04 solve     0.02 trees     0.02 peak       11 MB
email-Eu-core            r5 tail     old  total      0.09s ti     0.04 solve     0.02 trees     0.02 peak       11 MB
email-Eu-core            r5 terminal fast total      0.09s ti     0.04 solve     0.02 trees     0.02 peak       11 MB
email-Eu-core            r5 terminal old  total      0.10s ti     0.05 solve     0.02 trees     0.02 peak       11 MB
email-Eu-core            r6 terminal old  total      0.09s ti     0.04 solve     0.02 trees     0.02 peak       11 MB
email-Eu-core            r6 terminal fast total      0.09s ti     0.05 solve     0.02 trees     0.02 peak       11 MB
email-Eu-core            r6 tail     old  total      0.09s ti     0.04 solve     0.02 trees     0.02 peak       11 MB
email-Eu-core            r6 tail     fast total      0.08s ti     0.04 solve     0.02 trees     0.02 peak       11 MB
email-Eu-core            r7 tail     fast total      0.09s ti     0.05 solve     0.02 trees     0.02 peak       11 MB
email-Eu-core            r7 tail     old  total      0.09s ti     0.04 solve     0.02 trees     0.02 peak       11 MB
email-Eu-core            r7 terminal fast total      0.09s ti     0.05 solve     0.02 trees     0.02 peak       11 MB
email-Eu-core            r7 terminal old  total      0.09s ti     0.05 solve     0.02 trees     0.03 peak       11 MB
== email-Eu-core: terminal+old 0.09s (1.00x) terminal+fast 0.09s (1.01x) tail+old 0.09s (1.01x) tail+fast 0.09s (1.03x)
ca-CondMat               r2 terminal old  total      0.04s ti     0.01 solve     0.01 trees     0.02 peak       13 MB
ca-CondMat               r2 terminal fast total      0.03s ti     0.01 solve     0.01 trees     0.01 peak       11 MB
ca-CondMat               r2 tail     old  total      0.03s ti     0.01 solve     0.00 trees     0.01 peak       13 MB
ca-CondMat               r2 tail     fast total      0.03s ti     0.01 solve     0.00 trees     0.01 peak       12 MB
ca-CondMat               r3 tail     fast total      0.03s ti     0.01 solve     0.00 trees     0.01 peak       12 MB
ca-CondMat               r3 tail     old  total      0.03s ti     0.01 solve     0.00 trees     0.01 peak       12 MB
ca-CondMat               r3 terminal fast total      0.03s ti     0.01 solve     0.01 trees     0.01 peak       11 MB
ca-CondMat               r3 terminal old  total      0.04s ti     0.01 solve     0.01 trees     0.01 peak       12 MB
ca-CondMat               r4 terminal old  total      0.04s ti     0.01 solve     0.01 trees     0.02 peak       14 MB
ca-CondMat               r4 terminal fast total      0.03s ti     0.01 solve     0.01 trees     0.01 peak       11 MB
ca-CondMat               r4 tail     old  total      0.03s ti     0.01 solve     0.00 trees     0.01 peak       12 MB
ca-CondMat               r4 tail     fast total      0.03s ti     0.01 solve     0.00 trees     0.01 peak       12 MB
ca-CondMat               r5 tail     fast total      0.03s ti     0.01 solve     0.00 trees     0.01 peak       12 MB
ca-CondMat               r5 tail     old  total      0.03s ti     0.01 solve     0.00 trees     0.01 peak       12 MB
ca-CondMat               r5 terminal fast total      0.03s ti     0.01 solve     0.01 trees     0.01 peak       11 MB
ca-CondMat               r5 terminal old  total      0.04s ti     0.01 solve     0.01 trees     0.01 peak       12 MB
ca-CondMat               r6 terminal old  total      0.04s ti     0.01 solve     0.01 trees     0.01 peak       13 MB
ca-CondMat               r6 terminal fast total      0.03s ti     0.01 solve     0.01 trees     0.01 peak       12 MB
ca-CondMat               r6 tail     old  total      0.03s ti     0.01 solve     0.00 trees     0.02 peak       15 MB
ca-CondMat               r6 tail     fast total      0.03s ti     0.01 solve     0.00 trees     0.01 peak       11 MB
ca-CondMat               r7 tail     fast total      0.03s ti     0.01 solve     0.00 trees     0.01 peak       11 MB
ca-CondMat               r7 tail     old  total      0.03s ti     0.01 solve     0.00 trees     0.01 peak       12 MB
ca-CondMat               r7 terminal fast total      0.03s ti     0.01 solve     0.01 trees     0.01 peak       11 MB
ca-CondMat               r7 terminal old  total      0.04s ti     0.01 solve     0.01 trees     0.01 peak       12 MB
== ca-CondMat: terminal+old 0.04s (1.00x) terminal+fast 0.03s (1.07x) tail+old 0.03s (1.09x) tail+fast 0.03s (1.14x)
ca-HepPh                 r2 terminal old  total      0.25s ti     0.06 solve     0.11 trees     0.08 peak       26 MB
ca-HepPh                 r2 terminal fast total      0.23s ti     0.06 solve     0.10 trees     0.06 peak       23 MB
ca-HepPh                 r2 tail     old  total      0.15s ti     0.06 solve     0.01 trees     0.07 peak       18 MB
ca-HepPh                 r2 tail     fast total      0.13s ti     0.06 solve     0.01 trees     0.06 peak       18 MB
ca-HepPh                 r3 tail     fast total      0.13s ti     0.06 solve     0.01 trees     0.06 peak       18 MB
ca-HepPh                 r3 tail     old  total      0.15s ti     0.07 solve     0.01 trees     0.07 peak       18 MB
ca-HepPh                 r3 terminal fast total      0.23s ti     0.06 solve     0.10 trees     0.06 peak       19 MB
ca-HepPh                 r3 terminal old  total      0.24s ti     0.06 solve     0.10 trees     0.07 peak       27 MB
ca-HepPh                 r4 terminal old  total      0.24s ti     0.06 solve     0.10 trees     0.07 peak       23 MB
ca-HepPh                 r4 terminal fast total      0.23s ti     0.06 solve     0.10 trees     0.06 peak       25 MB
ca-HepPh                 r4 tail     old  total      0.14s ti     0.06 solve     0.01 trees     0.07 peak       19 MB
ca-HepPh                 r4 tail     fast total      0.14s ti     0.07 solve     0.01 trees     0.06 peak       19 MB
ca-HepPh                 r5 tail     fast total      0.14s ti     0.06 solve     0.01 trees     0.06 peak       18 MB
ca-HepPh                 r5 tail     old  total      0.15s ti     0.07 solve     0.01 trees     0.07 peak       19 MB
ca-HepPh                 r5 terminal fast total      0.23s ti     0.06 solve     0.10 trees     0.06 peak       23 MB
ca-HepPh                 r5 terminal old  total      0.24s ti     0.06 solve     0.10 trees     0.07 peak       21 MB
ca-HepPh                 r6 terminal old  total      0.24s ti     0.06 solve     0.10 trees     0.07 peak       25 MB
ca-HepPh                 r6 terminal fast total      0.23s ti     0.06 solve     0.10 trees     0.06 peak       23 MB
ca-HepPh                 r6 tail     old  total      0.15s ti     0.06 solve     0.01 trees     0.07 peak       19 MB
ca-HepPh                 r6 tail     fast total      0.13s ti     0.06 solve     0.01 trees     0.06 peak       19 MB
ca-HepPh                 r7 tail     fast total      0.13s ti     0.06 solve     0.01 trees     0.06 peak       18 MB
ca-HepPh                 r7 tail     old  total      0.14s ti     0.06 solve     0.01 trees     0.07 peak       19 MB
ca-HepPh                 r7 terminal fast total      0.23s ti     0.06 solve     0.10 trees     0.06 peak       20 MB
ca-HepPh                 r7 terminal old  total      0.24s ti     0.06 solve     0.10 trees     0.07 peak       25 MB
== ca-HepPh: terminal+old 0.24s (1.00x) terminal+fast 0.23s (1.06x) tail+old 0.15s (1.65x) tail+fast 0.13s (1.83x)
ca-AstroPh               r2 terminal old  total      0.25s ti     0.12 solve     0.05 trees     0.08 peak       28 MB
ca-AstroPh               r2 terminal fast total      0.23s ti     0.11 solve     0.05 trees     0.07 peak       25 MB
ca-AstroPh               r2 tail     old  total      0.23s ti     0.11 solve     0.04 trees     0.08 peak       25 MB
ca-AstroPh               r2 tail     fast total      0.23s ti     0.11 solve     0.04 trees     0.07 peak       23 MB
ca-AstroPh               r3 tail     fast total      0.23s ti     0.11 solve     0.04 trees     0.07 peak       23 MB
ca-AstroPh               r3 tail     old  total      0.23s ti     0.11 solve     0.04 trees     0.08 peak       23 MB
ca-AstroPh               r3 terminal fast total      0.23s ti     0.11 solve     0.05 trees     0.07 peak       23 MB
ca-AstroPh               r3 terminal old  total      0.23s ti     0.11 solve     0.05 trees     0.07 peak       23 MB
ca-AstroPh               r4 terminal old  total      0.24s ti     0.11 solve     0.05 trees     0.08 peak       23 MB
ca-AstroPh               r4 terminal fast total      0.23s ti     0.11 solve     0.05 trees     0.07 peak       23 MB
ca-AstroPh               r4 tail     old  total      0.23s ti     0.11 solve     0.04 trees     0.07 peak       25 MB
ca-AstroPh               r4 tail     fast total      0.22s ti     0.11 solve     0.04 trees     0.07 peak       23 MB
ca-AstroPh               r5 tail     fast total      0.23s ti     0.11 solve     0.04 trees     0.07 peak       23 MB
ca-AstroPh               r5 tail     old  total      0.23s ti     0.11 solve     0.04 trees     0.07 peak       23 MB
ca-AstroPh               r5 terminal fast total      0.23s ti     0.11 solve     0.05 trees     0.07 peak       23 MB
ca-AstroPh               r5 terminal old  total      0.23s ti     0.11 solve     0.05 trees     0.07 peak       23 MB
ca-AstroPh               r6 terminal old  total      0.24s ti     0.11 solve     0.05 trees     0.07 peak       23 MB
ca-AstroPh               r6 terminal fast total      0.23s ti     0.11 solve     0.05 trees     0.07 peak       23 MB
ca-AstroPh               r6 tail     old  total      0.23s ti     0.11 solve     0.04 trees     0.08 peak       25 MB
ca-AstroPh               r6 tail     fast total      0.22s ti     0.11 solve     0.04 trees     0.07 peak       25 MB
ca-AstroPh               r7 tail     fast total      0.22s ti     0.11 solve     0.04 trees     0.07 peak       23 MB
ca-AstroPh               r7 tail     old  total      0.23s ti     0.11 solve     0.04 trees     0.08 peak       23 MB
ca-AstroPh               r7 terminal fast total      0.24s ti     0.11 solve     0.05 trees     0.07 peak       27 MB
ca-AstroPh               r7 terminal old  total      0.24s ti     0.11 solve     0.05 trees     0.08 peak       23 MB
== ca-AstroPh: terminal+old 0.24s (1.00x) terminal+fast 0.23s (1.03x) tail+old 0.23s (1.03x) tail+fast 0.23s (1.04x)
com-dblp                 r2 terminal old  total      0.56s ti     0.13 solve     0.16 trees     0.26 peak      139 MB
com-dblp                 r2 terminal fast total      0.50s ti     0.13 solve     0.16 trees     0.20 peak      136 MB
com-dblp                 r2 tail     old  total      0.45s ti     0.13 solve     0.05 trees     0.26 peak      135 MB
com-dblp                 r2 tail     fast total      0.40s ti     0.13 solve     0.05 trees     0.20 peak      131 MB
com-dblp                 r3 tail     fast total      0.41s ti     0.15 solve     0.05 trees     0.20 peak      131 MB
com-dblp                 r3 tail     old  total      0.46s ti     0.13 solve     0.05 trees     0.27 peak      138 MB
com-dblp                 r3 terminal fast total      0.52s ti     0.14 solve     0.16 trees     0.21 peak      134 MB
com-dblp                 r3 terminal old  total      0.56s ti     0.13 solve     0.16 trees     0.26 peak      137 MB
com-dblp                 r4 terminal old  total      0.58s ti     0.14 solve     0.17 trees     0.27 peak      139 MB
com-dblp                 r4 terminal fast total      0.50s ti     0.13 solve     0.16 trees     0.20 peak      128 MB
com-dblp                 r4 tail     old  total      0.46s ti     0.13 solve     0.05 trees     0.27 peak      144 MB
com-dblp                 r4 tail     fast total      0.40s ti     0.14 solve     0.05 trees     0.21 peak      130 MB
com-dblp                 r5 tail     fast total      0.41s ti     0.14 solve     0.05 trees     0.21 peak      130 MB
com-dblp                 r5 tail     old  total      0.47s ti     0.15 solve     0.05 trees     0.26 peak      141 MB
com-dblp                 r5 terminal fast total      0.50s ti     0.13 solve     0.16 trees     0.20 peak      133 MB
com-dblp                 r5 terminal old  total      0.56s ti     0.13 solve     0.16 trees     0.26 peak      135 MB
com-dblp                 r6 terminal old  total      0.56s ti     0.13 solve     0.16 trees     0.26 peak      134 MB
com-dblp                 r6 terminal fast total      0.52s ti     0.13 solve     0.16 trees     0.21 peak      136 MB
com-dblp                 r6 tail     old  total      0.47s ti     0.14 solve     0.06 trees     0.27 peak      138 MB
com-dblp                 r6 tail     fast total      0.41s ti     0.14 solve     0.05 trees     0.20 peak      130 MB
com-dblp                 r7 tail     fast total      0.41s ti     0.14 solve     0.05 trees     0.20 peak      130 MB
com-dblp                 r7 tail     old  total      0.46s ti     0.13 solve     0.05 trees     0.27 peak      135 MB
com-dblp                 r7 terminal fast total      0.53s ti     0.14 solve     0.17 trees     0.22 peak      132 MB
com-dblp                 r7 terminal old  total      0.57s ti     0.13 solve     0.16 trees     0.27 peak      138 MB
== com-dblp: terminal+old 0.56s (1.00x) terminal+fast 0.51s (1.10x) tail+old 0.46s (1.22x) tail+fast 0.40s (1.39x)
amazon0302               r2 terminal old  total      0.37s ti     0.11 solve     0.08 trees     0.17 peak      129 MB
amazon0302               r2 terminal fast total      0.35s ti     0.11 solve     0.08 trees     0.15 peak      114 MB
amazon0302               r2 tail     old  total      0.39s ti     0.12 solve     0.08 trees     0.18 peak      123 MB
amazon0302               r2 tail     fast total      0.34s ti     0.11 solve     0.08 trees     0.14 peak      122 MB
amazon0302               r3 tail     fast total      0.33s ti     0.10 solve     0.08 trees     0.14 peak      114 MB
amazon0302               r3 tail     old  total      0.36s ti     0.11 solve     0.08 trees     0.17 peak      123 MB
amazon0302               r3 terminal fast total      0.34s ti     0.11 solve     0.08 trees     0.14 peak      113 MB
amazon0302               r3 terminal old  total      0.38s ti     0.11 solve     0.08 trees     0.18 peak      126 MB
amazon0302               r4 terminal old  total      0.38s ti     0.12 solve     0.08 trees     0.18 peak      127 MB
amazon0302               r4 terminal fast total      0.35s ti     0.11 solve     0.08 trees     0.15 peak      113 MB
amazon0302               r4 tail     old  total      0.38s ti     0.11 solve     0.08 trees     0.18 peak      125 MB
amazon0302               r4 tail     fast total      0.34s ti     0.11 solve     0.08 trees     0.14 peak      113 MB
amazon0302               r5 tail     fast total      0.33s ti     0.11 solve     0.08 trees     0.14 peak      114 MB
amazon0302               r5 tail     old  total      0.36s ti     0.11 solve     0.08 trees     0.17 peak      123 MB
amazon0302               r5 terminal fast total      0.33s ti     0.10 solve     0.08 trees     0.14 peak      115 MB
amazon0302               r5 terminal old  total      0.36s ti     0.10 solve     0.08 trees     0.17 peak      125 MB
amazon0302               r6 terminal old  total      0.36s ti     0.10 solve     0.08 trees     0.17 peak      130 MB
amazon0302               r6 terminal fast total      0.35s ti     0.11 solve     0.08 trees     0.15 peak      113 MB
amazon0302               r6 tail     old  total      0.37s ti     0.11 solve     0.08 trees     0.17 peak      123 MB
amazon0302               r6 tail     fast total      0.33s ti     0.11 solve     0.08 trees     0.14 peak      114 MB
amazon0302               r7 tail     fast total      0.33s ti     0.10 solve     0.08 trees     0.14 peak      113 MB
amazon0302               r7 tail     old  total      0.37s ti     0.11 solve     0.08 trees     0.18 peak      123 MB
amazon0302               r7 terminal fast total      0.33s ti     0.10 solve     0.08 trees     0.14 peak      113 MB
amazon0302               r7 terminal old  total      0.37s ti     0.11 solve     0.08 trees     0.18 peak      127 MB
== amazon0302: terminal+old 0.37s (1.00x) terminal+fast 0.34s (1.09x) tail+old 0.37s (1.01x) tail+fast 0.33s (1.12x)
amazon-copurchase        r2 terminal old  total      0.40s ti     0.11 solve     0.07 trees     0.22 peak      156 MB
amazon-copurchase        r2 terminal fast total      0.36s ti     0.11 solve     0.07 trees     0.16 peak      158 MB
amazon-copurchase        r2 tail     old  total      0.41s ti     0.13 solve     0.06 trees     0.20 peak      157 MB
amazon-copurchase        r2 tail     fast total      0.34s ti     0.11 solve     0.07 trees     0.15 peak      159 MB
amazon-copurchase        r3 tail     fast total      0.35s ti     0.12 solve     0.07 trees     0.15 peak      159 MB
amazon-copurchase        r3 tail     old  total      0.38s ti     0.11 solve     0.06 trees     0.20 peak      157 MB
amazon-copurchase        r3 terminal fast total      0.35s ti     0.12 solve     0.06 trees     0.15 peak      158 MB
amazon-copurchase        r3 terminal old  total      0.42s ti     0.13 solve     0.07 trees     0.21 peak      158 MB
amazon-copurchase        r4 terminal old  total      0.41s ti     0.12 solve     0.07 trees     0.21 peak      158 MB
amazon-copurchase        r4 terminal fast total      0.36s ti     0.13 solve     0.06 trees     0.15 peak      158 MB
amazon-copurchase        r4 tail     old  total      0.40s ti     0.12 solve     0.07 trees     0.20 peak      157 MB
amazon-copurchase        r4 tail     fast total      0.36s ti     0.12 solve     0.07 trees     0.15 peak      159 MB
amazon-copurchase        r5 tail     fast total      0.37s ti     0.13 solve     0.07 trees     0.16 peak      159 MB
amazon-copurchase        r5 tail     old  total      0.41s ti     0.12 solve     0.07 trees     0.21 peak      157 MB
amazon-copurchase        r5 terminal fast total      0.38s ti     0.13 solve     0.07 trees     0.16 peak      158 MB
amazon-copurchase        r5 terminal old  total      0.42s ti     0.12 solve     0.07 trees     0.21 peak      157 MB
amazon-copurchase        r6 terminal old  total      0.46s ti     0.15 solve     0.07 trees     0.22 peak      160 MB
amazon-copurchase        r6 terminal fast total      0.40s ti     0.15 solve     0.07 trees     0.16 peak      158 MB
amazon-copurchase        r6 tail     old  total      0.43s ti     0.13 solve     0.07 trees     0.21 peak      156 MB
amazon-copurchase        r6 tail     fast total      0.35s ti     0.11 solve     0.07 trees     0.15 peak      159 MB
amazon-copurchase        r7 tail     fast total      0.34s ti     0.11 solve     0.06 trees     0.15 peak      159 MB
amazon-copurchase        r7 tail     old  total      0.40s ti     0.12 solve     0.06 trees     0.20 peak      156 MB
amazon-copurchase        r7 terminal fast total      0.38s ti     0.14 solve     0.07 trees     0.16 peak      158 MB
amazon-copurchase        r7 terminal old  total      0.40s ti     0.12 solve     0.07 trees     0.20 peak      158 MB
== amazon-copurchase: terminal+old 0.41s (1.00x) terminal+fast 0.37s (1.11x) tail+old 0.40s (1.02x) tail+fast 0.35s (1.16x)
cit-HepPh                r2 terminal old  total      0.74s ti     0.38 solve     0.16 trees     0.20 peak       91 MB
cit-HepPh                r2 terminal fast total      0.73s ti     0.38 solve     0.16 trees     0.19 peak      101 MB
cit-HepPh                r2 tail     old  total      0.73s ti     0.37 solve     0.15 trees     0.20 peak       92 MB
cit-HepPh                r2 tail     fast total      0.74s ti     0.37 solve     0.16 trees     0.20 peak      102 MB
cit-HepPh                r3 tail     fast total      0.75s ti     0.38 solve     0.16 trees     0.21 peak      102 MB
cit-HepPh                r3 tail     old  total      0.73s ti     0.38 solve     0.15 trees     0.19 peak       92 MB
cit-HepPh                r3 terminal fast total      0.73s ti     0.38 solve     0.15 trees     0.19 peak      101 MB
cit-HepPh                r3 terminal old  total      0.75s ti     0.38 solve     0.16 trees     0.20 peak       93 MB
cit-HepPh                r4 terminal old  total      0.73s ti     0.37 solve     0.16 trees     0.20 peak       91 MB
cit-HepPh                r4 terminal fast total      0.75s ti     0.37 solve     0.16 trees     0.20 peak      101 MB
cit-HepPh                r4 tail     old  total      0.75s ti     0.38 solve     0.16 trees     0.21 peak       92 MB
cit-HepPh                r4 tail     fast total      0.72s ti     0.37 solve     0.15 trees     0.19 peak      102 MB
cit-HepPh                r5 tail     fast total      0.72s ti     0.37 solve     0.15 trees     0.19 peak      102 MB
cit-HepPh                r5 tail     old  total      0.74s ti     0.38 solve     0.16 trees     0.20 peak       92 MB
cit-HepPh                r5 terminal fast total      0.72s ti     0.37 solve     0.15 trees     0.19 peak      101 MB
cit-HepPh                r5 terminal old  total      0.74s ti     0.37 solve     0.16 trees     0.20 peak       92 MB
cit-HepPh                r6 terminal old  total      0.76s ti     0.37 solve     0.16 trees     0.21 peak       91 MB
cit-HepPh                r6 terminal fast total      0.73s ti     0.38 solve     0.15 trees     0.19 peak      101 MB
cit-HepPh                r6 tail     old  total      0.73s ti     0.38 solve     0.15 trees     0.20 peak       92 MB
cit-HepPh                r6 tail     fast total      0.73s ti     0.37 solve     0.15 trees     0.19 peak      102 MB
cit-HepPh                r7 tail     fast total      0.71s ti     0.37 solve     0.15 trees     0.19 peak      102 MB
cit-HepPh                r7 tail     old  total      0.74s ti     0.37 solve     0.16 trees     0.20 peak       94 MB
cit-HepPh                r7 terminal fast total      0.75s ti     0.37 solve     0.16 trees     0.20 peak      100 MB
cit-HepPh                r7 terminal old  total      0.73s ti     0.37 solve     0.16 trees     0.19 peak       91 MB
== cit-HepPh: terminal+old 0.74s (1.00x) terminal+fast 0.73s (1.01x) tail+old 0.73s (1.00x) tail+fast 0.73s (1.01x)
loc-Brightkite           r2 terminal old  total      0.79s ti     0.22 solve     0.23 trees     0.35 peak       86 MB
loc-Brightkite           r2 terminal fast total      0.79s ti     0.22 solve     0.23 trees     0.33 peak       81 MB
loc-Brightkite           r2 tail     old  total      0.77s ti     0.22 solve     0.20 trees     0.34 peak       91 MB
loc-Brightkite           r2 tail     fast total      0.77s ti     0.22 solve     0.21 trees     0.34 peak       83 MB
loc-Brightkite           r3 tail     fast total      0.77s ti     0.22 solve     0.21 trees     0.34 peak       81 MB
loc-Brightkite           r3 tail     old  total      0.78s ti     0.22 solve     0.21 trees     0.35 peak       86 MB
loc-Brightkite           r3 terminal fast total      0.79s ti     0.23 solve     0.23 trees     0.33 peak       83 MB
loc-Brightkite           r3 terminal old  total      0.80s ti     0.22 solve     0.23 trees     0.35 peak       90 MB
loc-Brightkite           r4 terminal old  total      0.80s ti     0.22 solve     0.23 trees     0.35 peak       86 MB
loc-Brightkite           r4 terminal fast total      0.80s ti     0.22 solve     0.24 trees     0.35 peak       84 MB
loc-Brightkite           r4 tail     old  total      0.81s ti     0.22 solve     0.22 trees     0.37 peak       88 MB
loc-Brightkite           r4 tail     fast total      0.80s ti     0.22 solve     0.22 trees     0.35 peak       81 MB
loc-Brightkite           r5 tail     fast total      0.77s ti     0.22 solve     0.21 trees     0.34 peak       81 MB
loc-Brightkite           r5 tail     old  total      0.77s ti     0.22 solve     0.20 trees     0.34 peak       86 MB
loc-Brightkite           r5 terminal fast total      0.78s ti     0.22 solve     0.23 trees     0.33 peak       82 MB
loc-Brightkite           r5 terminal old  total      0.82s ti     0.22 solve     0.24 trees     0.36 peak       86 MB
loc-Brightkite           r6 terminal old  total      0.81s ti     0.22 solve     0.23 trees     0.35 peak       86 MB
loc-Brightkite           r6 terminal fast total      0.78s ti     0.22 solve     0.23 trees     0.33 peak       84 MB
loc-Brightkite           r6 tail     old  total      0.77s ti     0.22 solve     0.21 trees     0.35 peak       86 MB
loc-Brightkite           r6 tail     fast total      0.76s ti     0.22 solve     0.21 trees     0.33 peak       81 MB
loc-Brightkite           r7 tail     fast total      0.76s ti     0.22 solve     0.21 trees     0.33 peak       81 MB
loc-Brightkite           r7 tail     old  total      0.80s ti     0.22 solve     0.22 trees     0.36 peak       86 MB
loc-Brightkite           r7 terminal fast total      0.79s ti     0.22 solve     0.23 trees     0.34 peak       81 MB
loc-Brightkite           r7 terminal old  total      0.79s ti     0.22 solve     0.23 trees     0.34 peak       86 MB
== loc-Brightkite: terminal+old 0.80s (1.00x) terminal+fast 0.79s (1.02x) tail+old 0.77s (1.04x) tail+fast 0.77s (1.05x)
soc-Slashdot0902         r2 terminal old  total      1.78s ti     0.72 solve     0.37 trees     0.68 peak      259 MB
soc-Slashdot0902         r2 terminal fast total      1.77s ti     0.72 solve     0.39 trees     0.66 peak      245 MB
soc-Slashdot0902         r2 tail     old  total      1.76s ti     0.73 solve     0.34 trees     0.68 peak      257 MB
soc-Slashdot0902         r2 tail     fast total      1.70s ti     0.72 solve     0.34 trees     0.63 peak      246 MB
soc-Slashdot0902         r3 tail     fast total      1.73s ti     0.73 solve     0.35 trees     0.65 peak      246 MB
soc-Slashdot0902         r3 tail     old  total      1.79s ti     0.73 solve     0.35 trees     0.70 peak      256 MB
soc-Slashdot0902         r3 terminal fast total      1.75s ti     0.73 solve     0.37 trees     0.64 peak      246 MB
soc-Slashdot0902         r3 terminal old  total      1.81s ti     0.73 solve     0.38 trees     0.69 peak      258 MB
soc-Slashdot0902         r4 terminal old  total      1.79s ti     0.72 solve     0.37 trees     0.69 peak      257 MB
soc-Slashdot0902         r4 terminal fast total      1.79s ti     0.72 solve     0.39 trees     0.67 peak      247 MB
soc-Slashdot0902         r4 tail     old  total      1.83s ti     0.75 solve     0.36 trees     0.72 peak      260 MB
soc-Slashdot0902         r4 tail     fast total      1.69s ti     0.73 solve     0.34 trees     0.62 peak      246 MB
soc-Slashdot0902         r5 tail     fast total      1.75s ti     0.76 solve     0.34 trees     0.64 peak      248 MB
soc-Slashdot0902         r5 tail     old  total      1.75s ti     0.73 solve     0.34 trees     0.68 peak      256 MB
soc-Slashdot0902         r5 terminal fast total      1.74s ti     0.72 solve     0.38 trees     0.64 peak      245 MB
soc-Slashdot0902         r5 terminal old  total      1.81s ti     0.74 solve     0.38 trees     0.69 peak      257 MB
soc-Slashdot0902         r6 terminal old  total      1.79s ti     0.73 solve     0.37 trees     0.69 peak      261 MB
soc-Slashdot0902         r6 terminal fast total      1.79s ti     0.74 solve     0.38 trees     0.66 peak      248 MB
soc-Slashdot0902         r6 tail     old  total      1.74s ti     0.72 solve     0.34 trees     0.68 peak      259 MB
soc-Slashdot0902         r6 tail     fast total      1.70s ti     0.73 solve     0.34 trees     0.63 peak      246 MB
soc-Slashdot0902         r7 tail     fast total      1.80s ti     0.77 solve     0.36 trees     0.67 peak      247 MB
soc-Slashdot0902         r7 tail     old  total      1.81s ti     0.77 solve     0.35 trees     0.69 peak      256 MB
soc-Slashdot0902         r7 terminal fast total      1.73s ti     0.72 solve     0.37 trees     0.64 peak      245 MB
soc-Slashdot0902         r7 terminal old  total      1.80s ti     0.73 solve     0.38 trees     0.68 peak      260 MB
== soc-Slashdot0902: terminal+old 1.79s (1.00x) terminal+fast 1.75s (1.03x) tail+old 1.78s (1.01x) tail+fast 1.71s (1.05x)
web-Stanford             r2 terminal old  total      2.20s ti     0.77 solve     0.58 trees     0.83 peak      321 MB
web-Stanford             r2 terminal fast total      2.08s ti     0.77 solve     0.57 trees     0.72 peak      304 MB
web-Stanford             r2 tail     old  total      2.13s ti     0.77 solve     0.52 trees     0.83 peak      318 MB
web-Stanford             r2 tail     fast total      2.00s ti     0.77 solve     0.51 trees     0.70 peak      297 MB
web-Stanford             r3 tail     fast total      2.02s ti     0.76 solve     0.52 trees     0.72 peak      299 MB
web-Stanford             r3 tail     old  total      2.13s ti     0.77 solve     0.52 trees     0.83 peak      320 MB
web-Stanford             r3 terminal fast total      2.10s ti     0.76 solve     0.60 trees     0.73 peak      303 MB
web-Stanford             r3 terminal old  total      2.22s ti     0.79 solve     0.58 trees     0.83 peak      323 MB
web-Stanford             r4 terminal old  total      2.22s ti     0.77 solve     0.59 trees     0.85 peak      325 MB
web-Stanford             r4 terminal fast total      2.08s ti     0.77 solve     0.58 trees     0.71 peak      299 MB
web-Stanford             r4 tail     old  total      2.21s ti     0.76 solve     0.55 trees     0.88 peak      326 MB
web-Stanford             r4 tail     fast total      2.05s ti     0.82 solve     0.51 trees     0.70 peak      297 MB
web-Stanford             r5 tail     fast total      2.02s ti     0.76 solve     0.52 trees     0.72 peak      297 MB
web-Stanford             r5 tail     old  total      2.17s ti     0.80 solve     0.52 trees     0.83 peak      327 MB
web-Stanford             r5 terminal fast total      2.08s ti     0.76 solve     0.58 trees     0.72 peak      300 MB
web-Stanford             r5 terminal old  total      2.19s ti     0.76 solve     0.58 trees     0.83 peak      324 MB
web-Stanford             r6 terminal old  total      2.27s ti     0.80 solve     0.60 trees     0.86 peak      320 MB
web-Stanford             r6 terminal fast total      2.06s ti     0.77 solve     0.57 trees     0.70 peak      298 MB
web-Stanford             r6 tail     old  total      2.18s ti     0.79 solve     0.53 trees     0.84 peak      320 MB
web-Stanford             r6 tail     fast total      2.00s ti     0.76 solve     0.51 trees     0.71 peak      296 MB
web-Stanford             r7 tail     fast total      2.04s ti     0.79 solve     0.52 trees     0.71 peak      296 MB
web-Stanford             r7 tail     old  total      2.13s ti     0.76 solve     0.52 trees     0.83 peak      319 MB
web-Stanford             r7 terminal fast total      2.09s ti     0.79 solve     0.58 trees     0.71 peak      304 MB
web-Stanford             r7 terminal old  total      2.21s ti     0.79 solve     0.58 trees     0.83 peak      319 MB
== web-Stanford: terminal+old 2.21s (1.00x) terminal+fast 2.08s (1.07x) tail+old 2.15s (1.03x) tail+fast 2.02s (1.09x)
soc-Epinions1            r2 terminal old  total      3.82s ti     1.83 solve     0.66 trees     1.33 peak      492 MB
soc-Epinions1            r2 terminal fast total      3.74s ti     1.92 solve     0.64 trees     1.16 peak      473 MB
soc-Epinions1            r2 tail     old  total      3.76s ti     1.81 solve     0.62 trees     1.33 peak      493 MB
soc-Epinions1            r2 tail     fast total      3.55s ti     1.80 solve     0.60 trees     1.14 peak      473 MB
soc-Epinions1            r3 tail     fast total      3.66s ti     1.89 solve     0.60 trees     1.15 peak      473 MB
soc-Epinions1            r3 tail     old  total      3.76s ti     1.83 solve     0.62 trees     1.32 peak      492 MB
soc-Epinions1            r3 terminal fast total      3.63s ti     1.80 solve     0.66 trees     1.17 peak      473 MB
soc-Epinions1            r3 terminal old  total      3.84s ti     1.85 solve     0.66 trees     1.33 peak      491 MB
soc-Epinions1            r4 terminal old  total      3.76s ti     1.82 solve     0.64 trees     1.30 peak      492 MB
soc-Epinions1            r4 terminal fast total      3.63s ti     1.85 solve     0.64 trees     1.14 peak      473 MB
soc-Epinions1            r4 tail     old  total      3.76s ti     1.81 solve     0.62 trees     1.33 peak      491 MB
soc-Epinions1            r4 tail     fast total      3.61s ti     1.82 solve     0.61 trees     1.18 peak      473 MB
soc-Epinions1            r5 tail     fast total      3.64s ti     1.89 solve     0.60 trees     1.14 peak      474 MB
soc-Epinions1            r5 tail     old  total      3.73s ti     1.83 solve     0.60 trees     1.29 peak      494 MB
soc-Epinions1            r5 terminal fast total      3.63s ti     1.80 solve     0.65 trees     1.17 peak      473 MB
soc-Epinions1            r5 terminal old  total      3.78s ti     1.83 solve     0.64 trees     1.30 peak      492 MB
soc-Epinions1            r6 terminal old  total      3.74s ti     1.80 solve     0.64 trees     1.29 peak      491 MB
soc-Epinions1            r6 terminal fast total      3.71s ti     1.83 solve     0.68 trees     1.20 peak      473 MB
soc-Epinions1            r6 tail     old  total      3.76s ti     1.82 solve     0.62 trees     1.31 peak      491 MB
soc-Epinions1            r6 tail     fast total      3.58s ti     1.80 solve     0.60 trees     1.17 peak      474 MB
soc-Epinions1            r7 tail     fast total      3.55s ti     1.81 solve     0.60 trees     1.14 peak      473 MB
soc-Epinions1            r7 tail     old  total      3.88s ti     1.83 solve     0.66 trees     1.38 peak      492 MB
soc-Epinions1            r7 terminal fast total      3.80s ti     1.94 solve     0.67 trees     1.18 peak      473 MB
soc-Epinions1            r7 terminal old  total      3.78s ti     1.82 solve     0.65 trees     1.30 peak      492 MB
== soc-Epinions1: terminal+old 3.78s (1.00x) terminal+fast 3.63s (1.04x) tail+old 3.76s (1.00x) tail+fast 3.59s (1.05x)
com-youtube              r2 terminal old  total      3.15s ti     1.85 solve     0.44 trees     0.84 peak      555 MB
com-youtube              r2 terminal fast total      3.02s ti     1.83 solve     0.44 trees     0.73 peak      556 MB
com-youtube              r2 tail     old  total      3.13s ti     1.87 solve     0.42 trees     0.83 peak      560 MB
com-youtube              r2 tail     fast total      3.02s ti     1.85 solve     0.41 trees     0.73 peak      574 MB
com-youtube              r3 tail     fast total      3.02s ti     1.81 solve     0.43 trees     0.76 peak      574 MB
com-youtube              r3 tail     old  total      3.08s ti     1.82 solve     0.42 trees     0.83 peak      560 MB
com-youtube              r3 terminal fast total      3.04s ti     1.83 solve     0.45 trees     0.74 peak      556 MB
com-youtube              r3 terminal old  total      3.14s ti     1.85 solve     0.44 trees     0.84 peak      557 MB
com-youtube              r4 terminal old  total      3.11s ti     1.82 solve     0.44 trees     0.84 peak      554 MB
com-youtube              r4 terminal fast total      3.06s ti     1.84 solve     0.45 trees     0.74 peak      556 MB
com-youtube              r4 tail     old  total      3.07s ti     1.83 solve     0.41 trees     0.83 peak      560 MB
com-youtube              r4 tail     fast total      2.98s ti     1.81 solve     0.41 trees     0.73 peak      575 MB
com-youtube              r5 tail     fast total      3.01s ti     1.85 solve     0.41 trees     0.73 peak      574 MB
com-youtube              r5 tail     old  total      3.14s ti     1.83 solve     0.42 trees     0.88 peak      558 MB
com-youtube              r5 terminal fast total      3.03s ti     1.81 solve     0.45 trees     0.75 peak      556 MB
com-youtube              r5 terminal old  total      3.15s ti     1.86 solve     0.45 trees     0.83 peak      554 MB
com-youtube              r6 terminal old  total      3.12s ti     1.84 solve     0.44 trees     0.84 peak      554 MB
com-youtube              r6 terminal fast total      3.03s ti     1.84 solve     0.44 trees     0.72 peak      558 MB
com-youtube              r6 tail     old  total      3.13s ti     1.83 solve     0.43 trees     0.85 peak      560 MB
com-youtube              r6 tail     fast total      2.99s ti     1.83 solve     0.41 trees     0.73 peak      575 MB
com-youtube              r7 tail     fast total      3.00s ti     1.84 solve     0.41 trees     0.73 peak      574 MB
com-youtube              r7 tail     old  total      3.18s ti     1.89 solve     0.41 trees     0.87 peak      560 MB
com-youtube              r7 terminal fast total      2.99s ti     1.81 solve     0.44 trees     0.73 peak      556 MB
com-youtube              r7 terminal old  total      3.13s ti     1.80 solve     0.46 trees     0.85 peak      555 MB
== com-youtube: terminal+old 3.14s (1.00x) terminal+fast 3.02s (1.04x) tail+old 3.13s (1.00x) tail+fast 3.00s (1.05x)
