START 2026-09-20T21:17:32+00:00 host=radonduo load=1.75 1.99 2.00
s=   2 rc=0 build 374.629 ms peel 507.435 ms wall 1.63 s
s=   3 rc=0 build 122.442 ms peel 171.872 ms wall 0.85 s
s=   4 rc=0 build 93.6838 ms peel 130.492 ms wall 0.74 s
s=   5 rc=0 build 89.7618 ms peel 126.576 ms wall 0.73 s
s=   6 rc=0 build 105.598 ms peel 151.811 ms wall 0.9 s
s=   7 rc=0 build 91.3625 ms peel 124.07 ms wall 0.77 s
s=   8 rc=0 build 104.529 ms peel 149.561 ms wall 0.96 s
s=   9 rc=0 build 87.7517 ms peel 125.047 ms wall 0.75 s
s=  10 rc=0 build 105.876 ms peel 149.534 ms wall 0.9 s
s=  11 rc=0 build 107.544 ms peel 148.033 ms wall 0.88 s
s=  12 rc=0 build 87.6903 ms peel 124.036 ms wall 0.75 s
s=  13 rc=0 build 87.7911 ms peel 123.911 ms wall 0.72 s
s=  14 rc=0 build 86.3672 ms peel 124.081 ms wall 0.74 s
total wall 11.3 s; in-process 3.7 s
DONE cit-Patents_p20
s=   2 rc=0 build 1681.93 ms peel 1640.59 ms wall 6.08 s
s=   3 rc=0 build 659.194 ms peel 629.022 ms wall 3.31 s
s=   4 rc=0 build 464.18 ms peel 313.536 ms wall 3.08 s
s=   5 rc=0 build 419.754 ms peel 266.649 ms wall 2.64 s
s=   6 rc=0 build 397.773 ms peel 256.161 ms wall 2.61 s
s=   7 rc=0 build 392.916 ms peel 255.716 ms wall 2.6 s
s=   8 rc=0 build 383.442 ms peel 253.223 ms wall 2.94 s
s=   9 rc=0 build 382.522 ms peel 248.813 ms wall 2.62 s
s=  10 rc=0 build 380.563 ms peel 249.536 ms wall 2.58 s
s=  11 rc=0 build 382.095 ms peel 251.953 ms wall 2.58 s
s=  12 rc=0 build 377.896 ms peel 250.263 ms wall 2.57 s
s=  13 rc=0 build 394.267 ms peel 250.583 ms wall 2.6 s
s=  14 rc=0 build 376.942 ms peel 253.346 ms wall 2.58 s
s=  15 rc=0 build 373.519 ms peel 247.985 ms wall 2.85 s
s=  16 rc=0 build 377.551 ms peel 248.777 ms wall 2.6 s
s=  17 rc=0 build 385.629 ms peel 249.094 ms wall 2.6 s
s=  18 rc=0 build 376.683 ms peel 247.517 ms wall 2.56 s
s=  19 rc=0 build 380.677 ms peel 248.121 ms wall 2.55 s
s=  20 rc=0 build 376.753 ms peel 249.456 ms wall 2.91 s
s=  21 rc=0 build 378.692 ms peel 247.58 ms wall 2.89 s
s=  22 rc=0 build 376.402 ms peel 246.966 ms wall 2.86 s
s=  23 rc=0 build 384.499 ms peel 249.267 ms wall 2.98 s
s=  24 rc=0 build 382.526 ms peel 249.73 ms wall 2.57 s
s=  25 rc=0 build 374.751 ms peel 248.628 ms wall 2.88 s
s=  26 rc=0 build 380.453 ms peel 248.553 ms wall 2.58 s
total wall 71.6 s; in-process 19.3 s
DONE cit-Patents_p40
s=   2 rc=0 build 3819.15 ms peel 3521.14 ms wall 12.87 s
s=   3 rc=0 build 1962.41 ms peel 1691.89 ms wall 8.95 s
s=   4 rc=0 build 1402.86 ms peel 662.402 ms wall 7.14 s
s=   5 rc=0 build 1262.89 ms peel 476.954 ms wall 6.4 s
s=   6 rc=0 build 1195.72 ms peel 442.148 ms wall 6.94 s
s=   7 rc=0 build 1130.02 ms peel 421.754 ms wall 6.61 s
s=   8 rc=0 build 1076.99 ms peel 403.066 ms wall 6.5 s
s=   9 rc=0 build 1065.55 ms peel 396.372 ms wall 6.43 s
s=  10 rc=0 build 1037.82 ms peel 390.694 ms wall 6.51 s
s=  11 rc=0 build 1051.25 ms peel 386.554 ms wall 7.23 s
s=  12 rc=0 build 1028.17 ms peel 383.149 ms wall 6.39 s
s=  13 rc=0 build 1037.55 ms peel 381.763 ms wall 6.5 s
s=  14 rc=0 build 1025.33 ms peel 385.596 ms wall 6.42 s
s=  15 rc=0 build 1029.52 ms peel 388.553 ms wall 6.13 s
s=  16 rc=0 build 1012.3 ms peel 381.095 ms wall 6.37 s
s=  17 rc=0 build 1027.98 ms peel 385.303 ms wall 6.43 s
s=  18 rc=0 build 1014.65 ms peel 382.294 ms wall 6.42 s
s=  19 rc=0 build 1023.47 ms peel 388.692 ms wall 6.14 s
s=  20 rc=0 build 1026.8 ms peel 385.069 ms wall 6.11 s
s=  21 rc=0 build 1018.88 ms peel 386.151 ms wall 6.1 s
s=  22 rc=0 build 1014.18 ms peel 382.344 ms wall 6.43 s
s=  23 rc=0 build 1035.49 ms peel 382.73 ms wall 6.47 s
s=  24 rc=0 build 1014.66 ms peel 385.116 ms wall 6.09 s
s=  25 rc=0 build 1007.56 ms peel 381.553 ms wall 6.06 s
s=  26 rc=0 build 1022.47 ms peel 385.114 ms wall 6.09 s
s=  27 rc=0 build 1009.7 ms peel 382.082 ms wall 6.07 s
s=  28 rc=0 build 1024.35 ms peel 382.184 ms wall 6.07 s
s=  29 rc=0 build 1014.94 ms peel 383.546 ms wall 6.39 s
s=  30 rc=0 build 1008.21 ms peel 385.075 ms wall 6.41 s
s=  31 rc=0 build 1007.85 ms peel 384.524 ms wall 6.14 s
s=  32 rc=0 build 1016.23 ms peel 386.733 ms wall 6.47 s
s=  33 rc=0 build 1043.95 ms peel 379.456 ms wall 6.63 s
s=  34 rc=0 build 1013.74 ms peel 383.404 ms wall 6.5 s
s=  35 rc=0 build 1013.01 ms peel 393.992 ms wall 6.15 s
s=  36 rc=0 build 1022.91 ms peel 387.971 ms wall 6.12 s
s=  37 rc=0 build 1008.15 ms peel 382.026 ms wall 6.41 s
s=  38 rc=0 build 1012.56 ms peel 381.544 ms wall 6.69 s
s=  39 rc=0 build 1010.79 ms peel 384.872 ms wall 6.1 s
s=  40 rc=0 build 1006.09 ms peel 384.903 ms wall 6.37 s
total wall 258.2 s; in-process 64.5 s
DONE cit-Patents_p60
s=   2 rc=0 build 7351.71 ms peel 6188.62 ms wall 23.99 s
s=   3 rc=0 build 4344.25 ms peel 3553.79 ms wall 17.39 s
s=   4 rc=0 build 3285.51 ms peel 1368.08 ms wall 13.73 s
s=   5 rc=0 build 2985.8 ms peel 924.377 ms wall 12.96 s
s=   6 rc=0 build 2865.02 ms peel 824.312 ms wall 12.74 s
s=   7 rc=0 build 2661.51 ms peel 707.995 ms wall 12.03 s
s=   8 rc=0 build 2471.66 ms peel 590.169 ms wall 12.11 s
s=   9 rc=0 build 2364.21 ms peel 538.841 ms wall 11.55 s
s=  10 rc=0 build 2290.99 ms peel 512.462 ms wall 11.75 s
s=  11 rc=0 build 2252.77 ms peel 517.674 ms wall 11.37 s
s=  12 rc=0 build 2223.23 ms peel 505.573 ms wall 11.34 s
s=  13 rc=0 build 2214.18 ms peel 502.538 ms wall 12.97 s
s=  14 rc=0 build 2198.57 ms peel 507.269 ms wall 11.38 s
s=  15 rc=0 build 2208.42 ms peel 501.836 ms wall 11.64 s
s=  16 rc=0 build 2183.05 ms peel 502.257 ms wall 11.75 s
s=  17 rc=0 build 2177.4 ms peel 507.449 ms wall 11.33 s
s=  18 rc=0 build 2170.29 ms peel 506.305 ms wall 11.3 s
s=  19 rc=0 build 2165.29 ms peel 516.794 ms wall 11.31 s
s=  20 rc=0 build 2155.67 ms peel 501.201 ms wall 11.68 s
s=  21 rc=0 build 2135.83 ms peel 509.177 ms wall 11.31 s
s=  22 rc=0 build 2136.45 ms peel 501.936 ms wall 11.65 s
s=  23 rc=0 build 2129.03 ms peel 505.975 ms wall 11.25 s
s=  24 rc=0 build 2119.35 ms peel 502.018 ms wall 11.65 s
s=  25 rc=0 build 2141.79 ms peel 503.349 ms wall 11.62 s
s=  26 rc=0 build 2105.59 ms peel 508.918 ms wall 11.56 s
s=  27 rc=0 build 2120.01 ms peel 506.576 ms wall 11.28 s
s=  28 rc=0 build 2101.14 ms peel 505.45 ms wall 11.24 s
s=  29 rc=0 build 2095.01 ms peel 507.093 ms wall 11.22 s
s=  30 rc=0 build 2106.73 ms peel 506.974 ms wall 11.24 s
s=  31 rc=0 build 2120.98 ms peel 504.976 ms wall 11.48 s
s=  32 rc=0 build 2098.54 ms peel 507.689 ms wall 11.27 s
s=  33 rc=0 build 2113.08 ms peel 505.364 ms wall 11.26 s
s=  34 rc=0 build 2072.38 ms peel 500.174 ms wall 11.58 s
s=  35 rc=0 build 2085.57 ms peel 514.838 ms wall 11.21 s
s=  36 rc=0 build 2079.26 ms peel 506.116 ms wall 11.19 s
s=  37 rc=0 build 2081.49 ms peel 504.607 ms wall 11.59 s
s=  38 rc=0 build 2080.13 ms peel 502.065 ms wall 11.56 s
s=  39 rc=0 build 2087.57 ms peel 501.185 ms wall 11.99 s
s=  40 rc=0 build 2079.22 ms peel 507.62 ms wall 11.22 s
s=  41 rc=0 build 2080.83 ms peel 505.619 ms wall 11.18 s
s=  42 rc=0 build 2070.38 ms peel 506.97 ms wall 11.19 s
s=  43 rc=0 build 2073.53 ms peel 506.776 ms wall 11.2 s
s=  44 rc=0 build 2071.2 ms peel 507.886 ms wall 11.18 s
s=  45 rc=0 build 2085.03 ms peel 506.609 ms wall 11.64 s
s=  46 rc=0 build 2056.26 ms peel 503.706 ms wall 11.51 s
s=  47 rc=0 build 2065.83 ms peel 502.588 ms wall 11.53 s
s=  48 rc=0 build 2075.88 ms peel 507.672 ms wall 11.56 s
s=  49 rc=0 build 2064.73 ms peel 509.267 ms wall 11.53 s
s=  50 rc=0 build 2065.02 ms peel 504.656 ms wall 11.58 s
s=  51 rc=0 build 2071.26 ms peel 506.736 ms wall 11.52 s
s=  52 rc=0 build 2072.99 ms peel 503.614 ms wall 11.52 s
s=  53 rc=0 build 2070.47 ms peel 507.192 ms wall 11.56 s
s=  54 rc=0 build 2302.49 ms peel 511.674 ms wall 11.44 s
total wall 632.8 s; in-process 161.4 s
DONE cit-Patents_p80
s=   2 rc=0 build 300.032 ms peel 61.2817 ms wall 0.59 s
s=   3 rc=0 build 289.848 ms peel 54.8724 ms wall 0.54 s
s=   4 rc=0 build 343.017 ms peel 45.2572 ms wall 0.65 s
s=   5 rc=0 build 270.277 ms peel 32.4283 ms wall 0.56 s
s=   6 rc=0 build 266.563 ms peel 29.3921 ms wall 0.49 s
s=   7 rc=0 build 263.131 ms peel 26.7865 ms wall 0.48 s
s=   8 rc=0 build 259.084 ms peel 24.8462 ms wall 0.47 s
s=   9 rc=0 build 256.602 ms peel 23.8735 ms wall 0.47 s
s=  10 rc=0 build 255.34 ms peel 23.5127 ms wall 0.47 s
s=  11 rc=0 build 318.141 ms peel 28.5267 ms wall 0.61 s
s=  12 rc=0 build 253.916 ms peel 22.9901 ms wall 0.49 s
s=  13 rc=0 build 252.969 ms peel 22.6853 ms wall 0.47 s
s=  14 rc=0 build 251.311 ms peel 22.3513 ms wall 0.46 s
s=  15 rc=0 build 313.028 ms peel 27.1641 ms wall 0.6 s
s=  16 rc=0 build 249.166 ms peel 22.0951 ms wall 0.5 s
s=  17 rc=0 build 248.292 ms peel 22.1436 ms wall 0.46 s
s=  18 rc=0 build 309.907 ms peel 26.539 ms wall 0.6 s
s=  19 rc=0 build 247.31 ms peel 21.8677 ms wall 0.49 s
s=  20 rc=0 build 246.428 ms peel 21.8583 ms wall 0.48 s
s=  21 rc=0 build 307.462 ms peel 26.347 ms wall 0.59 s
s=  22 rc=0 build 245.504 ms peel 21.6305 ms wall 0.48 s
s=  23 rc=0 build 244.372 ms peel 21.2693 ms wall 0.46 s
s=  24 rc=0 build 243.742 ms peel 21.3277 ms wall 0.45 s
s=  25 rc=0 build 242.852 ms peel 21.4085 ms wall 0.45 s
s=  26 rc=0 build 303.537 ms peel 25.7164 ms wall 0.59 s
s=  27 rc=0 build 242.474 ms peel 21.3123 ms wall 0.48 s
s=  28 rc=0 build 242.549 ms peel 21.1542 ms wall 0.45 s
s=  29 rc=0 build 302.576 ms peel 25.6932 ms wall 0.59 s
s=  30 rc=0 build 242.718 ms peel 21.3241 ms wall 0.48 s
s=  31 rc=0 build 241.813 ms peel 21.2225 ms wall 0.45 s
s=  32 rc=0 build 241.81 ms peel 21.1408 ms wall 0.45 s
s=  33 rc=0 build 241.726 ms peel 21.1226 ms wall 0.45 s
s=  34 rc=0 build 301.952 ms peel 25.7118 ms wall 0.59 s
s=  35 rc=0 build 241.558 ms peel 21.1986 ms wall 0.48 s
s=  36 rc=0 build 301.785 ms peel 25.8986 ms wall 0.58 s
s=  37 rc=0 build 241.458 ms peel 21.2649 ms wall 0.48 s
s=  38 rc=0 build 301.579 ms peel 25.6839 ms wall 0.59 s
s=  39 rc=0 build 241.355 ms peel 21.3225 ms wall 0.48 s
s=  40 rc=0 build 241.229 ms peel 21.118 ms wall 0.45 s
s=  41 rc=0 build 241.271 ms peel 21.0156 ms wall 0.45 s
s=  42 rc=0 build 241.254 ms peel 21.0522 ms wall 0.45 s
s=  43 rc=0 build 240.801 ms peel 21.0055 ms wall 0.45 s
s=  44 rc=0 build 300.855 ms peel 25.4452 ms wall 0.59 s
s=  45 rc=0 build 240.638 ms peel 20.9699 ms wall 0.48 s
total wall 22.3 s; in-process 12.8 s
DONE web-BerkStan_p20
s=   2 rc=0 build 2714.88 ms peel 216.857 ms wall 3.85 s
s=   3 rc=0 build 2714.83 ms peel 232.688 ms wall 3.78 s
s=   4 rc=0 build 2466.44 ms peel 166.156 ms wall 3.32 s
s=   5 rc=0 build 2437.98 ms peel 136.446 ms wall 3.23 s
s=   6 rc=0 build 2407.14 ms peel 110.475 ms wall 3.19 s
s=   7 rc=0 build 2389.37 ms peel 98.775 ms wall 3.16 s
s=   8 rc=0 build 2565.26 ms peel 88.7796 ms wall 3.46 s
s=   9 rc=0 build 2568.07 ms peel 83.9919 ms wall 3.46 s
s=  10 rc=0 build 2361.78 ms peel 80.0177 ms wall 3.11 s
s=  11 rc=0 build 2344.66 ms peel 73.4696 ms wall 3.07 s
s=  12 rc=0 build 2507.96 ms peel 66.9038 ms wall 3.37 s
s=  13 rc=0 build 2535.97 ms peel 62.8587 ms wall 3.41 s
s=  14 rc=0 build 2298.24 ms peel 60.383 ms wall 3.02 s
s=  15 rc=0 build 2283.28 ms peel 58.1723 ms wall 3.01 s
s=  16 rc=0 build 2276.21 ms peel 55.0447 ms wall 3.0 s
s=  17 rc=0 build 2268.7 ms peel 53.1468 ms wall 2.96 s
s=  18 rc=0 build 2498.63 ms peel 51.0243 ms wall 3.35 s
s=  19 rc=0 build 2289.86 ms peel 50.4803 ms wall 3.01 s
s=  20 rc=0 build 2247.99 ms peel 49.6299 ms wall 2.97 s
s=  21 rc=0 build 2428.32 ms peel 49.1314 ms wall 3.28 s
s=  22 rc=0 build 2268.22 ms peel 49.5708 ms wall 2.98 s
s=  23 rc=0 build 2239.08 ms peel 48.9413 ms wall 2.95 s
s=  24 rc=0 build 2225.89 ms peel 47.7686 ms wall 2.94 s
s=  25 rc=0 build 2446.42 ms peel 47.215 ms wall 3.31 s
s=  26 rc=0 build 2424.12 ms peel 46.9403 ms wall 3.28 s
s=  27 rc=0 build 2380.55 ms peel 45.7308 ms wall 3.23 s
s=  28 rc=0 build 2238.73 ms peel 46.1322 ms wall 2.95 s
s=  29 rc=0 build 2200.98 ms peel 45.9404 ms wall 3.03 s
s=  30 rc=0 build 2391.82 ms peel 55.4422 ms wall 3.12 s
s=  31 rc=0 build 2198.87 ms peel 45.4174 ms wall 2.91 s
s=  32 rc=0 build 2453.92 ms peel 45.3659 ms wall 3.3 s
s=  33 rc=0 build 2194.19 ms peel 45.7263 ms wall 2.9 s
s=  34 rc=0 build 2190.22 ms peel 46.1072 ms wall 2.9 s
s=  35 rc=0 build 2368.55 ms peel 45.5077 ms wall 3.22 s
s=  36 rc=0 build 2184.34 ms peel 45.0035 ms wall 2.9 s
s=  37 rc=0 build 2190.14 ms peel 44.6618 ms wall 2.9 s
s=  38 rc=0 build 2178.43 ms peel 44.9442 ms wall 2.89 s
s=  39 rc=0 build 2175.67 ms peel 44.4382 ms wall 2.88 s
s=  40 rc=0 build 2172.75 ms peel 44.46 ms wall 2.88 s
s=  41 rc=0 build 2167.79 ms peel 43.5152 ms wall 2.85 s
s=  42 rc=0 build 2160.49 ms peel 43.6662 ms wall 2.84 s
s=  43 rc=0 build 2151.86 ms peel 43.9698 ms wall 2.84 s
s=  44 rc=0 build 2345.48 ms peel 42.6106 ms wall 3.19 s
s=  45 rc=0 build 2139.79 ms peel 43.0491 ms wall 2.85 s
s=  46 rc=0 build 2139.47 ms peel 42.5791 ms wall 2.84 s
s=  47 rc=0 build 2156.43 ms peel 42.5967 ms wall 2.86 s
s=  48 rc=0 build 2135.28 ms peel 42.7067 ms wall 2.84 s
s=  49 rc=0 build 2316.68 ms peel 42.7807 ms wall 3.16 s
s=  50 rc=0 build 2136.87 ms peel 43.1438 ms wall 2.85 s
s=  51 rc=0 build 2161.28 ms peel 42.8423 ms wall 2.87 s
s=  52 rc=0 build 2130.86 ms peel 42.3635 ms wall 2.84 s
s=  53 rc=0 build 2130.19 ms peel 42.8827 ms wall 2.84 s
s=  54 rc=0 build 2128.68 ms peel 42.3275 ms wall 2.83 s
s=  55 rc=0 build 2127.18 ms peel 42.1783 ms wall 2.8 s
s=  56 rc=0 build 2127.28 ms peel 42.2333 ms wall 2.83 s
s=  57 rc=0 build 2126.08 ms peel 42.0911 ms wall 2.83 s
s=  58 rc=0 build 2125.51 ms peel 42.0544 ms wall 2.83 s
s=  59 rc=0 build 2125.41 ms peel 42.4643 ms wall 2.81 s
s=  60 rc=0 build 2320.56 ms peel 42.0165 ms wall 3.16 s
s=  61 rc=0 build 2124.41 ms peel 42.1082 ms wall 2.83 s
s=  62 rc=0 build 2122.66 ms peel 42.0353 ms wall 2.83 s
s=  63 rc=0 build 2122.4 ms peel 42.2975 ms wall 2.83 s
s=  64 rc=0 build 2121.03 ms peel 41.8197 ms wall 2.82 s
s=  65 rc=0 build 2121.68 ms peel 41.9266 ms wall 2.83 s
s=  66 rc=0 build 2120.64 ms peel 41.8602 ms wall 2.8 s
s=  67 rc=0 build 2303.82 ms peel 42.7012 ms wall 3.15 s
s=  68 rc=0 build 2119.59 ms peel 42.2474 ms wall 2.83 s
s=  69 rc=0 build 2118.84 ms peel 42.0811 ms wall 2.8 s
s=  70 rc=0 build 2119.57 ms peel 42.226 ms wall 2.8 s
s=  71 rc=0 build 2122.66 ms peel 42.1483 ms wall 2.82 s
s=  72 rc=0 build 2118.94 ms peel 42.3424 ms wall 2.83 s
s=  73 rc=0 build 2308.96 ms peel 41.8802 ms wall 3.15 s
s=  74 rc=0 build 2116.84 ms peel 42.3931 ms wall 2.82 s
s=  75 rc=0 build 2115.3 ms peel 41.8315 ms wall 2.82 s
s=  76 rc=0 build 2115.04 ms peel 42.214 ms wall 2.82 s
s=  77 rc=0 build 2115.09 ms peel 42.023 ms wall 2.81 s
s=  78 rc=0 build 2113.9 ms peel 42.8085 ms wall 2.82 s
s=  79 rc=0 build 2111.89 ms peel 41.8713 ms wall 2.8 s
s=  80 rc=0 build 2113.31 ms peel 42.034 ms wall 2.82 s
s=  81 rc=0 build 2111.64 ms peel 42.3419 ms wall 2.8 s
s=  82 rc=0 build 2111.39 ms peel 41.9759 ms wall 2.79 s
s=  83 rc=0 build 2110.94 ms peel 41.8977 ms wall 2.79 s
s=  84 rc=0 build 2109.68 ms peel 43.0707 ms wall 2.79 s
s=  85 rc=0 build 2312.82 ms peel 41.9673 ms wall 3.15 s
s=  86 rc=0 build 2109.02 ms peel 41.6963 ms wall 2.82 s
s=  87 rc=0 build 2108.32 ms peel 41.8166 ms wall 2.94 s
total wall 257.4 s; in-process 197.5 s
DONE web-BerkStan_p40
s=   2 rc=0 build 8651.45 ms peel 463.296 ms wall 10.63 s
s=   3 rc=0 build 8700.64 ms peel 621.121 ms wall 11.14 s
s=   4 rc=0 build 8553.57 ms peel 493.086 ms wall 10.5 s
s=   5 rc=0 build 8566.14 ms peel 437.329 ms wall 10.79 s
s=   6 rc=0 build 8488.09 ms peel 377.094 ms wall 10.62 s
s=   7 rc=0 build 8428.59 ms peel 310.581 ms wall 10.5 s
s=   8 rc=0 build 8311.19 ms peel 255.962 ms wall 9.99 s
s=   9 rc=0 build 8395.85 ms peel 237.188 ms wall 10.37 s
s=  10 rc=0 build 8249.2 ms peel 229.867 ms wall 10.22 s
s=  11 rc=0 build 8227.82 ms peel 209.011 ms wall 10.17 s
s=  12 rc=0 build 8187.48 ms peel 192.245 ms wall 9.79 s
s=  13 rc=0 build 8139.1 ms peel 177.639 ms wall 9.72 s
s=  14 rc=0 build 8183.0 ms peel 165.15 ms wall 10.08 s
s=  15 rc=0 build 8133.93 ms peel 152.367 ms wall 10.01 s
s=  16 rc=0 build 8108.68 ms peel 142.747 ms wall 9.98 s
s=  17 rc=0 build 8024.08 ms peel 132.024 ms wall 9.88 s
s=  18 rc=0 build 7982.43 ms peel 120.677 ms wall 9.84 s
s=  19 rc=0 build 7889.18 ms peel 107.408 ms wall 9.4 s
s=  20 rc=0 build 7854.4 ms peel 97.5475 ms wall 9.68 s
s=  21 rc=0 build 7870.28 ms peel 94.5959 ms wall 9.69 s
s=  22 rc=0 build 8083.99 ms peel 91.6937 ms wall 9.57 s
s=  23 rc=0 build 7778.5 ms peel 87.9252 ms wall 9.59 s
s=  24 rc=0 build 7735.93 ms peel 87.2798 ms wall 9.25 s
s=  25 rc=0 build 7728.44 ms peel 85.6218 ms wall 9.53 s
s=  26 rc=0 build 7821.83 ms peel 85.2559 ms wall 9.64 s
s=  27 rc=0 build 7893.49 ms peel 83.7845 ms wall 9.4 s
s=  28 rc=0 build 7674.49 ms peel 83.6451 ms wall 9.18 s
s=  29 rc=0 build 7667.09 ms peel 83.2382 ms wall 9.14 s
s=  30 rc=0 build 7666.52 ms peel 82.6602 ms wall 9.14 s
s=  31 rc=0 build 7680.9 ms peel 82.3924 ms wall 9.48 s
s=  32 rc=0 build 7675.89 ms peel 81.2032 ms wall 9.48 s
s=  33 rc=0 build 7808.59 ms peel 80.0508 ms wall 9.28 s
s=  34 rc=0 build 7582.95 ms peel 78.5383 ms wall 9.07 s
s=  35 rc=0 build 7580.34 ms peel 74.8086 ms wall 9.37 s
s=  36 rc=0 build 7579.32 ms peel 75.897 ms wall 9.39 s
s=  37 rc=0 build 7514.4 ms peel 74.3878 ms wall 9.57 s
s=  38 rc=0 build 7591.73 ms peel 74.6229 ms wall 9.39 s
s=  39 rc=0 build 7528.86 ms peel 73.1799 ms wall 9.32 s
s=  40 rc=0 build 7560.65 ms peel 73.6344 ms wall 9.37 s
s=  41 rc=0 build 7498.75 ms peel 73.3291 ms wall 8.97 s
s=  42 rc=0 build 7517.46 ms peel 72.784 ms wall 9.31 s
s=  43 rc=0 build 7501.63 ms peel 73.2693 ms wall 9.29 s
s=  44 rc=0 build 7629.55 ms peel 73.9424 ms wall 9.43 s
s=  45 rc=0 build 7645.0 ms peel 72.367 ms wall 9.43 s
s=  46 rc=0 build 7483.74 ms peel 72.2478 ms wall 8.98 s
s=  47 rc=0 build 7462.26 ms peel 71.8346 ms wall 8.95 s
s=  48 rc=0 build 7500.88 ms peel 72.234 ms wall 9.3 s
s=  49 rc=0 build 7505.25 ms peel 71.3892 ms wall 9.3 s
s=  50 rc=0 build 7488.47 ms peel 70.1546 ms wall 9.28 s
s=  51 rc=0 build 7654.96 ms peel 71.4752 ms wall 9.45 s
s=  52 rc=0 build 7434.14 ms peel 71.191 ms wall 8.92 s
s=  53 rc=0 build 7652.95 ms peel 71.0539 ms wall 9.12 s
s=  54 rc=0 build 7415.84 ms peel 69.6799 ms wall 8.89 s
s=  55 rc=0 build 7436.83 ms peel 69.2745 ms wall 9.22 s
s=  56 rc=0 build 7406.9 ms peel 69.0478 ms wall 9.2 s
s=  57 rc=0 build 7365.63 ms peel 68.208 ms wall 8.83 s
s=  58 rc=0 build 7409.35 ms peel 67.5704 ms wall 9.2 s
s=  59 rc=0 build 7332.6 ms peel 67.3404 ms wall 9.1 s
s=  60 rc=0 build 7392.78 ms peel 66.6765 ms wall 9.19 s
s=  61 rc=0 build 7325.23 ms peel 66.3255 ms wall 9.11 s
s=  62 rc=0 build 7351.65 ms peel 65.6675 ms wall 9.14 s
s=  63 rc=0 build 7276.52 ms peel 65.2743 ms wall 8.74 s
s=  64 rc=0 build 7271.41 ms peel 66.3093 ms wall 8.73 s
s=  65 rc=0 build 7291.16 ms peel 65.5941 ms wall 9.07 s
s=  66 rc=0 build 7280.32 ms peel 65.0569 ms wall 9.07 s
s=  67 rc=0 build 7238.43 ms peel 64.9061 ms wall 8.7 s
s=  68 rc=0 build 7238.23 ms peel 64.4543 ms wall 8.7 s
s=  69 rc=0 build 7234.39 ms peel 64.8466 ms wall 8.69 s
s=  70 rc=0 build 7276.33 ms peel 65.5161 ms wall 9.06 s
s=  71 rc=0 build 7296.27 ms peel 65.6265 ms wall 9.09 s
s=  72 rc=0 build 7222.92 ms peel 64.5079 ms wall 8.96 s
s=  73 rc=0 build 7252.63 ms peel 60.4905 ms wall 9.04 s
s=  74 rc=0 build 7228.52 ms peel 61.9003 ms wall 8.69 s
s=  75 rc=0 build 7439.26 ms peel 60.1712 ms wall 9.23 s
s=  76 rc=0 build 7214.55 ms peel 63.4162 ms wall 8.67 s
s=  77 rc=0 build 7226.49 ms peel 62.5449 ms wall 9.24 s
s=  78 rc=0 build 7329.36 ms peel 64.1055 ms wall 9.12 s
s=  79 rc=0 build 7361.92 ms peel 63.1744 ms wall 8.84 s
s=  80 rc=0 build 7221.54 ms peel 63.504 ms wall 9.0 s
s=  81 rc=0 build 7227.66 ms peel 63.081 ms wall 9.03 s
s=  82 rc=0 build 7194.14 ms peel 63.3726 ms wall 8.68 s
s=  83 rc=0 build 7199.0 ms peel 63.0904 ms wall 8.68 s
s=  84 rc=0 build 7195.82 ms peel 63.536 ms wall 8.66 s
s=  85 rc=0 build 7198.44 ms peel 63.8984 ms wall 8.67 s
s=  86 rc=0 build 7252.28 ms peel 63.3272 ms wall 8.74 s
s=  87 rc=0 build 7187.46 ms peel 63.4021 ms wall 8.65 s
s=  88 rc=0 build 7242.07 ms peel 63.1561 ms wall 9.03 s
s=  89 rc=0 build 7236.07 ms peel 63.2109 ms wall 9.02 s
s=  90 rc=0 build 7214.52 ms peel 63.212 ms wall 9.0 s
s=  91 rc=0 build 7203.61 ms peel 63.228 ms wall 8.99 s
s=  92 rc=0 build 7174.52 ms peel 62.9514 ms wall 8.63 s
s=  93 rc=0 build 7179.05 ms peel 62.8514 ms wall 8.64 s
s=  94 rc=0 build 7187.89 ms peel 62.5083 ms wall 8.96 s
s=  95 rc=0 build 7205.25 ms peel 62.7091 ms wall 8.99 s
s=  96 rc=0 build 7168.03 ms peel 62.9261 ms wall 8.63 s
s=  97 rc=0 build 7211.34 ms peel 62.4265 ms wall 9.0 s
s=  98 rc=0 build 7200.76 ms peel 62.6292 ms wall 8.98 s
s=  99 rc=0 build 7176.89 ms peel 62.3721 ms wall 8.95 s
s= 100 rc=0 build 7186.43 ms peel 63.0173 ms wall 8.98 s
s= 101 rc=0 build 7212.32 ms peel 62.4262 ms wall 8.99 s
s= 102 rc=0 build 7215.74 ms peel 63.2552 ms wall 9.0 s
s= 103 rc=0 build 7173.96 ms peel 62.5986 ms wall 8.95 s
s= 104 rc=0 build 7203.59 ms peel 62.5719 ms wall 8.99 s
s= 105 rc=0 build 7157.95 ms peel 62.7365 ms wall 8.62 s
s= 106 rc=0 build 7174.89 ms peel 62.2654 ms wall 8.66 s
s= 107 rc=0 build 7204.15 ms peel 62.3647 ms wall 8.66 s
s= 108 rc=0 build 7169.47 ms peel 62.6761 ms wall 8.63 s
s= 109 rc=0 build 7146.8 ms peel 62.8461 ms wall 8.84 s
s= 110 rc=0 build 7193.37 ms peel 62.4488 ms wall 8.98 s
s= 111 rc=0 build 7278.68 ms peel 62.0887 ms wall 9.05 s
s= 112 rc=0 build 7150.65 ms peel 62.001 ms wall 8.93 s
s= 113 rc=0 build 7136.21 ms peel 62.0379 ms wall 8.59 s
s= 114 rc=0 build 7178.06 ms peel 62.7936 ms wall 8.97 s
s= 115 rc=0 build 7176.12 ms peel 62.1295 ms wall 8.96 s
s= 116 rc=0 build 7262.73 ms peel 63.0001 ms wall 9.05 s
s= 117 rc=0 build 7128.05 ms peel 61.8244 ms wall 8.61 s
s= 118 rc=0 build 7138.07 ms peel 62.714 ms wall 8.82 s
s= 119 rc=0 build 7125.62 ms peel 62.0436 ms wall 8.6 s
s= 120 rc=0 build 7169.95 ms peel 62.2046 ms wall 8.96 s
s= 121 rc=0 build 7121.33 ms peel 62.4427 ms wall 8.58 s
s= 122 rc=0 build 7118.12 ms peel 62.6049 ms wall 8.58 s
s= 123 rc=0 build 7116.78 ms peel 62.198 ms wall 8.57 s
s= 124 rc=0 build 7167.43 ms peel 62.015 ms wall 8.95 s
s= 125 rc=0 build 7172.02 ms peel 62.1111 ms wall 8.96 s
s= 126 rc=0 build 7110.0 ms peel 62.4808 ms wall 8.57 s
s= 127 rc=0 build 7109.05 ms peel 62.1979 ms wall 8.67 s
s= 128 rc=0 build 7105.26 ms peel 61.9109 ms wall 8.56 s
s= 129 rc=0 build 7165.0 ms peel 61.9675 ms wall 8.95 s
s= 130 rc=0 build 7159.15 ms peel 62.6266 ms wall 8.95 s
s= 131 rc=0 build 7102.5 ms peel 62.1196 ms wall 8.56 s
s= 132 rc=0 build 7100.64 ms peel 61.9419 ms wall 8.56 s
s= 133 rc=0 build 7097.87 ms peel 62.3512 ms wall 8.56 s
s= 134 rc=0 build 7097.43 ms peel 62.2312 ms wall 8.55 s
total wall 1218.7 s; in-process 1006.4 s
DONE web-BerkStan_p60
s=   2 rc=0 build 18418.0 ms peel 794.13 ms wall 21.82 s
s=   3 rc=0 build 18940.3 ms peel 1259.53 ms wall 23.12 s
s=   4 rc=0 build 19133.6 ms peel 1108.54 ms wall 23.15 s
s=   5 rc=0 build 18984.2 ms peel 1038.19 ms wall 22.98 s
s=   6 rc=0 build 18676.1 ms peel 922.341 ms wall 22.47 s
s=   7 rc=0 build 18482.9 ms peel 765.844 ms wall 22.13 s
s=   8 rc=0 build 18209.2 ms peel 557.173 ms wall 21.61 s
s=   9 rc=0 build 18160.1 ms peel 524.347 ms wall 21.52 s
s=  10 rc=0 build 18056.1 ms peel 488.561 ms wall 21.3 s
s=  11 rc=0 build 18057.9 ms peel 463.667 ms wall 21.35 s
s=  12 rc=0 build 17956.9 ms peel 425.619 ms wall 21.16 s
s=  13 rc=0 build 17924.2 ms peel 396.38 ms wall 21.13 s
s=  14 rc=0 build 17865.6 ms peel 354.448 ms wall 20.67 s
s=  15 rc=0 build 17773.4 ms peel 320.695 ms wall 20.91 s
s=  16 rc=0 build 17729.1 ms peel 292.65 ms wall 20.8 s
s=  17 rc=0 build 17650.9 ms peel 265.457 ms wall 20.7 s
s=  18 rc=0 build 17586.8 ms peel 255.735 ms wall 20.63 s
s=  19 rc=0 build 17491.5 ms peel 236.068 ms wall 20.53 s
s=  20 rc=0 build 17581.7 ms peel 219.22 ms wall 20.61 s
s=  21 rc=0 build 17783.7 ms peel 204.093 ms wall 20.79 s
s=  22 rc=0 build 17244.2 ms peel 195.005 ms wall 20.21 s
s=  23 rc=0 build 17114.5 ms peel 166.927 ms wall 19.7 s
s=  24 rc=0 build 17065.2 ms peel 150.506 ms wall 20.01 s
s=  25 rc=0 build 17003.3 ms peel 141.171 ms wall 19.56 s
s=  26 rc=0 build 16965.1 ms peel 136.939 ms wall 19.88 s
s=  27 rc=0 build 16940.2 ms peel 133.137 ms wall 19.86 s
s=  28 rc=0 build 16897.1 ms peel 130.909 ms wall 19.76 s
s=  29 rc=0 build 16867.4 ms peel 133.564 ms wall 19.78 s
s=  30 rc=0 build 16806.9 ms peel 129.613 ms wall 19.7 s
s=  31 rc=0 build 16776.5 ms peel 129.382 ms wall 19.72 s
s=  32 rc=0 build 16739.3 ms peel 128.082 ms wall 19.68 s
s=  33 rc=0 build 16732.2 ms peel 125.81 ms wall 19.83 s
s=  34 rc=0 build 16706.7 ms peel 127.21 ms wall 19.24 s
s=  35 rc=0 build 16696.4 ms peel 124.061 ms wall 19.55 s
s=  36 rc=0 build 16956.6 ms peel 123.993 ms wall 19.9 s
s=  37 rc=0 build 17076.5 ms peel 123.141 ms wall 19.61 s
s=  38 rc=0 build 16673.2 ms peel 121.232 ms wall 19.6 s
s=  39 rc=0 build 16706.8 ms peel 121.627 ms wall 19.63 s
s=  40 rc=0 build 16635.0 ms peel 120.062 ms wall 19.52 s
s=  41 rc=0 build 16933.2 ms peel 119.009 ms wall 19.86 s
s=  42 rc=0 build 16622.2 ms peel 117.672 ms wall 19.52 s
s=  43 rc=0 build 16600.8 ms peel 116.596 ms wall 19.5 s
s=  44 rc=0 build 16538.8 ms peel 114.631 ms wall 19.43 s
s=  45 rc=0 build 16503.8 ms peel 113.575 ms wall 19.44 s
s=  46 rc=0 build 16400.9 ms peel 111.251 ms wall 18.93 s
s=  47 rc=0 build 16346.7 ms peel 101.093 ms wall 18.85 s
s=  48 rc=0 build 16238.6 ms peel 105.046 ms wall 18.77 s
s=  49 rc=0 build 16202.5 ms peel 104.556 ms wall 19.1 s
s=  50 rc=0 build 16182.2 ms peel 105.53 ms wall 18.7 s
s=  51 rc=0 build 16198.1 ms peel 104.351 ms wall 19.05 s
s=  52 rc=0 build 16176.3 ms peel 102.838 ms wall 19.04 s
s=  53 rc=0 build 16165.2 ms peel 102.943 ms wall 19.03 s
s=  54 rc=0 build 16149.2 ms peel 103.108 ms wall 19.02 s
s=  55 rc=0 build 16125.7 ms peel 101.191 ms wall 18.64 s
s=  56 rc=0 build 16118.3 ms peel 101.603 ms wall 18.97 s
s=  57 rc=0 build 16110.1 ms peel 101.578 ms wall 18.97 s
s=  58 rc=0 build 16089.5 ms peel 101.173 ms wall 18.96 s
s=  59 rc=0 build 16083.5 ms peel 100.544 ms wall 18.59 s
s=  60 rc=0 build 16066.4 ms peel 99.1318 ms wall 18.95 s
s=  61 rc=0 build 16058.9 ms peel 100.065 ms wall 18.92 s
s=  62 rc=0 build 16045.1 ms peel 99.6892 ms wall 18.91 s
s=  63 rc=0 build 16078.1 ms peel 100.035 ms wall 18.94 s
s=  64 rc=0 build 16021.7 ms peel 100.045 ms wall 18.54 s
s=  65 rc=0 build 16021.5 ms peel 99.2012 ms wall 18.86 s
s=  66 rc=0 build 16322.0 ms peel 99.2589 ms wall 19.27 s
s=  67 rc=0 build 15966.9 ms peel 98.0587 ms wall 18.88 s
s=  68 rc=0 build 15965.9 ms peel 98.29 ms wall 18.89 s
s=  69 rc=0 build 15945.6 ms peel 98.0268 ms wall 18.87 s
s=  70 rc=0 build 15925.9 ms peel 100.435 ms wall 18.44 s
s=  71 rc=0 build 15924.8 ms peel 97.8211 ms wall 18.85 s
s=  72 rc=0 build 15907.8 ms peel 97.7061 ms wall 18.42 s
s=  73 rc=0 build 15882.3 ms peel 97.1966 ms wall 18.39 s
s=  74 rc=0 build 15872.0 ms peel 96.5496 ms wall 19.25 s
s=  75 rc=0 build 15841.7 ms peel 96.1582 ms wall 18.71 s
s=  76 rc=0 build 15832.4 ms peel 96.9069 ms wall 18.71 s
s=  77 rc=0 build 15804.4 ms peel 94.2966 ms wall 18.68 s
s=  78 rc=0 build 15711.5 ms peel 94.6925 ms wall 18.65 s
s=  79 rc=0 build 15712.1 ms peel 95.8449 ms wall 18.22 s
s=  80 rc=0 build 15662.2 ms peel 93.606 ms wall 18.55 s
s=  81 rc=0 build 15619.1 ms peel 92.2285 ms wall 18.53 s
s=  82 rc=0 build 15897.1 ms peel 91.2654 ms wall 18.42 s
s=  83 rc=0 build 15500.7 ms peel 91.973 ms wall 18.04 s
s=  84 rc=0 build 15702.2 ms peel 90.8037 ms wall 18.57 s
s=  85 rc=0 build 15643.5 ms peel 90.1045 ms wall 18.5 s
s=  86 rc=0 build 15409.1 ms peel 90.6623 ms wall 17.92 s
s=  87 rc=0 build 15400.1 ms peel 89.5389 ms wall 18.25 s
s=  88 rc=0 build 15393.7 ms peel 90.136 ms wall 18.29 s
s=  89 rc=0 build 15347.7 ms peel 89.0323 ms wall 17.87 s
s=  90 rc=0 build 15279.5 ms peel 89.4683 ms wall 18.15 s
s=  91 rc=0 build 15226.3 ms peel 88.2082 ms wall 18.12 s
s=  92 rc=0 build 15199.9 ms peel 87.7755 ms wall 18.08 s
s=  93 rc=0 build 15205.6 ms peel 88.172 ms wall 18.08 s
s=  94 rc=0 build 15187.5 ms peel 87.1487 ms wall 18.04 s
s=  95 rc=0 build 15213.0 ms peel 87.2686 ms wall 18.05 s
s=  96 rc=0 build 15181.1 ms peel 87.1006 ms wall 18.04 s
s=  97 rc=0 build 15256.3 ms peel 89.4811 ms wall 18.16 s
s=  98 rc=0 build 15158.3 ms peel 87.1236 ms wall 17.99 s
s=  99 rc=0 build 15149.4 ms peel 88.2004 ms wall 18.0 s
s= 100 rc=0 build 15180.3 ms peel 87.3264 ms wall 18.23 s
s= 101 rc=0 build 15436.2 ms peel 87.8059 ms wall 17.94 s
s= 102 rc=0 build 15123.6 ms peel 86.6443 ms wall 18.38 s
s= 103 rc=0 build 15265.0 ms peel 86.8375 ms wall 18.32 s
s= 104 rc=0 build 15174.8 ms peel 86.6688 ms wall 17.69 s
s= 105 rc=0 build 15193.3 ms peel 86.886 ms wall 17.7 s
s= 106 rc=0 build 15094.4 ms peel 86.0483 ms wall 17.92 s
s= 107 rc=0 build 15392.3 ms peel 86.9984 ms wall 18.25 s
s= 108 rc=0 build 15462.4 ms peel 86.3948 ms wall 18.26 s
s= 109 rc=0 build 15106.8 ms peel 87.6453 ms wall 17.97 s
s= 110 rc=0 build 15071.1 ms peel 86.8653 ms wall 17.95 s
s= 111 rc=0 build 15351.1 ms peel 86.7159 ms wall 18.24 s
s= 112 rc=0 build 15083.4 ms peel 86.8636 ms wall 17.58 s
s= 113 rc=0 build 15069.8 ms peel 87.6329 ms wall 17.57 s
s= 114 rc=0 build 15048.7 ms peel 88.437 ms wall 17.9 s
s= 115 rc=0 build 15038.6 ms peel 86.8222 ms wall 17.53 s
s= 116 rc=0 build 15415.0 ms peel 86.3902 ms wall 18.35 s
s= 117 rc=0 build 15481.1 ms peel 85.4337 ms wall 18.0 s
s= 118 rc=0 build 15057.1 ms peel 86.0413 ms wall 17.59 s
s= 119 rc=0 build 15023.1 ms peel 85.4449 ms wall 17.88 s
s= 120 rc=0 build 15017.2 ms peel 85.5766 ms wall 17.87 s
s= 121 rc=0 build 15013.4 ms peel 85.7442 ms wall 17.72 s
s= 122 rc=0 build 15009.0 ms peel 85.898 ms wall 17.51 s
s= 123 rc=0 build 14997.2 ms peel 84.9931 ms wall 17.86 s
s= 124 rc=0 build 15014.9 ms peel 88.0823 ms wall 17.88 s
s= 125 rc=0 build 14996.1 ms peel 85.9963 ms wall 17.85 s
s= 126 rc=0 build 14986.9 ms peel 86.372 ms wall 17.87 s
s= 127 rc=0 build 14992.0 ms peel 85.7076 ms wall 17.87 s
s= 128 rc=0 build 15310.9 ms peel 84.3585 ms wall 18.11 s
s= 129 rc=0 build 14972.0 ms peel 85.1478 ms wall 17.88 s
s= 130 rc=0 build 14992.2 ms peel 86.0585 ms wall 17.87 s
s= 131 rc=0 build 15227.2 ms peel 85.0564 ms wall 18.09 s
s= 132 rc=0 build 14978.5 ms peel 85.2528 ms wall 17.47 s
s= 133 rc=0 build 14961.2 ms peel 86.2865 ms wall 17.84 s
s= 134 rc=0 build 14942.6 ms peel 84.7994 ms wall 17.74 s
s= 135 rc=0 build 14948.2 ms peel 84.6487 ms wall 17.84 s
s= 136 rc=0 build 14942.7 ms peel 84.567 ms wall 17.45 s
s= 137 rc=0 build 14962.6 ms peel 85.5211 ms wall 17.82 s
s= 138 rc=0 build 15211.5 ms peel 84.9428 ms wall 18.08 s
s= 139 rc=0 build 14933.6 ms peel 84.7089 ms wall 17.74 s
s= 140 rc=0 build 14955.5 ms peel 85.166 ms wall 17.8 s
s= 141 rc=0 build 15294.9 ms peel 85.9277 ms wall 18.16 s
s= 142 rc=0 build 15280.3 ms peel 87.1449 ms wall 18.17 s
s= 143 rc=0 build 15224.4 ms peel 85.4138 ms wall 17.72 s
s= 144 rc=0 build 14935.4 ms peel 84.9933 ms wall 17.47 s
s= 145 rc=0 build 14961.7 ms peel 85.1743 ms wall 17.47 s
s= 146 rc=0 build 14959.4 ms peel 118.9 ms wall 17.52 s
s= 147 rc=0 build 14915.6 ms peel 84.9229 ms wall 17.77 s
s= 148 rc=0 build 14907.2 ms peel 84.9175 ms wall 17.77 s
s= 149 rc=0 build 14904.8 ms peel 84.9141 ms wall 17.41 s
s= 150 rc=0 build 14896.9 ms peel 85.1337 ms wall 17.4 s
s= 151 rc=0 build 14893.7 ms peel 84.4799 ms wall 17.39 s
s= 152 rc=0 build 15375.5 ms peel 85.322 ms wall 17.88 s
s= 153 rc=0 build 15064.6 ms peel 86.1632 ms wall 17.95 s
s= 154 rc=0 build 14868.2 ms peel 84.5546 ms wall 17.37 s
s= 155 rc=0 build 14871.9 ms peel 85.4052 ms wall 17.73 s
s= 156 rc=0 build 14920.1 ms peel 84.7902 ms wall 17.45 s
s= 157 rc=0 build 14863.2 ms peel 85.6404 ms wall 17.37 s
s= 158 rc=0 build 14846.0 ms peel 85.2388 ms wall 17.72 s
s= 159 rc=0 build 14841.4 ms peel 84.61 ms wall 17.33 s
s= 160 rc=0 build 15000.6 ms peel 85.1573 ms wall 17.89 s
s= 161 rc=0 build 14830.1 ms peel 85.4911 ms wall 17.68 s
s= 162 rc=0 build 15007.4 ms peel 85.2121 ms wall 17.88 s
s= 163 rc=0 build 14829.0 ms peel 85.4085 ms wall 17.35 s
s= 164 rc=0 build 14824.8 ms peel 85.8886 ms wall 17.33 s
s= 165 rc=0 build 14824.5 ms peel 85.2647 ms wall 17.68 s
s= 166 rc=0 build 14822.3 ms peel 85.5859 ms wall 17.68 s
s= 167 rc=0 build 14806.2 ms peel 85.0892 ms wall 17.65 s
total wall 3115.1 s; in-process 2667.7 s
DONE web-BerkStan_p80
END 2026-09-20T22:50:46+00:00
