START 2026-09-23T06:40:35+00:00 host=radonduo load=22.13 22.43 23.06 git=8e1b7ca
ca-GrQc                  r2 terminal old  total      0.02s ti     0.00 solve     0.00 trees     0.01 peak        6 MB
ca-GrQc                  r2 terminal fast total      0.01s ti     0.00 solve     0.00 trees     0.01 peak        6 MB
ca-GrQc                  r2 tail     old  total      0.02s ti     0.01 solve     0.00 trees     0.01 peak        6 MB
ca-GrQc                  r2 tail     fast total      0.01s ti     0.00 solve     0.00 trees     0.01 peak        6 MB
ca-GrQc                  r3 tail     fast total      0.01s ti     0.01 solve     0.00 trees     0.01 peak        6 MB
ca-GrQc                  r3 tail     old  total      0.02s ti     0.01 solve     0.00 trees     0.01 peak        6 MB
ca-GrQc                  r3 terminal fast total      0.02s ti     0.00 solve     0.00 trees     0.01 peak        6 MB
ca-GrQc                  r3 terminal old  total      0.02s ti     0.01 solve     0.01 trees     0.01 peak        6 MB
ca-GrQc                  r4 terminal old  total      0.02s ti     0.01 solve     0.01 trees     0.01 peak        6 MB
ca-GrQc                  r4 terminal fast total      0.01s ti     0.00 solve     0.00 trees     0.01 peak        6 MB
ca-GrQc                  r4 tail     old  total      0.03s ti     0.01 solve     0.00 trees     0.02 peak        6 MB
ca-GrQc                  r4 tail     fast total      0.02s ti     0.01 solve     0.00 trees     0.01 peak        6 MB
ca-GrQc                  r5 tail     fast total      0.01s ti     0.00 solve     0.00 trees     0.01 peak        6 MB
ca-GrQc                  r5 tail     old  total      0.02s ti     0.00 solve     0.00 trees     0.01 peak        6 MB
ca-GrQc                  r5 terminal fast total      0.02s ti     0.00 solve     0.00 trees     0.01 peak        6 MB
ca-GrQc                  r5 terminal old  total      0.02s ti     0.00 solve     0.00 trees     0.01 peak        6 MB
== ca-GrQc: terminal+old 0.02s (1.00x) terminal+fast 0.02s (1.36x) tail+old 0.02s (1.16x) tail+fast 0.02s (1.44x)
dblp-core30              r2 terminal old  total      0.05s ti     0.01 solve     0.02 trees     0.03 peak        6 MB
dblp-core30              r2 terminal fast total      0.04s ti     0.00 solve     0.02 trees     0.02 peak        6 MB
dblp-core30              r2 tail     old  total      0.03s ti     0.01 solve     0.00 trees     0.02 peak        6 MB
dblp-core30              r2 tail     fast total      0.03s ti     0.00 solve     0.00 trees     0.02 peak        6 MB
dblp-core30              r3 tail     fast total      0.03s ti     0.01 solve     0.00 trees     0.02 peak        6 MB
dblp-core30              r3 tail     old  total      0.03s ti     0.00 solve     0.00 trees     0.02 peak        6 MB
dblp-core30              r3 terminal fast total      0.04s ti     0.00 solve     0.02 trees     0.02 peak        6 MB
dblp-core30              r3 terminal old  total      0.04s ti     0.00 solve     0.02 trees     0.02 peak        6 MB
dblp-core30              r4 terminal old  total      0.04s ti     0.00 solve     0.02 trees     0.02 peak        6 MB
dblp-core30              r4 terminal fast total      0.04s ti     0.00 solve     0.02 trees     0.02 peak        6 MB
dblp-core30              r4 tail     old  total      0.03s ti     0.01 solve     0.00 trees     0.02 peak        6 MB
dblp-core30              r4 tail     fast total      0.03s ti     0.01 solve     0.00 trees     0.02 peak        6 MB
dblp-core30              r5 tail     fast total      0.03s ti     0.00 solve     0.00 trees     0.02 peak        6 MB
dblp-core30              r5 tail     old  total      0.03s ti     0.01 solve     0.00 trees     0.02 peak        6 MB
dblp-core30              r5 terminal fast total      0.06s ti     0.01 solve     0.02 trees     0.03 peak        6 MB
dblp-core30              r5 terminal old  total      0.05s ti     0.01 solve     0.02 trees     0.02 peak        6 MB
== dblp-core30: terminal+old 0.05s (1.00x) terminal+fast 0.04s (1.11x) tail+old 0.03s (1.51x) tail+fast 0.03s (1.75x)
ca-CondMat               r2 terminal old  total      0.10s ti     0.03 solve     0.02 trees     0.04 peak       12 MB
ca-CondMat               r2 terminal fast total      0.09s ti     0.03 solve     0.02 trees     0.03 peak       12 MB
ca-CondMat               r2 tail     old  total      0.08s ti     0.03 solve     0.01 trees     0.04 peak       12 MB
ca-CondMat               r2 tail     fast total      0.08s ti     0.03 solve     0.01 trees     0.03 peak       12 MB
ca-CondMat               r3 tail     fast total      0.08s ti     0.03 solve     0.01 trees     0.03 peak       12 MB
ca-CondMat               r3 tail     old  total      0.08s ti     0.03 solve     0.01 trees     0.04 peak       12 MB
ca-CondMat               r3 terminal fast total      0.09s ti     0.03 solve     0.02 trees     0.03 peak       12 MB
ca-CondMat               r3 terminal old  total      0.09s ti     0.03 solve     0.02 trees     0.04 peak       12 MB
ca-CondMat               r4 terminal old  total      0.09s ti     0.03 solve     0.02 trees     0.04 peak       12 MB
ca-CondMat               r4 terminal fast total      0.09s ti     0.03 solve     0.02 trees     0.03 peak       12 MB
ca-CondMat               r4 tail     old  total      0.08s ti     0.03 solve     0.01 trees     0.04 peak       12 MB
ca-CondMat               r4 tail     fast total      0.08s ti     0.03 solve     0.01 trees     0.03 peak       12 MB
ca-CondMat               r5 tail     fast total      0.08s ti     0.03 solve     0.01 trees     0.03 peak       12 MB
ca-CondMat               r5 tail     old  total      0.08s ti     0.03 solve     0.01 trees     0.04 peak       12 MB
ca-CondMat               r5 terminal fast total      0.09s ti     0.03 solve     0.02 trees     0.03 peak       12 MB
ca-CondMat               r5 terminal old  total      0.09s ti     0.03 solve     0.02 trees     0.04 peak       12 MB
== ca-CondMat: terminal+old 0.09s (1.00x) terminal+fast 0.09s (1.06x) tail+old 0.08s (1.14x) tail+fast 0.08s (1.21x)
email-Eu-core            r2 terminal old  total      0.24s ti     0.12 solve     0.06 trees     0.06 peak       12 MB
email-Eu-core            r2 terminal fast total      0.23s ti     0.12 solve     0.06 trees     0.05 peak       12 MB
email-Eu-core            r2 tail     old  total      0.22s ti     0.12 solve     0.04 trees     0.06 peak       12 MB
email-Eu-core            r2 tail     fast total      0.21s ti     0.11 solve     0.04 trees     0.05 peak       12 MB
email-Eu-core            r3 tail     fast total      0.21s ti     0.12 solve     0.04 trees     0.05 peak       12 MB
email-Eu-core            r3 tail     old  total      0.21s ti     0.11 solve     0.04 trees     0.06 peak       12 MB
email-Eu-core            r3 terminal fast total      0.22s ti     0.11 solve     0.06 trees     0.05 peak       12 MB
email-Eu-core            r3 terminal old  total      0.23s ti     0.11 solve     0.05 trees     0.06 peak       12 MB
email-Eu-core            r4 terminal old  total      0.23s ti     0.11 solve     0.06 trees     0.06 peak       12 MB
email-Eu-core            r4 terminal fast total      0.22s ti     0.11 solve     0.06 trees     0.05 peak       12 MB
email-Eu-core            r4 tail     old  total      0.22s ti     0.12 solve     0.04 trees     0.06 peak       12 MB
email-Eu-core            r4 tail     fast total      0.21s ti     0.12 solve     0.04 trees     0.05 peak       12 MB
email-Eu-core            r5 tail     fast total      0.21s ti     0.12 solve     0.04 trees     0.05 peak       12 MB
email-Eu-core            r5 tail     old  total      0.22s ti     0.12 solve     0.04 trees     0.06 peak       12 MB
email-Eu-core            r5 terminal fast total      0.23s ti     0.11 solve     0.06 trees     0.05 peak       12 MB
email-Eu-core            r5 terminal old  total      0.23s ti     0.12 solve     0.06 trees     0.06 peak       12 MB
== email-Eu-core: terminal+old 0.23s (1.00x) terminal+fast 0.23s (1.03x) tail+old 0.22s (1.07x) tail+fast 0.21s (1.11x)
ca-AstroPh               r2 terminal old  total      0.61s ti     0.25 solve     0.16 trees     0.19 peak       22 MB
ca-AstroPh               r2 terminal fast total      0.58s ti     0.24 solve     0.17 trees     0.16 peak       22 MB
ca-AstroPh               r2 tail     old  total      0.53s ti     0.24 solve     0.09 trees     0.19 peak       22 MB
ca-AstroPh               r2 tail     fast total      0.50s ti     0.24 solve     0.10 trees     0.16 peak       22 MB
ca-AstroPh               r3 tail     fast total      0.51s ti     0.24 solve     0.10 trees     0.16 peak       22 MB
ca-AstroPh               r3 tail     old  total      0.53s ti     0.24 solve     0.09 trees     0.19 peak       22 MB
ca-AstroPh               r3 terminal fast total      0.58s ti     0.24 solve     0.17 trees     0.16 peak       22 MB
ca-AstroPh               r3 terminal old  total      0.61s ti     0.24 solve     0.17 trees     0.19 peak       22 MB
ca-AstroPh               r4 terminal old  total      0.60s ti     0.24 solve     0.17 trees     0.19 peak       22 MB
ca-AstroPh               r4 terminal fast total      0.59s ti     0.24 solve     0.17 trees     0.17 peak       22 MB
ca-AstroPh               r4 tail     old  total      0.53s ti     0.24 solve     0.10 trees     0.19 peak       22 MB
ca-AstroPh               r4 tail     fast total      0.51s ti     0.24 solve     0.10 trees     0.17 peak       22 MB
ca-AstroPh               r5 tail     fast total      0.51s ti     0.24 solve     0.10 trees     0.17 peak       22 MB
ca-AstroPh               r5 tail     old  total      0.56s ti     0.24 solve     0.11 trees     0.20 peak       22 MB
ca-AstroPh               r5 terminal fast total      0.67s ti     0.28 solve     0.19 trees     0.19 peak       22 MB
ca-AstroPh               r5 terminal old  total      0.69s ti     0.25 solve     0.21 trees     0.23 peak       22 MB
== ca-AstroPh: terminal+old 0.61s (1.00x) terminal+fast 0.59s (1.04x) tail+old 0.53s (1.15x) tail+fast 0.51s (1.20x)
ca-HepPh                 r2 terminal old  total      0.70s ti     0.10 solve     0.40 trees     0.19 peak       18 MB
ca-HepPh                 r2 terminal fast total      0.65s ti     0.11 solve     0.39 trees     0.15 peak       18 MB
ca-HepPh                 r2 tail     old  total      0.32s ti     0.10 solve     0.03 trees     0.19 peak       18 MB
ca-HepPh                 r2 tail     fast total      0.31s ti     0.13 solve     0.03 trees     0.15 peak       18 MB
ca-HepPh                 r3 tail     fast total      0.28s ti     0.10 solve     0.03 trees     0.15 peak       18 MB
ca-HepPh                 r3 tail     old  total      0.33s ti     0.10 solve     0.03 trees     0.19 peak       18 MB
ca-HepPh                 r3 terminal fast total      0.68s ti     0.10 solve     0.41 trees     0.16 peak       18 MB
ca-HepPh                 r3 terminal old  total      0.71s ti     0.10 solve     0.40 trees     0.20 peak       18 MB
ca-HepPh                 r4 terminal old  total      0.71s ti     0.10 solve     0.40 trees     0.20 peak       18 MB
ca-HepPh                 r4 terminal fast total      0.69s ti     0.10 solve     0.42 trees     0.16 peak       19 MB
ca-HepPh                 r4 tail     old  total      0.32s ti     0.10 solve     0.03 trees     0.18 peak       18 MB
ca-HepPh                 r4 tail     fast total      0.28s ti     0.10 solve     0.03 trees     0.14 peak       18 MB
ca-HepPh                 r5 tail     fast total      0.28s ti     0.10 solve     0.03 trees     0.14 peak       18 MB
ca-HepPh                 r5 tail     old  total      0.32s ti     0.10 solve     0.03 trees     0.19 peak       18 MB
ca-HepPh                 r5 terminal fast total      0.69s ti     0.10 solve     0.42 trees     0.16 peak       18 MB
ca-HepPh                 r5 terminal old  total      0.73s ti     0.10 solve     0.42 trees     0.20 peak       18 MB
== ca-HepPh: terminal+old 0.71s (1.00x) terminal+fast 0.67s (1.06x) tail+old 0.32s (2.21x) tail+fast 0.28s (2.53x)
ca-MathSciNet            r2 terminal old  total      1.02s ti     0.29 solve     0.24 trees     0.48 peak      103 MB
ca-MathSciNet            r2 terminal fast total      0.88s ti     0.29 solve     0.24 trees     0.33 peak       96 MB
ca-MathSciNet            r2 tail     old  total      0.83s ti     0.30 solve     0.12 trees     0.41 peak      101 MB
ca-MathSciNet            r2 tail     fast total      0.75s ti     0.29 solve     0.12 trees     0.32 peak       97 MB
ca-MathSciNet            r3 tail     fast total      0.75s ti     0.29 solve     0.12 trees     0.32 peak       97 MB
ca-MathSciNet            r3 tail     old  total      0.82s ti     0.29 solve     0.12 trees     0.40 peak      101 MB
ca-MathSciNet            r3 terminal fast total      0.85s ti     0.29 solve     0.23 trees     0.32 peak       96 MB
ca-MathSciNet            r3 terminal old  total      0.94s ti     0.29 solve     0.23 trees     0.42 peak      103 MB
ca-MathSciNet            r4 terminal old  total      0.95s ti     0.29 solve     0.23 trees     0.42 peak      103 MB
ca-MathSciNet            r4 terminal fast total      0.86s ti     0.29 solve     0.23 trees     0.32 peak       96 MB
ca-MathSciNet            r4 tail     old  total      0.82s ti     0.29 solve     0.12 trees     0.41 peak      101 MB
ca-MathSciNet            r4 tail     fast total      0.74s ti     0.29 solve     0.12 trees     0.32 peak       97 MB
ca-MathSciNet            r5 tail     fast total      0.75s ti     0.29 solve     0.12 trees     0.32 peak       97 MB
ca-MathSciNet            r5 tail     old  total      0.82s ti     0.29 solve     0.12 trees     0.40 peak      101 MB
ca-MathSciNet            r5 terminal fast total      0.86s ti     0.29 solve     0.23 trees     0.33 peak       96 MB
ca-MathSciNet            r5 terminal old  total      0.94s ti     0.28 solve     0.23 trees     0.42 peak      103 MB
== ca-MathSciNet: terminal+old 0.95s (1.00x) terminal+fast 0.87s (1.09x) tail+old 0.83s (1.14x) tail+fast 0.75s (1.27x)
com-amazon.ungraph       r2 terminal old  total      0.99s ti     0.27 solve     0.18 trees     0.52 peak      115 MB
com-amazon.ungraph       r2 terminal fast total      0.87s ti     0.26 solve     0.17 trees     0.40 peak      108 MB
com-amazon.ungraph       r2 tail     old  total      0.91s ti     0.26 solve     0.14 trees     0.49 peak      116 MB
com-amazon.ungraph       r2 tail     fast total      0.82s ti     0.25 solve     0.14 trees     0.39 peak      111 MB
com-amazon.ungraph       r3 tail     fast total      0.83s ti     0.25 solve     0.15 trees     0.39 peak      110 MB
com-amazon.ungraph       r3 tail     old  total      0.91s ti     0.26 solve     0.14 trees     0.49 peak      115 MB
com-amazon.ungraph       r3 terminal fast total      0.85s ti     0.25 solve     0.17 trees     0.40 peak      108 MB
com-amazon.ungraph       r3 terminal old  total      0.93s ti     0.25 solve     0.17 trees     0.49 peak      115 MB
com-amazon.ungraph       r4 terminal old  total      0.93s ti     0.25 solve     0.16 trees     0.49 peak      115 MB
com-amazon.ungraph       r4 terminal fast total      0.85s ti     0.25 solve     0.17 trees     0.40 peak      108 MB
com-amazon.ungraph       r4 tail     old  total      1.01s ti     0.29 solve     0.16 trees     0.53 peak      116 MB
com-amazon.ungraph       r4 tail     fast total      0.83s ti     0.25 solve     0.15 trees     0.39 peak      110 MB
com-amazon.ungraph       r5 tail     fast total      0.83s ti     0.26 solve     0.15 trees     0.39 peak      110 MB
com-amazon.ungraph       r5 tail     old  total      0.91s ti     0.26 solve     0.14 trees     0.49 peak      116 MB
com-amazon.ungraph       r5 terminal fast total      0.99s ti     0.30 solve     0.20 trees     0.46 peak      108 MB
com-amazon.ungraph       r5 terminal old  total      0.98s ti     0.28 solve     0.16 trees     0.51 peak      115 MB
== com-amazon.ungraph: terminal+old 0.95s (1.00x) terminal+fast 0.86s (1.10x) tail+old 0.92s (1.02x) tail+fast 0.83s (1.14x)
ca-dblp-2012             r2 terminal old  total      2.51s ti     0.32 solve     1.09 trees     1.08 peak      114 MB
ca-dblp-2012             r2 terminal fast total      1.81s ti     0.31 solve     0.89 trees     0.58 peak      111 MB
ca-dblp-2012             r2 tail     old  total      1.51s ti     0.35 solve     0.18 trees     0.97 peak      119 MB
ca-dblp-2012             r2 tail     fast total      1.09s ti     0.35 solve     0.16 trees     0.56 peak      113 MB
ca-dblp-2012             r3 tail     fast total      1.15s ti     0.35 solve     0.18 trees     0.60 peak      113 MB
ca-dblp-2012             r3 tail     old  total      1.51s ti     0.34 solve     0.18 trees     0.97 peak      118 MB
ca-dblp-2012             r3 terminal fast total      1.85s ti     0.32 solve     0.91 trees     0.59 peak      111 MB
ca-dblp-2012             r3 terminal old  total      2.47s ti     0.41 solve     0.98 trees     1.06 peak      114 MB
ca-dblp-2012             r4 terminal old  total      2.17s ti     0.29 solve     0.91 trees     0.95 peak      114 MB
ca-dblp-2012             r4 terminal fast total      2.18s ti     0.33 solve     1.05 trees     0.77 peak      112 MB
ca-dblp-2012             r4 tail     old  total      1.85s ti     0.39 solve     0.23 trees     1.20 peak      119 MB
ca-dblp-2012             r4 tail     fast total      1.28s ti     0.38 solve     0.21 trees     0.66 peak      113 MB
ca-dblp-2012             r5 tail     fast total      1.08s ti     0.34 solve     0.16 trees     0.55 peak      113 MB
ca-dblp-2012             r5 tail     old  total      1.56s ti     0.32 solve     0.18 trees     1.03 peak      119 MB
ca-dblp-2012             r5 terminal fast total      1.96s ti     0.34 solve     0.97 trees     0.63 peak      111 MB
ca-dblp-2012             r5 terminal old  total      2.35s ti     0.36 solve     0.96 trees     1.01 peak      114 MB
== ca-dblp-2012: terminal+old 2.30s (1.00x) terminal+fast 1.90s (1.21x) tail+old 1.51s (1.52x) tail+fast 1.09s (2.11x)
com-dblp                 r2 terminal old  total      2.16s ti     0.32 solve     0.87 trees     0.95 peak      114 MB
com-dblp                 r2 terminal fast total      1.73s ti     0.29 solve     0.88 trees     0.55 peak      111 MB
com-dblp                 r2 tail     old  total      1.48s ti     0.34 solve     0.17 trees     0.96 peak      114 MB
com-dblp                 r2 tail     fast total      1.20s ti     0.35 solve     0.19 trees     0.63 peak      113 MB
com-dblp                 r3 tail     fast total      1.12s ti     0.34 solve     0.17 trees     0.58 peak      113 MB
com-dblp                 r3 tail     old  total      1.63s ti     0.32 solve     0.17 trees     1.11 peak      114 MB
com-dblp                 r3 terminal fast total      1.94s ti     0.33 solve     0.97 trees     0.62 peak      111 MB
com-dblp                 r3 terminal old  total      2.37s ti     0.31 solve     1.01 trees     1.02 peak      114 MB
com-dblp                 r4 terminal old  total      2.30s ti     0.31 solve     0.98 trees     0.99 peak      114 MB
com-dblp                 r4 terminal fast total      1.85s ti     0.32 solve     0.91 trees     0.59 peak      111 MB
com-dblp                 r4 tail     old  total      1.49s ti     0.34 solve     0.17 trees     0.97 peak      114 MB
com-dblp                 r4 tail     fast total      1.09s ti     0.32 solve     0.16 trees     0.57 peak      113 MB
com-dblp                 r5 tail     fast total      1.04s ti     0.32 solve     0.16 trees     0.55 peak      113 MB
com-dblp                 r5 tail     old  total      1.72s ti     0.41 solve     0.19 trees     1.10 peak      114 MB
com-dblp                 r5 terminal fast total      2.00s ti     0.31 solve     1.05 trees     0.60 peak      112 MB
com-dblp                 r5 terminal old  total      2.19s ti     0.31 solve     0.92 trees     0.95 peak      114 MB
== com-dblp: terminal+old 2.22s (1.00x) terminal+fast 1.87s (1.19x) tail+old 1.49s (1.49x) tail+fast 1.10s (2.02x)
web-Stanford             r2 terminal old  total      5.82s ti     1.65 solve     1.94 trees     2.19 peak      229 MB
web-Stanford             r2 terminal fast total      4.77s ti     1.41 solve     1.83 trees     1.49 peak      225 MB
web-Stanford             r2 tail     old  total      4.65s ti     1.39 solve     1.19 trees     2.03 peak      233 MB
web-Stanford             r2 tail     fast total      3.98s ti     1.26 solve     1.19 trees     1.48 peak      231 MB
web-Stanford             r3 tail     fast total      4.84s ti     1.54 solve     1.48 trees     1.78 peak      231 MB
web-Stanford             r3 tail     old  total      5.56s ti     1.57 solve     1.47 trees     2.48 peak      233 MB
web-Stanford             r3 terminal fast total      4.60s ti     1.25 solve     1.83 trees     1.49 peak      225 MB
web-Stanford             r3 terminal old  total      5.47s ti     1.53 solve     1.85 trees     2.06 peak      229 MB
web-Stanford             r4 terminal old  total      5.11s ti     1.23 solve     1.82 trees     2.02 peak      229 MB
web-Stanford             r4 terminal fast total      5.31s ti     1.57 solve     1.99 trees     1.71 peak      225 MB
web-Stanford             r4 tail     old  total      4.66s ti     1.40 solve     1.20 trees     2.03 peak      233 MB
web-Stanford             r4 tail     fast total      4.76s ti     1.55 solve     1.42 trees     1.74 peak      231 MB
web-Stanford             r5 tail     fast total      5.30s ti     1.45 solve     1.76 trees     2.04 peak      231 MB
web-Stanford             r5 tail     old  total      5.26s ti     1.59 solve     1.33 trees     2.29 peak      233 MB
web-Stanford             r5 terminal fast total      5.88s ti     2.13 solve     2.02 trees     1.65 peak      225 MB
web-Stanford             r5 terminal old  total      5.97s ti     1.54 solve     2.11 trees     2.29 peak      229 MB
== web-Stanford: terminal+old 5.38s (1.00x) terminal+fast 4.95s (1.09x) tail+old 4.85s (1.11x) tail+fast 4.46s (1.21x)
web-Google               r2 terminal old  total      7.88s ti     1.75 solve     2.27 trees     3.74 peak      359 MB
web-Google               r2 terminal fast total      6.52s ti     1.83 solve     2.02 trees     2.55 peak      350 MB
web-Google               r2 tail     old  total      6.22s ti     1.48 solve     1.42 trees     3.21 peak      362 MB
web-Google               r2 tail     fast total      5.47s ti     1.50 solve     1.41 trees     2.45 peak      351 MB
web-Google               r3 tail     fast total      5.73s ti     1.72 solve     1.43 trees     2.46 peak      352 MB
web-Google               r3 tail     old  total      6.20s ti     1.47 solve     1.42 trees     3.21 peak      362 MB
web-Google               r3 terminal fast total      6.04s ti     1.46 solve     1.97 trees     2.49 peak      350 MB
web-Google               r3 terminal old  total      6.80s ti     1.47 solve     1.97 trees     3.26 peak      359 MB
web-Google               r4 terminal old  total      6.79s ti     1.46 solve     1.97 trees     3.27 peak      359 MB
web-Google               r4 terminal fast total      6.12s ti     1.64 solve     1.90 trees     2.46 peak      350 MB
web-Google               r4 tail     old  total      6.37s ti     1.64 solve     1.42 trees     3.21 peak      362 MB
web-Google               r4 tail     fast total      5.59s ti     1.44 solve     1.42 trees     2.58 peak      351 MB
web-Google               r5 tail     fast total      5.75s ti     1.53 solve     1.49 trees     2.58 peak      352 MB
web-Google               r5 tail     old  total      6.38s ti     1.55 solve     1.46 trees     3.27 peak      362 MB
web-Google               r5 terminal fast total      6.13s ti     1.48 solve     2.01 trees     2.52 peak      350 MB
web-Google               r5 terminal old  total      6.82s ti     1.75 solve     1.87 trees     3.09 peak      359 MB
== web-Google: terminal+old 6.79s (1.00x) terminal+fast 6.12s (1.11x) tail+old 6.32s (1.07x) tail+fast 5.66s (1.20x)
com-youtube              r2 terminal old  total      7.94s ti     4.35 solve     1.34 trees     2.22 peak      504 MB
com-youtube              r2 terminal fast total      8.26s ti     4.87 solve     1.60 trees     1.71 peak      496 MB
com-youtube              r2 tail     old  total      8.03s ti     4.80 solve     0.94 trees     2.25 peak      501 MB
com-youtube              r2 tail     fast total      7.56s ti     5.06 solve     0.94 trees     1.47 peak      503 MB
com-youtube              r3 tail     fast total      6.90s ti     4.40 solve     0.94 trees     1.49 peak      503 MB
com-youtube              r3 tail     old  total      7.48s ti     4.27 solve     0.93 trees     2.24 peak      501 MB
com-youtube              r3 terminal fast total      7.16s ti     4.25 solve     1.35 trees     1.49 peak      497 MB
com-youtube              r3 terminal old  total      8.26s ti     4.61 solve     1.36 trees     2.26 peak      504 MB
com-youtube              r4 terminal old  total      8.27s ti     4.54 solve     1.38 trees     2.31 peak      504 MB
com-youtube              r4 terminal fast total      7.36s ti     4.38 solve     1.39 trees     1.52 peak      497 MB
com-youtube              r4 tail     old  total      7.48s ti     4.27 solve     0.93 trees     2.25 peak      500 MB
com-youtube              r4 tail     fast total      6.54s ti     4.15 solve     0.91 trees     1.42 peak      503 MB
com-youtube              r5 tail     fast total      7.78s ti     4.96 solve     1.07 trees     1.64 peak      503 MB
com-youtube              r5 tail     old  total      7.55s ti     4.32 solve     0.94 trees     2.26 peak      501 MB
com-youtube              r5 terminal fast total      7.10s ti     4.17 solve     1.37 trees     1.49 peak      497 MB
com-youtube              r5 terminal old  total      7.80s ti     4.22 solve     1.34 trees     2.21 peak      504 MB
== com-youtube: terminal+old 7.89s (1.00x) terminal+fast 7.26s (1.09x) tail+old 7.52s (1.05x) tail+fast 7.03s (1.12x)
soc-Epinions1            r2 terminal old  total      9.50s ti     4.64 solve     1.94 trees     2.90 peak      311 MB
soc-Epinions1            r2 terminal fast total      9.84s ti     5.42 solve     2.07 trees     2.32 peak      316 MB
soc-Epinions1            r2 tail     old  total      9.55s ti     5.08 solve     1.48 trees     2.98 peak      320 MB
soc-Epinions1            r2 tail     fast total      8.52s ti     4.93 solve     1.35 trees     2.21 peak      318 MB
soc-Epinions1            r3 tail     fast total      8.11s ti     4.54 solve     1.34 trees     2.20 peak      317 MB
soc-Epinions1            r3 tail     old  total      8.87s ti     4.61 solve     1.33 trees     2.93 peak      320 MB
soc-Epinions1            r3 terminal fast total      8.87s ti     4.71 solve     1.95 trees     2.18 peak      316 MB
soc-Epinions1            r3 terminal old  total      9.49s ti     4.65 solve     1.95 trees     2.89 peak      311 MB
soc-Epinions1            r4 terminal old  total      9.49s ti     4.66 solve     1.94 trees     2.88 peak      311 MB
soc-Epinions1            r4 terminal fast total      9.67s ti     4.76 solve     2.29 trees     2.59 peak      316 MB
soc-Epinions1            r4 tail     old  total      9.97s ti     4.93 solve     1.56 trees     3.47 peak      320 MB
soc-Epinions1            r4 tail     fast total      8.32s ti     4.71 solve     1.35 trees     2.24 peak      318 MB
soc-Epinions1            r5 tail     fast total      9.21s ti     5.33 solve     1.53 trees     2.31 peak      317 MB
soc-Epinions1            r5 tail     old  total      9.46s ti     5.37 solve     1.32 trees     2.76 peak      320 MB
soc-Epinions1            r5 terminal fast total      9.57s ti     5.31 solve     1.98 trees     2.24 peak      315 MB
soc-Epinions1            r5 terminal old  total     10.52s ti     5.49 solve     2.00 trees     3.02 peak      311 MB
== soc-Epinions1: terminal+old 9.49s (1.00x) terminal+fast 9.22s (1.03x) tail+old 9.39s (1.01x) tail+fast 8.42s (1.13x)
END 2026-09-23T06:52:19+00:00 rc=0
