$ /usr/bin/time -l /Users/zhangwenqian/UNSW/pivoter/research/r1_skyline_index_20260918/build/index --graph data/ca-GrQc.edges vertices
{"passed":true,"mode":"vertices","bytes_shared_aligned":42920,"n":5242,"m":14484,"s_max":44,"count_bits":64,"classes":5242,"active_pairs":20045,"skyline_entries":5919,"canonical_nodes":1517,"bytes_shared":0,"bytes_base_nodes":30340,"bytes_base_pairs":181332,"bytes_sky_nodes":36408,"bytes_sky_entries":29595,"bytes_sky_location":71539,"bytes_sky_cross":10508,"bytes_block_d":60892,"bytes_block_d_variant_b":59524,"base_without_d":211672,"sky_without_d":148050,"base_with_d":272564,"sky_with_d":208942,"own_base_ns":224.815,"own_sky_ns":6729.515,"own_output":1656.487,"half_base_ns":305.090,"half_sky_ns":7193.925,"half_output":2112.454,"root_base_ns":205.833,"root_sky_ns":6603.625,"root_output":2295.732,"aligned_own_ns":0.000,"aligned_half_ns":0.000,"aligned_root_ns":0.000,"aligned_range_own_ns":0.000,"aligned_range_half_ns":0.000,"aligned_range_root_ns":0.000,"aligned_member_ns":0.000,"aligned_member_checksum":0,"member_base_ns":5.187,"member_sky_ns":16.466,"member_checksum":45906,"member_checksum_sky":45906,"value_ns":3.918,"value_checksum":0}
        3.07 real         2.99 user         0.03 sys
            16941056  maximum resident set size
                   0  average shared memory size
                   0  average unshared data size
                   0  average unshared stack size
                1203  page reclaims
                  20  page faults
                   0  swaps
                   0  block input operations
                   0  block output operations
                   0  messages sent
                   0  messages received
                   0  signals received
                   5  voluntary context switches
                6686  involuntary context switches
         31707245258  instructions retired
         10583016686  cycles elapsed
            16269696  peak memory footprint
