$ cmake --build /Users/zhangwenqian/UNSW/pivoter/research/r1_skyline_index_20260918/build-asan -j 12 --target chain_index_tool
[ 50%] Building CXX object CMakeFiles/chain_index_tool.dir/chain_index_tool.cpp.o
[100%] Linking CXX executable chain_index_tool
[100%] Built target chain_index_tool
In file included from /Users/zhangwenqian/UNSW/pivoter/research/r1_skyline_index_20260918/chain_index_tool.cpp:4:
/Users/zhangwenqian/UNSW/pivoter/research/r1_skyline_index_20260918/count.cpp:139:660: warning: non-void function does not return a value in all control paths [-Wreturn-type]
  139 | int main(int argc,char** argv){try{if(argc==2&&std::string(argv[1])=="--selftest"){selftest();return 0;}require(argc==3&&std::string(argv[1])=="--graph","usage: count --selftest | --graph path");Input in=prepare(argv[2]);int maximum=std::max(2,static_cast<int>(in.d)+1);Layout l(in.graph,maximum);l.prepare(in.graph.n);unsigned b=width(count_bound(in.graph,l,in.d));if(b==64)print(measure<uint64_t>(in,b));else if(b==128)print(measure<unsigned __int128>(in,b));else if(b==256)print(measure<boost::multiprecision::uint256_t>(in,b));else print(measure<boost::multiprecision::uint512_t>(in,b));}catch(const std::exception& e){std::cerr<<e.what()<<'\n';return 1;}}
      |                                                                                                                                                                                                                                                                                                                                                                                                                                                                                                                                                                                                                                                                                    ^
/Users/zhangwenqian/UNSW/pivoter/research/r1_skyline_index_20260918/chain_index_tool.cpp:53:76: warning: compound literals are a C99-specific feature [-Wc99-extensions]
   53 |         try { if (bits == 64) f(uint64_t{}, bits); else if (bits == 128) f((unsigned __int128){}, bits); else if (bits == 256) f(boost::multiprecision::uint256_t{}, bits); else f(boost::multiprecision::uint512_t{}, bits); return; }
      |                                                                            ^
In file included from /Users/zhangwenqian/UNSW/pivoter/research/r1_skyline_index_20260918/chain_index_tool.cpp:6:
/Users/zhangwenqian/UNSW/pivoter/research/r1_skyline_index_20260918/chain_index.hpp:30:74: warning: 'memcpy' will always overflow; destination buffer has size 8, but size argument is 16 [-Wfortify-source]
   30 |     template<size_t Wb> static T load(const unsigned char* p) { T x = 0; std::memcpy(&x, p, Wb); return x; }   // constant-size load, Wb <= W
      |                                                                          ^
/Users/zhangwenqian/UNSW/pivoter/research/r1_skyline_index_20260918/chain_index.hpp:99:175: note: in instantiation of function template specialization 'chainindex::Traits<unsigned long long>::load<16UL>' requested here
   99 |         if (compact) { const unsigned char* q = residue_bytes.data() + residue_boff[c] + res_prefix[s]; return with_width(res_w[s], [&](auto wb) { return Traits<T>::template load<decltype(wb)::value>(q); }); }
      |                                                                                                                                                                               ^
/Users/zhangwenqian/UNSW/pivoter/research/r1_skyline_index_20260918/chain_index_tool.cpp:178:158: note: in instantiation of member function 'chainindex::ChainIndex<unsigned long long>::value' requested here
  178 |         for (int s = 2; s <= S + 1; ++s) for (uint32_t v = 0; v < n; ++v) { const T truth = s <= S ? core[static_cast<size_t>(s) * n + v] : T{0}; require(ix.value(perm[v], s) == truth, "value"); ++values; }
      |                                                                                                                                                              ^
/Users/zhangwenqian/UNSW/pivoter/research/r1_skyline_index_20260918/chain_index_tool.cpp:214:44: note: in instantiation of function template specialization 'selftest_graph<unsigned long long>' requested here
  214 |     auto one = [&](const Graph& g) { try { selftest_graph<uint64_t>(g, tmp, queries, members, values, ladders); } catch (const std::exception& e) {
      |                                            ^
In file included from /Users/zhangwenqian/UNSW/pivoter/research/r1_skyline_index_20260918/chain_index_tool.cpp:6:
/Users/zhangwenqian/UNSW/pivoter/research/r1_skyline_index_20260918/chain_index.hpp:30:74: warning: 'memcpy' will always overflow; destination buffer has size 8, but size argument is 32 [-Wfortify-source]
   30 |     template<size_t Wb> static T load(const unsigned char* p) { T x = 0; std::memcpy(&x, p, Wb); return x; }   // constant-size load, Wb <= W
      |                                                                          ^
/Users/zhangwenqian/UNSW/pivoter/research/r1_skyline_index_20260918/chain_index.hpp:99:175: note: in instantiation of function template specialization 'chainindex::Traits<unsigned long long>::load<32UL>' requested here
   99 |         if (compact) { const unsigned char* q = residue_bytes.data() + residue_boff[c] + res_prefix[s]; return with_width(res_w[s], [&](auto wb) { return Traits<T>::template load<decltype(wb)::value>(q); }); }
      |                                                                                                                                                                               ^
/Users/zhangwenqian/UNSW/pivoter/research/r1_skyline_index_20260918/chain_index_tool.cpp:178:158: note: in instantiation of member function 'chainindex::ChainIndex<unsigned long long>::value' requested here
  178 |         for (int s = 2; s <= S + 1; ++s) for (uint32_t v = 0; v < n; ++v) { const T truth = s <= S ? core[static_cast<size_t>(s) * n + v] : T{0}; require(ix.value(perm[v], s) == truth, "value"); ++values; }
      |                                                                                                                                                              ^
/Users/zhangwenqian/UNSW/pivoter/research/r1_skyline_index_20260918/chain_index_tool.cpp:214:44: note: in instantiation of function template specialization 'selftest_graph<unsigned long long>' requested here
  214 |     auto one = [&](const Graph& g) { try { selftest_graph<uint64_t>(g, tmp, queries, members, values, ladders); } catch (const std::exception& e) {
      |                                            ^
In file included from /Users/zhangwenqian/UNSW/pivoter/research/r1_skyline_index_20260918/chain_index_tool.cpp:6:
/Users/zhangwenqian/UNSW/pivoter/research/r1_skyline_index_20260918/chain_index.hpp:30:74: warning: 'memcpy' will always overflow; destination buffer has size 8, but size argument is 64 [-Wfortify-source]
   30 |     template<size_t Wb> static T load(const unsigned char* p) { T x = 0; std::memcpy(&x, p, Wb); return x; }   // constant-size load, Wb <= W
      |                                                                          ^
/Users/zhangwenqian/UNSW/pivoter/research/r1_skyline_index_20260918/chain_index.hpp:99:175: note: in instantiation of function template specialization 'chainindex::Traits<unsigned long long>::load<64UL>' requested here
   99 |         if (compact) { const unsigned char* q = residue_bytes.data() + residue_boff[c] + res_prefix[s]; return with_width(res_w[s], [&](auto wb) { return Traits<T>::template load<decltype(wb)::value>(q); }); }
      |                                                                                                                                                                               ^
/Users/zhangwenqian/UNSW/pivoter/research/r1_skyline_index_20260918/chain_index_tool.cpp:178:158: note: in instantiation of member function 'chainindex::ChainIndex<unsigned long long>::value' requested here
  178 |         for (int s = 2; s <= S + 1; ++s) for (uint32_t v = 0; v < n; ++v) { const T truth = s <= S ? core[static_cast<size_t>(s) * n + v] : T{0}; require(ix.value(perm[v], s) == truth, "value"); ++values; }
      |                                                                                                                                                              ^
/Users/zhangwenqian/UNSW/pivoter/research/r1_skyline_index_20260918/chain_index_tool.cpp:214:44: note: in instantiation of function template specialization 'selftest_graph<unsigned long long>' requested here
  214 |     auto one = [&](const Graph& g) { try { selftest_graph<uint64_t>(g, tmp, queries, members, values, ladders); } catch (const std::exception& e) {
      |                                            ^
In file included from /Users/zhangwenqian/UNSW/pivoter/research/r1_skyline_index_20260918/chain_index_tool.cpp:6:
/Users/zhangwenqian/UNSW/pivoter/research/r1_skyline_index_20260918/chain_index.hpp:30:74: warning: 'memcpy' will always overflow; destination buffer has size 16, but size argument is 32 [-Wfortify-source]
   30 |     template<size_t Wb> static T load(const unsigned char* p) { T x = 0; std::memcpy(&x, p, Wb); return x; }   // constant-size load, Wb <= W
      |                                                                          ^
/Users/zhangwenqian/UNSW/pivoter/research/r1_skyline_index_20260918/chain_index.hpp:99:175: note: in instantiation of function template specialization 'chainindex::Traits<unsigned __int128>::load<32UL>' requested here
   99 |         if (compact) { const unsigned char* q = residue_bytes.data() + residue_boff[c] + res_prefix[s]; return with_width(res_w[s], [&](auto wb) { return Traits<T>::template load<decltype(wb)::value>(q); }); }
      |                                                                                                                                                                               ^
/Users/zhangwenqian/UNSW/pivoter/research/r1_skyline_index_20260918/chain_index_tool.cpp:234:108: note: in instantiation of member function 'chainindex::ChainIndex<unsigned __int128>::value' requested here
  234 |         const int s = 2 + static_cast<int>(rng() % static_cast<uint64_t>(ix.omega[c] - 1)); const T x = ix.value(v, s);
      |                                                                                                            ^
/Users/zhangwenqian/UNSW/pivoter/research/r1_skyline_index_20260918/chain_index_tool.cpp:342:87: note: in instantiation of function template specialization 'bench<unsigned __int128>' requested here
  342 |         dispatch_width(bound, [&](auto tag, unsigned bits) { using T = decltype(tag); bench<T>(in, ti, bits, out); });
      |                                                                                       ^
/Users/zhangwenqian/UNSW/pivoter/research/r1_skyline_index_20260918/chain_index_tool.cpp:342:9: note: in instantiation of function template specialization 'dispatch_width<(lambda at /Users/zhangwenqian/UNSW/pivoter/research/r1_skyline_index_20260918/chain_index_tool.cpp:342:31)>' requested here
  342 |         dispatch_width(bound, [&](auto tag, unsigned bits) { using T = decltype(tag); bench<T>(in, ti, bits, out); });
      |         ^
In file included from /Users/zhangwenqian/UNSW/pivoter/research/r1_skyline_index_20260918/chain_index_tool.cpp:6:
/Users/zhangwenqian/UNSW/pivoter/research/r1_skyline_index_20260918/chain_index.hpp:30:74: warning: 'memcpy' will always overflow; destination buffer has size 16, but size argument is 64 [-Wfortify-source]
   30 |     template<size_t Wb> static T load(const unsigned char* p) { T x = 0; std::memcpy(&x, p, Wb); return x; }   // constant-size load, Wb <= W
      |                                                                          ^
/Users/zhangwenqian/UNSW/pivoter/research/r1_skyline_index_20260918/chain_index.hpp:99:175: note: in instantiation of function template specialization 'chainindex::Traits<unsigned __int128>::load<64UL>' requested here
   99 |         if (compact) { const unsigned char* q = residue_bytes.data() + residue_boff[c] + res_prefix[s]; return with_width(res_w[s], [&](auto wb) { return Traits<T>::template load<decltype(wb)::value>(q); }); }
      |                                                                                                                                                                               ^
/Users/zhangwenqian/UNSW/pivoter/research/r1_skyline_index_20260918/chain_index_tool.cpp:234:108: note: in instantiation of member function 'chainindex::ChainIndex<unsigned __int128>::value' requested here
  234 |         const int s = 2 + static_cast<int>(rng() % static_cast<uint64_t>(ix.omega[c] - 1)); const T x = ix.value(v, s);
      |                                                                                                            ^
/Users/zhangwenqian/UNSW/pivoter/research/r1_skyline_index_20260918/chain_index_tool.cpp:342:87: note: in instantiation of function template specialization 'bench<unsigned __int128>' requested here
  342 |         dispatch_width(bound, [&](auto tag, unsigned bits) { using T = decltype(tag); bench<T>(in, ti, bits, out); });
      |                                                                                       ^
/Users/zhangwenqian/UNSW/pivoter/research/r1_skyline_index_20260918/chain_index_tool.cpp:342:9: note: in instantiation of function template specialization 'dispatch_width<(lambda at /Users/zhangwenqian/UNSW/pivoter/research/r1_skyline_index_20260918/chain_index_tool.cpp:342:31)>' requested here
  342 |         dispatch_width(bound, [&](auto tag, unsigned bits) { using T = decltype(tag); bench<T>(in, ti, bits, out); });
      |         ^
7 warnings generated.
