$ /usr/bin/time -l /Users/zhangwenqian/UNSW/pivoter/research/r1_skyline_index_20260918/build/chain_index_tool --bench graphs/ca-CondMat.edges /Users/zhangwenqian/UNSW/pivoter/research/r1_skyline_index_20260918/cx/ca-CondMat.cx
{"passed":true,"n":23133,"m":93439,"s_max":26,"count_bits":64,"chains":1917,"canonical_nodes":3357,"max_depth":105,"pairs_total":8693,"runs_total":3658,"vertex_pairs":103768,"vertex_residue_cells":9756,"baseline_vertex_bytes":1299206,"bytes_map":12020,"bytes_chains":57438,"bytes_layers":104370,"bytes_total":173828,"file_bytes":161538,"perm_bytes":92532,"slice_bytes_layers":115340,"slice_bytes_total":200374,"solve_ms":13.741,"trees_ms":29.787,"chains_ms":0.228,"layout_ms":1.067,"build_ms":44.941,"compact_ms":0.148,"save_ms":2.572,"load_ms":0.154,"ti_ms":18.015,"ti_bytes":2550144,"rss_start":7340032,"rss_after_solve":11845632,"rss_after_chains":11862016,"rss_after_layout":12189696,"slice_range_own_ns":1096.840,"slice_range_half_ns":1204.002,"slice_range_root_ns":722.333,"slice_explicit_own_ns":1907.606,"slice_explicit_half_ns":2270.194,"slice_explicit_root_ns":2596.667,"slice_ladder_ns":2248.938,"slice_own_ranges":165.008,"slice_half_ranges":181.059,"slice_root_ranges":214.896,"full_bytes_total":192918,"full_bytes_layers":123460,"full_range_own_ns":101.571,"full_range_half_ns":170.694,"full_range_root_ns":116.125,"full_explicit_own_ns":1118.898,"full_climb_own_ns":14.856,"full_climb_half_ns":10.765,"full_climb_root_ns":8.500,"full_ptr_own_ns":7.771,"full_ptr_half_ns":9.573,"full_ptr_root_ns":4.750,"full_member_ns":11.831,"full_value_ns":11.936,"full_ladder_ns":323.552,"climb_own_ns":13.463,"climb_half_ns":18.106,"climb_root_ns":9.083,"slice_climb_own_ns":14.675,"slice_climb_half_ns":10.233,"slice_climb_root_ns":7.500,"ptr_own_ns":16.935,"ptr_half_ns":26.515,"ptr_root_ns":9.875,"ptr_checksum":233927754,"range_own_ns":96.963,"range_half_ns":112.806,"range_root_ns":106.500,"explicit_own_ns":1110.000,"explicit_half_ns":1329.873,"explicit_root_ns":1570.000,"own_output":9998.650,"half_output":12008.097,"root_output":14388.631,"own_ranges":165.008,"half_ranges":181.059,"root_ranges":214.896,"own_chains":165.008,"half_chains":181.059,"root_chains":214.896,"member_ns":14.922,"member_checksum":62178,"value_ns":12.469,"value_checksum":0,"ladder_ns":328.448,"ladder_steps":7.104}
        1.74 real         1.70 user         0.01 sys
            15073280  maximum resident set size
                   0  average shared memory size
                   0  average unshared data size
                   0  average unshared stack size
                1110  page reclaims
                   1  page faults
                   0  swaps
                   0  block input operations
                   0  block output operations
                   0  messages sent
                   0  messages received
                   0  signals received
                   4  voluntary context switches
                 738  involuntary context switches
         22753802066  instructions retired
          3893765339  cycles elapsed
            14418304  peak memory footprint
