$ /usr/bin/time -l /Users/zhangwenqian/UNSW/pivoter/research/r1_skyline_index_20260918/build/chain_index_tool --bench graphs/com-youtube.edges /Users/zhangwenqian/UNSW/pivoter/research/r1_skyline_index_20260918/cx/com-youtube.cx
{"passed":true,"n":1134890,"m":2987624,"s_max":52,"count_bits":64,"chains":42815,"canonical_nodes":22403,"max_depth":1604,"pairs_total":179601,"runs_total":93541,"vertex_pairs":1573649,"vertex_residue_cells":615211,"baseline_vertex_bytes":33847412,"bytes_map":384064,"bytes_chains":1392191,"bytes_layers":1241440,"bytes_total":3017695,"file_bytes":2930287,"perm_bytes":4539560,"slice_bytes_layers":1256076,"slice_bytes_total":3901854,"solve_ms":485.408,"trees_ms":910.115,"chains_ms":4.144,"layout_ms":9.764,"build_ms":1410.341,"compact_ms":1.227,"save_ms":4.298,"load_ms":0.721,"ti_ms":2213.422,"ti_bytes":220101384,"rss_start":447512576,"rss_after_solve":575569920,"rss_after_chains":575569920,"rss_after_layout":577241088,"slice_range_own_ns":27296.575,"slice_range_half_ns":28421.713,"slice_range_root_ns":28789.292,"slice_explicit_own_ns":59264.015,"slice_explicit_half_ns":67235.285,"slice_explicit_root_ns":69581.250,"slice_ladder_ns":29040.473,"slice_own_ranges":959.719,"slice_half_ranges":993.223,"slice_root_ranges":985.664,"full_bytes_total":3152275,"full_bytes_layers":1376020,"full_range_own_ns":265.175,"full_range_half_ns":265.571,"full_range_root_ns":257.667,"full_explicit_own_ns":32100.544,"full_climb_own_ns":8.573,"full_climb_half_ns":9.481,"full_climb_root_ns":3.708,"full_ptr_own_ns":9.517,"full_ptr_half_ns":7.304,"full_ptr_root_ns":4.958,"full_member_ns":9.910,"full_value_ns":7.968,"full_ladder_ns":2304.283,"climb_own_ns":9.860,"climb_half_ns":4.494,"climb_root_ns":3.208,"slice_climb_own_ns":8.567,"slice_climb_half_ns":5.352,"slice_climb_root_ns":3.791,"ptr_own_ns":8.096,"ptr_half_ns":6.635,"ptr_root_ns":5.125,"ptr_checksum":55171191788,"range_own_ns":280.679,"range_half_ns":288.421,"range_root_ns":264.000,"explicit_own_ns":33847.969,"explicit_half_ns":39095.852,"explicit_root_ns":43134.292,"own_output":774494.746,"half_output":936661.260,"root_output":1005937.040,"own_ranges":959.719,"half_ranges":993.223,"root_ranges":985.664,"own_chains":959.719,"half_chains":993.223,"root_chains":985.664,"member_ns":8.525,"member_checksum":96102,"value_ns":8.159,"value_checksum":0,"ladder_ns":2342.748,"ladder_steps":4.122}
       44.20 real        43.79 user         0.28 sys
           579469312  maximum resident set size
                   0  average shared memory size
                   0  average unshared data size
                   0  average unshared stack size
               35559  page reclaims
                   1  page faults
                   0  swaps
                   0  block input operations
                   0  block output operations
                   0  messages sent
                   0  messages received
                   0  signals received
                  14  voluntary context switches
                9354  involuntary context switches
       1106413664984  instructions retired
        151438187571  cycles elapsed
           579158880  peak memory footprint
