$ /usr/bin/time -l /Users/zhangwenqian/UNSW/pivoter/research/r1_skyline_index_20260918/build/chain_index_tool --bench graphs/soc-pokec.edges /Users/zhangwenqian/UNSW/pivoter/research/r1_skyline_index_20260918/cx/soc-pokec.cx
{"passed":true,"n":1632803,"m":22301964,"s_max":48,"count_bits":64,"chains":383206,"canonical_nodes":67544,"max_depth":2413,"pairs_total":2375352,"runs_total":1212885,"vertex_pairs":5325365,"vertex_residue_cells":4369699,"baseline_vertex_bytes":101770646,"bytes_map":1838988,"bytes_chains":18481448,"bytes_layers":11304285,"bytes_total":31624721,"file_bytes":31356585,"perm_bytes":6531212,"slice_bytes_layers":11122464,"slice_bytes_total":43252464,"solve_ms":6687.461,"trees_ms":8698.330,"chains_ms":11.727,"layout_ms":113.182,"build_ms":15540.553,"compact_ms":16.253,"save_ms":27.211,"load_ms":7.021,"ti_ms":18714.178,"ti_bytes":1525656592,"rss_start":2930737152,"rss_after_solve":3366010880,"rss_after_chains":3366010880,"rss_after_layout":3386343424,"slice_range_own_ns":346782.371,"slice_range_half_ns":374750.244,"slice_range_root_ns":405789.208,"slice_explicit_own_ns":416385.029,"slice_explicit_half_ns":449682.744,"slice_explicit_root_ns":503010.875,"slice_ladder_ns":1637300.729,"slice_own_ranges":40378.242,"slice_half_ranges":44650.270,"slice_root_ranges":51695.142,"full_bytes_total":31915124,"full_bytes_layers":11594688,"full_range_own_ns":10461.763,"full_range_half_ns":11783.321,"full_range_root_ns":12863.583,"full_explicit_own_ns":73722.906,"full_climb_own_ns":5.235,"full_climb_half_ns":31.727,"full_climb_root_ns":6.291,"full_ptr_own_ns":13.594,"full_ptr_half_ns":24.579,"full_ptr_root_ns":8.208,"full_member_ns":9.700,"full_value_ns":12.267,"full_ladder_ns":112988.660,"climb_own_ns":7.931,"climb_half_ns":20.275,"climb_root_ns":7.833,"slice_climb_own_ns":6.479,"slice_climb_half_ns":14.704,"slice_climb_root_ns":6.583,"ptr_own_ns":9.592,"ptr_half_ns":27.006,"ptr_root_ns":8.500,"ptr_checksum":120767184566,"range_own_ns":9730.998,"range_half_ns":13033.271,"range_root_ns":13302.292,"explicit_own_ns":76321.385,"explicit_half_ns":87063.615,"explicit_root_ns":105102.500,"own_output":827163.134,"half_output":992601.993,"root_output":1240689.469,"own_ranges":40378.242,"half_ranges":44650.270,"root_ranges":51695.142,"own_chains":40378.242,"half_chains":44650.270,"root_chains":51695.142,"member_ns":10.993,"member_checksum":75138,"value_ns":11.247,"value_checksum":0,"ladder_ns":113260.835,"ladder_steps":23.035}
      495.31 real       490.94 user         2.95 sys
          3386343424  maximum resident set size
                   0  average shared memory size
                   0  average unshared data size
                   0  average unshared stack size
              210349  page reclaims
                   1  page faults
                   0  swaps
                   0  block input operations
                   0  block output operations
                   0  messages sent
                   0  messages received
                   0  signals received
                  29  voluntary context switches
              112285  involuntary context switches
       8470785380620  instructions retired
       1747397666501  cycles elapsed
          3387460440  peak memory footprint
