$ /usr/bin/time -l /Users/zhangwenqian/UNSW/pivoter/research/r1_skyline_index_20260918/build/chain_index_tool --bench graphs/soc-Slashdot0902.edges /Users/zhangwenqian/UNSW/pivoter/research/r1_skyline_index_20260918/cx/soc-Slashdot0902.cx
{"passed":true,"n":82168,"m":504230,"s_max":56,"count_bits":64,"chains":6798,"canonical_nodes":6309,"max_depth":587,"pairs_total":30496,"runs_total":17551,"vertex_pairs":132210,"vertex_residue_cells":82646,"baseline_vertex_bytes":2995392,"bytes_map":42608,"bytes_chains":255723,"bytes_layers":289200,"bytes_total":587531,"file_bytes":564663,"perm_bytes":328672,"slice_bytes_layers":273400,"slice_bytes_total":720540,"solve_ms":526.712,"trees_ms":1001.314,"chains_ms":0.524,"layout_ms":2.451,"build_ms":1531.250,"compact_ms":0.221,"save_ms":2.707,"load_ms":0.181,"ti_ms":1224.272,"ti_bytes":111677832,"rss_start":246398976,"rss_after_solve":268173312,"rss_after_chains":268288000,"rss_after_layout":268976128,"slice_range_own_ns":4067.508,"slice_range_half_ns":7073.560,"slice_range_root_ns":4780.500,"slice_explicit_own_ns":8816.215,"slice_explicit_half_ns":9073.358,"slice_explicit_root_ns":10084.792,"slice_ladder_ns":9299.256,"slice_own_ranges":469.457,"slice_half_ranges":478.650,"slice_root_ranges":459.083,"full_bytes_total":615831,"full_bytes_layers":317500,"full_range_own_ns":137.431,"full_range_half_ns":150.958,"full_range_root_ns":142.958,"full_explicit_own_ns":2626.031,"full_climb_own_ns":10.265,"full_climb_half_ns":6.746,"full_climb_root_ns":4.458,"full_ptr_own_ns":11.079,"full_ptr_half_ns":7.935,"full_ptr_root_ns":5.250,"full_member_ns":10.054,"full_value_ns":9.158,"full_ladder_ns":605.596,"climb_own_ns":7.906,"climb_half_ns":6.562,"climb_root_ns":3.875,"slice_climb_own_ns":10.500,"slice_climb_half_ns":10.083,"slice_climb_root_ns":4.166,"ptr_own_ns":8.156,"ptr_half_ns":6.773,"ptr_root_ns":4.375,"ptr_checksum":2011797226,"range_own_ns":101.800,"range_half_ns":110.221,"range_root_ns":101.042,"explicit_own_ns":2054.244,"explicit_half_ns":3508.494,"explicit_root_ns":2680.417,"own_output":47604.378,"half_output":59056.621,"root_output":70420.760,"own_ranges":469.457,"half_ranges":478.650,"root_ranges":459.083,"own_chains":469.457,"half_chains":478.650,"root_chains":459.083,"member_ns":9.539,"member_checksum":86412,"value_ns":6.329,"value_checksum":0,"ladder_ns":606.237,"ladder_steps":6.461}
        8.95 real         8.84 user         0.07 sys
           270057472  maximum resident set size
                   0  average shared memory size
                   0  average unshared data size
                   0  average unshared stack size
               16673  page reclaims
                   1  page faults
                   0  swaps
                   0  block input operations
                   0  block output operations
                   0  messages sent
                   0  messages received
                   0  signals received
                   9  voluntary context switches
                2430  involuntary context switches
        156863532537  instructions retired
         26480586175  cycles elapsed
           269550168  peak memory footprint
