$ /usr/bin/time -l /Users/zhangwenqian/UNSW/pivoter/research/r1_skyline_index_20260918/build/chain_index_tool --bench graphs/web-Stanford.edges /Users/zhangwenqian/UNSW/pivoter/research/r1_skyline_index_20260918/cx/web-Stanford.cx
{"passed":true,"n":281903,"m":1992636,"s_max":72,"count_bits":64,"chains":17963,"canonical_nodes":53239,"max_depth":2138,"pairs_total":151364,"runs_total":97074,"vertex_pairs":1607989,"vertex_residue_cells":872260,"baseline_vertex_bytes":24853426,"bytes_map":124720,"bytes_chains":1279808,"bytes_layers":2112252,"bytes_total":3516780,"file_bytes":3306848,"perm_bytes":1127612,"slice_bytes_layers":1883192,"slice_bytes_total":3701670,"solve_ms":937.359,"trees_ms":1385.152,"chains_ms":2.716,"layout_ms":21.498,"build_ms":2349.108,"compact_ms":3.635,"save_ms":6.668,"load_ms":2.167,"ti_ms":1362.430,"ti_bytes":121008860,"rss_start":277381120,"rss_after_solve":332120064,"rss_after_chains":332120064,"rss_after_layout":334561280,"slice_range_own_ns":9124.598,"slice_range_half_ns":8820.654,"slice_range_root_ns":9819.292,"slice_explicit_own_ns":16595.487,"slice_explicit_half_ns":20577.810,"slice_explicit_root_ns":18976.667,"slice_ladder_ns":87206.646,"slice_own_ranges":1217.681,"slice_half_ranges":1339.647,"slice_root_ranges":1772.804,"full_bytes_total":3672380,"full_bytes_layers":2267852,"full_range_own_ns":629.827,"full_range_half_ns":709.104,"full_range_root_ns":877.917,"full_explicit_own_ns":7629.256,"full_climb_own_ns":11.265,"full_climb_half_ns":19.033,"full_climb_root_ns":9.625,"full_ptr_own_ns":17.179,"full_ptr_half_ns":39.656,"full_ptr_root_ns":13.958,"full_member_ns":11.604,"full_value_ns":17.706,"full_ladder_ns":20057.735,"climb_own_ns":5.581,"climb_half_ns":20.054,"climb_root_ns":10.917,"slice_climb_own_ns":13.021,"slice_climb_half_ns":20.908,"slice_climb_root_ns":10.500,"ptr_own_ns":6.496,"ptr_half_ns":20.933,"ptr_root_ns":5.958,"ptr_checksum":4030630702,"range_own_ns":858.960,"range_half_ns":891.227,"range_root_ns":710.209,"explicit_own_ns":7800.279,"explicit_half_ns":10255.615,"explicit_root_ns":10704.875,"own_output":83227.127,"half_output":102996.711,"root_output":115933.627,"own_ranges":1217.681,"half_ranges":1339.647,"root_ranges":1772.804,"own_chains":1217.681,"half_chains":1339.647,"root_chains":1772.804,"member_ns":20.105,"member_checksum":42840,"value_ns":20.233,"value_checksum":0,"ladder_ns":20851.144,"ladder_steps":61.199}
       30.26 real        29.59 user         0.22 sys
           334659584  maximum resident set size
                   0  average shared memory size
                   0  average unshared data size
                   0  average unshared stack size
               20969  page reclaims
                   1  page faults
                   0  swaps
                   0  block input operations
                   0  block output operations
                   0  messages sent
                   0  messages received
                   0  signals received
                  10  voluntary context switches
               11717  involuntary context switches
        409416084919  instructions retired
         70622622856  cycles elapsed
           334217864  peak memory footprint
