$ /usr/bin/time -l /Users/zhangwenqian/UNSW/pivoter/research/r1_skyline_index_20260918/build/tail_check --time terminal /Users/zhangwenqian/UNSW/pivoter/graphs/amazon0302.edges 5
terminal run 0: 84.0097 ms
terminal run 1: 85.2142 ms
terminal run 2: 82.842 ms
terminal run 3: 83.7348 ms
terminal run 4: 82.8578 ms
checksum 1835047
        0.77 real         0.75 user         0.01 sys
           114999296  maximum resident set size
                   0  average shared memory size
                   0  average unshared data size
                   0  average unshared stack size
                7212  page reclaims
                   1  page faults
                   0  swaps
                   0  block input operations
                   0  block output operations
                   0  messages sent
                   0  messages received
                   0  signals received
                   0  voluntary context switches
                 228  involuntary context switches
          8902120323  instructions retired
          3309700863  cycles elapsed
           114442696  peak memory footprint
