$ /usr/bin/time -l /Users/zhangwenqian/UNSW/pivoter/research/r1_skyline_index_20260918/build/tail_check --time terminal /Users/zhangwenqian/UNSW/pivoter/graphs/ca-AstroPh.edges 5
terminal run 0: 49.6421 ms
terminal run 1: 50.7493 ms
terminal run 2: 53.6204 ms
terminal run 3: 53.8713 ms
terminal run 4: 51.7115 ms
checksum 27968
        0.42 real         0.41 user         0.00 sys
            26116096  maximum resident set size
                   0  average shared memory size
                   0  average unshared data size
                   0  average unshared stack size
                1787  page reclaims
                   1  page faults
                   0  swaps
                   0  block input operations
                   0  block output operations
                   0  messages sent
                   0  messages received
                   0  signals received
                   0  voluntary context switches
                 497  involuntary context switches
          5507063407  instructions retired
          1769873851  cycles elapsed
            25493864  peak memory footprint
