$ /usr/bin/time -l /Users/zhangwenqian/UNSW/pivoter/research/r1_skyline_index_20260918/build/tail_check --time tail /Users/zhangwenqian/UNSW/pivoter/graphs/ca-AstroPh.edges 5
phases omega 0.15025 upper 2.63359 mark 3.15408 init 8.26575 peel 27.43 order 0.121333 total 42.0247
tail run 0: 43.8605 ms
phases omega 0.149542 upper 2.64467 mark 3.15067 init 8.2025 peel 27.3214 order 0.126377 total 41.7892
tail run 1: 43.0873 ms
phases omega 0.154208 upper 2.65125 mark 3.04196 init 8.18512 peel 26.8962 order 0.1135 total 41.217
tail run 2: 42.4781 ms
phases omega 0.150334 upper 2.66429 mark 3.30517 init 8.28188 peel 28.457 order 0.115794 total 43.1627
tail run 3: 44.399 ms
phases omega 0.157625 upper 2.64884 mark 2.95388 init 8.22579 peel 27.2455 order 0.107747 total 41.527
tail run 4: 42.7623 ms
checksum 27968
        0.37 real         0.36 user         0.00 sys
            27688960  maximum resident set size
                   0  average shared memory size
                   0  average unshared data size
                   0  average unshared stack size
                1883  page reclaims
                   1  page faults
                   0  swaps
                   0  block input operations
                   0  block output operations
                   0  messages sent
                   0  messages received
                   0  signals received
                   0  voluntary context switches
                 165  involuntary context switches
          4264734618  instructions retired
          1579884882  cycles elapsed
            27017576  peak memory footprint
