$ /usr/bin/time -l /Users/zhangwenqian/UNSW/pivoter/research/r1_skyline_index_20260918/build/tail_check --time terminal /Users/zhangwenqian/UNSW/pivoter/graphs/ca-CondMat.edges 5
terminal run 0: 6.8855 ms
terminal run 1: 6.82808 ms
terminal run 2: 7.17467 ms
terminal run 3: 6.72742 ms
terminal run 4: 6.82842 ms
checksum 297170
        0.07 real         0.06 user         0.00 sys
            11272192  maximum resident set size
                   0  average shared memory size
                   0  average unshared data size
                   0  average unshared stack size
                 881  page reclaims
                   1  page faults
                   0  swaps
                   0  block input operations
                   0  block output operations
                   0  messages sent
                   0  messages received
                   0  signals received
                   2  voluntary context switches
                  17  involuntary context switches
          1087823129  instructions retired
           299631065  cycles elapsed
            10649960  peak memory footprint
