$ /usr/bin/time -l /Users/zhangwenqian/UNSW/pivoter/research/r1_skyline_index_20260918/build/tail_check --time terminal /Users/zhangwenqian/UNSW/pivoter/data/ca-GrQc.edges 5
terminal run 0: 1.84746 ms
terminal run 1: 1.16696 ms
terminal run 2: 1.11042 ms
terminal run 3: 1.09121 ms
terminal run 4: 1.21179 ms
checksum 139906
        0.01 real         0.01 user         0.00 sys
             4194304  maximum resident set size
                   0  average shared memory size
                   0  average unshared data size
                   0  average unshared stack size
                 449  page reclaims
                   1  page faults
                   0  swaps
                   0  block input operations
                   0  block output operations
                   0  messages sent
                   0  messages received
                   0  signals received
                   2  voluntary context switches
                  20  involuntary context switches
           213150832  instructions retired
            54023677  cycles elapsed
             3572072  peak memory footprint
