$ /usr/bin/time -l /Users/zhangwenqian/UNSW/pivoter/research/r1_skyline_index_20260918/build/tail_check --time terminal /Users/zhangwenqian/UNSW/pivoter/graphs/cit-HepPh.edges 5
terminal run 0: 164.323 ms
terminal run 1: 168.906 ms
terminal run 2: 167.404 ms
terminal run 3: 165.32 ms
terminal run 4: 185.639 ms
checksum 644186
        1.32 real         1.29 user         0.02 sys
           142606336  maximum resident set size
                   0  average shared memory size
                   0  average unshared data size
                   0  average unshared stack size
                8897  page reclaims
                   1  page faults
                   0  swaps
                   0  block input operations
                   0  block output operations
                   0  messages sent
                   0  messages received
                   0  signals received
                   0  voluntary context switches
                 776  involuntary context switches
         14216523610  instructions retired
          5663591321  cycles elapsed
           142049736  peak memory footprint
