$ /usr/bin/time -l /Users/zhangwenqian/UNSW/pivoter/research/r1_skyline_index_20260918/build/tail_check --time terminal /Users/zhangwenqian/UNSW/pivoter/data/com-dblp.edges 5
terminal run 0: 168.669 ms
terminal run 1: 179.183 ms
terminal run 2: 169.239 ms
terminal run 3: 168.064 ms
terminal run 4: 166.82 ms
checksum 52704816
        1.26 real         1.22 user         0.02 sys
           131121152  maximum resident set size
                   0  average shared memory size
                   0  average unshared data size
                   0  average unshared stack size
                8196  page reclaims
                   1  page faults
                   0  swaps
                   0  block input operations
                   0  block output operations
                   0  messages sent
                   0  messages received
                   0  signals received
                   0  voluntary context switches
                 539  involuntary context switches
         22995939321  instructions retired
          5374826903  cycles elapsed
           130531784  peak memory footprint
