$ /usr/bin/time -l /Users/zhangwenqian/UNSW/pivoter/research/r1_skyline_index_20260918/build/tail_check --time terminal /Users/zhangwenqian/UNSW/pivoter/graphs/dblp-core30.edges 5
terminal run 0: 4.09929 ms
terminal run 1: 4.05983 ms
terminal run 2: 4.09758 ms
terminal run 3: 4.08392 ms
terminal run 4: 4.02708 ms
checksum 27628
        0.03 real         0.03 user         0.00 sys
             3735552  maximum resident set size
                   0  average shared memory size
                   0  average unshared data size
                   0  average unshared stack size
                 421  page reclaims
                   1  page faults
                   0  swaps
                   0  block input operations
                   0  block output operations
                   0  messages sent
                   0  messages received
                   0  signals received
                   0  voluntary context switches
                   9  involuntary context switches
           640439603  instructions retired
           137757350  cycles elapsed
             3064144  peak memory footprint
