$ /usr/bin/time -l /Users/zhangwenqian/UNSW/pivoter/research/r1_skyline_index_20260918/build/tail_check --time terminal /Users/zhangwenqian/UNSW/pivoter/graphs/email-Eu-core.edges 5
terminal run 0: 17.2481 ms
terminal run 1: 17.3904 ms
terminal run 2: 16.9627 ms
terminal run 3: 17.9103 ms
terminal run 4: 17.9707 ms
checksum 19709
        0.13 real         0.13 user         0.00 sys
            14745600  maximum resident set size
                   0  average shared memory size
                   0  average unshared data size
                   0  average unshared stack size
                1093  page reclaims
                   1  page faults
                   0  swaps
                   0  block input operations
                   0  block output operations
                   0  messages sent
                   0  messages received
                   0  signals received
                   0  voluntary context switches
                  63  involuntary context switches
          1997630847  instructions retired
           589210092  cycles elapsed
            14123368  peak memory footprint
