$ /usr/bin/time -l /Users/zhangwenqian/UNSW/pivoter/research/r1_skyline_index_20260918/build/tail_check --time terminal /Users/zhangwenqian/UNSW/pivoter/graphs/loc-Brightkite.edges 5
terminal run 0: 223.542 ms
terminal run 1: 222.224 ms
terminal run 2: 222.45 ms
terminal run 3: 226.075 ms
terminal run 4: 228.135 ms
checksum 129048
        1.39 real         1.36 user         0.01 sys
           112033792  maximum resident set size
                   0  average shared memory size
                   0  average unshared data size
                   0  average unshared stack size
                7031  page reclaims
                   1  page faults
                   0  swaps
                   0  block input operations
                   0  block output operations
                   0  messages sent
                   0  messages received
                   0  signals received
                   0  voluntary context switches
                 423  involuntary context switches
         24487049876  instructions retired
          5940220137  cycles elapsed
           111460784  peak memory footprint
