$ /usr/bin/time -v /data/wenqianz/pivoter_repo/research/r1_skyline_index_20260918/build/chain_index_tool --bench /data/wenqianz/graphs/inf-roadNet-CA.edges /data/wenqianz/pivoter_repo/research/r1_skyline_index_20260918/cx/inf-roadNet-CA.cx
{"passed":true,"solver":"tail","treepass":"fast","n":1957027,"m":2760388,"s_max":4,"count_bits":64,"chains":89728,"canonical_nodes":90063,"max_depth":2,"pairs_total":179396,"runs_total":507,"vertex_pairs":2274811,"vertex_residue_cells":1277561,"baseline_vertex_bytes":57618626,"bytes_map":725868,"bytes_chains":1795526,"bytes_layers":1895403,"bytes_total":4416797,"file_bytes":4056781,"perm_bytes":7828108,"slice_bytes_layers":2879096,"slice_bytes_total":5408644,"solve_ms":69.818,"trees_ms":590.285,"chains_ms":14.484,"layout_ms":20.641,"build_ms":741.981,"compact_ms":1.424,"save_ms":2.892,"load_ms":1.245,"ti_ms":551.104,"ti_bytes":132793392,"rss_start":213606400,"rss_after_solve":434565120,"rss_after_chains":403251200,"rss_after_layout":403251200,"slice_range_own_ns":110576.409,"slice_range_half_ns":109967.936,"slice_range_root_ns":112052.374,"slice_explicit_own_ns":323122.375,"slice_explicit_half_ns":350664.095,"slice_explicit_root_ns":358570.881,"slice_own_ranges":1.000,"slice_half_ranges":1.000,"slice_root_ranges":1.000,"full_bytes_total":5047238,"full_bytes_layers":2525844,"full_range_own_ns":24.694,"full_range_half_ns":27.187,"full_range_root_ns":20.955,"full_explicit_own_ns":202977.472,"full_climb_own_ns":12.850,"full_climb_half_ns":14.244,"full_climb_root_ns":8.316,"full_ptr_own_ns":16.822,"full_ptr_half_ns":19.053,"full_ptr_root_ns":10.152,"full_value_ns":16.955,"climb_own_ns":18.194,"climb_half_ns":19.308,"climb_root_ns":14.258,"slice_climb_own_ns":12.702,"slice_climb_half_ns":13.757,"slice_climb_root_ns":8.187,"ptr_own_ns":21.485,"ptr_half_ns":23.843,"ptr_root_ns":15.317,"ptr_checksum":68471034984,"range_own_ns":29.080,"range_half_ns":31.931,"range_root_ns":25.595,"explicit_own_ns":203182.458,"explicit_half_ns":231800.105,"explicit_root_ns":236787.361,"own_output":1526081.257,"half_output":1802520.035,"root_output":1835691.560,"own_ranges":1.000,"half_ranges":1.000,"root_ranges":1.000,"own_chains":1.000,"half_chains":1.000,"root_chains":1.000,"value_ns":17.664,"value_checksum":0}
	Command being timed: "/data/wenqianz/pivoter_repo/research/r1_skyline_index_20260918/build/chain_index_tool --bench /data/wenqianz/graphs/inf-roadNet-CA.edges /data/wenqianz/pivoter_repo/research/r1_skyline_index_20260918/cx/inf-roadNet-CA.cx"
	User time (seconds): 192.84
	System time (seconds): 0.35
	Percent of CPU this job got: 99%
	Elapsed (wall clock) time (h:mm:ss or m:ss): 3:13.21
	Average shared text size (kbytes): 0
	Average unshared data size (kbytes): 0
	Average stack size (kbytes): 0
	Average total size (kbytes): 0
	Maximum resident set size (kbytes): 465476
	Average resident set size (kbytes): 0
	Major (requiring I/O) page faults: 0
	Minor (reclaiming a frame) page faults: 178934
	Voluntary context switches: 1
	Involuntary context switches: 238
	Swaps: 0
	File system inputs: 80072
	File system outputs: 23224
	Socket messages sent: 0
	Socket messages received: 0
	Signals delivered: 0
	Page size (bytes): 4096
	Exit status: 0
