$ /usr/bin/time -l /Users/zhangwenqian/UNSW/pivoter/research/r1_skyline_index_20260918/build/chain_index_tool --bench graphs/amazon-copurchase.edges /Users/zhangwenqian/UNSW/pivoter/research/r1_skyline_index_20260918/cx/amazon-copurchase.cx
{"passed":true,"n":548552,"m":987942,"s_max":7,"count_bits":64,"chains":56315,"canonical_nodes":86798,"max_depth":10,"pairs_total":163658,"runs_total":54803,"vertex_pairs":932655,"vertex_residue_cells":352595,"baseline_vertex_bytes":19697700,"bytes_map":328132,"bytes_chains":1385981,"bytes_layers":2261230,"bytes_total":3975343,"file_bytes":3628510,"perm_bytes":2194208,"slice_bytes_layers":2737784,"slice_bytes_total":4840472,"solve_ms":88.195,"trees_ms":271.016,"chains_ms":2.710,"layout_ms":12.863,"build_ms":376.037,"compact_ms":1.710,"save_ms":5.861,"load_ms":1.404,"ti_ms":165.164,"ti_bytes":34704420,"rss_start":109821952,"rss_after_solve":164741120,"rss_after_chains":164790272,"rss_after_layout":165003264,"slice_range_own_ns":16745.181,"slice_range_half_ns":23366.942,"slice_range_root_ns":23445.667,"slice_explicit_own_ns":24462.383,"slice_explicit_half_ns":32476.360,"slice_explicit_root_ns":32605.250,"slice_ladder_ns":20636.250,"slice_own_ranges":626.995,"slice_half_ranges":949.587,"slice_root_ranges":1154.399,"full_bytes_total":4582929,"full_bytes_layers":2868816,"full_range_own_ns":228.517,"full_range_half_ns":342.758,"full_range_root_ns":356.916,"full_explicit_own_ns":7504.267,"full_climb_own_ns":13.023,"full_climb_half_ns":14.296,"full_climb_root_ns":7.166,"full_ptr_own_ns":20.419,"full_ptr_half_ns":30.517,"full_ptr_root_ns":7.250,"full_member_ns":9.333,"full_value_ns":9.164,"full_ladder_ns":294.802,"climb_own_ns":13.060,"climb_half_ns":10.269,"climb_root_ns":6.291,"slice_climb_own_ns":11.706,"slice_climb_half_ns":20.948,"slice_climb_root_ns":4.708,"ptr_own_ns":21.733,"ptr_half_ns":15.898,"ptr_root_ns":8.458,"ptr_checksum":33653344940,"range_own_ns":240.794,"range_half_ns":376.325,"range_root_ns":402.959,"explicit_own_ns":6948.971,"explicit_half_ns":11506.058,"explicit_root_ns":12420.750,"own_output":123946.569,"half_output":179283.621,"root_output":187526.577,"own_ranges":626.995,"half_ranges":949.587,"root_ranges":1154.399,"own_chains":626.995,"half_chains":949.587,"root_chains":1154.399,"member_ns":11.416,"member_checksum":36078,"value_ns":6.057,"value_checksum":0,"ladder_ns":295.840,"ladder_steps":2.502}
       18.63 real        18.35 user         0.17 sys
           165593088  maximum resident set size
                   0  average shared memory size
                   0  average unshared data size
                   0  average unshared stack size
               10297  page reclaims
                   1  page faults
                   0  swaps
                   0  block input operations
                   0  block output operations
                   0  messages sent
                   0  messages received
                   0  signals received
                  13  voluntary context switches
                9712  involuntary context switches
        359614018286  instructions retired
         54781544740  cycles elapsed
           164987432  peak memory footprint
