$ /usr/bin/time -l /Users/zhangwenqian/UNSW/pivoter/research/r1_skyline_index_20260918/build/chain_index_tool --bench graphs/ca-HepTh.edges /Users/zhangwenqian/UNSW/pivoter/research/r1_skyline_index_20260918/cx/ca-HepTh.cx
{"passed":true,"n":9877,"m":25973,"s_max":32,"count_bits":64,"chains":1104,"canonical_nodes":1583,"max_depth":18,"pairs_total":3112,"runs_total":1044,"vertex_pairs":27172,"vertex_residue_cells":4345,"baseline_vertex_bytes":422086,"bytes_map":6284,"bytes_chains":26475,"bytes_layers":43388,"bytes_total":76147,"file_bytes":71199,"perm_bytes":39508,"slice_bytes_layers":50440,"slice_bytes_total":87244,"solve_ms":2.798,"trees_ms":5.838,"chains_ms":0.062,"layout_ms":0.288,"build_ms":9.025,"compact_ms":0.040,"save_ms":2.349,"load_ms":0.065,"ti_ms":4.636,"ti_bytes":858824,"rss_start":3817472,"rss_after_solve":6258688,"rss_after_chains":6291456,"rss_after_layout":6406144,"slice_range_own_ns":355.729,"slice_range_half_ns":400.373,"slice_range_root_ns":423.292,"slice_explicit_own_ns":604.656,"slice_explicit_half_ns":649.060,"slice_explicit_root_ns":760.375,"slice_ladder_ns":339.292,"slice_own_ranges":38.250,"slice_half_ranges":44.242,"slice_root_ranges":52.095,"full_bytes_total":85683,"full_bytes_layers":52924,"full_range_own_ns":27.590,"full_range_half_ns":38.806,"full_range_root_ns":31.959,"full_explicit_own_ns":284.621,"full_climb_own_ns":11.817,"full_climb_half_ns":9.802,"full_climb_root_ns":5.458,"full_ptr_own_ns":12.915,"full_ptr_half_ns":13.706,"full_ptr_root_ns":6.500,"full_member_ns":8.450,"full_value_ns":7.603,"full_ladder_ns":31.927,"climb_own_ns":9.381,"climb_half_ns":11.065,"climb_root_ns":5.166,"slice_climb_own_ns":8.321,"slice_climb_half_ns":5.927,"slice_climb_root_ns":3.333,"ptr_own_ns":14.823,"ptr_half_ns":13.090,"ptr_root_ns":5.917,"ptr_checksum":965019654,"range_own_ns":23.677,"range_half_ns":40.025,"range_root_ns":33.292,"explicit_own_ns":285.896,"explicit_half_ns":356.504,"explicit_root_ns":378.291,"own_output":3957.258,"half_output":5148.969,"root_output":5653.928,"own_ranges":38.250,"half_ranges":44.242,"root_ranges":52.095,"own_chains":38.250,"half_chains":44.242,"root_chains":52.095,"member_ns":13.991,"member_checksum":59838,"value_ns":9.527,"value_checksum":0,"ladder_ns":50.040,"ladder_steps":2.347}
        0.49 real         0.48 user         0.00 sys
            11108352  maximum resident set size
                   0  average shared memory size
                   0  average unshared data size
                   0  average unshared stack size
                 868  page reclaims
                   1  page faults
                   0  swaps
                   0  block input operations
                   0  block output operations
                   0  messages sent
                   0  messages received
                   0  signals received
                   3  voluntary context switches
                 123  involuntary context switches
          8687717757  instructions retired
          1486180635  cycles elapsed
            10371432  peak memory footprint
