$ /usr/bin/time -l /Users/zhangwenqian/UNSW/pivoter/research/r1_skyline_index_20260918/build/chain_index_tool --bench graphs/email-Eu-core.edges /Users/zhangwenqian/UNSW/pivoter/research/r1_skyline_index_20260918/cx/email-Eu-core.cx
{"passed":true,"n":1005,"m":16064,"s_max":35,"count_bits":64,"chains":667,"canonical_nodes":2602,"max_depth":325,"pairs_total":6080,"runs_total":4423,"vertex_pairs":8032,"vertex_residue_cells":7045,"baseline_vertex_bytes":186738,"bytes_map":2868,"bytes_chains":47387,"bytes_layers":95335,"bytes_total":145590,"file_bytes":136689,"perm_bytes":4020,"slice_bytes_layers":86768,"slice_bytes_total":166432,"solve_ms":41.275,"trees_ms":48.382,"chains_ms":0.060,"layout_ms":0.972,"build_ms":90.812,"compact_ms":0.156,"save_ms":0.598,"load_ms":0.152,"ti_ms":86.993,"ti_bytes":5520444,"rss_start":9519104,"rss_after_solve":12255232,"rss_after_chains":12255232,"rss_after_layout":12484608,"slice_range_own_ns":979.773,"slice_range_half_ns":1187.817,"slice_range_root_ns":993.333,"slice_explicit_own_ns":1539.050,"slice_explicit_half_ns":1365.335,"slice_explicit_root_ns":1342.375,"slice_ladder_ns":24215.796,"slice_own_ranges":285.112,"slice_half_ranges":287.644,"slice_root_ranges":276.802,"full_bytes_total":158767,"full_bytes_layers":108512,"full_range_own_ns":138.808,"full_range_half_ns":178.294,"full_range_root_ns":153.125,"full_explicit_own_ns":420.971,"full_climb_own_ns":4.031,"full_climb_half_ns":23.617,"full_climb_root_ns":10.209,"full_ptr_own_ns":8.860,"full_ptr_half_ns":48.235,"full_ptr_root_ns":9.625,"full_member_ns":18.591,"full_value_ns":13.743,"full_ladder_ns":4107.100,"climb_own_ns":11.046,"climb_half_ns":42.473,"climb_root_ns":10.166,"slice_climb_own_ns":8.548,"slice_climb_half_ns":38.044,"slice_climb_root_ns":9.208,"ptr_own_ns":12.537,"ptr_half_ns":46.150,"ptr_root_ns":12.084,"ptr_checksum":27509364,"range_own_ns":178.592,"range_half_ns":186.129,"range_root_ns":153.958,"explicit_own_ns":496.450,"explicit_half_ns":526.950,"explicit_root_ns":494.709,"own_output":646.672,"half_output":678.913,"root_output":743.565,"own_ranges":285.112,"half_ranges":287.644,"root_ranges":276.802,"own_chains":285.112,"half_chains":287.644,"root_chains":276.802,"member_ns":24.703,"member_checksum":71844,"value_ns":12.761,"value_checksum":0,"ladder_ns":4328.185,"ladder_steps":66.310}
        4.88 real         4.49 user         0.05 sys
            19644416  maximum resident set size
                   0  average shared memory size
                   0  average unshared data size
                   0  average unshared stack size
                1387  page reclaims
                   1  page faults
                   0  swaps
                   0  block input operations
                   0  block output operations
                   0  messages sent
                   0  messages received
                   0  signals received
                   2  voluntary context switches
                6145  involuntary context switches
         50929502788  instructions retired
         11355066878  cycles elapsed
            18940288  peak memory footprint
