$ /usr/bin/time -l /Users/zhangwenqian/UNSW/pivoter/research/r1_skyline_index_20260918/build/tail_check --graph /Users/zhangwenqian/UNSW/pivoter/graphs/ca-AstroPh.edges
{"graph":"ca-AstroPh.edges","n":18772,"m":198050,"d":56,"rows":95876,"incidences":678945,"bits":64,"sizes":56,"identical":true,"terminal_ms":53.653,"full_ms":66.116,"tail_ms":66.048,"tail_upper_ms":3.157,"tail_mark_ms":9.702,"tail_init_ms":10.953,"tail_peel_ms":38.647,"tail_order_ms":1.418,"full_upper_ms":3.789,"full_mark_ms":11.322,"full_init_ms":7.048,"full_peel_ms":39.780,"full_order_ms":1.906,"active_pairs":186754,"residue_pairs":19418,"relevant_vertex_pairs":168094,"relevant_rows":479020,"relevant_incidences":6327238,"all_valid_incidences":6512328,"closed_sizes":13,"last_residue_size":44,"tail_dense_sizes":28,"tail_events":168094,"full_events":186754,"tail_subtracts":1009427,"full_subtracts":4878599,"per_size":[[3,17386,6554,17386,83874,625864,7.515],[4,15234,3728,15234,71295,611489,7.721],[5,12993,2083,12993,56197,553059,6.733],[6,11215,1344,11215,44113,492697,5.397],[7,9925,1004,9925,35090,438563,4.423],[8,8821,771,8821,28633,393364,3.770],[9,7980,568,7980,23802,354716,3.241],[10,7301,476,7301,20007,320561,2.916],[11,6782,382,6782,16988,290371,2.466],[12,6255,317,6255,14648,264631,2.231],[13,5825,293,5825,12698,241231,1.995],[14,5416,229,5416,10996,219105,1.820],[15,5072,215,5072,9556,198945,1.571],[16,4795,191,4795,8257,179460,1.495],[17,4448,161,4448,7126,161364,1.371],[18,4224,143,4224,6106,144024,1.274],[19,3908,134,3908,5195,127626,1.209],[20,3578,129,3578,4377,112084,0.971],[21,3370,117,3370,3705,98644,0.841],[22,3170,108,3170,3149,86968,0.761],[23,3008,91,3008,2724,77618,0.676],[24,2779,74,2779,2316,68234,0.601],[25,2580,67,2580,1976,60074,0.547],[26,2453,52,2453,1678,52624,0.502],[27,2337,46,2337,1400,45396,0.452],[28,2235,45,2235,1165,39051,0.429],[29,2015,39,2015,954,33143,0.382],[30,1834,25,1834,802,28735,0.393],[31,1713,6,150,35,1245,0.117],[32,1670,6,147,25,935,0.106],[33,1523,3,101,20,775,0.094],[34,1440,3,101,19,742,0.082],[35,1404,3,101,18,708,0.093],[36,1393,3,101,16,638,0.080],[37,1262,1,62,11,456,0.079],[38,1170,1,62,10,419,0.078],[39,1092,1,62,9,381,0.078],[40,886,1,62,8,342,0.077],[41,805,1,62,7,302,0.077],[42,731,1,48,6,261,0.076],[43,638,1,48,6,261,0.075],[44,549,1,48,3,132,0.078],[45,545,0,0,0,0,0.026],[46,469,0,0,0,0,0.025],[47,428,0,0,0,0,0.024],[48,316,0,0,0,0,0.024],[49,316,0,0,0,0,0.024],[50,267,0,0,0,0,0.024],[51,267,0,0,0,0,0.024],[52,267,0,0,0,0,0.024],[53,216,0,0,0,0,0.024],[54,165,0,0,0,0,0.024],[55,113,0,0,0,0,0.025],[56,113,0,0,0,0,0.025],[57,57,0,0,0,0,0.024]]}
        0.34 real         0.33 user         0.00 sys
            27590656  maximum resident set size
                   0  average shared memory size
                   0  average unshared data size
                   0  average unshared stack size
                1877  page reclaims
                   1  page faults
                   0  swaps
                   0  block input operations
                   0  block output operations
                   0  messages sent
                   0  messages received
                   0  signals received
                   2  voluntary context switches
                 150  involuntary context switches
          4274418599  instructions retired
          1449766110  cycles elapsed
            26968424  peak memory footprint
