$ /usr/bin/time -l /Users/zhangwenqian/UNSW/pivoter/research/r1_skyline_index_20260918/build/tail_check --graph /Users/zhangwenqian/UNSW/pivoter/data/com-dblp.edges
{"graph":"com-dblp.edges","n":317080,"m":1049866,"d":113,"rows":475385,"incidences":1658264,"bits":128,"sizes":113,"identical":true,"terminal_ms":232.390,"full_ms":298.993,"tail_ms":160.898,"tail_upper_ms":14.323,"tail_mark_ms":8.374,"tail_init_ms":7.170,"tail_peel_ms":47.029,"tail_order_ms":12.850,"full_upper_ms":13.979,"full_mark_ms":44.174,"full_init_ms":9.597,"full_peel_ms":89.901,"full_order_ms":70.124,"active_pairs":929853,"residue_pairs":63769,"relevant_vertex_pairs":495269,"relevant_rows":505563,"relevant_incidences":2380924,"all_valid_incidences":5338511,"closed_sizes":92,"last_residue_size":22,"tail_dense_sizes":2,"tail_events":495269,"full_events":929853,"tail_subtracts":491221,"full_subtracts":1540017,"per_size":[[3,269181,46642,269181,316631,1340687,36.016],[4,194957,12427,194957,166642,890765,19.382],[5,127805,3164,18414,14797,85513,6.753],[6,82067,907,6498,4333,30362,3.432],[7,53496,317,2467,1512,12610,2.191],[8,36412,126,1114,643,6305,1.898],[9,25993,74,678,347,3902,1.818],[10,19354,35,450,203,2573,1.748],[11,14756,22,353,133,1866,1.664],[12,11949,10,249,80,1268,1.586],[13,9961,9,196,60,1028,1.625],[14,8089,9,185,48,872,1.638],[15,6767,7,132,30,612,1.664],[16,5746,5,101,21,472,1.556],[17,4743,5,89,19,440,1.577],[18,4207,2,41,13,334,1.637],[19,3656,2,41,13,334,1.563],[20,3396,2,41,13,334,1.566],[21,3060,2,41,13,334,1.593],[22,2722,2,41,12,313,1.526],[23,2438,0,0,0,0,0.654],[24,2221,0,0,0,0,0.666],[25,2069,0,0,0,0,0.659],[26,1896,0,0,0,0,0.682],[27,1715,0,0,0,0,0.655],[28,1603,0,0,0,0,0.665],[29,1487,0,0,0,0,0.683],[30,1358,0,0,0,0,0.710],[31,1206,0,0,0,0,0.704],[32,1050,0,0,0,0,0.704],[33,955,0,0,0,0,0.676],[34,856,0,0,0,0,0.703],[35,822,0,0,0,0,0.676],[36,819,0,0,0,0,0.699],[37,738,0,0,0,0,0.718],[38,703,0,0,0,0,0.704],[39,703,0,0,0,0,0.710],[40,625,0,0,0,0,0.694],[41,585,0,0,0,0,0.717],[42,585,0,0,0,0,0.712],[43,585,0,0,0,0,0.701],[44,542,0,0,0,0,0.659],[45,454,0,0,0,0,0.662],[46,454,0,0,0,0,0.672],[47,454,0,0,0,0,0.700],[48,454,0,0,0,0,0.708],[49,358,0,0,0,0,0.749],[50,309,0,0,0,0,0.711],[51,309,0,0,0,0,0.702],[52,309,0,0,0,0,0.711],[53,280,0,0,0,0,0.733],[54,280,0,0,0,0,0.890],[55,280,0,0,0,0,0.732],[56,280,0,0,0,0,0.715],[57,280,0,0,0,0,0.715],[58,280,0,0,0,0,0.723],[59,280,0,0,0,0,0.696],[60,280,0,0,0,0,0.725],[61,280,0,0,0,0,0.716],[62,280,0,0,0,0,0.726],[63,280,0,0,0,0,0.683],[64,217,0,0,0,0,0.736],[65,217,0,0,0,0,0.708],[66,216,0,0,0,0,0.717],[67,216,0,0,0,0,0.709],[68,216,0,0,0,0,0.672],[69,216,0,0,0,0,0.668],[70,216,0,0,0,0,0.703],[71,216,0,0,0,0,0.726],[72,216,0,0,0,0,0.707],[73,216,0,0,0,0,0.723],[74,216,0,0,0,0,0.716],[75,216,0,0,0,0,0.688],[76,216,0,0,0,0,0.719],[77,216,0,0,0,0,0.730],[78,216,0,0,0,0,0.709],[79,216,0,0,0,0,0.698],[80,216,0,0,0,0,0.676],[81,216,0,0,0,0,0.659],[82,216,0,0,0,0,0.711],[83,216,0,0,0,0,0.731],[84,216,0,0,0,0,0.741],[85,216,0,0,0,0,0.699],[86,216,0,0,0,0,0.713],[87,216,0,0,0,0,0.679],[88,216,0,0,0,0,0.672],[89,216,0,0,0,0,0.714],[90,216,0,0,0,0,0.755],[91,216,0,0,0,0,0.706],[92,216,0,0,0,0,0.699],[93,216,0,0,0,0,0.651],[94,216,0,0,0,0,0.683],[95,216,0,0,0,0,0.696],[96,216,0,0,0,0,0.723],[97,216,0,0,0,0,0.709],[98,216,0,0,0,0,0.726],[99,216,0,0,0,0,0.703],[100,216,0,0,0,0,0.711],[101,216,0,0,0,0,0.811],[102,216,0,0,0,0,0.754],[103,114,0,0,0,0,0.679],[104,114,0,0,0,0,0.663],[105,114,0,0,0,0,0.672],[106,114,0,0,0,0,0.687],[107,114,0,0,0,0,0.720],[108,114,0,0,0,0,0.661],[109,114,0,0,0,0,0.655],[110,114,0,0,0,0,0.709],[111,114,0,0,0,0,0.728],[112,114,0,0,0,0,0.707],[113,114,0,0,0,0,0.688],[114,114,0,0,0,0,0.659]]}
        1.10 real         1.08 user         0.02 sys
           140247040  maximum resident set size
                   0  average shared memory size
                   0  average unshared data size
                   0  average unshared stack size
                8753  page reclaims
                   1  page faults
                   0  swaps
                   0  block input operations
                   0  block output operations
                   0  messages sent
                   0  messages received
                   0  signals received
                   2  voluntary context switches
                 418  involuntary context switches
         15621496486  instructions retired
          4790662921  cycles elapsed
           139690464  peak memory footprint
