$ /usr/bin/time -l /Users/zhangwenqian/UNSW/pivoter/research/r1_skyline_index_20260918/build/tail_check --graph /Users/zhangwenqian/UNSW/pivoter/graphs/dblp-core30.edges
{"graph":"dblp-core30.edges","n":1206,"m":31769,"d":113,"rows":1311,"incidences":34311,"bits":128,"sizes":113,"identical":true,"terminal_ms":4.310,"full_ms":7.242,"tail_ms":0.818,"tail_upper_ms":0.328,"tail_mark_ms":0.011,"tail_init_ms":0.004,"tail_peel_ms":0.079,"tail_order_ms":0.089,"full_upper_ms":1.547,"full_mark_ms":1.416,"full_init_ms":1.138,"full_peel_ms":2.476,"full_order_ms":0.217,"active_pairs":60517,"residue_pairs":40,"relevant_vertex_pairs":714,"relevant_rows":132,"relevant_incidences":3210,"all_valid_incidences":1427803,"closed_sizes":92,"last_residue_size":22,"tail_dense_sizes":0,"tail_events":714,"full_events":60517,"tail_subtracts":84,"full_subtracts":61557,"per_size":[[3,1206,2,39,10,179,0.022],[4,1206,2,39,10,179,0.014],[5,1206,2,38,9,175,0.013],[6,1206,2,38,8,170,0.013],[7,1206,2,35,6,158,0.013],[8,1206,2,35,6,158,0.013],[9,1206,2,35,6,158,0.013],[10,1206,2,35,6,158,0.013],[11,1206,2,35,6,158,0.049],[12,1206,2,35,6,158,0.016],[13,1206,2,35,6,158,0.015],[14,1206,2,35,6,158,0.016],[15,1206,2,35,6,158,0.014],[16,1206,2,35,6,158,0.014],[17,1206,2,35,6,158,0.030],[18,1206,2,35,6,158,0.031],[19,1206,2,35,6,158,0.016],[20,1206,2,35,6,158,0.014],[21,1206,2,35,6,158,0.013],[22,1206,2,35,5,137,0.018],[23,1206,0,0,0,0,0.006],[24,1206,0,0,0,0,0.005],[25,1206,0,0,0,0,0.005],[26,1206,0,0,0,0,0.005],[27,1206,0,0,0,0,0.005],[28,1206,0,0,0,0,0.005],[29,1206,0,0,0,0,0.005],[30,1206,0,0,0,0,0.005],[31,1206,0,0,0,0,0.005],[32,1050,0,0,0,0,0.005],[33,955,0,0,0,0,0.005],[34,856,0,0,0,0,0.005],[35,822,0,0,0,0,0.005],[36,819,0,0,0,0,0.005],[37,738,0,0,0,0,0.005],[38,703,0,0,0,0,0.005],[39,703,0,0,0,0,0.005],[40,625,0,0,0,0,0.005],[41,585,0,0,0,0,0.005],[42,585,0,0,0,0,0.005],[43,585,0,0,0,0,0.005],[44,542,0,0,0,0,0.005],[45,454,0,0,0,0,0.005],[46,454,0,0,0,0,0.005],[47,454,0,0,0,0,0.005],[48,454,0,0,0,0,0.005],[49,358,0,0,0,0,0.005],[50,309,0,0,0,0,0.005],[51,309,0,0,0,0,0.004],[52,309,0,0,0,0,0.005],[53,280,0,0,0,0,0.004],[54,280,0,0,0,0,0.004],[55,280,0,0,0,0,0.005],[56,280,0,0,0,0,0.005],[57,280,0,0,0,0,0.004],[58,280,0,0,0,0,0.005],[59,280,0,0,0,0,0.005],[60,280,0,0,0,0,0.004],[61,280,0,0,0,0,0.004],[62,280,0,0,0,0,0.004],[63,280,0,0,0,0,0.004],[64,217,0,0,0,0,0.004],[65,217,0,0,0,0,0.004],[66,216,0,0,0,0,0.005],[67,216,0,0,0,0,0.004],[68,216,0,0,0,0,0.004],[69,216,0,0,0,0,0.004],[70,216,0,0,0,0,0.004],[71,216,0,0,0,0,0.004],[72,216,0,0,0,0,0.004],[73,216,0,0,0,0,0.004],[74,216,0,0,0,0,0.004],[75,216,0,0,0,0,0.004],[76,216,0,0,0,0,0.004],[77,216,0,0,0,0,0.004],[78,216,0,0,0,0,0.004],[79,216,0,0,0,0,0.004],[80,216,0,0,0,0,0.004],[81,216,0,0,0,0,0.004],[82,216,0,0,0,0,0.004],[83,216,0,0,0,0,0.004],[84,216,0,0,0,0,0.004],[85,216,0,0,0,0,0.004],[86,216,0,0,0,0,0.004],[87,216,0,0,0,0,0.004],[88,216,0,0,0,0,0.004],[89,216,0,0,0,0,0.004],[90,216,0,0,0,0,0.004],[91,216,0,0,0,0,0.004],[92,216,0,0,0,0,0.004],[93,216,0,0,0,0,0.004],[94,216,0,0,0,0,0.004],[95,216,0,0,0,0,0.004],[96,216,0,0,0,0,0.004],[97,216,0,0,0,0,0.004],[98,216,0,0,0,0,0.004],[99,216,0,0,0,0,0.004],[100,216,0,0,0,0,0.004],[101,216,0,0,0,0,0.004],[102,216,0,0,0,0,0.004],[103,114,0,0,0,0,0.004],[104,114,0,0,0,0,0.004],[105,114,0,0,0,0,0.004],[106,114,0,0,0,0,0.004],[107,114,0,0,0,0,0.004],[108,114,0,0,0,0,0.004],[109,114,0,0,0,0,0.004],[110,114,0,0,0,0,0.004],[111,114,0,0,0,0,0.005],[112,114,0,0,0,0,0.005],[113,114,0,0,0,0,0.004],[114,114,0,0,0,0,0.005]]}
        0.02 real         0.02 user         0.00 sys
             3915776  maximum resident set size
                   0  average shared memory size
                   0  average unshared data size
                   0  average unshared stack size
                 432  page reclaims
                   1  page faults
                   0  swaps
                   0  block input operations
                   0  block output operations
                   0  messages sent
                   0  messages received
                   0  signals received
                   2  voluntary context switches
                  26  involuntary context switches
           417007435  instructions retired
           102617895  cycles elapsed
             3260752  peak memory footprint
