$ /usr/bin/time -l /Users/zhangwenqian/UNSW/pivoter/research/r1_skyline_index_20260918/build/tail_check --graph /Users/zhangwenqian/UNSW/pivoter/graphs/web-Stanford.edges
{"graph":"web-Stanford.edges","n":281903,"m":1992636,"d":71,"rows":1357105,"incidences":10094336,"bits":64,"sizes":61,"identical":true,"terminal_ms":597.213,"full_ms":837.215,"tail_ms":821.720,"tail_upper_ms":51.000,"tail_mark_ms":155.620,"tail_init_ms":92.488,"tail_peel_ms":459.720,"tail_order_ms":33.622,"full_upper_ms":51.232,"full_mark_ms":158.380,"full_init_ms":86.612,"full_peel_ms":478.055,"full_order_ms":33.454,"active_pairs":1326086,"residue_pairs":726208,"relevant_vertex_pairs":1326086,"relevant_rows":7365281,"relevant_incidences":109311629,"all_valid_incidences":109311629,"closed_sizes":0,"last_residue_size":61,"tail_dense_sizes":59,"tail_events":1326086,"full_events":1326086,"tail_subtracts":67361068,"full_subtracts":100711622,"per_size":[[3,241106,153580,241106,1216628,9676762,77.747],[4,177182,110084,177182,1043135,9273323,65.921],[5,149315,93641,149315,952113,8913970,59.899],[6,103244,58032,103244,851186,8409335,55.025],[7,82042,42846,82042,683993,7406177,48.058],[8,58345,29480,58345,300233,4719857,35.197],[9,51014,25167,51014,268510,4466073,32.223],[10,45835,22822,45835,243330,4239453,31.142],[11,42071,21396,42071,220223,4008383,28.587],[12,39742,20065,39742,197279,3755999,27.598],[13,37575,18999,37575,175773,3497927,24.890],[14,35879,17750,35879,158055,3267593,22.954],[15,33916,16257,33916,137451,2979137,21.783],[16,30460,13859,30460,107384,2528132,18.314],[17,21281,5475,21281,58392,1744260,12.283],[18,18446,5027,18446,52522,1644470,11.670],[19,17283,4608,17283,48708,1575818,10.753],[20,16174,4289,16174,44754,1500692,10.405],[21,12422,4083,12422,39478,1395172,10.124],[22,11553,3809,11553,36680,1336414,9.506],[23,10629,3509,10629,34706,1292986,9.121],[24,9400,3272,9400,33162,1257474,8.930],[25,8297,3185,8297,31479,1217082,8.799],[26,7487,3105,7487,30373,1189432,9.004],[27,6843,2982,6843,29554,1168138,8.343],[28,6207,2833,6207,28456,1138492,8.337],[29,5359,2665,5359,26487,1083360,7.967],[30,4224,2542,4224,24643,1029884,7.743],[31,3770,2370,3770,23111,983924,7.636],[32,3417,2155,3417,21533,935006,6.676],[33,2801,1792,2801,19560,871870,6.387],[34,2440,1561,2440,18533,837979,6.699],[35,2159,1481,2159,17811,813431,5.935],[36,2080,1447,2080,17338,796876,5.751],[37,1970,1445,1970,16891,780784,5.543],[38,1939,1414,1939,16312,759361,5.574],[39,1816,1329,1816,15690,735725,5.341],[40,1720,1311,1720,15342,722153,5.282],[41,1660,1268,1660,14902,704553,5.104],[42,1660,1268,1660,14104,671835,5.199],[43,1632,1266,1632,12695,612657,4.903],[44,1580,1214,1580,11168,546996,5.050],[45,1525,1170,1525,9724,483460,4.109],[46,1410,1101,1410,8847,443995,3.844],[47,1319,1055,1319,8405,423663,3.837],[48,1276,1010,1276,7947,402137,3.671],[49,1265,999,1265,7185,365561,3.646],[50,1229,963,1229,5975,306271,3.310],[51,1053,932,1053,4016,208321,3.037],[52,864,745,864,1966,103771,2.678],[53,560,442,560,718,38875,2.463],[54,352,289,352,341,18894,2.417],[55,264,201,264,200,11280,2.326],[56,223,160,223,107,6165,2.270],[57,203,140,203,65,3813,2.526],[58,156,94,156,44,2616,2.977],[59,156,93,156,31,1862,2.218],[60,130,67,130,23,1390,2.194],[61,126,64,126,10,610,2.207],[62,0,0,0,0,0,0.000]]}
        3.52 real         3.42 user         0.07 sys
           419184640  maximum resident set size
                   0  average shared memory size
                   0  average unshared data size
                   0  average unshared stack size
               25776  page reclaims
                   3  page faults
                   0  swaps
                   0  block input operations
                   0  block output operations
                   0  messages sent
                   0  messages received
                   0  signals received
                   3  voluntary context switches
                1715  involuntary context switches
         56149689385  instructions retired
         15041194486  cycles elapsed
           418792120  peak memory footprint
