$ /usr/bin/time -v /home/wenqianz/UNSW/pivoter/research/r1_skyline_index_20260918/build/chain_index_tool --bench research/r1_skyline_index_20260918/scale/cit-Patents_p20.edges /home/wenqianz/UNSW/pivoter/research/r1_skyline_index_20260918/cx/cit-Patents_p20.cx
{"passed":true,"n":753998,"m":660159,"s_max":14,"count_bits":64,"chains":48831,"canonical_nodes":47898,"max_depth":14,"pairs_total":69524,"runs_total":9573,"vertex_pairs":579398,"vertex_residue_cells":199143,"baseline_vertex_bytes":17742272,"bytes_map":336716,"bytes_chains":872968,"bytes_layers":1082546,"bytes_total":2292230,"file_bytes":2101284,"perm_bytes":3015992,"slice_bytes_layers":1427648,"slice_bytes_total":2698944,"solve_ms":70.224,"trees_ms":293.277,"chains_ms":5.100,"layout_ms":8.382,"build_ms":378.023,"compact_ms":0.767,"save_ms":1.268,"load_ms":0.471,"ti_ms":186.167,"ti_bytes":51047004,"rss_start":106237952,"rss_after_solve":176771072,"rss_after_chains":176771072,"rss_after_layout":176771072,"slice_range_own_ns":16451.828,"slice_range_half_ns":17720.771,"slice_range_root_ns":18151.236,"slice_explicit_own_ns":58554.254,"slice_explicit_half_ns":77114.557,"slice_explicit_root_ns":78222.473,"slice_own_ranges":3.573,"slice_half_ranges":4.018,"slice_root_ranges":4.908,"full_bytes_total":2627516,"full_bytes_layers":1417832,"full_range_own_ns":34.306,"full_range_half_ns":35.622,"full_range_root_ns":25.209,"full_explicit_own_ns":39084.904,"full_climb_own_ns":12.981,"full_climb_half_ns":14.700,"full_climb_root_ns":8.815,"full_ptr_own_ns":22.092,"full_ptr_half_ns":23.842,"full_ptr_root_ns":14.372,"full_value_ns":12.452,"climb_own_ns":17.397,"climb_half_ns":19.246,"climb_root_ns":13.464,"slice_climb_own_ns":13.200,"slice_climb_half_ns":14.875,"slice_climb_root_ns":7.784,"ptr_own_ns":25.666,"ptr_half_ns":27.374,"ptr_root_ns":15.496,"ptr_checksum":27625201972,"range_own_ns":38.012,"range_half_ns":39.536,"range_root_ns":28.808,"explicit_own_ns":39090.611,"explicit_half_ns":55585.520,"explicit_root_ns":56421.346,"own_output":221001.427,"half_output":303438.271,"root_output":308159.975,"own_ranges":3.573,"half_ranges":4.018,"root_ranges":4.908,"own_chains":3.573,"half_chains":4.018,"root_chains":4.908,"value_ns":12.653,"value_checksum":0}
	Command being timed: "/home/wenqianz/UNSW/pivoter/research/r1_skyline_index_20260918/build/chain_index_tool --bench research/r1_skyline_index_20260918/scale/cit-Patents_p20.edges /home/wenqianz/UNSW/pivoter/research/r1_skyline_index_20260918/cx/cit-Patents_p20.cx"
	User time (seconds): 38.68
	System time (seconds): 0.08
	Percent of CPU this job got: 99%
	Elapsed (wall clock) time (h:mm:ss or m:ss): 0:38.77
	Average shared text size (kbytes): 0
	Average unshared data size (kbytes): 0
	Average stack size (kbytes): 0
	Average total size (kbytes): 0
	Maximum resident set size (kbytes): 172628
	Average resident set size (kbytes): 0
	Major (requiring I/O) page faults: 0
	Minor (reclaiming a frame) page faults: 57038
	Voluntary context switches: 1
	Involuntary context switches: 61
	Swaps: 0
	File system inputs: 0
	File system outputs: 10008
	Socket messages sent: 0
	Socket messages received: 0
	Signals delivered: 0
	Page size (bytes): 4096
	Exit status: 0
