$ /usr/bin/time -v /home/wenqianz/UNSW/pivoter/research/r1_skyline_index_20260918/build/chain_index_tool --bench research/r1_skyline_index_20260918/scale/cit-Patents_p60.edges /home/wenqianz/UNSW/pivoter/research/r1_skyline_index_20260918/cx/cit-Patents_p60.cx
{"passed":true,"n":2263960,"m":5942946,"s_max":40,"count_bits":64,"chains":114266,"canonical_nodes":82952,"max_depth":66,"pairs_total":285433,"runs_total":106918,"vertex_pairs":3093566,"vertex_residue_cells":1917368,"baseline_vertex_bytes":73441964,"bytes_map":881572,"bytes_chains":2720892,"bytes_layers":2670254,"bytes_total":6272718,"file_bytes":5942622,"perm_bytes":9055840,"slice_bytes_layers":3132580,"slice_bytes_total":7715156,"solve_ms":1143.011,"trees_ms":2336.761,"chains_ms":13.606,"layout_ms":32.929,"build_ms":3529.532,"compact_ms":3.269,"save_ms":3.112,"load_ms":1.402,"ti_ms":2025.040,"ti_bytes":429829540,"rss_start":544776192,"rss_after_solve":721231872,"rss_after_chains":688435200,"rss_after_layout":688435200,"slice_range_own_ns":106206.532,"slice_range_half_ns":124900.090,"slice_range_root_ns":130975.398,"slice_explicit_own_ns":262407.304,"slice_explicit_half_ns":342337.676,"slice_explicit_root_ns":369207.597,"slice_own_ranges":1321.185,"slice_half_ranges":1650.188,"slice_root_ranges":1683.100,"full_bytes_total":6780776,"full_bytes_layers":3178312,"full_range_own_ns":548.478,"full_range_half_ns":688.675,"full_range_root_ns":686.524,"full_explicit_own_ns":145477.732,"full_climb_own_ns":14.083,"full_climb_half_ns":25.763,"full_climb_root_ns":10.993,"full_ptr_own_ns":21.115,"full_ptr_half_ns":29.483,"full_ptr_root_ns":14.072,"full_value_ns":18.513,"climb_own_ns":18.614,"climb_half_ns":31.101,"climb_root_ns":16.661,"slice_climb_own_ns":14.034,"slice_climb_half_ns":25.802,"slice_climb_root_ns":11.570,"ptr_own_ns":23.082,"ptr_half_ns":35.733,"ptr_root_ns":18.141,"ptr_checksum":128483462944,"range_own_ns":547.526,"range_half_ns":690.659,"range_root_ns":686.366,"explicit_own_ns":144566.130,"explicit_half_ns":202754.305,"explicit_root_ns":225224.720,"own_output":1091317.666,"half_output":1524574.913,"root_output":1706036.346,"own_ranges":1321.185,"half_ranges":1650.188,"root_ranges":1683.100,"own_chains":1321.185,"half_chains":1650.188,"root_chains":1683.100,"value_ns":18.825,"value_checksum":0}
	Command being timed: "/home/wenqianz/UNSW/pivoter/research/r1_skyline_index_20260918/build/chain_index_tool --bench research/r1_skyline_index_20260918/scale/cit-Patents_p60.edges /home/wenqianz/UNSW/pivoter/research/r1_skyline_index_20260918/cx/cit-Patents_p60.cx"
	User time (seconds): 172.57
	System time (seconds): 1.10
	Percent of CPU this job got: 99%
	Elapsed (wall clock) time (h:mm:ss or m:ss): 2:53.68
	Average shared text size (kbytes): 0
	Average unshared data size (kbytes): 0
	Average stack size (kbytes): 0
	Average total size (kbytes): 0
	Maximum resident set size (kbytes): 938696
	Average resident set size (kbytes): 0
	Major (requiring I/O) page faults: 0
	Minor (reclaiming a frame) page faults: 794826
	Voluntary context switches: 1
	Involuntary context switches: 328
	Swaps: 0
	File system inputs: 0
	File system outputs: 29296
	Socket messages sent: 0
	Socket messages received: 0
	Signals delivered: 0
	Page size (bytes): 4096
	Exit status: 0
