$ /usr/bin/time -v /home/wenqianz/UNSW/pivoter/research/r1_skyline_index_20260918/build/chain_index_tool --bench research/r1_skyline_index_20260918/scale/cit-Patents_p80.edges /home/wenqianz/UNSW/pivoter/research/r1_skyline_index_20260918/cx/cit-Patents_p80.cx
{"passed":true,"n":3019516,"m":10562496,"s_max":54,"count_bits":64,"chains":156824,"canonical_nodes":102349,"max_depth":98,"pairs_total":456216,"runs_total":175044,"vertex_pairs":4773537,"vertex_residue_cells":3178626,"baseline_vertex_bytes":107937520,"bytes_map":1193464,"bytes_chains":4123477,"bytes_layers":3646063,"bytes_total":8963004,"file_bytes":8555894,"perm_bytes":12078064,"slice_bytes_layers":4281240,"slice_bytes_total":11404152,"solve_ms":2547.887,"trees_ms":4206.864,"chains_ms":18.216,"layout_ms":56.162,"build_ms":6836.825,"compact_ms":5.126,"save_ms":4.827,"load_ms":2.032,"ti_ms":4372.713,"ti_bytes":815633332,"rss_start":988663808,"rss_after_solve":1230200832,"rss_after_chains":1183830016,"rss_after_layout":1183830016,"slice_range_own_ns":167658.698,"slice_range_half_ns":194127.902,"slice_range_root_ns":197421.989,"slice_explicit_own_ns":394309.402,"slice_explicit_half_ns":502614.706,"slice_explicit_root_ns":544194.994,"slice_own_ranges":2609.285,"slice_half_ranges":3214.661,"slice_root_ranges":3621.397,"full_bytes_total":9583489,"full_bytes_layers":4266548,"full_range_own_ns":1048.852,"full_range_half_ns":1298.455,"full_range_root_ns":1440.424,"full_explicit_own_ns":214113.338,"full_climb_own_ns":14.623,"full_climb_half_ns":27.044,"full_climb_root_ns":11.716,"full_ptr_own_ns":21.502,"full_ptr_half_ns":33.134,"full_ptr_root_ns":15.352,"full_value_ns":20.523,"climb_own_ns":19.314,"climb_half_ns":34.414,"climb_root_ns":18.007,"slice_climb_own_ns":14.290,"slice_climb_half_ns":27.156,"slice_climb_root_ns":13.266,"ptr_own_ns":23.463,"ptr_half_ns":39.293,"ptr_root_ns":19.644,"ptr_checksum":68357468262,"range_own_ns":1049.589,"range_half_ns":1301.535,"range_root_ns":1437.849,"explicit_own_ns":213287.941,"explicit_half_ns":291377.576,"explicit_root_ns":322803.522,"own_output":1535981.371,"half_output":2096844.596,"root_output":2330983.777,"own_ranges":2609.285,"half_ranges":3214.661,"root_ranges":3621.397,"own_chains":2609.285,"half_chains":3214.661,"root_chains":3621.397,"value_ns":20.256,"value_checksum":0}
	Command being timed: "/home/wenqianz/UNSW/pivoter/research/r1_skyline_index_20260918/build/chain_index_tool --bench research/r1_skyline_index_20260918/scale/cit-Patents_p80.edges /home/wenqianz/UNSW/pivoter/research/r1_skyline_index_20260918/cx/cit-Patents_p80.cx"
	User time (seconds): 259.37
	System time (seconds): 3.02
	Percent of CPU this job got: 99%
	Elapsed (wall clock) time (h:mm:ss or m:ss): 4:22.41
	Average shared text size (kbytes): 0
	Average unshared data size (kbytes): 0
	Average stack size (kbytes): 0
	Average total size (kbytes): 0
	Maximum resident set size (kbytes): 1611536
	Average resident set size (kbytes): 0
	Major (requiring I/O) page faults: 0
	Minor (reclaiming a frame) page faults: 1501644
	Voluntary context switches: 1
	Involuntary context switches: 486
	Swaps: 0
	File system inputs: 0
	File system outputs: 40304
	Socket messages sent: 0
	Socket messages received: 0
	Signals delivered: 0
	Page size (bytes): 4096
	Exit status: 0
