$ /usr/bin/time -v /home/wenqianz/UNSW/pivoter/research/r1_skyline_index_20260918/build/chain_index_tool --bench research/r1_skyline_index_20260918/scale/web-BerkStan_p20.edges /home/wenqianz/UNSW/pivoter/research/r1_skyline_index_20260918/cx/web-BerkStan_p20.cx
{"passed":true,"n":136792,"m":256508,"s_max":45,"count_bits":64,"chains":12301,"canonical_nodes":17470,"max_depth":41,"pairs_total":21256,"runs_total":4287,"vertex_pairs":266276,"vertex_residue_cells":34698,"baseline_vertex_bytes":4672292,"bytes_map":74868,"bytes_chains":237123,"bytes_layers":415331,"bytes_total":727322,"file_bytes":659359,"perm_bytes":547168,"slice_bytes_layers":504304,"slice_bytes_total":837776,"solve_ms":66.206,"trees_ms":98.255,"chains_ms":0.761,"layout_ms":2.971,"build_ms":168.538,"compact_ms":0.312,"save_ms":0.851,"load_ms":0.187,"ti_ms":41.982,"ti_bytes":12158608,"rss_start":23568384,"rss_after_solve":42000384,"rss_after_chains":42000384,"rss_after_layout":42000384,"slice_range_own_ns":556.324,"slice_range_half_ns":584.334,"slice_range_root_ns":666.962,"slice_explicit_own_ns":2072.351,"slice_explicit_half_ns":2512.109,"slice_explicit_root_ns":2760.790,"slice_own_ranges":4.618,"slice_half_ranges":4.853,"slice_root_ranges":4.620,"full_bytes_total":835799,"full_bytes_layers":523808,"full_range_own_ns":39.632,"full_range_half_ns":46.657,"full_range_root_ns":33.479,"full_explicit_own_ns":1527.572,"full_climb_own_ns":12.188,"full_climb_half_ns":18.798,"full_climb_root_ns":9.588,"full_ptr_own_ns":21.373,"full_ptr_half_ns":27.107,"full_ptr_root_ns":13.752,"full_value_ns":13.902,"climb_own_ns":17.036,"climb_half_ns":24.625,"climb_root_ns":13.401,"slice_climb_own_ns":12.351,"slice_climb_half_ns":19.060,"slice_climb_root_ns":9.700,"ptr_own_ns":21.326,"ptr_half_ns":30.578,"ptr_root_ns":19.315,"ptr_checksum":3825104966,"range_own_ns":38.221,"range_half_ns":46.405,"range_root_ns":32.022,"explicit_own_ns":1525.182,"explicit_half_ns":1883.154,"explicit_root_ns":2089.092,"own_output":9595.173,"half_output":11780.791,"root_output":13154.578,"own_ranges":4.618,"half_ranges":4.853,"root_ranges":4.620,"own_chains":4.618,"half_chains":4.853,"root_chains":4.620,"value_ns":14.026,"value_checksum":0}
	Command being timed: "/home/wenqianz/UNSW/pivoter/research/r1_skyline_index_20260918/build/chain_index_tool --bench research/r1_skyline_index_20260918/scale/web-BerkStan_p20.edges /home/wenqianz/UNSW/pivoter/research/r1_skyline_index_20260918/cx/web-BerkStan_p20.cx"
	User time (seconds): 1.73
	System time (seconds): 0.03
	Percent of CPU this job got: 100%
	Elapsed (wall clock) time (h:mm:ss or m:ss): 0:01.76
	Average shared text size (kbytes): 0
	Average unshared data size (kbytes): 0
	Average stack size (kbytes): 0
	Average total size (kbytes): 0
	Maximum resident set size (kbytes): 41204
	Average resident set size (kbytes): 0
	Major (requiring I/O) page faults: 0
	Minor (reclaiming a frame) page faults: 14927
	Voluntary context switches: 1
	Involuntary context switches: 4
	Swaps: 0
	File system inputs: 0
	File system outputs: 2360
	Socket messages sent: 0
	Socket messages received: 0
	Signals delivered: 0
	Page size (bytes): 4096
	Exit status: 0
