$ /usr/bin/time -v /home/wenqianz/UNSW/pivoter/research/r1_skyline_index_20260918/build/chain_index_tool --bench research/r1_skyline_index_20260918/scale/web-BerkStan_p60.edges /home/wenqianz/UNSW/pivoter/research/r1_skyline_index_20260918/cx/web-BerkStan_p60.cx
{"passed":true,"n":411236,"m":2418981,"s_max":134,"count_bits":256,"chains":29958,"canonical_nodes":66414,"max_depth":971,"pairs_total":150361,"runs_total":81020,"vertex_pairs":2169665,"vertex_residue_cells":1036379,"baseline_vertex_bytes":59200980,"bytes_map":196952,"bytes_chains":1371080,"bytes_layers":2296296,"bytes_total":3864328,"file_bytes":3604238,"perm_bytes":1644944,"slice_bytes_layers":2195380,"slice_bytes_total":4054096,"solve_ms":8572.547,"trees_ms":2066.451,"chains_ms":3.131,"layout_ms":28.294,"build_ms":10673.106,"compact_ms":2.060,"save_ms":2.260,"load_ms":0.980,"ti_ms":766.903,"ti_bytes":128091468,"rss_start":195743744,"rss_after_solve":251555840,"rss_after_chains":251555840,"rss_after_layout":251555840,"slice_range_own_ns":8121.384,"slice_range_half_ns":9417.211,"slice_range_root_ns":9994.247,"slice_explicit_own_ns":18135.637,"slice_explicit_half_ns":21887.913,"slice_explicit_root_ns":24099.184,"slice_own_ranges":420.913,"slice_half_ranges":453.802,"slice_root_ranges":511.638,"full_bytes_total":4076848,"full_bytes_layers":2508816,"full_range_own_ns":197.264,"full_range_half_ns":237.514,"full_range_root_ns":228.249,"full_explicit_own_ns":9218.823,"full_climb_own_ns":14.420,"full_climb_half_ns":38.712,"full_climb_root_ns":16.583,"full_ptr_own_ns":23.185,"full_ptr_half_ns":48.507,"full_ptr_root_ns":19.851,"full_value_ns":21.727,"climb_own_ns":21.524,"climb_half_ns":46.074,"climb_root_ns":20.704,"slice_climb_own_ns":14.096,"slice_climb_half_ns":39.558,"slice_climb_root_ns":12.783,"ptr_own_ns":27.700,"ptr_half_ns":54.208,"ptr_root_ns":23.722,"ptr_checksum":6692478592,"range_own_ns":196.007,"range_half_ns":240.756,"range_root_ns":227.705,"explicit_own_ns":9205.035,"explicit_half_ns":11511.073,"explicit_root_ns":12993.485,"own_output":83392.180,"half_output":104221.934,"root_output":115644.272,"own_ranges":420.913,"half_ranges":453.802,"root_ranges":511.638,"own_chains":420.913,"half_chains":453.802,"root_chains":511.638,"value_ns":21.516,"value_checksum":0}
	Command being timed: "/home/wenqianz/UNSW/pivoter/research/r1_skyline_index_20260918/build/chain_index_tool --bench research/r1_skyline_index_20260918/scale/web-BerkStan_p60.edges /home/wenqianz/UNSW/pivoter/research/r1_skyline_index_20260918/cx/web-BerkStan_p60.cx"
	User time (seconds): 19.06
	System time (seconds): 4.49
	Percent of CPU this job got: 99%
	Elapsed (wall clock) time (h:mm:ss or m:ss): 0:23.56
	Average shared text size (kbytes): 0
	Average unshared data size (kbytes): 0
	Average stack size (kbytes): 0
	Average total size (kbytes): 0
	Maximum resident set size (kbytes): 382684
	Average resident set size (kbytes): 0
	Major (requiring I/O) page faults: 0
	Minor (reclaiming a frame) page faults: 3351068
	Voluntary context switches: 1
	Involuntary context switches: 46
	Swaps: 0
	File system inputs: 0
	File system outputs: 10256
	Socket messages sent: 0
	Socket messages received: 0
	Signals delivered: 0
	Page size (bytes): 4096
	Exit status: 0
