$ /usr/bin/time -v /home/wenqianz/UNSW/pivoter/research/r1_skyline_index_20260918/build/chain_index_tool --bench research/r1_skyline_index_20260918/scale/web-BerkStan_p40.edges /home/wenqianz/UNSW/pivoter/research/r1_skyline_index_20260918/cx/web-BerkStan_p40.cx
{"passed":true,"n":274384,"m":1069804,"s_max":87,"count_bits":128,"chains":23630,"canonical_nodes":40500,"max_depth":250,"pairs_total":68595,"runs_total":26228,"vertex_pairs":1010108,"vertex_residue_cells":308012,"baseline_vertex_bytes":17984444,"bytes_map":145984,"bytes_chains":624467,"bytes_layers":1152004,"bytes_total":1922455,"file_bytes":1764094,"perm_bytes":1097536,"slice_bytes_layers":1246380,"slice_bytes_total":2166704,"solve_ms":631.689,"trees_ms":575.696,"chains_ms":1.787,"layout_ms":11.110,"build_ms":1221.470,"compact_ms":0.975,"save_ms":1.044,"load_ms":0.486,"ti_ms":239.144,"ti_bytes":48556132,"rss_start":83959808,"rss_after_solve":130433024,"rss_after_chains":130433024,"rss_after_layout":130433024,"slice_range_own_ns":2893.727,"slice_range_half_ns":3418.892,"slice_range_root_ns":3633.060,"slice_explicit_own_ns":6392.052,"slice_explicit_half_ns":7741.858,"slice_explicit_root_ns":8938.225,"slice_own_ranges":107.365,"slice_half_ranges":124.811,"slice_root_ranges":162.443,"full_bytes_total":2114963,"full_bytes_layers":1344512,"full_range_own_ns":86.218,"full_range_half_ns":109.728,"full_range_root_ns":98.629,"full_explicit_own_ns":3312.225,"full_climb_own_ns":15.215,"full_climb_half_ns":30.663,"full_climb_root_ns":15.103,"full_ptr_own_ns":24.623,"full_ptr_half_ns":40.568,"full_ptr_root_ns":18.765,"full_value_ns":18.778,"climb_own_ns":21.043,"climb_half_ns":37.240,"climb_root_ns":19.897,"slice_climb_own_ns":15.269,"slice_climb_half_ns":30.626,"slice_climb_root_ns":15.621,"ptr_own_ns":26.692,"ptr_half_ns":43.695,"ptr_root_ns":22.295,"ptr_checksum":2425545840,"range_own_ns":84.748,"range_half_ns":110.937,"range_root_ns":99.043,"explicit_own_ns":3324.285,"explicit_half_ns":4144.810,"explicit_root_ns":4933.318,"own_output":36511.505,"half_output":45894.686,"root_output":54073.280,"own_ranges":107.365,"half_ranges":124.811,"root_ranges":162.443,"own_chains":107.365,"half_chains":124.811,"root_chains":162.443,"value_ns":19.018,"value_checksum":0}
	Command being timed: "/home/wenqianz/UNSW/pivoter/research/r1_skyline_index_20260918/build/chain_index_tool --bench research/r1_skyline_index_20260918/scale/web-BerkStan_p40.edges /home/wenqianz/UNSW/pivoter/research/r1_skyline_index_20260918/cx/web-BerkStan_p40.cx"
	User time (seconds): 5.88
	System time (seconds): 0.08
	Percent of CPU this job got: 99%
	Elapsed (wall clock) time (h:mm:ss or m:ss): 0:05.96
	Average shared text size (kbytes): 0
	Average unshared data size (kbytes): 0
	Average stack size (kbytes): 0
	Average total size (kbytes): 0
	Maximum resident set size (kbytes): 127376
	Average resident set size (kbytes): 0
	Major (requiring I/O) page faults: 0
	Minor (reclaiming a frame) page faults: 39290
	Voluntary context switches: 1
	Involuntary context switches: 12
	Swaps: 0
	File system inputs: 0
	File system outputs: 5592
	Socket messages sent: 0
	Socket messages received: 0
	Signals delivered: 0
	Page size (bytes): 4096
	Exit status: 0
