$ /usr/bin/time -v /home/wenqianz/UNSW/pivoter/research/r1_skyline_index_20260918/build/chain_index_tool --bench research/r1_skyline_index_20260918/scale/web-BerkStan_p80.edges /home/wenqianz/UNSW/pivoter/research/r1_skyline_index_20260918/cx/web-BerkStan_p80.cx
{"passed":true,"n":548210,"m":4185189,"s_max":167,"count_bits":256,"chains":37078,"canonical_nodes":98433,"max_depth":1779,"pairs_total":251562,"runs_total":148086,"vertex_pairs":3594929,"vertex_residue_cells":1912345,"baseline_vertex_bytes":101960476,"bytes_map":251112,"bytes_chains":2295674,"bytes_layers":3713127,"bytes_total":6259913,"file_bytes":5873100,"perm_bytes":2192840,"slice_bytes_layers":3368640,"slice_bytes_total":6387856,"solve_ms":20984.556,"trees_ms":4407.402,"chains_ms":5.335,"layout_ms":50.019,"build_ms":25451.688,"compact_ms":3.313,"save_ms":3.228,"load_ms":1.617,"ti_ms":1660.071,"ti_bytes":274354152,"rss_start":381362176,"rss_after_solve":473812992,"rss_after_chains":473812992,"rss_after_layout":473812992,"slice_range_own_ns":16399.542,"slice_range_half_ns":18985.747,"slice_range_root_ns":22521.307,"slice_explicit_own_ns":44316.923,"slice_explicit_half_ns":54098.353,"slice_explicit_root_ns":65829.169,"slice_own_ranges":861.658,"slice_half_ranges":926.618,"slice_root_ranges":1209.248,"full_bytes_total":6488926,"full_bytes_layers":3942140,"full_range_own_ns":378.982,"full_range_half_ns":443.492,"full_range_root_ns":517.962,"full_explicit_own_ns":26487.164,"full_climb_own_ns":15.012,"full_climb_half_ns":45.081,"full_climb_root_ns":15.381,"full_ptr_own_ns":23.059,"full_ptr_half_ns":55.223,"full_ptr_root_ns":20.328,"full_value_ns":23.261,"climb_own_ns":21.451,"climb_half_ns":52.987,"climb_root_ns":22.027,"slice_climb_own_ns":14.466,"slice_climb_half_ns":45.309,"slice_climb_root_ns":16.995,"ptr_own_ns":27.601,"ptr_half_ns":61.524,"ptr_root_ns":24.636,"ptr_checksum":5305318162,"range_own_ns":374.670,"range_half_ns":442.432,"range_root_ns":514.776,"explicit_own_ns":26392.948,"explicit_half_ns":33486.716,"explicit_root_ns":41349.081,"own_output":134647.618,"half_output":168533.587,"root_output":206169.249,"own_ranges":861.658,"half_ranges":926.618,"root_ranges":1209.248,"own_chains":861.658,"half_chains":926.618,"root_chains":1209.248,"value_ns":23.055,"value_checksum":0}
	Command being timed: "/home/wenqianz/UNSW/pivoter/research/r1_skyline_index_20260918/build/chain_index_tool --bench research/r1_skyline_index_20260918/scale/web-BerkStan_p80.edges /home/wenqianz/UNSW/pivoter/research/r1_skyline_index_20260918/cx/web-BerkStan_p80.cx"
	User time (seconds): 45.50
	System time (seconds): 11.05
	Percent of CPU this job got: 99%
	Elapsed (wall clock) time (h:mm:ss or m:ss): 0:56.56
	Average shared text size (kbytes): 0
	Average unshared data size (kbytes): 0
	Average stack size (kbytes): 0
	Average total size (kbytes): 0
	Maximum resident set size (kbytes): 708932
	Average resident set size (kbytes): 0
	Major (requiring I/O) page faults: 0
	Minor (reclaiming a frame) page faults: 8228444
	Voluntary context switches: 1
	Involuntary context switches: 143
	Swaps: 0
	File system inputs: 0
	File system outputs: 15760
	Socket messages sent: 0
	Socket messages received: 0
	Signals delivered: 0
	Page size (bytes): 4096
	Exit status: 0
