$ CHAIN_SOLVER=terminal CHAIN_TREEPASS=old /usr/bin/time -l /Users/zhangwenqian/UNSW/pivoter/research/r1_skyline_index_20260918/build/chain_index_tool --build-only /Users/zhangwenqian/UNSW/pivoter/graphs/amazon0302.edges
{"n":262111,"solver":"terminal","treepass":"old","count_bits":64,"chains":40867,"canonical_nodes":65134,"index_bytes":3081868,"build_form_bytes":3875704,"compact_ms":0.881875,"bytes_map":212628,"bytes_chains":1122338,"bytes_layers":1746902,"ti_ms":106.237,"ti_bytes":29625400,"rss_loaded":34897920,"rss_with_ti":78544896,"rss_start":78561280,"rss_after_solve":131563520,"rss_after_chains":131612672,"rss_after_layout":131923968,"solve_ms":81.77,"trees_ms":178.112,"chains_ms":0.903,"layout_ms":7.33508,"build_ms":268.787}
        0.62 real         0.60 user         0.01 sys
           131989504  maximum resident set size
                   0  average shared memory size
                   0  average unshared data size
                   0  average unshared stack size
                8250  page reclaims
                   1  page faults
                   0  swaps
                   0  block input operations
                   0  block output operations
                   0  messages sent
                   0  messages received
                   0  signals received
                   0  voluntary context switches
                 211  involuntary context switches
          7906556700  instructions retired
          2646948747  cycles elapsed
           131351008  peak memory footprint
