$ CHAIN_SOLVER=tail CHAIN_TREEPASS=old /usr/bin/time -l /Users/zhangwenqian/UNSW/pivoter/research/r1_skyline_index_20260918/build/chain_index_tool --build-only /Users/zhangwenqian/UNSW/pivoter/graphs/amazon-copurchase.edges
{"n":548552,"solver":"tail","treepass":"old","count_bits":64,"chains":56315,"canonical_nodes":86798,"index_bytes":3975343,"build_form_bytes":4840472,"compact_ms":1.1295,"bytes_map":328132,"bytes_chains":1385981,"bytes_layers":2261230,"ti_ms":110.992,"ti_bytes":34704420,"rss_loaded":49692672,"rss_with_ti":109756416,"rss_start":109772800,"rss_after_solve":163643392,"rss_after_chains":163725312,"rss_after_layout":164347904,"solve_ms":62.3699,"trees_ms":197.038,"chains_ms":1.76321,"layout_ms":8.53417,"build_ms":270.496}
        0.70 real         0.68 user         0.01 sys
           164446208  maximum resident set size
                   0  average shared memory size
                   0  average unshared data size
                   0  average unshared stack size
               10231  page reclaims
                   1  page faults
                   0  swaps
                   0  block input operations
                   0  block output operations
                   0  messages sent
                   0  messages received
                   0  signals received
                   0  voluntary context switches
                 237  involuntary context switches
          8793287196  instructions retired
          2989985133  cycles elapsed
           163824144  peak memory footprint
