$ CHAIN_SOLVER=terminal CHAIN_TREEPASS=fast /usr/bin/time -l /Users/zhangwenqian/UNSW/pivoter/research/r1_skyline_index_20260918/build/chain_index_tool --build-only /Users/zhangwenqian/UNSW/pivoter/graphs/amazon-copurchase.edges
{"n":548552,"solver":"terminal","treepass":"fast","count_bits":64,"chains":56315,"canonical_nodes":86798,"index_bytes":3975343,"build_form_bytes":4840472,"compact_ms":1.11938,"bytes_map":328132,"bytes_chains":1385981,"bytes_layers":2261230,"ti_ms":108.824,"ti_bytes":34704420,"rss_loaded":49692672,"rss_with_ti":109772800,"rss_start":109789184,"rss_after_solve":165478400,"rss_after_chains":165478400,"rss_after_layout":165953536,"solve_ms":63.1785,"trees_ms":147.737,"chains_ms":1.7785,"layout_ms":8.65571,"build_ms":223.161}
        0.64 real         0.62 user         0.01 sys
           166084608  maximum resident set size
                   0  average shared memory size
                   0  average unshared data size
                   0  average unshared stack size
               10331  page reclaims
                   1  page faults
                   0  swaps
                   0  block input operations
                   0  block output operations
                   0  messages sent
                   0  messages received
                   0  signals received
                   0  voluntary context switches
                 210  involuntary context switches
          8620939504  instructions retired
          2766185648  cycles elapsed
           165495336  peak memory footprint
