$ CHAIN_SOLVER=terminal CHAIN_TREEPASS=fast /usr/bin/time -l /Users/zhangwenqian/UNSW/pivoter/research/r1_skyline_index_20260918/build/chain_index_tool --build-only /Users/zhangwenqian/UNSW/pivoter/graphs/amazon0302.edges
{"n":262111,"solver":"terminal","treepass":"fast","count_bits":64,"chains":40867,"canonical_nodes":65134,"index_bytes":3081868,"build_form_bytes":3875704,"compact_ms":0.88575,"bytes_map":212628,"bytes_chains":1122338,"bytes_layers":1746902,"ti_ms":103.027,"ti_bytes":29625400,"rss_loaded":35930112,"rss_with_ti":79577088,"rss_start":79593472,"rss_after_solve":117964800,"rss_after_chains":119242752,"rss_after_layout":119996416,"solve_ms":79.0051,"trees_ms":137.835,"chains_ms":1.55183,"layout_ms":7.65375,"build_ms":227.351}
        0.57 real         0.55 user         0.01 sys
           120078336  maximum resident set size
                   0  average shared memory size
                   0  average unshared data size
                   0  average unshared stack size
                7523  page reclaims
                   1  page faults
                   0  swaps
                   0  block input operations
                   0  block output operations
                   0  messages sent
                   0  messages received
                   0  signals received
                   0  voluntary context switches
                 161  involuntary context switches
          7722149783  instructions retired
          2461102549  cycles elapsed
           119423432  peak memory footprint
