$ CHAIN_SOLVER=terminal CHAIN_TREEPASS=fast /usr/bin/time -l /Users/zhangwenqian/UNSW/pivoter/research/r1_skyline_index_20260918/build/chain_index_tool --build-only /Users/zhangwenqian/UNSW/pivoter/graphs/amazon0302.edges
{"n":262111,"solver":"terminal","treepass":"fast","count_bits":64,"chains":40867,"canonical_nodes":65134,"index_bytes":3081868,"build_form_bytes":3875704,"compact_ms":0.904791,"bytes_map":212628,"bytes_chains":1122338,"bytes_layers":1746902,"ti_ms":110.699,"ti_bytes":29625400,"rss_loaded":35930112,"rss_with_ti":79560704,"rss_start":79577088,"rss_after_solve":117882880,"rss_after_chains":117932032,"rss_after_layout":118718464,"solve_ms":80.7251,"trees_ms":145.618,"chains_ms":0.911583,"layout_ms":7.54592,"build_ms":236.109}
        0.59 real         0.57 user         0.01 sys
           118833152  maximum resident set size
                   0  average shared memory size
                   0  average unshared data size
                   0  average unshared stack size
                7447  page reclaims
                   1  page faults
                   0  swaps
                   0  block input operations
                   0  block output operations
                   0  messages sent
                   0  messages received
                   0  signals received
                   0  voluntary context switches
                 231  involuntary context switches
          7706745275  instructions retired
          2508277188  cycles elapsed
           118178248  peak memory footprint
