$ CHAIN_SOLVER=tail CHAIN_TREEPASS=old /usr/bin/time -l /Users/zhangwenqian/UNSW/pivoter/research/r1_skyline_index_20260918/build/chain_index_tool --build-only /Users/zhangwenqian/UNSW/pivoter/graphs/amazon0302.edges
{"n":262111,"solver":"tail","treepass":"old","count_bits":64,"chains":40867,"canonical_nodes":65134,"index_bytes":3081868,"build_form_bytes":3875704,"compact_ms":0.952917,"bytes_map":212628,"bytes_chains":1122338,"bytes_layers":1746902,"ti_ms":105.652,"ti_bytes":29625400,"rss_loaded":35930112,"rss_with_ti":79577088,"rss_start":79593472,"rss_after_solve":130564096,"rss_after_chains":130580480,"rss_after_layout":131153920,"solve_ms":77.5022,"trees_ms":172.418,"chains_ms":0.902458,"layout_ms":7.08508,"build_ms":258.466}
        0.61 real         0.59 user         0.01 sys
           131235840  maximum resident set size
                   0  average shared memory size
                   0  average unshared data size
                   0  average unshared stack size
                8204  page reclaims
                   1  page faults
                   0  swaps
                   0  block input operations
                   0  block output operations
                   0  messages sent
                   0  messages received
                   0  signals received
                   0  voluntary context switches
                 195  involuntary context switches
          7823926496  instructions retired
          2608832373  cycles elapsed
           130580960  peak memory footprint
