$ CHAIN_SOLVER=tail CHAIN_TREEPASS=old /usr/bin/time -l /Users/zhangwenqian/UNSW/pivoter/research/r1_skyline_index_20260918/build/chain_index_tool --build-only /Users/zhangwenqian/UNSW/pivoter/graphs/amazon-copurchase.edges
{"n":548552,"solver":"tail","treepass":"old","count_bits":64,"chains":56315,"canonical_nodes":86798,"index_bytes":3975343,"build_form_bytes":4840472,"compact_ms":1.21483,"bytes_map":328132,"bytes_chains":1385981,"bytes_layers":2261230,"ti_ms":132.191,"ti_bytes":34704420,"rss_loaded":49692672,"rss_with_ti":109772800,"rss_start":109789184,"rss_after_solve":162988032,"rss_after_chains":163069952,"rss_after_layout":163823616,"solve_ms":67.5143,"trees_ms":212.592,"chains_ms":1.85742,"layout_ms":9.59154,"build_ms":292.579}
        0.76 real         0.74 user         0.01 sys
           163938304  maximum resident set size
                   0  average shared memory size
                   0  average unshared data size
                   0  average unshared stack size
               10200  page reclaims
                   1  page faults
                   0  swaps
                   0  block input operations
                   0  block output operations
                   0  messages sent
                   0  messages received
                   0  signals received
                   0  voluntary context switches
                 254  involuntary context switches
          8804587301  instructions retired
          3044512321  cycles elapsed
           163316240  peak memory footprint
