$ CHAIN_SOLVER=terminal CHAIN_TREEPASS=old /usr/bin/time -l /Users/zhangwenqian/UNSW/pivoter/research/r1_skyline_index_20260918/build/chain_index_tool --build-only /Users/zhangwenqian/UNSW/pivoter/graphs/amazon-copurchase.edges
{"n":548552,"solver":"terminal","treepass":"old","count_bits":64,"chains":56315,"canonical_nodes":86798,"index_bytes":3975343,"build_form_bytes":4840472,"compact_ms":1.29963,"bytes_map":328132,"bytes_chains":1385981,"bytes_layers":2261230,"ti_ms":145.461,"ti_bytes":34704420,"rss_loaded":49692672,"rss_with_ti":109772800,"rss_start":109789184,"rss_after_solve":165003264,"rss_after_chains":165019648,"rss_after_layout":167346176,"solve_ms":73.9095,"trees_ms":223.689,"chains_ms":1.90275,"layout_ms":10.8592,"build_ms":311.315}
        0.82 real         0.78 user         0.02 sys
           167460864  maximum resident set size
                   0  average shared memory size
                   0  average unshared data size
                   0  average unshared stack size
               10415  page reclaims
                   1  page faults
                   0  swaps
                   0  block input operations
                   0  block output operations
                   0  messages sent
                   0  messages received
                   0  signals received
                   0  voluntary context switches
                1109  involuntary context switches
          8910533575  instructions retired
          3181447374  cycles elapsed
           166871592  peak memory footprint
