$ CHAIN_SOLVER=tail CHAIN_TREEPASS=old /usr/bin/time -l /Users/zhangwenqian/UNSW/pivoter/research/r1_skyline_index_20260918/build/chain_index_tool --build-only /Users/zhangwenqian/UNSW/pivoter/graphs/amazon-copurchase.edges
{"n":548552,"solver":"tail","treepass":"old","count_bits":64,"chains":56315,"canonical_nodes":86798,"index_bytes":3975343,"build_form_bytes":4840472,"compact_ms":1.13133,"bytes_map":328132,"bytes_chains":1385981,"bytes_layers":2261230,"ti_ms":113.293,"ti_bytes":34704420,"rss_loaded":49692672,"rss_with_ti":109756416,"rss_start":109772800,"rss_after_solve":162381824,"rss_after_chains":162447360,"rss_after_layout":163119104,"solve_ms":66.2401,"trees_ms":201.137,"chains_ms":1.74429,"layout_ms":8.74875,"build_ms":278.652}
        0.70 real         0.68 user         0.01 sys
           163217408  maximum resident set size
                   0  average shared memory size
                   0  average unshared data size
                   0  average unshared stack size
               10156  page reclaims
                   1  page faults
                   0  swaps
                   0  block input operations
                   0  block output operations
                   0  messages sent
                   0  messages received
                   0  signals received
                   0  voluntary context switches
                 407  involuntary context switches
          8785229938  instructions retired
          3007130692  cycles elapsed
           162595344  peak memory footprint
