$ CHAIN_SOLVER=tail CHAIN_TREEPASS=old /usr/bin/time -l /Users/zhangwenqian/UNSW/pivoter/research/r1_skyline_index_20260918/build/chain_index_tool --build-only /Users/zhangwenqian/UNSW/pivoter/graphs/amazon0302.edges
{"n":262111,"solver":"tail","treepass":"old","count_bits":64,"chains":40867,"canonical_nodes":65134,"index_bytes":3081868,"build_form_bytes":3875704,"compact_ms":0.900792,"bytes_map":212628,"bytes_chains":1122338,"bytes_layers":1746902,"ti_ms":111.733,"ti_bytes":29625400,"rss_loaded":38043648,"rss_with_ti":81723392,"rss_start":81739776,"rss_after_solve":130187264,"rss_after_chains":130203648,"rss_after_layout":130760704,"solve_ms":81.3583,"trees_ms":180.631,"chains_ms":0.8845,"layout_ms":7.47412,"build_ms":270.933}
        0.63 real         0.61 user         0.01 sys
           130826240  maximum resident set size
                   0  average shared memory size
                   0  average unshared data size
                   0  average unshared stack size
                8179  page reclaims
                   1  page faults
                   0  swaps
                   0  block input operations
                   0  block output operations
                   0  messages sent
                   0  messages received
                   0  signals received
                   0  voluntary context switches
                 187  involuntary context switches
          7826576529  instructions retired
          2629394063  cycles elapsed
           130154952  peak memory footprint
