$ CHAIN_SOLVER=tail CHAIN_TREEPASS=fast /usr/bin/time -l /Users/zhangwenqian/UNSW/pivoter/research/r1_skyline_index_20260918/build/chain_index_tool --build-only /Users/zhangwenqian/UNSW/pivoter/graphs/amazon-copurchase.edges
{"n":548552,"solver":"tail","treepass":"fast","count_bits":64,"chains":56315,"canonical_nodes":86798,"index_bytes":3975343,"build_form_bytes":4840472,"compact_ms":1.13033,"bytes_map":328132,"bytes_chains":1385981,"bytes_layers":2261230,"ti_ms":114.735,"ti_bytes":34704420,"rss_loaded":49692672,"rss_with_ti":109772800,"rss_start":109789184,"rss_after_solve":165363712,"rss_after_chains":165429248,"rss_after_layout":166281216,"solve_ms":64.2225,"trees_ms":149.132,"chains_ms":1.73179,"layout_ms":8.71529,"build_ms":225.912}
        0.65 real         0.63 user         0.01 sys
           166379520  maximum resident set size
                   0  average shared memory size
                   0  average unshared data size
                   0  average unshared stack size
               10349  page reclaims
                   1  page faults
                   0  swaps
                   0  block input operations
                   0  block output operations
                   0  messages sent
                   0  messages received
                   0  signals received
                   0  voluntary context switches
                 188  involuntary context switches
          8546077713  instructions retired
          2801493077  cycles elapsed
           165773864  peak memory footprint
