$ CHAIN_SOLVER=tail CHAIN_TREEPASS=fast /usr/bin/time -l /Users/zhangwenqian/UNSW/pivoter/research/r1_skyline_index_20260918/build/chain_index_tool --build-only /Users/zhangwenqian/UNSW/pivoter/graphs/amazon-copurchase.edges
{"n":548552,"solver":"tail","treepass":"fast","count_bits":64,"chains":56315,"canonical_nodes":86798,"index_bytes":3975343,"build_form_bytes":4840472,"compact_ms":1.31979,"bytes_map":328132,"bytes_chains":1385981,"bytes_layers":2261230,"ti_ms":114.543,"ti_bytes":34704420,"rss_loaded":49692672,"rss_with_ti":109772800,"rss_start":109789184,"rss_after_solve":165347328,"rss_after_chains":165412864,"rss_after_layout":166297600,"solve_ms":65.4237,"trees_ms":149.509,"chains_ms":1.75592,"layout_ms":8.56375,"build_ms":227.583}
        0.66 real         0.63 user         0.01 sys
           166985728  maximum resident set size
                   0  average shared memory size
                   0  average unshared data size
                   0  average unshared stack size
               10386  page reclaims
                   1  page faults
                   0  swaps
                   0  block input operations
                   0  block output operations
                   0  messages sent
                   0  messages received
                   0  signals received
                   0  voluntary context switches
                 209  involuntary context switches
          8559128418  instructions retired
          2820763909  cycles elapsed
           166380072  peak memory footprint
