$ CHAIN_SOLVER=tail CHAIN_TREEPASS=fast /usr/bin/time -l /Users/zhangwenqian/UNSW/pivoter/research/r1_skyline_index_20260918/build/chain_index_tool --build-only /Users/zhangwenqian/UNSW/pivoter/graphs/amazon0302.edges
{"n":262111,"solver":"tail","treepass":"fast","count_bits":64,"chains":40867,"canonical_nodes":65134,"index_bytes":3081868,"build_form_bytes":3875704,"compact_ms":0.884792,"bytes_map":212628,"bytes_chains":1122338,"bytes_layers":1746902,"ti_ms":105.067,"ti_bytes":29625400,"rss_loaded":35930112,"rss_with_ti":80642048,"rss_start":80658432,"rss_after_solve":118423552,"rss_after_chains":118702080,"rss_after_layout":119783424,"solve_ms":75.8247,"trees_ms":140.946,"chains_ms":0.889834,"layout_ms":8.21617,"build_ms":227.218}
        0.57 real         0.55 user         0.01 sys
           119832576  maximum resident set size
                   0  average shared memory size
                   0  average unshared data size
                   0  average unshared stack size
                7508  page reclaims
                   1  page faults
                   0  swaps
                   0  block input operations
                   0  block output operations
                   0  messages sent
                   0  messages received
                   0  signals received
                   0  voluntary context switches
                 208  involuntary context switches
          7635772078  instructions retired
          2444498884  cycles elapsed
           119161288  peak memory footprint
