$ CHAIN_SOLVER=tail CHAIN_TREEPASS=fast /usr/bin/time -l /Users/zhangwenqian/UNSW/pivoter/research/r1_skyline_index_20260918/build/chain_index_tool --build-only /Users/zhangwenqian/UNSW/pivoter/graphs/amazon0302.edges
{"n":262111,"solver":"tail","treepass":"fast","count_bits":64,"chains":40867,"canonical_nodes":65134,"index_bytes":3081868,"build_form_bytes":3875704,"compact_ms":1.07833,"bytes_map":212628,"bytes_chains":1122338,"bytes_layers":1746902,"ti_ms":101.816,"ti_bytes":29625400,"rss_loaded":35930112,"rss_with_ti":79577088,"rss_start":79593472,"rss_after_solve":117506048,"rss_after_chains":117817344,"rss_after_layout":118800384,"solve_ms":77.9719,"trees_ms":140.54,"chains_ms":0.929666,"layout_ms":7.54121,"build_ms":228.383}
        0.58 real         0.57 user         0.01 sys
           119046144  maximum resident set size
                   0  average shared memory size
                   0  average unshared data size
                   0  average unshared stack size
                7460  page reclaims
                   1  page faults
                   0  swaps
                   0  block input operations
                   0  block output operations
                   0  messages sent
                   0  messages received
                   0  signals received
                   0  voluntary context switches
                 261  involuntary context switches
          7647496463  instructions retired
          2511449589  cycles elapsed
           118391264  peak memory footprint
