$ CHAIN_SOLVER=terminal CHAIN_TREEPASS=old /usr/bin/time -l /Users/zhangwenqian/UNSW/pivoter/research/r1_skyline_index_20260918/build/chain_index_tool --build-only /Users/zhangwenqian/UNSW/pivoter/graphs/amazon0302.edges
{"n":262111,"solver":"terminal","treepass":"old","count_bits":64,"chains":40867,"canonical_nodes":65134,"index_bytes":3081868,"build_form_bytes":3875704,"compact_ms":0.895417,"bytes_map":212628,"bytes_chains":1122338,"bytes_layers":1746902,"ti_ms":103.25,"ti_bytes":29625400,"rss_loaded":35930112,"rss_with_ti":79527936,"rss_start":79544320,"rss_after_solve":130547712,"rss_after_chains":130564096,"rss_after_layout":130875392,"solve_ms":78.7619,"trees_ms":172.29,"chains_ms":0.888,"layout_ms":7.57808,"build_ms":260.14}
        0.61 real         0.59 user         0.01 sys
           130973696  maximum resident set size
                   0  average shared memory size
                   0  average unshared data size
                   0  average unshared stack size
                8188  page reclaims
                   1  page faults
                   0  swaps
                   0  block input operations
                   0  block output operations
                   0  messages sent
                   0  messages received
                   0  signals received
                   0  voluntary context switches
                 178  involuntary context switches
          7900615946  instructions retired
          2627611376  cycles elapsed
           130335200  peak memory footprint
