$ CHAIN_SOLVER=terminal CHAIN_TREEPASS=old /usr/bin/time -l /Users/zhangwenqian/UNSW/pivoter/research/r1_skyline_index_20260918/build/chain_index_tool --build-only /Users/zhangwenqian/UNSW/pivoter/graphs/amazon0302.edges
{"n":262111,"solver":"terminal","treepass":"old","count_bits":64,"chains":40867,"canonical_nodes":65134,"index_bytes":3081868,"build_form_bytes":3875704,"compact_ms":0.895791,"bytes_map":212628,"bytes_chains":1122338,"bytes_layers":1746902,"ti_ms":116.489,"ti_bytes":29625400,"rss_loaded":35930112,"rss_with_ti":80691200,"rss_start":80707584,"rss_after_solve":132825088,"rss_after_chains":132841472,"rss_after_layout":133169152,"solve_ms":81.468,"trees_ms":176.313,"chains_ms":0.882208,"layout_ms":7.48971,"build_ms":266.762}
        0.63 real         0.61 user         0.01 sys
           133234688  maximum resident set size
                   0  average shared memory size
                   0  average unshared data size
                   0  average unshared stack size
                8326  page reclaims
                   1  page faults
                   0  swaps
                   0  block input operations
                   0  block output operations
                   0  messages sent
                   0  messages received
                   0  signals received
                   0  voluntary context switches
                 277  involuntary context switches
          7914453092  instructions retired
          2685454222  cycles elapsed
           132596192  peak memory footprint
