$ CHAIN_SOLVER=terminal CHAIN_TREEPASS=old /usr/bin/time -l /Users/zhangwenqian/UNSW/pivoter/research/r1_skyline_index_20260918/build/chain_index_tool --build-only /Users/zhangwenqian/UNSW/pivoter/graphs/amazon-copurchase.edges
{"n":548552,"solver":"terminal","treepass":"old","count_bits":64,"chains":56315,"canonical_nodes":86798,"index_bytes":3975343,"build_form_bytes":4840472,"compact_ms":1.13942,"bytes_map":328132,"bytes_chains":1385981,"bytes_layers":2261230,"ti_ms":111.628,"ti_bytes":34704420,"rss_loaded":49692672,"rss_with_ti":109789184,"rss_start":109805568,"rss_after_solve":163528704,"rss_after_chains":163528704,"rss_after_layout":163790848,"solve_ms":65.7526,"trees_ms":206.103,"chains_ms":1.71379,"layout_ms":8.40704,"build_ms":282.735}
        0.70 real         0.68 user         0.01 sys
           163905536  maximum resident set size
                   0  average shared memory size
                   0  average unshared data size
                   0  average unshared stack size
               10198  page reclaims
                   1  page faults
                   0  swaps
                   0  block input operations
                   0  block output operations
                   0  messages sent
                   0  messages received
                   0  signals received
                   2  voluntary context switches
                 388  involuntary context switches
          8879058012  instructions retired
          3005848264  cycles elapsed
           163316264  peak memory footprint
