$ CHAIN_SOLVER=tail CHAIN_TREEPASS=fast /usr/bin/time -l /Users/zhangwenqian/UNSW/pivoter/research/r1_skyline_index_20260918/build/chain_index_tool --build-only /Users/zhangwenqian/UNSW/pivoter/graphs/amazon-copurchase.edges
{"n":548552,"solver":"tail","treepass":"fast","count_bits":64,"chains":56315,"canonical_nodes":86798,"index_bytes":3975343,"build_form_bytes":4840472,"compact_ms":1.18087,"bytes_map":328132,"bytes_chains":1385981,"bytes_layers":2261230,"ti_ms":134.45,"ti_bytes":34704420,"rss_loaded":49692672,"rss_with_ti":109789184,"rss_start":109805568,"rss_after_solve":165396480,"rss_after_chains":165462016,"rss_after_layout":166313984,"solve_ms":66.7287,"trees_ms":155.161,"chains_ms":1.76254,"layout_ms":8.98696,"build_ms":234.639}
        0.70 real         0.68 user         0.01 sys
           166412288  maximum resident set size
                   0  average shared memory size
                   0  average unshared data size
                   0  average unshared stack size
               10351  page reclaims
                   1  page faults
                   0  swaps
                   0  block input operations
                   0  block output operations
                   0  messages sent
                   0  messages received
                   0  signals received
                   0  voluntary context switches
                 398  involuntary context switches
          8555041417  instructions retired
          2981390016  cycles elapsed
           165806632  peak memory footprint
