$ CHAIN_SOLVER=terminal CHAIN_TREEPASS=fast /usr/bin/time -l /Users/zhangwenqian/UNSW/pivoter/research/r1_skyline_index_20260918/build/chain_index_tool --build-only /Users/zhangwenqian/UNSW/pivoter/graphs/amazon-copurchase.edges
{"n":548552,"solver":"terminal","treepass":"fast","count_bits":64,"chains":56315,"canonical_nodes":86798,"index_bytes":3975343,"build_form_bytes":4840472,"compact_ms":1.257,"bytes_map":328132,"bytes_chains":1385981,"bytes_layers":2261230,"ti_ms":147.4,"ti_bytes":34704420,"rss_loaded":49692672,"rss_with_ti":109789184,"rss_start":109805568,"rss_after_solve":165462016,"rss_after_chains":165462016,"rss_after_layout":165969920,"solve_ms":70.2687,"trees_ms":163.692,"chains_ms":1.91375,"layout_ms":9.23963,"build_ms":247.41}
        0.76 real         0.72 user         0.02 sys
           166117376  maximum resident set size
                   0  average shared memory size
                   0  average unshared data size
                   0  average unshared stack size
               10333  page reclaims
                   1  page faults
                   0  swaps
                   0  block input operations
                   0  block output operations
                   0  messages sent
                   0  messages received
                   0  signals received
                   0  voluntary context switches
                 567  involuntary context switches
          8647866813  instructions retired
          2912984904  cycles elapsed
           165528104  peak memory footprint
