$ CHAIN_SOLVER=tail CHAIN_TREEPASS=fast /usr/bin/time -l /Users/zhangwenqian/UNSW/pivoter/research/r1_skyline_index_20260918/build/chain_index_tool --build-only /Users/zhangwenqian/UNSW/pivoter/graphs/amazon-copurchase.edges
{"n":548552,"solver":"tail","treepass":"fast","count_bits":64,"chains":56315,"canonical_nodes":86798,"index_bytes":3975343,"build_form_bytes":4840472,"compact_ms":1.25858,"bytes_map":328132,"bytes_chains":1385981,"bytes_layers":2261230,"ti_ms":138.146,"ti_bytes":34704420,"rss_loaded":49692672,"rss_with_ti":109772800,"rss_start":109789184,"rss_after_solve":165445632,"rss_after_chains":165478400,"rss_after_layout":166330368,"solve_ms":68.4045,"trees_ms":164.126,"chains_ms":1.89512,"layout_ms":9.34354,"build_ms":245.997}
        0.72 real         0.69 user         0.01 sys
           166445056  maximum resident set size
                   0  average shared memory size
                   0  average unshared data size
                   0  average unshared stack size
               10353  page reclaims
                   1  page faults
                   0  swaps
                   0  block input operations
                   0  block output operations
                   0  messages sent
                   0  messages received
                   0  signals received
                   0  voluntary context switches
                 714  involuntary context switches
          8543270040  instructions retired
          2805512140  cycles elapsed
           165839400  peak memory footprint
