$ CHAIN_SOLVER=tail CHAIN_TREEPASS=fast /usr/bin/time -l /Users/zhangwenqian/UNSW/pivoter/research/r1_skyline_index_20260918/build/chain_index_tool --build-only /Users/zhangwenqian/UNSW/pivoter/graphs/amazon-copurchase.edges
{"n":548552,"solver":"tail","treepass":"fast","count_bits":64,"chains":56315,"canonical_nodes":86798,"index_bytes":3975343,"build_form_bytes":4840472,"compact_ms":1.15317,"bytes_map":328132,"bytes_chains":1385981,"bytes_layers":2261230,"ti_ms":112.836,"ti_bytes":34704420,"rss_loaded":49692672,"rss_with_ti":109772800,"rss_start":109789184,"rss_after_solve":165347328,"rss_after_chains":165412864,"rss_after_layout":166232064,"solve_ms":65.0558,"trees_ms":151.09,"chains_ms":1.76788,"layout_ms":8.58092,"build_ms":228.548}
        0.65 real         0.63 user         0.01 sys
           166363136  maximum resident set size
                   0  average shared memory size
                   0  average unshared data size
                   0  average unshared stack size
               10348  page reclaims
                   1  page faults
                   0  swaps
                   0  block input operations
                   0  block output operations
                   0  messages sent
                   0  messages received
                   0  signals received
                   0  voluntary context switches
                 182  involuntary context switches
          8532499202  instructions retired
          2797647057  cycles elapsed
           165757480  peak memory footprint
