$ CHAIN_SOLVER=tail CHAIN_TREEPASS=old /usr/bin/time -l /Users/zhangwenqian/UNSW/pivoter/research/r1_skyline_index_20260918/build/chain_index_tool --build-only /Users/zhangwenqian/UNSW/pivoter/graphs/amazon-copurchase.edges
{"n":548552,"solver":"tail","treepass":"old","count_bits":64,"chains":56315,"canonical_nodes":86798,"index_bytes":3975343,"build_form_bytes":4840472,"compact_ms":1.1105,"bytes_map":328132,"bytes_chains":1385981,"bytes_layers":2261230,"ti_ms":119.054,"ti_bytes":34704420,"rss_loaded":49692672,"rss_with_ti":109805568,"rss_start":109821952,"rss_after_solve":162971648,"rss_after_chains":163053568,"rss_after_layout":163758080,"solve_ms":62.9897,"trees_ms":202.445,"chains_ms":1.76767,"layout_ms":8.62363,"build_ms":276.725}
        0.72 real         0.69 user         0.01 sys
           163856384  maximum resident set size
                   0  average shared memory size
                   0  average unshared data size
                   0  average unshared stack size
               10195  page reclaims
                   1  page faults
                   0  swaps
                   0  block input operations
                   0  block output operations
                   0  messages sent
                   0  messages received
                   0  signals received
                   0  voluntary context switches
                 255  involuntary context switches
          8799127813  instructions retired
          3027184763  cycles elapsed
           163234320  peak memory footprint
