$ CHAIN_SOLVER=tail CHAIN_TREEPASS=old /usr/bin/time -l /Users/zhangwenqian/UNSW/pivoter/research/r1_skyline_index_20260918/build/chain_index_tool --build-only /Users/zhangwenqian/UNSW/pivoter/graphs/amazon-copurchase.edges
{"n":548552,"solver":"tail","treepass":"old","count_bits":64,"chains":56315,"canonical_nodes":86798,"index_bytes":3975343,"build_form_bytes":4840472,"compact_ms":1.11558,"bytes_map":328132,"bytes_chains":1385981,"bytes_layers":2261230,"ti_ms":122.757,"ti_bytes":34704420,"rss_loaded":49692672,"rss_with_ti":109772800,"rss_start":109789184,"rss_after_solve":163807232,"rss_after_chains":163889152,"rss_after_layout":164528128,"solve_ms":66.4617,"trees_ms":205.219,"chains_ms":1.75746,"layout_ms":8.51167,"build_ms":282.736}
        0.72 real         0.69 user         0.02 sys
           164626432  maximum resident set size
                   0  average shared memory size
                   0  average unshared data size
                   0  average unshared stack size
               10242  page reclaims
                   1  page faults
                   0  swaps
                   0  block input operations
                   0  block output operations
                   0  messages sent
                   0  messages received
                   0  signals received
                   0  voluntary context switches
                 169  involuntary context switches
          8815581537  instructions retired
          3080745970  cycles elapsed
           164004368  peak memory footprint
