$ CHAIN_SOLVER=terminal CHAIN_TREEPASS=old /usr/bin/time -l /Users/zhangwenqian/UNSW/pivoter/research/r1_skyline_index_20260918/build/chain_index_tool --build-only /Users/zhangwenqian/UNSW/pivoter/graphs/amazon-copurchase.edges
{"n":548552,"solver":"terminal","treepass":"old","count_bits":64,"chains":56315,"canonical_nodes":86798,"index_bytes":3975343,"build_form_bytes":4840472,"compact_ms":1.20679,"bytes_map":328132,"bytes_chains":1385981,"bytes_layers":2261230,"ti_ms":127.77,"ti_bytes":34704420,"rss_loaded":49692672,"rss_with_ti":109756416,"rss_start":109772800,"rss_after_solve":165691392,"rss_after_chains":165707776,"rss_after_layout":165953536,"solve_ms":66.8512,"trees_ms":207.913,"chains_ms":1.84929,"layout_ms":9.10171,"build_ms":286.509}
        0.73 real         0.70 user         0.02 sys
           166084608  maximum resident set size
                   0  average shared memory size
                   0  average unshared data size
                   0  average unshared stack size
               10331  page reclaims
                   1  page faults
                   0  swaps
                   0  block input operations
                   0  block output operations
                   0  messages sent
                   0  messages received
                   0  signals received
                   0  voluntary context switches
                 211  involuntary context switches
          8883930629  instructions retired
          3021785349  cycles elapsed
           165495336  peak memory footprint
