$ CHAIN_SOLVER=tail CHAIN_TREEPASS=fast /usr/bin/time -l /Users/zhangwenqian/UNSW/pivoter/research/r1_skyline_index_20260918/build/chain_index_tool --build-only /Users/zhangwenqian/UNSW/pivoter/graphs/amazon0302.edges
{"n":262111,"solver":"tail","treepass":"fast","count_bits":64,"chains":40867,"canonical_nodes":65134,"index_bytes":3081868,"build_form_bytes":3875704,"compact_ms":0.905458,"bytes_map":212628,"bytes_chains":1122338,"bytes_layers":1746902,"ti_ms":103.946,"ti_bytes":29625400,"rss_loaded":35946496,"rss_with_ti":80592896,"rss_start":80609280,"rss_after_solve":117080064,"rss_after_chains":117161984,"rss_after_layout":119635968,"solve_ms":78.6203,"trees_ms":140.093,"chains_ms":0.885209,"layout_ms":7.7415,"build_ms":228.61}
        0.58 real         0.57 user         0.01 sys
           119717888  maximum resident set size
                   0  average shared memory size
                   0  average unshared data size
                   0  average unshared stack size
                7501  page reclaims
                   1  page faults
                   0  swaps
                   0  block input operations
                   0  block output operations
                   0  messages sent
                   0  messages received
                   0  signals received
                   0  voluntary context switches
                 208  involuntary context switches
          7629364054  instructions retired
          2499545153  cycles elapsed
           119046600  peak memory footprint
