$ CHAIN_SOLVER=terminal CHAIN_TREEPASS=old /usr/bin/time -l /Users/zhangwenqian/UNSW/pivoter/research/r1_skyline_index_20260918/build/chain_index_tool --build-only /Users/zhangwenqian/UNSW/pivoter/graphs/amazon0302.edges
{"n":262111,"solver":"terminal","treepass":"old","count_bits":64,"chains":40867,"canonical_nodes":65134,"index_bytes":3081868,"build_form_bytes":3875704,"compact_ms":0.890166,"bytes_map":212628,"bytes_chains":1122338,"bytes_layers":1746902,"ti_ms":106.139,"ti_bytes":29625400,"rss_loaded":35930112,"rss_with_ti":79560704,"rss_start":79577088,"rss_after_solve":134332416,"rss_after_chains":134348800,"rss_after_layout":134692864,"solve_ms":79.6211,"trees_ms":171.865,"chains_ms":0.865458,"layout_ms":7.54208,"build_ms":260.631}
        0.60 real         0.58 user         0.01 sys
           134791168  maximum resident set size
                   0  average shared memory size
                   0  average unshared data size
                   0  average unshared stack size
                8421  page reclaims
                   1  page faults
                   0  swaps
                   0  block input operations
                   0  block output operations
                   0  messages sent
                   0  messages received
                   0  signals received
                   0  voluntary context switches
                 184  involuntary context switches
          7908403924  instructions retired
          2601670208  cycles elapsed
           134152672  peak memory footprint
