$ CHAIN_SOLVER=terminal CHAIN_TREEPASS=fast /usr/bin/time -l /Users/zhangwenqian/UNSW/pivoter/research/r1_skyline_index_20260918/build/chain_index_tool --build-only /Users/zhangwenqian/UNSW/pivoter/graphs/ca-AstroPh.edges
{"n":18772,"solver":"terminal","treepass":"fast","count_bits":64,"chains":3331,"canonical_nodes":6462,"index_bytes":617232,"build_form_bytes":616488,"compact_ms":0.218167,"bytes_map":16860,"bytes_chains":232019,"bytes_layers":368353,"ti_ms":109.87,"ti_bytes":8266272,"rss_loaded":7307264,"rss_with_ti":20758528,"rss_start":20774912,"rss_after_solve":22544384,"rss_after_chains":22609920,"rss_after_layout":23429120,"solve_ms":49.6033,"trees_ms":67.2202,"chains_ms":0.275208,"layout_ms":1.85312,"build_ms":119.301}
        0.26 real         0.26 user         0.00 sys
            23724032  maximum resident set size
                   0  average shared memory size
                   0  average unshared data size
                   0  average unshared stack size
                1642  page reclaims
                   1  page faults
                   0  swaps
                   0  block input operations
                   0  block output operations
                   0  messages sent
                   0  messages received
                   0  signals received
                   0  voluntary context switches
                  86  involuntary context switches
          3608670614  instructions retired
          1160054865  cycles elapsed
            23003496  peak memory footprint
