$ CHAIN_SOLVER=terminal CHAIN_TREEPASS=old /usr/bin/time -l /Users/zhangwenqian/UNSW/pivoter/research/r1_skyline_index_20260918/build/chain_index_tool --build-only /Users/zhangwenqian/UNSW/pivoter/graphs/ca-AstroPh.edges
{"n":18772,"solver":"terminal","treepass":"old","count_bits":64,"chains":3331,"canonical_nodes":6462,"index_bytes":617232,"build_form_bytes":616488,"compact_ms":0.273125,"bytes_map":16860,"bytes_chains":232019,"bytes_layers":368353,"ti_ms":109.087,"ti_bytes":8266272,"rss_loaded":7307264,"rss_with_ti":20742144,"rss_start":20758528,"rss_after_solve":22806528,"rss_after_chains":22855680,"rss_after_layout":23691264,"solve_ms":50.9832,"trees_ms":77.5074,"chains_ms":0.307708,"layout_ms":1.83958,"build_ms":130.928}
        0.28 real         0.27 user         0.00 sys
            24133632  maximum resident set size
                   0  average shared memory size
                   0  average unshared data size
                   0  average unshared stack size
                1667  page reclaims
                   1  page faults
                   0  swaps
                   0  block input operations
                   0  block output operations
                   0  messages sent
                   0  messages received
                   0  signals received
                   0  voluntary context switches
                  86  involuntary context switches
          3686773389  instructions retired
          1211959977  cycles elapsed
            23413096  peak memory footprint
