$ CHAIN_SOLVER=tail CHAIN_TREEPASS=old /usr/bin/time -l /Users/zhangwenqian/UNSW/pivoter/research/r1_skyline_index_20260918/build/chain_index_tool --build-only /Users/zhangwenqian/UNSW/pivoter/graphs/ca-AstroPh.edges
{"n":18772,"solver":"tail","treepass":"old","count_bits":64,"chains":3331,"canonical_nodes":6462,"index_bytes":617232,"build_form_bytes":616488,"compact_ms":0.218708,"bytes_map":16860,"bytes_chains":232019,"bytes_layers":368353,"ti_ms":111.285,"ti_bytes":8266272,"rss_loaded":8912896,"rss_with_ti":21659648,"rss_start":21676032,"rss_after_solve":24559616,"rss_after_chains":24608768,"rss_after_layout":25362432,"solve_ms":41.1472,"trees_ms":75.3236,"chains_ms":0.272792,"layout_ms":1.85888,"build_ms":118.839}
        0.27 real         0.26 user         0.00 sys
            25755648  maximum resident set size
                   0  average shared memory size
                   0  average unshared data size
                   0  average unshared stack size
                1766  page reclaims
                   1  page faults
                   0  swaps
                   0  block input operations
                   0  block output operations
                   0  messages sent
                   0  messages received
                   0  signals received
                   0  voluntary context switches
                  86  involuntary context switches
          3408878463  instructions retired
          1163678733  cycles elapsed
            25035136  peak memory footprint
