$ CHAIN_SOLVER=tail CHAIN_TREEPASS=fast /usr/bin/time -l /Users/zhangwenqian/UNSW/pivoter/research/r1_skyline_index_20260918/build/chain_index_tool --build-only /Users/zhangwenqian/UNSW/pivoter/graphs/ca-AstroPh.edges
{"n":18772,"solver":"tail","treepass":"fast","count_bits":64,"chains":3331,"canonical_nodes":6462,"index_bytes":617232,"build_form_bytes":616488,"compact_ms":0.338917,"bytes_map":16860,"bytes_chains":232019,"bytes_layers":368353,"ti_ms":112.189,"ti_bytes":8266272,"rss_loaded":7307264,"rss_with_ti":20856832,"rss_start":20873216,"rss_after_solve":23019520,"rss_after_chains":23035904,"rss_after_layout":23871488,"solve_ms":45.2916,"trees_ms":77.0317,"chains_ms":0.286,"layout_ms":2.13388,"build_ms":125.212}
        0.27 real         0.27 user         0.00 sys
            24166400  maximum resident set size
                   0  average shared memory size
                   0  average unshared data size
                   0  average unshared stack size
                1669  page reclaims
                   1  page faults
                   0  swaps
                   0  block input operations
                   0  block output operations
                   0  messages sent
                   0  messages received
                   0  signals received
                   0  voluntary context switches
                 127  involuntary context switches
          3334088393  instructions retired
          1177633414  cycles elapsed
            23445888  peak memory footprint
