$ CHAIN_SOLVER=terminal CHAIN_TREEPASS=fast /usr/bin/time -l /Users/zhangwenqian/UNSW/pivoter/research/r1_skyline_index_20260918/build/chain_index_tool --build-only /Users/zhangwenqian/UNSW/pivoter/graphs/ca-AstroPh.edges
{"n":18772,"solver":"terminal","treepass":"fast","count_bits":64,"chains":3331,"canonical_nodes":6462,"index_bytes":617232,"build_form_bytes":616488,"compact_ms":0.223917,"bytes_map":16860,"bytes_chains":232019,"bytes_layers":368353,"ti_ms":112.646,"ti_bytes":8266272,"rss_loaded":7307264,"rss_with_ti":20824064,"rss_start":20840448,"rss_after_solve":26984448,"rss_after_chains":27000832,"rss_after_layout":27787264,"solve_ms":52.5268,"trees_ms":72.0447,"chains_ms":0.285,"layout_ms":1.87421,"build_ms":127.079}
        0.28 real         0.27 user         0.00 sys
            28213248  maximum resident set size
                   0  average shared memory size
                   0  average unshared data size
                   0  average unshared stack size
                1916  page reclaims
                   1  page faults
                   0  swaps
                   0  block input operations
                   0  block output operations
                   0  messages sent
                   0  messages received
                   0  signals received
                   0  voluntary context switches
                 140  involuntary context switches
          3616344332  instructions retired
          1188051988  cycles elapsed
            27509120  peak memory footprint
