$ CHAIN_SOLVER=tail CHAIN_TREEPASS=old /usr/bin/time -l /Users/zhangwenqian/UNSW/pivoter/research/r1_skyline_index_20260918/build/chain_index_tool --build-only /Users/zhangwenqian/UNSW/pivoter/graphs/ca-AstroPh.edges
{"n":18772,"solver":"tail","treepass":"old","count_bits":64,"chains":3331,"canonical_nodes":6462,"index_bytes":617232,"build_form_bytes":616488,"compact_ms":0.223833,"bytes_map":16860,"bytes_chains":232019,"bytes_layers":368353,"ti_ms":108.844,"ti_bytes":8266272,"rss_loaded":7307264,"rss_with_ti":20840448,"rss_start":20856832,"rss_after_solve":22970368,"rss_after_chains":23003136,"rss_after_layout":23740416,"solve_ms":41.3987,"trees_ms":73.9181,"chains_ms":0.263917,"layout_ms":2.18783,"build_ms":118.205}
        0.26 real         0.26 user         0.00 sys
            24117248  maximum resident set size
                   0  average shared memory size
                   0  average unshared data size
                   0  average unshared stack size
                1666  page reclaims
                   1  page faults
                   0  swaps
                   0  block input operations
                   0  block output operations
                   0  messages sent
                   0  messages received
                   0  signals received
                   0  voluntary context switches
                  92  involuntary context switches
          3408719685  instructions retired
          1155163317  cycles elapsed
            23380328  peak memory footprint
