$ CHAIN_SOLVER=tail CHAIN_TREEPASS=fast /usr/bin/time -l /Users/zhangwenqian/UNSW/pivoter/research/r1_skyline_index_20260918/build/chain_index_tool --build-only /Users/zhangwenqian/UNSW/pivoter/graphs/ca-AstroPh.edges
{"n":18772,"solver":"tail","treepass":"fast","count_bits":64,"chains":3331,"canonical_nodes":6462,"index_bytes":617232,"build_form_bytes":616488,"compact_ms":0.218458,"bytes_map":16860,"bytes_chains":232019,"bytes_layers":368353,"ti_ms":116.562,"ti_bytes":8266272,"rss_loaded":7307264,"rss_with_ti":20758528,"rss_start":20774912,"rss_after_solve":22740992,"rss_after_chains":22790144,"rss_after_layout":23658496,"solve_ms":43.4507,"trees_ms":71.518,"chains_ms":0.283084,"layout_ms":1.90425,"build_ms":117.5}
        0.27 real         0.27 user         0.00 sys
            23838720  maximum resident set size
                   0  average shared memory size
                   0  average unshared data size
                   0  average unshared stack size
                1649  page reclaims
                   1  page faults
                   0  swaps
                   0  block input operations
                   0  block output operations
                   0  messages sent
                   0  messages received
                   0  signals received
                   0  voluntary context switches
                  90  involuntary context switches
          3328394072  instructions retired
          1128883401  cycles elapsed
            23101800  peak memory footprint
