$ CHAIN_SOLVER=tail CHAIN_TREEPASS=old /usr/bin/time -l /Users/zhangwenqian/UNSW/pivoter/research/r1_skyline_index_20260918/build/chain_index_tool --build-only /Users/zhangwenqian/UNSW/pivoter/graphs/ca-AstroPh.edges
{"n":18772,"solver":"tail","treepass":"old","count_bits":64,"chains":3331,"canonical_nodes":6462,"index_bytes":617232,"build_form_bytes":616488,"compact_ms":0.207917,"bytes_map":16860,"bytes_chains":232019,"bytes_layers":368353,"ti_ms":109.578,"ti_bytes":8266272,"rss_loaded":7307264,"rss_with_ti":20856832,"rss_start":20873216,"rss_after_solve":25182208,"rss_after_chains":25198592,"rss_after_layout":25935872,"solve_ms":41.228,"trees_ms":75.3355,"chains_ms":0.275708,"layout_ms":1.93821,"build_ms":119.078}
        0.26 real         0.26 user         0.00 sys
            26181632  maximum resident set size
                   0  average shared memory size
                   0  average unshared data size
                   0  average unshared stack size
                1792  page reclaims
                   1  page faults
                   0  swaps
                   0  block input operations
                   0  block output operations
                   0  messages sent
                   0  messages received
                   0  signals received
                   0  voluntary context switches
                  79  involuntary context switches
          3409716619  instructions retired
          1152778667  cycles elapsed
            25461120  peak memory footprint
