$ CHAIN_SOLVER=tail CHAIN_TREEPASS=fast /usr/bin/time -l /Users/zhangwenqian/UNSW/pivoter/research/r1_skyline_index_20260918/build/chain_index_tool --build-only /Users/zhangwenqian/UNSW/pivoter/graphs/ca-AstroPh.edges
{"n":18772,"solver":"tail","treepass":"fast","count_bits":64,"chains":3331,"canonical_nodes":6462,"index_bytes":617232,"build_form_bytes":616488,"compact_ms":0.214041,"bytes_map":16860,"bytes_chains":232019,"bytes_layers":368353,"ti_ms":111.785,"ti_bytes":8266272,"rss_loaded":7307264,"rss_with_ti":20840448,"rss_start":20856832,"rss_after_solve":22937600,"rss_after_chains":22953984,"rss_after_layout":23822336,"solve_ms":42.6324,"trees_ms":69.2394,"chains_ms":0.273,"layout_ms":1.92562,"build_ms":114.421}
        0.26 real         0.26 user         0.00 sys
            24150016  maximum resident set size
                   0  average shared memory size
                   0  average unshared data size
                   0  average unshared stack size
                1668  page reclaims
                   1  page faults
                   0  swaps
                   0  block input operations
                   0  block output operations
                   0  messages sent
                   0  messages received
                   0  signals received
                   0  voluntary context switches
                 105  involuntary context switches
          3333348551  instructions retired
          1135047370  cycles elapsed
            23429504  peak memory footprint
