$ CHAIN_SOLVER=tail CHAIN_TREEPASS=old /usr/bin/time -l /Users/zhangwenqian/UNSW/pivoter/research/r1_skyline_index_20260918/build/chain_index_tool --build-only /Users/zhangwenqian/UNSW/pivoter/graphs/ca-AstroPh.edges
{"n":18772,"solver":"tail","treepass":"old","count_bits":64,"chains":3331,"canonical_nodes":6462,"index_bytes":617232,"build_form_bytes":616488,"compact_ms":0.224792,"bytes_map":16860,"bytes_chains":232019,"bytes_layers":368353,"ti_ms":109.513,"ti_bytes":8266272,"rss_loaded":7307264,"rss_with_ti":20824064,"rss_start":20840448,"rss_after_solve":22986752,"rss_after_chains":23003136,"rss_after_layout":23805952,"solve_ms":42.0484,"trees_ms":76.9599,"chains_ms":0.277875,"layout_ms":1.85279,"build_ms":121.452}
        0.27 real         0.26 user         0.00 sys
            24084480  maximum resident set size
                   0  average shared memory size
                   0  average unshared data size
                   0  average unshared stack size
                1664  page reclaims
                   1  page faults
                   0  swaps
                   0  block input operations
                   0  block output operations
                   0  messages sent
                   0  messages received
                   0  signals received
                   0  voluntary context switches
                  96  involuntary context switches
          3407801814  instructions retired
          1176333494  cycles elapsed
            23347560  peak memory footprint
