$ CHAIN_SOLVER=tail CHAIN_TREEPASS=old /usr/bin/time -l /Users/zhangwenqian/UNSW/pivoter/research/r1_skyline_index_20260918/build/chain_index_tool --build-only /Users/zhangwenqian/UNSW/pivoter/graphs/ca-CondMat.edges
{"n":23133,"solver":"tail","treepass":"old","count_bits":64,"chains":1917,"canonical_nodes":3357,"index_bytes":177662,"build_form_bytes":204208,"compact_ms":0.0685,"bytes_map":12020,"bytes_chains":61272,"bytes_layers":104370,"ti_ms":13.5602,"ti_bytes":2550144,"rss_loaded":5029888,"rss_with_ti":7340032,"rss_start":7356416,"rss_after_solve":12206080,"rss_after_chains":12222464,"rss_after_layout":12550144,"solve_ms":4.43308,"trees_ms":14.8043,"chains_ms":0.104416,"layout_ms":0.482209,"build_ms":19.8906}
        0.05 real         0.05 user         0.00 sys
            12664832  maximum resident set size
                   0  average shared memory size
                   0  average unshared data size
                   0  average unshared stack size
                 967  page reclaims
                   1  page faults
                   0  swaps
                   0  block input operations
                   0  block output operations
                   0  messages sent
                   0  messages received
                   0  signals received
                   0  voluntary context switches
                  13  involuntary context switches
           837029077  instructions retired
           237094924  cycles elapsed
            11911504  peak memory footprint
