$ CHAIN_SOLVER=tail CHAIN_TREEPASS=old /usr/bin/time -l /Users/zhangwenqian/UNSW/pivoter/research/r1_skyline_index_20260918/build/chain_index_tool --build-only /Users/zhangwenqian/UNSW/pivoter/graphs/ca-CondMat.edges
{"n":23133,"solver":"tail","treepass":"old","count_bits":64,"chains":1917,"canonical_nodes":3357,"index_bytes":177662,"build_form_bytes":204208,"compact_ms":0.065542,"bytes_map":12020,"bytes_chains":61272,"bytes_layers":104370,"ti_ms":13.89,"ti_bytes":2550144,"rss_loaded":5029888,"rss_with_ti":7323648,"rss_start":7340032,"rss_after_solve":12107776,"rss_after_chains":12124160,"rss_after_layout":12517376,"solve_ms":4.31834,"trees_ms":14.3254,"chains_ms":0.100833,"layout_ms":0.524417,"build_ms":19.347}
        0.05 real         0.05 user         0.00 sys
            12632064  maximum resident set size
                   0  average shared memory size
                   0  average unshared data size
                   0  average unshared stack size
                 965  page reclaims
                   1  page faults
                   0  swaps
                   0  block input operations
                   0  block output operations
                   0  messages sent
                   0  messages received
                   0  signals received
                   0  voluntary context switches
                  11  involuntary context switches
           836630114  instructions retired
           234974078  cycles elapsed
            11878736  peak memory footprint
