$ CHAIN_SOLVER=terminal CHAIN_TREEPASS=old /usr/bin/time -l /Users/zhangwenqian/UNSW/pivoter/research/r1_skyline_index_20260918/build/chain_index_tool --build-only /Users/zhangwenqian/UNSW/pivoter/graphs/ca-CondMat.edges
{"n":23133,"solver":"terminal","treepass":"old","count_bits":64,"chains":1917,"canonical_nodes":3357,"index_bytes":177662,"build_form_bytes":204208,"compact_ms":0.069041,"bytes_map":12020,"bytes_chains":61272,"bytes_layers":104370,"ti_ms":13.9367,"ti_bytes":2550144,"rss_loaded":5029888,"rss_with_ti":7241728,"rss_start":7258112,"rss_after_solve":13598720,"rss_after_chains":13615104,"rss_after_layout":13975552,"solve_ms":7.09158,"trees_ms":15.5711,"chains_ms":0.107584,"layout_ms":0.49475,"build_ms":23.3746}
        0.06 real         0.05 user         0.00 sys
            14090240  maximum resident set size
                   0  average shared memory size
                   0  average unshared data size
                   0  average unshared stack size
                1054  page reclaims
                   1  page faults
                   0  swaps
                   0  block input operations
                   0  block output operations
                   0  messages sent
                   0  messages received
                   0  signals received
                   2  voluntary context switches
                  42  involuntary context switches
           890178274  instructions retired
           254205649  cycles elapsed
            13369704  peak memory footprint
