$ CHAIN_SOLVER=tail CHAIN_TREEPASS=old /usr/bin/time -l /Users/zhangwenqian/UNSW/pivoter/research/r1_skyline_index_20260918/build/chain_index_tool --build-only /Users/zhangwenqian/UNSW/pivoter/graphs/ca-CondMat.edges
{"n":23133,"solver":"tail","treepass":"old","count_bits":64,"chains":1917,"canonical_nodes":3357,"index_bytes":177662,"build_form_bytes":204208,"compact_ms":0.069833,"bytes_map":12020,"bytes_chains":61272,"bytes_layers":104370,"ti_ms":13.6857,"ti_bytes":2550144,"rss_loaded":5242880,"rss_with_ti":8110080,"rss_start":8126464,"rss_after_solve":13041664,"rss_after_chains":13074432,"rss_after_layout":13418496,"solve_ms":4.53009,"trees_ms":14.6455,"chains_ms":0.104208,"layout_ms":0.49375,"build_ms":19.8482}
        0.05 real         0.05 user         0.00 sys
            13516800  maximum resident set size
                   0  average shared memory size
                   0  average unshared data size
                   0  average unshared stack size
                1019  page reclaims
                   1  page faults
                   0  swaps
                   0  block input operations
                   0  block output operations
                   0  messages sent
                   0  messages received
                   0  signals received
                   0  voluntary context switches
                  29  involuntary context switches
           838060435  instructions retired
           237248443  cycles elapsed
            12779880  peak memory footprint
