$ CHAIN_SOLVER=terminal CHAIN_TREEPASS=old /usr/bin/time -l /Users/zhangwenqian/UNSW/pivoter/research/r1_skyline_index_20260918/build/chain_index_tool --build-only /Users/zhangwenqian/UNSW/pivoter/graphs/ca-CondMat.edges
{"n":23133,"solver":"terminal","treepass":"old","count_bits":64,"chains":1917,"canonical_nodes":3357,"index_bytes":177662,"build_form_bytes":204208,"compact_ms":0.080583,"bytes_map":12020,"bytes_chains":61272,"bytes_layers":104370,"ti_ms":14.4987,"ti_bytes":2550144,"rss_loaded":5029888,"rss_with_ti":7241728,"rss_start":7258112,"rss_after_solve":12124160,"rss_after_chains":12140544,"rss_after_layout":12500992,"solve_ms":7.09862,"trees_ms":15.2093,"chains_ms":0.105833,"layout_ms":0.476625,"build_ms":22.9656}
        0.06 real         0.05 user         0.00 sys
            12599296  maximum resident set size
                   0  average shared memory size
                   0  average unshared data size
                   0  average unshared stack size
                 963  page reclaims
                   1  page faults
                   0  swaps
                   0  block input operations
                   0  block output operations
                   0  messages sent
                   0  messages received
                   0  signals received
                   2  voluntary context switches
                  59  involuntary context switches
           889477000  instructions retired
           250599796  cycles elapsed
            11878760  peak memory footprint
