$ CHAIN_SOLVER=tail CHAIN_TREEPASS=fast /usr/bin/time -l /Users/zhangwenqian/UNSW/pivoter/research/r1_skyline_index_20260918/build/chain_index_tool --build-only /Users/zhangwenqian/UNSW/pivoter/graphs/ca-CondMat.edges
{"n":23133,"solver":"tail","treepass":"fast","count_bits":64,"chains":1917,"canonical_nodes":3357,"index_bytes":177662,"build_form_bytes":204208,"compact_ms":0.067125,"bytes_map":12020,"bytes_chains":61272,"bytes_layers":104370,"ti_ms":14.161,"ti_bytes":2550144,"rss_loaded":5029888,"rss_with_ti":7340032,"rss_start":7356416,"rss_after_solve":11714560,"rss_after_chains":11730944,"rss_after_layout":12206080,"solve_ms":4.814,"trees_ms":13.3531,"chains_ms":0.10225,"layout_ms":0.522375,"build_ms":18.9453}
        0.05 real         0.05 user         0.00 sys
            12320768  maximum resident set size
                   0  average shared memory size
                   0  average unshared data size
                   0  average unshared stack size
                 946  page reclaims
                   1  page faults
                   0  swaps
                   0  block input operations
                   0  block output operations
                   0  messages sent
                   0  messages received
                   0  signals received
                   0  voluntary context switches
                  30  involuntary context switches
           813522610  instructions retired
           236577300  cycles elapsed
            11583848  peak memory footprint
