$ CHAIN_SOLVER=terminal CHAIN_TREEPASS=fast /usr/bin/time -l /Users/zhangwenqian/UNSW/pivoter/research/r1_skyline_index_20260918/build/chain_index_tool --build-only /Users/zhangwenqian/UNSW/pivoter/graphs/ca-CondMat.edges
{"n":23133,"solver":"terminal","treepass":"fast","count_bits":64,"chains":1917,"canonical_nodes":3357,"index_bytes":177662,"build_form_bytes":204208,"compact_ms":0.070958,"bytes_map":12020,"bytes_chains":61272,"bytes_layers":104370,"ti_ms":13.5749,"ti_bytes":2550144,"rss_loaded":5029888,"rss_with_ti":7323648,"rss_start":7340032,"rss_after_solve":11468800,"rss_after_chains":11468800,"rss_after_layout":11829248,"solve_ms":7.04816,"trees_ms":13.155,"chains_ms":0.104084,"layout_ms":0.472959,"build_ms":20.937}
        0.05 real         0.05 user         0.00 sys
            11943936  maximum resident set size
                   0  average shared memory size
                   0  average unshared data size
                   0  average unshared stack size
                 923  page reclaims
                   1  page faults
                   0  swaps
                   0  block input operations
                   0  block output operations
                   0  messages sent
                   0  messages received
                   0  signals received
                   0  voluntary context switches
                  14  involuntary context switches
           865479019  instructions retired
           237818855  cycles elapsed
            11206992  peak memory footprint
