$ CHAIN_SOLVER=tail CHAIN_TREEPASS=old /usr/bin/time -l /Users/zhangwenqian/UNSW/pivoter/research/r1_skyline_index_20260918/build/chain_index_tool --build-only /Users/zhangwenqian/UNSW/pivoter/graphs/ca-CondMat.edges
{"n":23133,"solver":"tail","treepass":"old","count_bits":64,"chains":1917,"canonical_nodes":3357,"index_bytes":177662,"build_form_bytes":204208,"compact_ms":0.065458,"bytes_map":12020,"bytes_chains":61272,"bytes_layers":104370,"ti_ms":13.6664,"ti_bytes":2550144,"rss_loaded":5029888,"rss_with_ti":7307264,"rss_start":7323648,"rss_after_solve":12189696,"rss_after_chains":12206080,"rss_after_layout":12533760,"solve_ms":4.35458,"trees_ms":14.4974,"chains_ms":0.100583,"layout_ms":0.470416,"build_ms":19.489}
        0.05 real         0.05 user         0.00 sys
            12648448  maximum resident set size
                   0  average shared memory size
                   0  average unshared data size
                   0  average unshared stack size
                 966  page reclaims
                   1  page faults
                   0  swaps
                   0  block input operations
                   0  block output operations
                   0  messages sent
                   0  messages received
                   0  signals received
                   0  voluntary context switches
                  24  involuntary context switches
           836838297  instructions retired
           236722010  cycles elapsed
            11895120  peak memory footprint
