$ CHAIN_SOLVER=terminal CHAIN_TREEPASS=old /usr/bin/time -l /Users/zhangwenqian/UNSW/pivoter/research/r1_skyline_index_20260918/build/chain_index_tool --build-only /Users/zhangwenqian/UNSW/pivoter/data/ca-GrQc.edges
{"n":5242,"solver":"terminal","treepass":"old","count_bits":64,"chains":716,"canonical_nodes":1517,"index_bytes":61328,"build_form_bytes":66904,"compact_ms":0.024709,"bytes_map":3856,"bytes_chains":17321,"bytes_layers":40151,"ti_ms":1.523,"ti_bytes":385400,"rss_loaded":2310144,"rss_with_ti":2949120,"rss_start":2965504,"rss_after_solve":4603904,"rss_after_chains":4636672,"rss_after_layout":4734976,"solve_ms":1.22687,"trees_ms":2.77296,"chains_ms":0.028583,"layout_ms":0.193417,"build_ms":4.25746}
        0.01 real         0.00 user         0.00 sys
             4784128  maximum resident set size
                   0  average shared memory size
                   0  average unshared data size
                   0  average unshared stack size
                 486  page reclaims
                   1  page faults
                   0  swaps
                   0  block input operations
                   0  block output operations
                   0  messages sent
                   0  messages received
                   0  signals received
                   0  voluntary context switches
                   6  involuntary context switches
           167875549  instructions retired
            43930452  cycles elapsed
             4047184  peak memory footprint
