$ CHAIN_SOLVER=terminal CHAIN_TREEPASS=fast /usr/bin/time -l /Users/zhangwenqian/UNSW/pivoter/research/r1_skyline_index_20260918/build/chain_index_tool --build-only /Users/zhangwenqian/UNSW/pivoter/data/ca-GrQc.edges
{"n":5242,"solver":"terminal","treepass":"fast","count_bits":64,"chains":716,"canonical_nodes":1517,"index_bytes":61328,"build_form_bytes":66904,"compact_ms":0.025459,"bytes_map":3856,"bytes_chains":17321,"bytes_layers":40151,"ti_ms":1.4595,"ti_bytes":385400,"rss_loaded":2293760,"rss_with_ti":2883584,"rss_start":2899968,"rss_after_solve":4227072,"rss_after_chains":4292608,"rss_after_layout":4554752,"solve_ms":1.2795,"trees_ms":2.17258,"chains_ms":0.029625,"layout_ms":0.197291,"build_ms":3.72417}
        0.01 real         0.00 user         0.00 sys
             4603904  maximum resident set size
                   0  average shared memory size
                   0  average unshared data size
                   0  average unshared stack size
                 475  page reclaims
                   1  page faults
                   0  swaps
                   0  block input operations
                   0  block output operations
                   0  messages sent
                   0  messages received
                   0  signals received
                   0  voluntary context switches
                   6  involuntary context switches
           158826337  instructions retired
            40702988  cycles elapsed
             3866960  peak memory footprint
