$ CHAIN_SOLVER=tail CHAIN_TREEPASS=fast /usr/bin/time -l /Users/zhangwenqian/UNSW/pivoter/research/r1_skyline_index_20260918/build/chain_index_tool --build-only /Users/zhangwenqian/UNSW/pivoter/data/ca-GrQc.edges
{"n":5242,"solver":"tail","treepass":"fast","count_bits":64,"chains":716,"canonical_nodes":1517,"index_bytes":61328,"build_form_bytes":66904,"compact_ms":0.026084,"bytes_map":3856,"bytes_chains":17321,"bytes_layers":40151,"ti_ms":1.76913,"ti_bytes":385400,"rss_loaded":2310144,"rss_with_ti":3112960,"rss_start":3129344,"rss_after_solve":4603904,"rss_after_chains":4620288,"rss_after_layout":4866048,"solve_ms":0.4385,"trees_ms":2.41633,"chains_ms":0.029666,"layout_ms":0.222958,"build_ms":3.19871}
        0.01 real         0.00 user         0.00 sys
             4882432  maximum resident set size
                   0  average shared memory size
                   0  average unshared data size
                   0  average unshared stack size
                 492  page reclaims
                   1  page faults
                   0  swaps
                   0  block input operations
                   0  block output operations
                   0  messages sent
                   0  messages received
                   0  signals received
                   0  voluntary context switches
                  18  involuntary context switches
           140621838  instructions retired
            39456424  cycles elapsed
             4145512  peak memory footprint
