$ CHAIN_SOLVER=tail CHAIN_TREEPASS=fast /usr/bin/time -l /Users/zhangwenqian/UNSW/pivoter/research/r1_skyline_index_20260918/build/chain_index_tool --build-only /Users/zhangwenqian/UNSW/pivoter/data/ca-GrQc.edges
{"n":5242,"solver":"tail","treepass":"fast","count_bits":64,"chains":716,"canonical_nodes":1517,"index_bytes":61328,"build_form_bytes":66904,"compact_ms":0.025334,"bytes_map":3856,"bytes_chains":17321,"bytes_layers":40151,"ti_ms":1.42938,"ti_bytes":385400,"rss_loaded":2310144,"rss_with_ti":2916352,"rss_start":2932736,"rss_after_solve":4276224,"rss_after_chains":4308992,"rss_after_layout":4505600,"solve_ms":0.382665,"trees_ms":2.12767,"chains_ms":0.026583,"layout_ms":0.2,"build_ms":2.78742}
        0.00 real         0.00 user         0.00 sys
             4538368  maximum resident set size
                   0  average shared memory size
                   0  average unshared data size
                   0  average unshared stack size
                 471  page reclaims
                   1  page faults
                   0  swaps
                   0  block input operations
                   0  block output operations
                   0  messages sent
                   0  messages received
                   0  signals received
                   0  voluntary context switches
                   8  involuntary context switches
           139432278  instructions retired
            38428490  cycles elapsed
             3785040  peak memory footprint
