$ CHAIN_SOLVER=tail CHAIN_TREEPASS=old /usr/bin/time -l /Users/zhangwenqian/UNSW/pivoter/research/r1_skyline_index_20260918/build/chain_index_tool --build-only /Users/zhangwenqian/UNSW/pivoter/data/ca-GrQc.edges
{"n":5242,"solver":"tail","treepass":"old","count_bits":64,"chains":716,"canonical_nodes":1517,"index_bytes":61328,"build_form_bytes":66904,"compact_ms":0.024292,"bytes_map":3856,"bytes_chains":17321,"bytes_layers":40151,"ti_ms":1.84758,"ti_bytes":385400,"rss_loaded":2293760,"rss_with_ti":3145728,"rss_start":3162112,"rss_after_solve":4784128,"rss_after_chains":4800512,"rss_after_layout":4947968,"solve_ms":0.404786,"trees_ms":2.9563,"chains_ms":0.025875,"layout_ms":0.208833,"build_ms":3.64654}
        0.01 real         0.00 user         0.00 sys
             4964352  maximum resident set size
                   0  average shared memory size
                   0  average unshared data size
                   0  average unshared stack size
                 497  page reclaims
                   1  page faults
                   0  swaps
                   0  block input operations
                   0  block output operations
                   0  messages sent
                   0  messages received
                   0  signals received
                   0  voluntary context switches
                  14  involuntary context switches
           149112213  instructions retired
            43171977  cycles elapsed
             4211024  peak memory footprint
