$ CHAIN_SOLVER=terminal CHAIN_TREEPASS=fast /usr/bin/time -l /Users/zhangwenqian/UNSW/pivoter/research/r1_skyline_index_20260918/build/chain_index_tool --build-only /Users/zhangwenqian/UNSW/pivoter/data/ca-GrQc.edges
{"n":5242,"solver":"terminal","treepass":"fast","count_bits":64,"chains":716,"canonical_nodes":1517,"index_bytes":61328,"build_form_bytes":66904,"compact_ms":0.027416,"bytes_map":3856,"bytes_chains":17321,"bytes_layers":40151,"ti_ms":1.57062,"ti_bytes":385400,"rss_loaded":2326528,"rss_with_ti":2981888,"rss_start":2998272,"rss_after_solve":4325376,"rss_after_chains":4341760,"rss_after_layout":4505600,"solve_ms":1.2633,"trees_ms":2.12958,"chains_ms":0.027625,"layout_ms":0.213834,"build_ms":3.68704}
        0.01 real         0.00 user         0.00 sys
             4538368  maximum resident set size
                   0  average shared memory size
                   0  average unshared data size
                   0  average unshared stack size
                 471  page reclaims
                   1  page faults
                   0  swaps
                   0  block input operations
                   0  block output operations
                   0  messages sent
                   0  messages received
                   0  signals received
                   0  voluntary context switches
                   6  involuntary context switches
           159258916  instructions retired
            41602317  cycles elapsed
             3801424  peak memory footprint
