$ CHAIN_SOLVER=terminal CHAIN_TREEPASS=fast /usr/bin/time -l /Users/zhangwenqian/UNSW/pivoter/research/r1_skyline_index_20260918/build/chain_index_tool --build-only /Users/zhangwenqian/UNSW/pivoter/data/ca-GrQc.edges
{"n":5242,"solver":"terminal","treepass":"fast","count_bits":64,"chains":716,"canonical_nodes":1517,"index_bytes":61328,"build_form_bytes":66904,"compact_ms":0.025417,"bytes_map":3856,"bytes_chains":17321,"bytes_layers":40151,"ti_ms":1.60308,"ti_bytes":385400,"rss_loaded":2310144,"rss_with_ti":2949120,"rss_start":2965504,"rss_after_solve":4407296,"rss_after_chains":4440064,"rss_after_layout":4620288,"solve_ms":1.24987,"trees_ms":2.19171,"chains_ms":0.03,"layout_ms":0.202792,"build_ms":3.73067}
        0.01 real         0.00 user         0.00 sys
             4669440  maximum resident set size
                   0  average shared memory size
                   0  average unshared data size
                   0  average unshared stack size
                 479  page reclaims
                   1  page faults
                   0  swaps
                   0  block input operations
                   0  block output operations
                   0  messages sent
                   0  messages received
                   0  signals received
                   0  voluntary context switches
                   5  involuntary context switches
           159301544  instructions retired
            42842560  cycles elapsed
             3932496  peak memory footprint
