$ CHAIN_SOLVER=terminal CHAIN_TREEPASS=old /usr/bin/time -l /Users/zhangwenqian/UNSW/pivoter/research/r1_skyline_index_20260918/build/chain_index_tool --build-only /Users/zhangwenqian/UNSW/pivoter/data/ca-GrQc.edges
{"n":5242,"solver":"terminal","treepass":"old","count_bits":64,"chains":716,"canonical_nodes":1517,"index_bytes":61328,"build_form_bytes":66904,"compact_ms":0.026375,"bytes_map":3856,"bytes_chains":17321,"bytes_layers":40151,"ti_ms":1.61371,"ti_bytes":385400,"rss_loaded":2342912,"rss_with_ti":2981888,"rss_start":2998272,"rss_after_solve":4587520,"rss_after_chains":4636672,"rss_after_layout":4751360,"solve_ms":1.241,"trees_ms":2.83054,"chains_ms":0.031417,"layout_ms":0.190208,"build_ms":4.33171}
        0.01 real         0.00 user         0.00 sys
             4800512  maximum resident set size
                   0  average shared memory size
                   0  average unshared data size
                   0  average unshared stack size
                 487  page reclaims
                   1  page faults
                   0  swaps
                   0  block input operations
                   0  block output operations
                   0  messages sent
                   0  messages received
                   0  signals received
                   0  voluntary context switches
                   7  involuntary context switches
           167994136  instructions retired
            44383810  cycles elapsed
             4063568  peak memory footprint
