$ CHAIN_SOLVER=terminal CHAIN_TREEPASS=fast /usr/bin/time -l /Users/zhangwenqian/UNSW/pivoter/research/r1_skyline_index_20260918/build/chain_index_tool --build-only /Users/zhangwenqian/UNSW/pivoter/data/ca-GrQc.edges
{"n":5242,"solver":"terminal","treepass":"fast","count_bits":64,"chains":716,"canonical_nodes":1517,"index_bytes":61328,"build_form_bytes":66904,"compact_ms":0.026709,"bytes_map":3856,"bytes_chains":17321,"bytes_layers":40151,"ti_ms":1.52908,"ti_bytes":385400,"rss_loaded":2310144,"rss_with_ti":2949120,"rss_start":2965504,"rss_after_solve":4816896,"rss_after_chains":4849664,"rss_after_layout":5029888,"solve_ms":1.47125,"trees_ms":2.19004,"chains_ms":0.030416,"layout_ms":0.200542,"build_ms":3.94512}
        0.01 real         0.00 user         0.00 sys
             5079040  maximum resident set size
                   0  average shared memory size
                   0  average unshared data size
                   0  average unshared stack size
                 504  page reclaims
                   1  page faults
                   0  swaps
                   0  block input operations
                   0  block output operations
                   0  messages sent
                   0  messages received
                   0  signals received
                   0  voluntary context switches
                  13  involuntary context switches
           159637248  instructions retired
            42019686  cycles elapsed
             4342096  peak memory footprint
