$ CHAIN_SOLVER=tail CHAIN_TREEPASS=old /usr/bin/time -l /Users/zhangwenqian/UNSW/pivoter/research/r1_skyline_index_20260918/build/chain_index_tool --build-only /Users/zhangwenqian/UNSW/pivoter/data/ca-GrQc.edges
{"n":5242,"solver":"tail","treepass":"old","count_bits":64,"chains":716,"canonical_nodes":1517,"index_bytes":61328,"build_form_bytes":66904,"compact_ms":0.023084,"bytes_map":3856,"bytes_chains":17321,"bytes_layers":40151,"ti_ms":1.54408,"ti_bytes":385400,"rss_loaded":2310144,"rss_with_ti":2965504,"rss_start":2981888,"rss_after_solve":4620288,"rss_after_chains":4636672,"rss_after_layout":4767744,"solve_ms":0.368334,"trees_ms":2.72812,"chains_ms":0.025375,"layout_ms":0.185625,"build_ms":3.34008}
        0.00 real         0.00 user         0.00 sys
             4784128  maximum resident set size
                   0  average shared memory size
                   0  average unshared data size
                   0  average unshared stack size
                 486  page reclaims
                   1  page faults
                   0  swaps
                   0  block input operations
                   0  block output operations
                   0  messages sent
                   0  messages received
                   0  signals received
                   0  voluntary context switches
                   5  involuntary context switches
           148891883  instructions retired
            39851551  cycles elapsed
             4030800  peak memory footprint
