$ CHAIN_SOLVER=terminal CHAIN_TREEPASS=old /usr/bin/time -l /Users/zhangwenqian/UNSW/pivoter/research/r1_skyline_index_20260918/build/chain_index_tool --build-only /Users/zhangwenqian/UNSW/pivoter/data/ca-HepPh.edges
{"n":12008,"solver":"terminal","treepass":"old","count_bits":256,"chains":1136,"canonical_nodes":3538,"index_bytes":193082,"build_form_bytes":186952,"compact_ms":0.081584,"bytes_map":6808,"bytes_chains":52117,"bytes_layers":134157,"ti_ms":63.3393,"ti_bytes":3223068,"rss_loaded":5619712,"rss_with_ti":9666560,"rss_start":9682944,"rss_after_solve":23117824,"rss_after_chains":23166976,"rss_after_layout":23986176,"solve_ms":102.456,"trees_ms":73.5704,"chains_ms":0.097583,"layout_ms":0.787541,"build_ms":177.412}
        0.26 real         0.25 user         0.00 sys
            24133632  maximum resident set size
                   0  average shared memory size
                   0  average unshared data size
                   0  average unshared stack size
                1667  page reclaims
                   1  page faults
                   0  swaps
                   0  block input operations
                   0  block output operations
                   0  messages sent
                   0  messages received
                   0  signals received
                   0  voluntary context switches
                  80  involuntary context switches
          5152168663  instructions retired
          1130349023  cycles elapsed
            23314816  peak memory footprint
