$ CHAIN_SOLVER=terminal CHAIN_TREEPASS=fast /usr/bin/time -l /Users/zhangwenqian/UNSW/pivoter/research/r1_skyline_index_20260918/build/chain_index_tool --build-only /Users/zhangwenqian/UNSW/pivoter/data/ca-HepPh.edges
{"n":12008,"solver":"terminal","treepass":"fast","count_bits":256,"chains":1136,"canonical_nodes":3538,"index_bytes":193082,"build_form_bytes":186952,"compact_ms":0.085,"bytes_map":6808,"bytes_chains":52117,"bytes_layers":134157,"ti_ms":64.093,"ti_bytes":3223068,"rss_loaded":5619712,"rss_with_ti":9682944,"rss_start":9699328,"rss_after_solve":23101440,"rss_after_chains":23183360,"rss_after_layout":23986176,"solve_ms":102.714,"trees_ms":59.4807,"chains_ms":0.099333,"layout_ms":0.786333,"build_ms":163.628}
        0.25 real         0.24 user         0.00 sys
            24182784  maximum resident set size
                   0  average shared memory size
                   0  average unshared data size
                   0  average unshared stack size
                1670  page reclaims
                   1  page faults
                   0  swaps
                   0  block input operations
                   0  block output operations
                   0  messages sent
                   0  messages received
                   0  signals received
                   0  voluntary context switches
                  70  involuntary context switches
          4956043498  instructions retired
          1075117275  cycles elapsed
            23363968  peak memory footprint
