$ CHAIN_SOLVER=tail CHAIN_TREEPASS=old /usr/bin/time -l /Users/zhangwenqian/UNSW/pivoter/research/r1_skyline_index_20260918/build/chain_index_tool --build-only /Users/zhangwenqian/UNSW/pivoter/graphs/ca-HepTh.edges
{"n":9877,"solver":"tail","treepass":"old","count_bits":64,"chains":1104,"canonical_nodes":1583,"index_bytes":76147,"build_form_bytes":87244,"compact_ms":0.0275,"bytes_map":6284,"bytes_chains":26475,"bytes_layers":43388,"ti_ms":3.28792,"ti_bytes":858824,"rss_loaded":2981888,"rss_with_ti":4030464,"rss_start":4046848,"rss_after_solve":6569984,"rss_after_chains":6602752,"rss_after_layout":6848512,"solve_ms":1.14192,"trees_ms":3.92308,"chains_ms":0.040708,"layout_ms":0.22275,"build_ms":5.36183}
        0.01 real         0.01 user         0.00 sys
             6864896  maximum resident set size
                   0  average shared memory size
                   0  average unshared data size
                   0  average unshared stack size
                 613  page reclaims
                   1  page faults
                   0  swaps
                   0  block input operations
                   0  block output operations
                   0  messages sent
                   0  messages received
                   0  signals received
                   0  voluntary context switches
                   9  involuntary context switches
           243647730  instructions retired
            68159927  cycles elapsed
             6111568  peak memory footprint
