$ CHAIN_SOLVER=terminal CHAIN_TREEPASS=old /usr/bin/time -l /Users/zhangwenqian/UNSW/pivoter/research/r1_skyline_index_20260918/build/chain_index_tool --build-only /Users/zhangwenqian/UNSW/pivoter/graphs/ca-HepTh.edges
{"n":9877,"solver":"terminal","treepass":"old","count_bits":64,"chains":1104,"canonical_nodes":1583,"index_bytes":76147,"build_form_bytes":87244,"compact_ms":0.029333,"bytes_map":6284,"bytes_chains":26475,"bytes_layers":43388,"ti_ms":3.38313,"ti_bytes":858824,"rss_loaded":2785280,"rss_with_ti":3784704,"rss_start":3801088,"rss_after_solve":6242304,"rss_after_chains":6275072,"rss_after_layout":6471680,"solve_ms":1.88529,"trees_ms":3.95437,"chains_ms":0.041541,"layout_ms":0.208125,"build_ms":6.11871}
        0.01 real         0.01 user         0.00 sys
             6504448  maximum resident set size
                   0  average shared memory size
                   0  average unshared data size
                   0  average unshared stack size
                 591  page reclaims
                   1  page faults
                   0  swaps
                   0  block input operations
                   0  block output operations
                   0  messages sent
                   0  messages received
                   0  signals received
                   2  voluntary context switches
                  10  involuntary context switches
           264766766  instructions retired
            70832666  cycles elapsed
             5767504  peak memory footprint
