$ CHAIN_SOLVER=tail CHAIN_TREEPASS=fast /usr/bin/time -l /Users/zhangwenqian/UNSW/pivoter/research/r1_skyline_index_20260918/build/chain_index_tool --build-only /Users/zhangwenqian/UNSW/pivoter/data/ca-HepPh.edges
{"n":12008,"solver":"tail","treepass":"fast","count_bits":256,"chains":1136,"canonical_nodes":3538,"index_bytes":193082,"build_form_bytes":186952,"compact_ms":0.089708,"bytes_map":6808,"bytes_chains":52117,"bytes_layers":134157,"ti_ms":69.2814,"ti_bytes":3223068,"rss_loaded":5619712,"rss_with_ti":10207232,"rss_start":10223616,"rss_after_solve":19103744,"rss_after_chains":19136512,"rss_after_layout":20004864,"solve_ms":7.92038,"trees_ms":59.9894,"chains_ms":0.0985,"layout_ms":0.817542,"build_ms":69.6269}
        0.16 real         0.15 user         0.00 sys
            20250624  maximum resident set size
                   0  average shared memory size
                   0  average unshared data size
                   0  average unshared stack size
                1430  page reclaims
                   1  page faults
                   0  swaps
                   0  block input operations
                   0  block output operations
                   0  messages sent
                   0  messages received
                   0  signals received
                   0  voluntary context switches
                 260  involuntary context switches
          2536245170  instructions retired
           684755190  cycles elapsed
            19415424  peak memory footprint
