$ CHAIN_SOLVER=tail CHAIN_TREEPASS=old /usr/bin/time -l /Users/zhangwenqian/UNSW/pivoter/research/r1_skyline_index_20260918/build/chain_index_tool --build-only /Users/zhangwenqian/UNSW/pivoter/data/ca-HepPh.edges
{"n":12008,"solver":"tail","treepass":"old","count_bits":256,"chains":1136,"canonical_nodes":3538,"index_bytes":193082,"build_form_bytes":186952,"compact_ms":0.091,"bytes_map":6808,"bytes_chains":52117,"bytes_layers":134157,"ti_ms":62.4162,"ti_bytes":3223068,"rss_loaded":5619712,"rss_with_ti":9682944,"rss_start":9699328,"rss_after_solve":19136512,"rss_after_chains":19185664,"rss_after_layout":20037632,"solve_ms":7.62358,"trees_ms":73.0192,"chains_ms":0.099875,"layout_ms":0.88175,"build_ms":82.1432}
        0.16 real         0.16 user         0.00 sys
            20185088  maximum resident set size
                   0  average shared memory size
                   0  average unshared data size
                   0  average unshared stack size
                1426  page reclaims
                   1  page faults
                   0  swaps
                   0  block input operations
                   0  block output operations
                   0  messages sent
                   0  messages received
                   0  signals received
                   0  voluntary context switches
                  42  involuntary context switches
          2731897273  instructions retired
           726216188  cycles elapsed
            19349888  peak memory footprint
