$ CHAIN_SOLVER=tail CHAIN_TREEPASS=fast /usr/bin/time -l /Users/zhangwenqian/UNSW/pivoter/research/r1_skyline_index_20260918/build/chain_index_tool --build-only /Users/zhangwenqian/UNSW/pivoter/data/ca-HepPh.edges
{"n":12008,"solver":"tail","treepass":"fast","count_bits":256,"chains":1136,"canonical_nodes":3538,"index_bytes":193082,"build_form_bytes":186952,"compact_ms":0.08225,"bytes_map":6808,"bytes_chains":52117,"bytes_layers":134157,"ti_ms":63.4419,"ti_bytes":3223068,"rss_loaded":5619712,"rss_with_ti":9715712,"rss_start":9732096,"rss_after_solve":18694144,"rss_after_chains":18743296,"rss_after_layout":19693568,"solve_ms":8.01001,"trees_ms":58.4666,"chains_ms":0.211291,"layout_ms":0.808792,"build_ms":68.08}
        0.15 real         0.15 user         0.00 sys
            19857408  maximum resident set size
                   0  average shared memory size
                   0  average unshared data size
                   0  average unshared stack size
                1406  page reclaims
                   1  page faults
                   0  swaps
                   0  block input operations
                   0  block output operations
                   0  messages sent
                   0  messages received
                   0  signals received
                   0  voluntary context switches
                  50  involuntary context switches
          2536846075  instructions retired
           668204155  cycles elapsed
            19022208  peak memory footprint
