$ CHAIN_SOLVER=tail CHAIN_TREEPASS=fast /usr/bin/time -l /Users/zhangwenqian/UNSW/pivoter/research/r1_skyline_index_20260918/build/chain_index_tool --build-only /Users/zhangwenqian/UNSW/pivoter/data/ca-HepPh.edges
{"n":12008,"solver":"tail","treepass":"fast","count_bits":256,"chains":1136,"canonical_nodes":3538,"index_bytes":193082,"build_form_bytes":186952,"compact_ms":0.086084,"bytes_map":6808,"bytes_chains":52117,"bytes_layers":134157,"ti_ms":64.3571,"ti_bytes":3223068,"rss_loaded":5619712,"rss_with_ti":9682944,"rss_start":9699328,"rss_after_solve":18137088,"rss_after_chains":18153472,"rss_after_layout":19054592,"solve_ms":7.69367,"trees_ms":58.9327,"chains_ms":0.097292,"layout_ms":0.818208,"build_ms":68.0638}
        0.15 real         0.15 user         0.00 sys
            19300352  maximum resident set size
                   0  average shared memory size
                   0  average unshared data size
                   0  average unshared stack size
                1372  page reclaims
                   1  page faults
                   0  swaps
                   0  block input operations
                   0  block output operations
                   0  messages sent
                   0  messages received
                   0  signals received
                   0  voluntary context switches
                  70  involuntary context switches
          2535701724  instructions retired
           667203582  cycles elapsed
            18465152  peak memory footprint
