$ CHAIN_SOLVER=tail CHAIN_TREEPASS=fast /usr/bin/time -l /Users/zhangwenqian/UNSW/pivoter/research/r1_skyline_index_20260918/build/chain_index_tool --build-only /Users/zhangwenqian/UNSW/pivoter/data/ca-HepPh.edges
{"n":12008,"solver":"tail","treepass":"fast","count_bits":256,"chains":1136,"canonical_nodes":3538,"index_bytes":193082,"build_form_bytes":186952,"compact_ms":0.098584,"bytes_map":6808,"bytes_chains":52117,"bytes_layers":134157,"ti_ms":61.7855,"ti_bytes":3223068,"rss_loaded":5619712,"rss_with_ti":9715712,"rss_start":9732096,"rss_after_solve":18186240,"rss_after_chains":18202624,"rss_after_layout":19070976,"solve_ms":7.79603,"trees_ms":58.4207,"chains_ms":0.095541,"layout_ms":0.808583,"build_ms":67.6812}
        0.15 real         0.14 user         0.00 sys
            19300352  maximum resident set size
                   0  average shared memory size
                   0  average unshared data size
                   0  average unshared stack size
                1372  page reclaims
                   1  page faults
                   0  swaps
                   0  block input operations
                   0  block output operations
                   0  messages sent
                   0  messages received
                   0  signals received
                   0  voluntary context switches
                  42  involuntary context switches
          2536125332  instructions retired
           664480885  cycles elapsed
            18448744  peak memory footprint
