$ CHAIN_SOLVER=tail CHAIN_TREEPASS=fast /usr/bin/time -l /Users/zhangwenqian/UNSW/pivoter/research/r1_skyline_index_20260918/build/chain_index_tool --build-only /Users/zhangwenqian/UNSW/pivoter/graphs/ca-HepTh.edges
{"n":9877,"solver":"tail","treepass":"fast","count_bits":64,"chains":1104,"canonical_nodes":1583,"index_bytes":76147,"build_form_bytes":87244,"compact_ms":0.025583,"bytes_map":6284,"bytes_chains":26475,"bytes_layers":43388,"ti_ms":3.36583,"ti_bytes":858824,"rss_loaded":2916352,"rss_with_ti":4030464,"rss_start":4046848,"rss_after_solve":6258688,"rss_after_chains":6389760,"rss_after_layout":6782976,"solve_ms":1.13863,"trees_ms":3.16471,"chains_ms":0.044708,"layout_ms":0.22475,"build_ms":4.63242}
        0.01 real         0.01 user         0.00 sys
             6799360  maximum resident set size
                   0  average shared memory size
                   0  average unshared data size
                   0  average unshared stack size
                 609  page reclaims
                   1  page faults
                   0  swaps
                   0  block input operations
                   0  block output operations
                   0  messages sent
                   0  messages received
                   0  signals received
                   0  voluntary context switches
                  27  involuntary context switches
           233517536  instructions retired
            66019391  cycles elapsed
             6046032  peak memory footprint
