$ CHAIN_SOLVER=terminal CHAIN_TREEPASS=fast /usr/bin/time -l /Users/zhangwenqian/UNSW/pivoter/research/r1_skyline_index_20260918/build/chain_index_tool --build-only /Users/zhangwenqian/UNSW/pivoter/data/ca-HepPh.edges
{"n":12008,"solver":"terminal","treepass":"fast","count_bits":256,"chains":1136,"canonical_nodes":3538,"index_bytes":193082,"build_form_bytes":186952,"compact_ms":0.118667,"bytes_map":6808,"bytes_chains":52117,"bytes_layers":134157,"ti_ms":63.2276,"ti_bytes":3223068,"rss_loaded":5619712,"rss_with_ti":9551872,"rss_start":9568256,"rss_after_solve":19365888,"rss_after_chains":19431424,"rss_after_layout":20201472,"solve_ms":101.301,"trees_ms":59.133,"chains_ms":0.099792,"layout_ms":0.819,"build_ms":161.881}
        0.24 real         0.24 user         0.00 sys
            20463616  maximum resident set size
                   0  average shared memory size
                   0  average unshared data size
                   0  average unshared stack size
                1443  page reclaims
                   1  page faults
                   0  swaps
                   0  block input operations
                   0  block output operations
                   0  messages sent
                   0  messages received
                   0  signals received
                   0  voluntary context switches
                  83  involuntary context switches
          4952273288  instructions retired
          1067037991  cycles elapsed
            19644800  peak memory footprint
