$ CHAIN_SOLVER=terminal CHAIN_TREEPASS=old /usr/bin/time -l /Users/zhangwenqian/UNSW/pivoter/research/r1_skyline_index_20260918/build/chain_index_tool --build-only /Users/zhangwenqian/UNSW/pivoter/data/ca-HepPh.edges
{"n":12008,"solver":"terminal","treepass":"old","count_bits":256,"chains":1136,"canonical_nodes":3538,"index_bytes":193082,"build_form_bytes":186952,"compact_ms":0.086708,"bytes_map":6808,"bytes_chains":52117,"bytes_layers":134157,"ti_ms":62.5514,"ti_bytes":3223068,"rss_loaded":5619712,"rss_with_ti":9699328,"rss_start":9715712,"rss_after_solve":26001408,"rss_after_chains":26034176,"rss_after_layout":26771456,"solve_ms":107.008,"trees_ms":77.5023,"chains_ms":0.099375,"layout_ms":0.762833,"build_ms":185.827}
        0.27 real         0.26 user         0.00 sys
            26984448  maximum resident set size
                   0  average shared memory size
                   0  average unshared data size
                   0  average unshared stack size
                1841  page reclaims
                   1  page faults
                   0  swaps
                   0  block input operations
                   0  block output operations
                   0  messages sent
                   0  messages received
                   0  signals received
                   2  voluntary context switches
                  94  involuntary context switches
          5153716536  instructions retired
          1163913866  cycles elapsed
            26165632  peak memory footprint
