$ CHAIN_SOLVER=terminal CHAIN_TREEPASS=old /usr/bin/time -l /Users/zhangwenqian/UNSW/pivoter/research/r1_skyline_index_20260918/build/chain_index_tool --build-only /Users/zhangwenqian/UNSW/pivoter/graphs/ca-HepTh.edges
{"n":9877,"solver":"terminal","treepass":"old","count_bits":64,"chains":1104,"canonical_nodes":1583,"index_bytes":76147,"build_form_bytes":87244,"compact_ms":0.026291,"bytes_map":6284,"bytes_chains":26475,"bytes_layers":43388,"ti_ms":3.37483,"ti_bytes":858824,"rss_loaded":2785280,"rss_with_ti":3833856,"rss_start":3850240,"rss_after_solve":6307840,"rss_after_chains":6340608,"rss_after_layout":6602752,"solve_ms":1.82217,"trees_ms":3.8515,"chains_ms":0.040167,"layout_ms":0.224292,"build_ms":5.96971}
        0.01 real         0.01 user         0.00 sys
             6635520  maximum resident set size
                   0  average shared memory size
                   0  average unshared data size
                   0  average unshared stack size
                 599  page reclaims
                   1  page faults
                   0  swaps
                   0  block input operations
                   0  block output operations
                   0  messages sent
                   0  messages received
                   0  signals received
                   0  voluntary context switches
                  18  involuntary context switches
           264409408  instructions retired
            70818125  cycles elapsed
             5898576  peak memory footprint
