$ CHAIN_SOLVER=terminal CHAIN_TREEPASS=old /usr/bin/time -l /Users/zhangwenqian/UNSW/pivoter/research/r1_skyline_index_20260918/build/chain_index_tool --build-only /Users/zhangwenqian/UNSW/pivoter/data/ca-HepPh.edges
{"n":12008,"solver":"terminal","treepass":"old","count_bits":256,"chains":1136,"canonical_nodes":3538,"index_bytes":193082,"build_form_bytes":186952,"compact_ms":0.083958,"bytes_map":6808,"bytes_chains":52117,"bytes_layers":134157,"ti_ms":63.9375,"ti_bytes":3223068,"rss_loaded":5619712,"rss_with_ti":9682944,"rss_start":9699328,"rss_after_solve":24821760,"rss_after_chains":24838144,"rss_after_layout":25591808,"solve_ms":102.554,"trees_ms":73.5852,"chains_ms":0.095625,"layout_ms":0.772125,"build_ms":177.522}
        0.26 real         0.26 user         0.00 sys
            25788416  maximum resident set size
                   0  average shared memory size
                   0  average unshared data size
                   0  average unshared stack size
                1768  page reclaims
                   1  page faults
                   0  swaps
                   0  block input operations
                   0  block output operations
                   0  messages sent
                   0  messages received
                   0  signals received
                   0  voluntary context switches
                  74  involuntary context switches
          5151365223  instructions retired
          1134079582  cycles elapsed
            24969600  peak memory footprint
