$ CHAIN_SOLVER=tail CHAIN_TREEPASS=old /usr/bin/time -l /Users/zhangwenqian/UNSW/pivoter/research/r1_skyline_index_20260918/build/chain_index_tool --build-only /Users/zhangwenqian/UNSW/pivoter/data/ca-HepPh.edges
{"n":12008,"solver":"tail","treepass":"old","count_bits":256,"chains":1136,"canonical_nodes":3538,"index_bytes":193082,"build_form_bytes":186952,"compact_ms":0.089334,"bytes_map":6808,"bytes_chains":52117,"bytes_layers":134157,"ti_ms":62.5052,"ti_bytes":3223068,"rss_loaded":5619712,"rss_with_ti":9666560,"rss_start":9682944,"rss_after_solve":19120128,"rss_after_chains":19152896,"rss_after_layout":19857408,"solve_ms":7.84274,"trees_ms":72.6384,"chains_ms":0.10825,"layout_ms":0.831542,"build_ms":81.9953}
        0.16 real         0.16 user         0.00 sys
            20086784  maximum resident set size
                   0  average shared memory size
                   0  average unshared data size
                   0  average unshared stack size
                1420  page reclaims
                   1  page faults
                   0  swaps
                   0  block input operations
                   0  block output operations
                   0  messages sent
                   0  messages received
                   0  signals received
                   0  voluntary context switches
                  47  involuntary context switches
          2730703205  instructions retired
           726618186  cycles elapsed
            19251584  peak memory footprint
