$ CHAIN_SOLVER=tail CHAIN_TREEPASS=old /usr/bin/time -l /Users/zhangwenqian/UNSW/pivoter/research/r1_skyline_index_20260918/build/chain_index_tool --build-only /Users/zhangwenqian/UNSW/pivoter/data/ca-HepPh.edges
{"n":12008,"solver":"tail","treepass":"old","count_bits":256,"chains":1136,"canonical_nodes":3538,"index_bytes":193082,"build_form_bytes":186952,"compact_ms":0.116542,"bytes_map":6808,"bytes_chains":52117,"bytes_layers":134157,"ti_ms":65.1582,"ti_bytes":3223068,"rss_loaded":5619712,"rss_with_ti":9699328,"rss_start":9715712,"rss_after_solve":19021824,"rss_after_chains":19054592,"rss_after_layout":19988480,"solve_ms":7.54091,"trees_ms":73.0478,"chains_ms":0.105833,"layout_ms":0.770292,"build_ms":82.0148}
        0.17 real         0.16 user         0.00 sys
            20168704  maximum resident set size
                   0  average shared memory size
                   0  average unshared data size
                   0  average unshared stack size
                1425  page reclaims
                   1  page faults
                   0  swaps
                   0  block input operations
                   0  block output operations
                   0  messages sent
                   0  messages received
                   0  signals received
                   0  voluntary context switches
                 126  involuntary context switches
          2732474216  instructions retired
           728307236  cycles elapsed
            19333504  peak memory footprint
