$ CHAIN_SOLVER=tail CHAIN_TREEPASS=fast /usr/bin/time -l /Users/zhangwenqian/UNSW/pivoter/research/r1_skyline_index_20260918/build/chain_index_tool --build-only /Users/zhangwenqian/UNSW/pivoter/data/ca-HepPh.edges
{"n":12008,"solver":"tail","treepass":"fast","count_bits":256,"chains":1136,"canonical_nodes":3538,"index_bytes":193082,"build_form_bytes":186952,"compact_ms":0.089209,"bytes_map":6808,"bytes_chains":52117,"bytes_layers":134157,"ti_ms":64.4858,"ti_bytes":3223068,"rss_loaded":5619712,"rss_with_ti":9666560,"rss_start":9682944,"rss_after_solve":18169856,"rss_after_chains":18186240,"rss_after_layout":19169280,"solve_ms":8.06817,"trees_ms":61.5881,"chains_ms":0.100334,"layout_ms":1.00442,"build_ms":71.3902}
        0.16 real         0.15 user         0.00 sys
            19349504  maximum resident set size
                   0  average shared memory size
                   0  average unshared data size
                   0  average unshared stack size
                1375  page reclaims
                   1  page faults
                   0  swaps
                   0  block input operations
                   0  block output operations
                   0  messages sent
                   0  messages received
                   0  signals received
                   0  voluntary context switches
                 235  involuntary context switches
          2536667857  instructions retired
           674621802  cycles elapsed
            18514304  peak memory footprint
