$ CHAIN_SOLVER=terminal CHAIN_TREEPASS=fast /usr/bin/time -l /Users/zhangwenqian/UNSW/pivoter/research/r1_skyline_index_20260918/build/chain_index_tool --build-only /Users/zhangwenqian/UNSW/pivoter/graphs/ca-HepTh.edges
{"n":9877,"solver":"terminal","treepass":"fast","count_bits":64,"chains":1104,"canonical_nodes":1583,"index_bytes":76147,"build_form_bytes":87244,"compact_ms":0.026333,"bytes_map":6284,"bytes_chains":26475,"bytes_layers":43388,"ti_ms":3.20842,"ti_bytes":858824,"rss_loaded":2785280,"rss_with_ti":3817472,"rss_start":3833856,"rss_after_solve":5931008,"rss_after_chains":5947392,"rss_after_layout":6242304,"solve_ms":1.85008,"trees_ms":3.05996,"chains_ms":0.039167,"layout_ms":0.214833,"build_ms":5.21925}
        0.01 real         0.01 user         0.00 sys
             6275072  maximum resident set size
                   0  average shared memory size
                   0  average unshared data size
                   0  average unshared stack size
                 577  page reclaims
                   1  page faults
                   0  swaps
                   0  block input operations
                   0  block output operations
                   0  messages sent
                   0  messages received
                   0  signals received
                   0  voluntary context switches
                   7  involuntary context switches
           254427688  instructions retired
            68291319  cycles elapsed
             5538128  peak memory footprint
