$ CHAIN_SOLVER=terminal CHAIN_TREEPASS=fast /usr/bin/time -l /Users/zhangwenqian/UNSW/pivoter/research/r1_skyline_index_20260918/build/chain_index_tool --build-only /Users/zhangwenqian/UNSW/pivoter/graphs/ca-HepTh.edges
{"n":9877,"solver":"terminal","treepass":"fast","count_bits":64,"chains":1104,"canonical_nodes":1583,"index_bytes":76147,"build_form_bytes":87244,"compact_ms":0.027875,"bytes_map":6284,"bytes_chains":26475,"bytes_layers":43388,"ti_ms":3.43904,"ti_bytes":858824,"rss_loaded":2899968,"rss_with_ti":4259840,"rss_start":4276224,"rss_after_solve":6438912,"rss_after_chains":6504448,"rss_after_layout":6881280,"solve_ms":1.89083,"trees_ms":3.08383,"chains_ms":0.042417,"layout_ms":0.266334,"build_ms":5.33958}
        0.01 real         0.01 user         0.00 sys
             6930432  maximum resident set size
                   0  average shared memory size
                   0  average unshared data size
                   0  average unshared stack size
                 617  page reclaims
                   1  page faults
                   0  swaps
                   0  block input operations
                   0  block output operations
                   0  messages sent
                   0  messages received
                   0  signals received
                   0  voluntary context switches
                  12  involuntary context switches
           253039697  instructions retired
            68806433  cycles elapsed
             6193488  peak memory footprint
