$ CHAIN_SOLVER=terminal CHAIN_TREEPASS=old /usr/bin/time -l /Users/zhangwenqian/UNSW/pivoter/research/r1_skyline_index_20260918/build/chain_index_tool --build-only /Users/zhangwenqian/UNSW/pivoter/data/ca-HepPh.edges
{"n":12008,"solver":"terminal","treepass":"old","count_bits":256,"chains":1136,"canonical_nodes":3538,"index_bytes":193082,"build_form_bytes":186952,"compact_ms":0.086959,"bytes_map":6808,"bytes_chains":52117,"bytes_layers":134157,"ti_ms":63.8375,"ti_bytes":3223068,"rss_loaded":5636096,"rss_with_ti":8945664,"rss_start":8962048,"rss_after_solve":27508736,"rss_after_chains":27541504,"rss_after_layout":28229632,"solve_ms":104.481,"trees_ms":74.3292,"chains_ms":0.0955,"layout_ms":0.787125,"build_ms":180.196}
        0.26 real         0.26 user         0.00 sys
            28426240  maximum resident set size
                   0  average shared memory size
                   0  average unshared data size
                   0  average unshared stack size
                1929  page reclaims
                   1  page faults
                   0  swaps
                   0  block input operations
                   0  block output operations
                   0  messages sent
                   0  messages received
                   0  signals received
                   0  voluntary context switches
                 139  involuntary context switches
          5150621202  instructions retired
          1142149065  cycles elapsed
            27607424  peak memory footprint
