$ CHAIN_SOLVER=terminal CHAIN_TREEPASS=fast /usr/bin/time -l /Users/zhangwenqian/UNSW/pivoter/research/r1_skyline_index_20260918/build/chain_index_tool --build-only /Users/zhangwenqian/UNSW/pivoter/data/ca-HepPh.edges
{"n":12008,"solver":"terminal","treepass":"fast","count_bits":256,"chains":1136,"canonical_nodes":3538,"index_bytes":193082,"build_form_bytes":186952,"compact_ms":0.086625,"bytes_map":6808,"bytes_chains":52117,"bytes_layers":134157,"ti_ms":64.013,"ti_bytes":3223068,"rss_loaded":5980160,"rss_with_ti":9650176,"rss_start":9666560,"rss_after_solve":19398656,"rss_after_chains":19431424,"rss_after_layout":20234240,"solve_ms":104.589,"trees_ms":60.7306,"chains_ms":0.105041,"layout_ms":0.81,"build_ms":166.78}
        0.25 real         0.24 user         0.00 sys
            20430848  maximum resident set size
                   0  average shared memory size
                   0  average unshared data size
                   0  average unshared stack size
                1441  page reclaims
                   1  page faults
                   0  swaps
                   0  block input operations
                   0  block output operations
                   0  messages sent
                   0  messages received
                   0  signals received
                   0  voluntary context switches
                 109  involuntary context switches
          4955481435  instructions retired
          1076039227  cycles elapsed
            19612032  peak memory footprint
