$ CHAIN_SOLVER=terminal CHAIN_TREEPASS=fast /usr/bin/time -l /Users/zhangwenqian/UNSW/pivoter/research/r1_skyline_index_20260918/build/chain_index_tool --build-only /Users/zhangwenqian/UNSW/pivoter/graphs/ca-HepTh.edges
{"n":9877,"solver":"terminal","treepass":"fast","count_bits":64,"chains":1104,"canonical_nodes":1583,"index_bytes":76147,"build_form_bytes":87244,"compact_ms":0.057208,"bytes_map":6284,"bytes_chains":26475,"bytes_layers":43388,"ti_ms":3.21183,"ti_bytes":858824,"rss_loaded":2932736,"rss_with_ti":3899392,"rss_start":3915776,"rss_after_solve":6160384,"rss_after_chains":6291456,"rss_after_layout":6701056,"solve_ms":1.96062,"trees_ms":3.15254,"chains_ms":0.049083,"layout_ms":0.229958,"build_ms":5.45971}
        0.01 real         0.01 user         0.00 sys
             6733824  maximum resident set size
                   0  average shared memory size
                   0  average unshared data size
                   0  average unshared stack size
                 605  page reclaims
                   1  page faults
                   0  swaps
                   0  block input operations
                   0  block output operations
                   0  messages sent
                   0  messages received
                   0  signals received
                   0  voluntary context switches
                  31  involuntary context switches
           253798715  instructions retired
            69097983  cycles elapsed
             5996880  peak memory footprint
