$ CHAIN_SOLVER=tail CHAIN_TREEPASS=old /usr/bin/time -l /Users/zhangwenqian/UNSW/pivoter/research/r1_skyline_index_20260918/build/chain_index_tool --build-only /Users/zhangwenqian/UNSW/pivoter/data/ca-HepPh.edges
{"n":12008,"solver":"tail","treepass":"old","count_bits":256,"chains":1136,"canonical_nodes":3538,"index_bytes":193082,"build_form_bytes":186952,"compact_ms":0.080917,"bytes_map":6808,"bytes_chains":52117,"bytes_layers":134157,"ti_ms":66.4775,"ti_bytes":3223068,"rss_loaded":5619712,"rss_with_ti":9699328,"rss_start":9715712,"rss_after_solve":18235392,"rss_after_chains":18268160,"rss_after_layout":19120128,"solve_ms":7.55288,"trees_ms":72.5796,"chains_ms":0.097959,"layout_ms":0.780375,"build_ms":81.5186}
        0.17 real         0.16 user         0.00 sys
            19267584  maximum resident set size
                   0  average shared memory size
                   0  average unshared data size
                   0  average unshared stack size
                1370  page reclaims
                   1  page faults
                   0  swaps
                   0  block input operations
                   0  block output operations
                   0  messages sent
                   0  messages received
                   0  signals received
                   0  voluntary context switches
                 102  involuntary context switches
          2731892982  instructions retired
           724113605  cycles elapsed
            18415976  peak memory footprint
