$ CHAIN_SOLVER=tail CHAIN_TREEPASS=old /usr/bin/time -l /Users/zhangwenqian/UNSW/pivoter/research/r1_skyline_index_20260918/build/chain_index_tool --build-only /Users/zhangwenqian/UNSW/pivoter/data/ca-HepPh.edges
{"n":12008,"solver":"tail","treepass":"old","count_bits":256,"chains":1136,"canonical_nodes":3538,"index_bytes":193082,"build_form_bytes":186952,"compact_ms":0.085333,"bytes_map":6808,"bytes_chains":52117,"bytes_layers":134157,"ti_ms":63.357,"ti_bytes":3223068,"rss_loaded":5619712,"rss_with_ti":9682944,"rss_start":9699328,"rss_after_solve":18186240,"rss_after_chains":18219008,"rss_after_layout":19185664,"solve_ms":7.52766,"trees_ms":72.5976,"chains_ms":0.10875,"layout_ms":0.785375,"build_ms":81.531}
        0.16 real         0.16 user         0.00 sys
            19349504  maximum resident set size
                   0  average shared memory size
                   0  average unshared data size
                   0  average unshared stack size
                1375  page reclaims
                   1  page faults
                   0  swaps
                   0  block input operations
                   0  block output operations
                   0  messages sent
                   0  messages received
                   0  signals received
                   0  voluntary context switches
                  47  involuntary context switches
          2730526751  instructions retired
           722959399  cycles elapsed
            18497896  peak memory footprint
