$ CHAIN_SOLVER=terminal CHAIN_TREEPASS=old /usr/bin/time -l /Users/zhangwenqian/UNSW/pivoter/research/r1_skyline_index_20260918/build/chain_index_tool --build-only /Users/zhangwenqian/UNSW/pivoter/graphs/cit-HepPh.edges
{"n":34546,"solver":"terminal","treepass":"old","count_bits":64,"chains":16623,"canonical_nodes":9369,"index_bytes":1610959,"build_form_bytes":2093928,"compact_ms":0.5975,"bytes_map":72980,"bytes_chains":831455,"bytes_layers":706524,"ti_ms":373.122,"ti_bytes":44387636,"rss_loaded":13385728,"rss_with_ti":87244800,"rss_start":87261184,"rss_after_solve":94371840,"rss_after_chains":94404608,"rss_after_layout":95731712,"solve_ms":155.956,"trees_ms":194.968,"chains_ms":0.426375,"layout_ms":4.71279,"build_ms":356.51}
        0.82 real         0.80 user         0.01 sys
            95879168  maximum resident set size
                   0  average shared memory size
                   0  average unshared data size
                   0  average unshared stack size
                6046  page reclaims
                   1  page faults
                   0  swaps
                   0  block input operations
                   0  block output operations
                   0  messages sent
                   0  messages received
                   0  signals received
                   0  voluntary context switches
                 235  involuntary context switches
          9388882975  instructions retired
          3511655377  cycles elapsed
            95191448  peak memory footprint
