$ CHAIN_SOLVER=terminal CHAIN_TREEPASS=fast /usr/bin/time -l /Users/zhangwenqian/UNSW/pivoter/research/r1_skyline_index_20260918/build/chain_index_tool --build-only /Users/zhangwenqian/UNSW/pivoter/graphs/cit-HepPh.edges
{"n":34546,"solver":"terminal","treepass":"fast","count_bits":64,"chains":16623,"canonical_nodes":9369,"index_bytes":1610959,"build_form_bytes":2093928,"compact_ms":0.62875,"bytes_map":72980,"bytes_chains":831455,"bytes_layers":706524,"ti_ms":382.691,"ti_bytes":44387636,"rss_loaded":13385728,"rss_with_ti":87277568,"rss_start":87293952,"rss_after_solve":105594880,"rss_after_chains":105627648,"rss_after_layout":107167744,"solve_ms":158.527,"trees_ms":198.029,"chains_ms":0.42125,"layout_ms":4.9085,"build_ms":363.373}
        0.83 real         0.81 user         0.01 sys
           107282432  maximum resident set size
                   0  average shared memory size
                   0  average unshared data size
                   0  average unshared stack size
                6742  page reclaims
                   1  page faults
                   0  swaps
                   0  block input operations
                   0  block output operations
                   0  messages sent
                   0  messages received
                   0  signals received
                   0  voluntary context switches
                 512  involuntary context switches
          9346296412  instructions retired
          3560609507  cycles elapsed
           106627528  peak memory footprint
