$ CHAIN_SOLVER=tail CHAIN_TREEPASS=old /usr/bin/time -l /Users/zhangwenqian/UNSW/pivoter/research/r1_skyline_index_20260918/build/chain_index_tool --build-only /Users/zhangwenqian/UNSW/pivoter/graphs/cit-HepPh.edges
{"n":34546,"solver":"tail","treepass":"old","count_bits":64,"chains":16623,"canonical_nodes":9369,"index_bytes":1610959,"build_form_bytes":2093928,"compact_ms":0.610333,"bytes_map":72980,"bytes_chains":831455,"bytes_layers":706524,"ti_ms":373.368,"ti_bytes":44387636,"rss_loaded":13385728,"rss_with_ti":87228416,"rss_start":87244800,"rss_after_solve":95207424,"rss_after_chains":95240192,"rss_after_layout":96518144,"solve_ms":153.49,"trees_ms":196.908,"chains_ms":0.419458,"layout_ms":4.68858,"build_ms":355.93}
        0.82 real         0.80 user         0.01 sys
            96616448  maximum resident set size
                   0  average shared memory size
                   0  average unshared data size
                   0  average unshared stack size
                6091  page reclaims
                   1  page faults
                   0  swaps
                   0  block input operations
                   0  block output operations
                   0  messages sent
                   0  messages received
                   0  signals received
                   0  voluntary context switches
                 256  involuntary context switches
          9187562139  instructions retired
          3509490892  cycles elapsed
            95928752  peak memory footprint
