$ CHAIN_SOLVER=tail CHAIN_TREEPASS=old /usr/bin/time -l /Users/zhangwenqian/UNSW/pivoter/research/r1_skyline_index_20260918/build/chain_index_tool --build-only /Users/zhangwenqian/UNSW/pivoter/graphs/cit-HepPh.edges
{"n":34546,"solver":"tail","treepass":"old","count_bits":64,"chains":16623,"canonical_nodes":9369,"index_bytes":1610959,"build_form_bytes":2093928,"compact_ms":0.716625,"bytes_map":72980,"bytes_chains":831455,"bytes_layers":706524,"ti_ms":372.884,"ti_bytes":44387636,"rss_loaded":13385728,"rss_with_ti":87277568,"rss_start":87293952,"rss_after_solve":97075200,"rss_after_chains":97107968,"rss_after_layout":98435072,"solve_ms":168.551,"trees_ms":219.825,"chains_ms":0.461625,"layout_ms":5.37287,"build_ms":394.715}
        0.85 real         0.84 user         0.01 sys
            98516992  maximum resident set size
                   0  average shared memory size
                   0  average unshared data size
                   0  average unshared stack size
                6207  page reclaims
                   1  page faults
                   0  swaps
                   0  block input operations
                   0  block output operations
                   0  messages sent
                   0  messages received
                   0  signals received
                   0  voluntary context switches
                 259  involuntary context switches
          9179748488  instructions retired
          3536558105  cycles elapsed
            97829296  peak memory footprint
