$ CHAIN_SOLVER=terminal CHAIN_TREEPASS=old /usr/bin/time -l /Users/zhangwenqian/UNSW/pivoter/research/r1_skyline_index_20260918/build/chain_index_tool --build-only /Users/zhangwenqian/UNSW/pivoter/graphs/cit-HepPh.edges
{"n":34546,"solver":"terminal","treepass":"old","count_bits":64,"chains":16623,"canonical_nodes":9369,"index_bytes":1610959,"build_form_bytes":2093928,"compact_ms":0.636583,"bytes_map":72980,"bytes_chains":831455,"bytes_layers":706524,"ti_ms":380.284,"ti_bytes":44387636,"rss_loaded":13385728,"rss_with_ti":88489984,"rss_start":88506368,"rss_after_solve":96043008,"rss_after_chains":96075776,"rss_after_layout":97484800,"solve_ms":160.057,"trees_ms":201.731,"chains_ms":0.416334,"layout_ms":4.75292,"build_ms":367.425}
        0.83 real         0.81 user         0.01 sys
            97599488  maximum resident set size
                   0  average shared memory size
                   0  average unshared data size
                   0  average unshared stack size
                6151  page reclaims
                   1  page faults
                   0  swaps
                   0  block input operations
                   0  block output operations
                   0  messages sent
                   0  messages received
                   0  signals received
                   0  voluntary context switches
                 343  involuntary context switches
          9395347183  instructions retired
          3565697596  cycles elapsed
            96928176  peak memory footprint
