$ CHAIN_SOLVER=tail CHAIN_TREEPASS=old /usr/bin/time -l /Users/zhangwenqian/UNSW/pivoter/research/r1_skyline_index_20260918/build/chain_index_tool --build-only /Users/zhangwenqian/UNSW/pivoter/graphs/cit-HepPh.edges
{"n":34546,"solver":"tail","treepass":"old","count_bits":64,"chains":16623,"canonical_nodes":9369,"index_bytes":1610959,"build_form_bytes":2093928,"compact_ms":0.604625,"bytes_map":72980,"bytes_chains":831455,"bytes_layers":706524,"ti_ms":371.561,"ti_bytes":44387636,"rss_loaded":13385728,"rss_with_ti":87310336,"rss_start":87326720,"rss_after_solve":96944128,"rss_after_chains":96976896,"rss_after_layout":98336768,"solve_ms":155.12,"trees_ms":202.821,"chains_ms":0.430875,"layout_ms":5.03121,"build_ms":363.833}
        0.83 real         0.81 user         0.01 sys
            98418688  maximum resident set size
                   0  average shared memory size
                   0  average unshared data size
                   0  average unshared stack size
                6201  page reclaims
                   1  page faults
                   0  swaps
                   0  block input operations
                   0  block output operations
                   0  messages sent
                   0  messages received
                   0  signals received
                   0  voluntary context switches
                 228  involuntary context switches
          9189335765  instructions retired
          3543244230  cycles elapsed
            97730992  peak memory footprint
