$ CHAIN_SOLVER=terminal CHAIN_TREEPASS=fast /usr/bin/time -l /Users/zhangwenqian/UNSW/pivoter/research/r1_skyline_index_20260918/build/chain_index_tool --build-only /Users/zhangwenqian/UNSW/pivoter/graphs/cit-HepPh.edges
{"n":34546,"solver":"terminal","treepass":"fast","count_bits":64,"chains":16623,"canonical_nodes":9369,"index_bytes":1610959,"build_form_bytes":2093928,"compact_ms":0.614542,"bytes_map":72980,"bytes_chains":831455,"bytes_layers":706524,"ti_ms":379.673,"ti_bytes":44387636,"rss_loaded":13385728,"rss_with_ti":87244800,"rss_start":87261184,"rss_after_solve":103776256,"rss_after_chains":103792640,"rss_after_layout":105234432,"solve_ms":152.07,"trees_ms":188.655,"chains_ms":0.411459,"layout_ms":4.86808,"build_ms":347.467}
        0.81 real         0.79 user         0.01 sys
           105398272  maximum resident set size
                   0  average shared memory size
                   0  average unshared data size
                   0  average unshared stack size
                6627  page reclaims
                   1  page faults
                   0  swaps
                   0  block input operations
                   0  block output operations
                   0  messages sent
                   0  messages received
                   0  signals received
                   0  voluntary context switches
                 362  involuntary context switches
          9345497361  instructions retired
          3484341892  cycles elapsed
           104726960  peak memory footprint
