$ CHAIN_SOLVER=tail CHAIN_TREEPASS=fast /usr/bin/time -l /Users/zhangwenqian/UNSW/pivoter/research/r1_skyline_index_20260918/build/chain_index_tool --build-only /Users/zhangwenqian/UNSW/pivoter/graphs/cit-HepPh.edges
{"n":34546,"solver":"tail","treepass":"fast","count_bits":64,"chains":16623,"canonical_nodes":9369,"index_bytes":1610959,"build_form_bytes":2093928,"compact_ms":0.674041,"bytes_map":72980,"bytes_chains":831455,"bytes_layers":706524,"ti_ms":408.186,"ti_bytes":44387636,"rss_loaded":13385728,"rss_with_ti":87228416,"rss_start":87244800,"rss_after_solve":104415232,"rss_after_chains":104431616,"rss_after_layout":106774528,"solve_ms":156.232,"trees_ms":201.751,"chains_ms":0.432209,"layout_ms":5.10258,"build_ms":365.162}
        0.87 real         0.85 user         0.01 sys
           107003904  maximum resident set size
                   0  average shared memory size
                   0  average unshared data size
                   0  average unshared stack size
                6727  page reclaims
                   1  page faults
                   0  swaps
                   0  block input operations
                   0  block output operations
                   0  messages sent
                   0  messages received
                   0  signals received
                   0  voluntary context switches
                 287  involuntary context switches
          9135275271  instructions retired
          3456654488  cycles elapsed
           106332616  peak memory footprint
