$ CHAIN_SOLVER=terminal CHAIN_TREEPASS=old /usr/bin/time -l /Users/zhangwenqian/UNSW/pivoter/research/r1_skyline_index_20260918/build/chain_index_tool --build-only /Users/zhangwenqian/UNSW/pivoter/graphs/cit-HepPh.edges
{"n":34546,"solver":"terminal","treepass":"old","count_bits":64,"chains":16623,"canonical_nodes":9369,"index_bytes":1610959,"build_form_bytes":2093928,"compact_ms":0.635375,"bytes_map":72980,"bytes_chains":831455,"bytes_layers":706524,"ti_ms":373.847,"ti_bytes":44387636,"rss_loaded":13385728,"rss_with_ti":87277568,"rss_start":87293952,"rss_after_solve":94289920,"rss_after_chains":94306304,"rss_after_layout":95682560,"solve_ms":153.782,"trees_ms":194.566,"chains_ms":0.420292,"layout_ms":4.67138,"build_ms":353.897}
        0.82 real         0.80 user         0.01 sys
            95830016  maximum resident set size
                   0  average shared memory size
                   0  average unshared data size
                   0  average unshared stack size
                6043  page reclaims
                   1  page faults
                   0  swaps
                   0  block input operations
                   0  block output operations
                   0  messages sent
                   0  messages received
                   0  signals received
                   2  voluntary context switches
                 262  involuntary context switches
          9386165466  instructions retired
          3502432263  cycles elapsed
            95142296  peak memory footprint
