$ CHAIN_SOLVER=terminal CHAIN_TREEPASS=fast /usr/bin/time -l /Users/zhangwenqian/UNSW/pivoter/research/r1_skyline_index_20260918/build/chain_index_tool --build-only /Users/zhangwenqian/UNSW/pivoter/graphs/cit-HepPh.edges
{"n":34546,"solver":"terminal","treepass":"fast","count_bits":64,"chains":16623,"canonical_nodes":9369,"index_bytes":1610959,"build_form_bytes":2093928,"compact_ms":0.628,"bytes_map":72980,"bytes_chains":831455,"bytes_layers":706524,"ti_ms":372.715,"ti_bytes":44387636,"rss_loaded":13385728,"rss_with_ti":87277568,"rss_start":87293952,"rss_after_solve":103792640,"rss_after_chains":103809024,"rss_after_layout":105250816,"solve_ms":153.979,"trees_ms":188.887,"chains_ms":0.414208,"layout_ms":4.81083,"build_ms":349.518}
        0.81 real         0.79 user         0.01 sys
           105463808  maximum resident set size
                   0  average shared memory size
                   0  average unshared data size
                   0  average unshared stack size
                6631  page reclaims
                   1  page faults
                   0  swaps
                   0  block input operations
                   0  block output operations
                   0  messages sent
                   0  messages received
                   0  signals received
                   0  voluntary context switches
                 256  involuntary context switches
          9354612619  instructions retired
          3484635796  cycles elapsed
           104792496  peak memory footprint
