$ CHAIN_SOLVER=terminal CHAIN_TREEPASS=fast /usr/bin/time -l /Users/zhangwenqian/UNSW/pivoter/research/r1_skyline_index_20260918/build/chain_index_tool --build-only /Users/zhangwenqian/UNSW/pivoter/graphs/com-youtube.edges
{"n":1134890,"solver":"terminal","treepass":"fast","count_bits":64,"chains":42815,"canonical_nodes":22403,"index_bytes":3103325,"build_form_bytes":3987484,"compact_ms":0.951333,"bytes_map":384064,"bytes_chains":1477821,"bytes_layers":1241440,"ti_ms":1825.37,"ti_bytes":220101384,"rss_loaded":128106496,"rss_with_ti":447397888,"rss_start":447414272,"rss_after_solve":580206592,"rss_after_chains":580239360,"rss_after_layout":582434816,"solve_ms":453.953,"trees_ms":741.224,"chains_ms":3.79612,"layout_ms":8.44204,"build_ms":1215.65}
        3.94 real         3.84 user         0.08 sys
           582549504  maximum resident set size
                   0  average shared memory size
                   0  average unshared data size
                   0  average unshared stack size
               35750  page reclaims
                   1  page faults
                   0  swaps
                   0  block input operations
                   0  block output operations
                   0  messages sent
                   0  messages received
                   0  signals received
                   0  voluntary context switches
                1886  involuntary context switches
         44845866702  instructions retired
         16641212329  cycles elapsed
           582157128  peak memory footprint
