$ CHAIN_SOLVER=terminal CHAIN_TREEPASS=old /usr/bin/time -l /Users/zhangwenqian/UNSW/pivoter/research/r1_skyline_index_20260918/build/chain_index_tool --build-only /Users/zhangwenqian/UNSW/pivoter/graphs/com-youtube.edges
{"n":1134890,"solver":"terminal","treepass":"old","count_bits":64,"chains":42815,"canonical_nodes":22403,"index_bytes":3103325,"build_form_bytes":3987484,"compact_ms":0.964958,"bytes_map":384064,"bytes_chains":1477821,"bytes_layers":1241440,"ti_ms":1859.3,"ti_bytes":220101384,"rss_loaded":128106496,"rss_with_ti":447463424,"rss_start":447479808,"rss_after_solve":579485696,"rss_after_chains":579485696,"rss_after_layout":583417856,"solve_ms":439.625,"trees_ms":825.88,"chains_ms":3.42692,"layout_ms":8.60208,"build_ms":1278.19}
        4.03 real         3.93 user         0.06 sys
           583581696  maximum resident set size
                   0  average shared memory size
                   0  average unshared data size
                   0  average unshared stack size
               35813  page reclaims
                   1  page faults
                   0  swaps
                   0  block input operations
                   0  block output operations
                   0  messages sent
                   0  messages received
                   0  signals received
                   0  voluntary context switches
                1760  involuntary context switches
         45169938919  instructions retired
         17031917900  cycles elapsed
           583205728  peak memory footprint
