$ CHAIN_SOLVER=tail CHAIN_TREEPASS=fast /usr/bin/time -l /Users/zhangwenqian/UNSW/pivoter/research/r1_skyline_index_20260918/build/chain_index_tool --build-only /Users/zhangwenqian/UNSW/pivoter/graphs/com-youtube.edges
{"n":1134890,"solver":"tail","treepass":"fast","count_bits":64,"chains":42815,"canonical_nodes":22403,"index_bytes":3103325,"build_form_bytes":3987484,"compact_ms":0.973292,"bytes_map":384064,"bytes_chains":1477821,"bytes_layers":1241440,"ti_ms":1852.58,"ti_bytes":220101384,"rss_loaded":128106496,"rss_with_ti":447414272,"rss_start":447430656,"rss_after_solve":600064000,"rss_after_chains":600064000,"rss_after_layout":602177536,"solve_ms":414.014,"trees_ms":729.355,"chains_ms":3.42421,"layout_ms":8.46475,"build_ms":1163.26}
        3.89 real         3.77 user         0.08 sys
           602324992  maximum resident set size
                   0  average shared memory size
                   0  average unshared data size
                   0  average unshared stack size
               36957  page reclaims
                   1  page faults
                   0  swaps
                   0  block input operations
                   0  block output operations
                   0  messages sent
                   0  messages received
                   0  signals received
                   0  voluntary context switches
                1683  involuntary context switches
         43662358602  instructions retired
         16428179665  cycles elapsed
           601949048  peak memory footprint
