$ CHAIN_SOLVER=tail CHAIN_TREEPASS=fast /usr/bin/time -l /Users/zhangwenqian/UNSW/pivoter/research/r1_skyline_index_20260918/build/chain_index_tool --build-only /Users/zhangwenqian/UNSW/pivoter/data/com-dblp.edges
{"n":317080,"solver":"tail","treepass":"fast","count_bits":128,"chains":13459,"canonical_nodes":33979,"index_bytes":1641813,"build_form_bytes":1729876,"compact_ms":0.4105,"bytes_map":113304,"bytes_chains":460177,"bytes_layers":1068332,"ti_ms":134.161,"ti_bytes":29113540,"rss_loaded":40976384,"rss_with_ti":73580544,"rss_start":73596928,"rss_after_solve":133464064,"rss_after_chains":133709824,"rss_after_layout":136003584,"solve_ms":54.138,"trees_ms":205.333,"chains_ms":1.16792,"layout_ms":4.47013,"build_ms":266.365}
        0.67 real         0.65 user         0.01 sys
           136396800  maximum resident set size
                   0  average shared memory size
                   0  average unshared data size
                   0  average unshared stack size
                8519  page reclaims
                   1  page faults
                   0  swaps
                   0  block input operations
                   0  block output operations
                   0  messages sent
                   0  messages received
                   0  signals received
                   0  voluntary context switches
                 208  involuntary context switches
         10202267116  instructions retired
          2889935399  cycles elapsed
           135659976  peak memory footprint
