$ CHAIN_SOLVER=tail CHAIN_TREEPASS=old /usr/bin/time -l /Users/zhangwenqian/UNSW/pivoter/research/r1_skyline_index_20260918/build/chain_index_tool --build-only /Users/zhangwenqian/UNSW/pivoter/data/com-dblp.edges
{"n":317080,"solver":"tail","treepass":"old","count_bits":128,"chains":13459,"canonical_nodes":33979,"index_bytes":1641813,"build_form_bytes":1729876,"compact_ms":0.3725,"bytes_map":113304,"bytes_chains":460177,"bytes_layers":1068332,"ti_ms":135.243,"ti_bytes":29113540,"rss_loaded":40976384,"rss_with_ti":73564160,"rss_start":73580544,"rss_after_solve":142786560,"rss_after_chains":142802944,"rss_after_layout":144441344,"solve_ms":56.2617,"trees_ms":273.362,"chains_ms":1.18775,"layout_ms":4.45596,"build_ms":335.658}
        0.75 real         0.73 user         0.01 sys
           144719872  maximum resident set size
                   0  average shared memory size
                   0  average unshared data size
                   0  average unshared stack size
                9027  page reclaims
                   1  page faults
                   0  swaps
                   0  block input operations
                   0  block output operations
                   0  messages sent
                   0  messages received
                   0  signals received
                   0  voluntary context switches
                 250  involuntary context switches
         10964649539  instructions retired
          3186087900  cycles elapsed
           143983072  peak memory footprint
