$ CHAIN_SOLVER=tail CHAIN_TREEPASS=old /usr/bin/time -l /Users/zhangwenqian/UNSW/pivoter/research/r1_skyline_index_20260918/build/chain_index_tool --build-only /Users/zhangwenqian/UNSW/pivoter/data/com-dblp.edges
{"n":317080,"solver":"tail","treepass":"old","count_bits":128,"chains":13459,"canonical_nodes":33979,"index_bytes":1641813,"build_form_bytes":1729876,"compact_ms":0.406042,"bytes_map":113304,"bytes_chains":460177,"bytes_layers":1068332,"ti_ms":137.14,"ti_bytes":29113540,"rss_loaded":40976384,"rss_with_ti":73547776,"rss_start":73564160,"rss_after_solve":146522112,"rss_after_chains":146538496,"rss_after_layout":148029440,"solve_ms":51.6627,"trees_ms":258.869,"chains_ms":1.13721,"layout_ms":4.52567,"build_ms":316.589}
        0.73 real         0.71 user         0.01 sys
           148258816  maximum resident set size
                   0  average shared memory size
                   0  average unshared data size
                   0  average unshared stack size
                9243  page reclaims
                   1  page faults
                   0  swaps
                   0  block input operations
                   0  block output operations
                   0  messages sent
                   0  messages received
                   0  signals received
                   0  voluntary context switches
                 256  involuntary context switches
         10952220089  instructions retired
          3126179599  cycles elapsed
           147522016  peak memory footprint
