$ CHAIN_SOLVER=terminal CHAIN_TREEPASS=fast /usr/bin/time -l /Users/zhangwenqian/UNSW/pivoter/research/r1_skyline_index_20260918/build/chain_index_tool --build-only /Users/zhangwenqian/UNSW/pivoter/data/com-dblp.edges
{"n":317080,"solver":"terminal","treepass":"fast","count_bits":128,"chains":13459,"canonical_nodes":33979,"index_bytes":1641813,"build_form_bytes":1729876,"compact_ms":0.370583,"bytes_map":113304,"bytes_chains":460177,"bytes_layers":1068332,"ti_ms":129.669,"ti_bytes":29113540,"rss_loaded":40976384,"rss_with_ti":73580544,"rss_start":73596928,"rss_after_solve":140279808,"rss_after_chains":140296192,"rss_after_layout":141983744,"solve_ms":163.567,"trees_ms":202.012,"chains_ms":1.20846,"layout_ms":4.55108,"build_ms":372.441}
        0.77 real         0.75 user         0.01 sys
           142229504  maximum resident set size
                   0  average shared memory size
                   0  average unshared data size
                   0  average unshared stack size
                8875  page reclaims
                   1  page faults
                   0  swaps
                   0  block input operations
                   0  block output operations
                   0  messages sent
                   0  messages received
                   0  signals received
                   0  voluntary context switches
                 359  involuntary context switches
         13114641784  instructions retired
          3343686403  cycles elapsed
           141492680  peak memory footprint
