$ CHAIN_SOLVER=tail CHAIN_TREEPASS=fast /usr/bin/time -l /Users/zhangwenqian/UNSW/pivoter/research/r1_skyline_index_20260918/build/chain_index_tool --build-only /Users/zhangwenqian/UNSW/pivoter/data/com-dblp.edges
{"n":317080,"solver":"tail","treepass":"fast","count_bits":128,"chains":13459,"canonical_nodes":33979,"index_bytes":1641813,"build_form_bytes":1729876,"compact_ms":0.382042,"bytes_map":113304,"bytes_chains":460177,"bytes_layers":1068332,"ti_ms":146.144,"ti_bytes":29113540,"rss_loaded":40976384,"rss_with_ti":74809344,"rss_start":74825728,"rss_after_solve":134430720,"rss_after_chains":134676480,"rss_after_layout":137248768,"solve_ms":52.9825,"trees_ms":200.732,"chains_ms":1.18962,"layout_ms":4.42029,"build_ms":260.67}
        0.68 real         0.66 user         0.01 sys
           137691136  maximum resident set size
                   0  average shared memory size
                   0  average unshared data size
                   0  average unshared stack size
                8598  page reclaims
                   1  page faults
                   0  swaps
                   0  block input operations
                   0  block output operations
                   0  messages sent
                   0  messages received
                   0  signals received
                   0  voluntary context switches
                 172  involuntary context switches
         10211611491  instructions retired
          2928414731  cycles elapsed
           136954312  peak memory footprint
