$ CHAIN_SOLVER=tail CHAIN_TREEPASS=old /usr/bin/time -l /Users/zhangwenqian/UNSW/pivoter/research/r1_skyline_index_20260918/build/chain_index_tool --build-only /Users/zhangwenqian/UNSW/pivoter/data/com-dblp.edges
{"n":317080,"solver":"tail","treepass":"old","count_bits":128,"chains":13459,"canonical_nodes":33979,"index_bytes":1641813,"build_form_bytes":1729876,"compact_ms":0.358291,"bytes_map":113304,"bytes_chains":460177,"bytes_layers":1068332,"ti_ms":130.778,"ti_bytes":29113540,"rss_loaded":40976384,"rss_with_ti":73580544,"rss_start":73596928,"rss_after_solve":142868480,"rss_after_chains":142884864,"rss_after_layout":144474112,"solve_ms":54.1013,"trees_ms":270.275,"chains_ms":1.23475,"layout_ms":4.51513,"build_ms":330.575}
        0.74 real         0.71 user         0.01 sys
           144654336  maximum resident set size
                   0  average shared memory size
                   0  average unshared data size
                   0  average unshared stack size
                9023  page reclaims
                   1  page faults
                   0  swaps
                   0  block input operations
                   0  block output operations
                   0  messages sent
                   0  messages received
                   0  signals received
                   0  voluntary context switches
                 267  involuntary context switches
         10970641676  instructions retired
          3169626797  cycles elapsed
           143917536  peak memory footprint
