$ CHAIN_SOLVER=terminal CHAIN_TREEPASS=old /usr/bin/time -l /Users/zhangwenqian/UNSW/pivoter/research/r1_skyline_index_20260918/build/chain_index_tool --build-only /Users/zhangwenqian/UNSW/pivoter/data/com-dblp.edges
{"n":317080,"solver":"terminal","treepass":"old","count_bits":128,"chains":13459,"canonical_nodes":33979,"index_bytes":1641813,"build_form_bytes":1729876,"compact_ms":0.39925,"bytes_map":113304,"bytes_chains":460177,"bytes_layers":1068332,"ti_ms":134.971,"ti_bytes":29113540,"rss_loaded":40976384,"rss_with_ti":73547776,"rss_start":73564160,"rss_after_solve":140165120,"rss_after_chains":140181504,"rss_after_layout":141656064,"solve_ms":158.01,"trees_ms":260.182,"chains_ms":1.14962,"layout_ms":4.3155,"build_ms":423.989}
        0.85 real         0.83 user         0.01 sys
           141803520  maximum resident set size
                   0  average shared memory size
                   0  average unshared data size
                   0  average unshared stack size
                8849  page reclaims
                   1  page faults
                   0  swaps
                   0  block input operations
                   0  block output operations
                   0  messages sent
                   0  messages received
                   0  signals received
                   0  voluntary context switches
                 209  involuntary context switches
         13847013562  instructions retired
          3659900242  cycles elapsed
           141050312  peak memory footprint
