$ CHAIN_SOLVER=tail CHAIN_TREEPASS=fast /usr/bin/time -l /Users/zhangwenqian/UNSW/pivoter/research/r1_skyline_index_20260918/build/chain_index_tool --build-only /Users/zhangwenqian/UNSW/pivoter/graphs/com-youtube.edges
{"n":1134890,"solver":"tail","treepass":"fast","count_bits":64,"chains":42815,"canonical_nodes":22403,"index_bytes":3103325,"build_form_bytes":3987484,"compact_ms":0.993708,"bytes_map":384064,"bytes_chains":1477821,"bytes_layers":1241440,"ti_ms":1846.8,"ti_bytes":220101384,"rss_loaded":128106496,"rss_with_ti":447528960,"rss_start":447545344,"rss_after_solve":600195072,"rss_after_chains":600195072,"rss_after_layout":602161152,"solve_ms":409.685,"trees_ms":730.228,"chains_ms":3.45792,"layout_ms":8.32779,"build_ms":1160.15}
        3.86 real         3.76 user         0.07 sys
           602292224  maximum resident set size
                   0  average shared memory size
                   0  average unshared data size
                   0  average unshared stack size
               36955  page reclaims
                   1  page faults
                   0  swaps
                   0  block input operations
                   0  block output operations
                   0  messages sent
                   0  messages received
                   0  signals received
                   0  voluntary context switches
                1745  involuntary context switches
         43680042097  instructions retired
         16470347182  cycles elapsed
           601916280  peak memory footprint
