$ CHAIN_SOLVER=terminal CHAIN_TREEPASS=fast /usr/bin/time -l /Users/zhangwenqian/UNSW/pivoter/research/r1_skyline_index_20260918/build/chain_index_tool --build-only /Users/zhangwenqian/UNSW/pivoter/graphs/com-youtube.edges
{"n":1134890,"solver":"terminal","treepass":"fast","count_bits":64,"chains":42815,"canonical_nodes":22403,"index_bytes":3103325,"build_form_bytes":3987484,"compact_ms":0.993292,"bytes_map":384064,"bytes_chains":1477821,"bytes_layers":1241440,"ti_ms":1805.7,"ti_bytes":220101384,"rss_loaded":128106496,"rss_with_ti":447414272,"rss_start":447430656,"rss_after_solve":580485120,"rss_after_chains":580665344,"rss_after_layout":582713344,"solve_ms":437.994,"trees_ms":725.845,"chains_ms":3.61987,"layout_ms":9.02854,"build_ms":1185.72}
        3.84 real         3.75 user         0.07 sys
           582860800  maximum resident set size
                   0  average shared memory size
                   0  average unshared data size
                   0  average unshared stack size
               35769  page reclaims
                   1  page faults
                   0  swaps
                   0  block input operations
                   0  block output operations
                   0  messages sent
                   0  messages received
                   0  signals received
                   0  voluntary context switches
                1329  involuntary context switches
         44811435116  instructions retired
         16361060749  cycles elapsed
           582484832  peak memory footprint
