$ CHAIN_SOLVER=terminal CHAIN_TREEPASS=old /usr/bin/time -l /Users/zhangwenqian/UNSW/pivoter/research/r1_skyline_index_20260918/build/chain_index_tool --build-only /Users/zhangwenqian/UNSW/pivoter/graphs/com-youtube.edges
{"n":1134890,"solver":"terminal","treepass":"old","count_bits":64,"chains":42815,"canonical_nodes":22403,"index_bytes":3103325,"build_form_bytes":3987484,"compact_ms":1.43679,"bytes_map":384064,"bytes_chains":1477821,"bytes_layers":1241440,"ti_ms":1799.47,"ti_bytes":220101384,"rss_loaded":128106496,"rss_with_ti":447512576,"rss_start":447528960,"rss_after_solve":578748416,"rss_after_chains":578748416,"rss_after_layout":580714496,"solve_ms":463.78,"trees_ms":854.657,"chains_ms":3.45267,"layout_ms":8.41254,"build_ms":1331.1}
        3.99 real         3.89 user         0.07 sys
           581976064  maximum resident set size
                   0  average shared memory size
                   0  average unshared data size
                   0  average unshared stack size
               35715  page reclaims
                   1  page faults
                   0  swaps
                   0  block input operations
                   0  block output operations
                   0  messages sent
                   0  messages received
                   0  signals received
                   0  voluntary context switches
                1475  involuntary context switches
         45254909528  instructions retired
         16912847173  cycles elapsed
           581600096  peak memory footprint
