$ CHAIN_SOLVER=tail CHAIN_TREEPASS=fast /usr/bin/time -l /Users/zhangwenqian/UNSW/pivoter/research/r1_skyline_index_20260918/build/chain_index_tool --build-only /Users/zhangwenqian/UNSW/pivoter/graphs/com-youtube.edges
{"n":1134890,"solver":"tail","treepass":"fast","count_bits":64,"chains":42815,"canonical_nodes":22403,"index_bytes":3103325,"build_form_bytes":3987484,"compact_ms":0.983667,"bytes_map":384064,"bytes_chains":1477821,"bytes_layers":1241440,"ti_ms":1828.58,"ti_bytes":220101384,"rss_loaded":128106496,"rss_with_ti":447528960,"rss_start":447545344,"rss_after_solve":600260608,"rss_after_chains":600260608,"rss_after_layout":602882048,"solve_ms":413.076,"trees_ms":727.491,"chains_ms":3.4685,"layout_ms":9.42625,"build_ms":1162.23}
        3.84 real         3.75 user         0.08 sys
           602996736  maximum resident set size
                   0  average shared memory size
                   0  average unshared data size
                   0  average unshared stack size
               36998  page reclaims
                   1  page faults
                   0  swaps
                   0  block input operations
                   0  block output operations
                   0  messages sent
                   0  messages received
                   0  signals received
                   0  voluntary context switches
                1055  involuntary context switches
         43696679484  instructions retired
         16374458363  cycles elapsed
           602620792  peak memory footprint
