$ CHAIN_SOLVER=tail CHAIN_TREEPASS=fast /usr/bin/time -l /Users/zhangwenqian/UNSW/pivoter/research/r1_skyline_index_20260918/build/chain_index_tool --build-only /Users/zhangwenqian/UNSW/pivoter/data/com-dblp.edges
{"n":317080,"solver":"tail","treepass":"fast","count_bits":128,"chains":13459,"canonical_nodes":33979,"index_bytes":1641813,"build_form_bytes":1729876,"compact_ms":0.3625,"bytes_map":113304,"bytes_chains":460177,"bytes_layers":1068332,"ti_ms":142.167,"ti_bytes":29113540,"rss_loaded":40976384,"rss_with_ti":73482240,"rss_start":73498624,"rss_after_solve":133300224,"rss_after_chains":133545984,"rss_after_layout":135938048,"solve_ms":53.3291,"trees_ms":203.186,"chains_ms":1.21704,"layout_ms":4.47404,"build_ms":263.468}
        0.68 real         0.66 user         0.01 sys
           136200192  maximum resident set size
                   0  average shared memory size
                   0  average unshared data size
                   0  average unshared stack size
                8507  page reclaims
                   1  page faults
                   0  swaps
                   0  block input operations
                   0  block output operations
                   0  messages sent
                   0  messages received
                   0  signals received
                   0  voluntary context switches
                 328  involuntary context switches
         10213032141  instructions retired
          2913896841  cycles elapsed
           135463368  peak memory footprint
