$ CHAIN_SOLVER=terminal CHAIN_TREEPASS=old /usr/bin/time -l /Users/zhangwenqian/UNSW/pivoter/research/r1_skyline_index_20260918/build/chain_index_tool --build-only /Users/zhangwenqian/UNSW/pivoter/data/com-dblp.edges
{"n":317080,"solver":"terminal","treepass":"old","count_bits":128,"chains":13459,"canonical_nodes":33979,"index_bytes":1641813,"build_form_bytes":1729876,"compact_ms":0.378916,"bytes_map":113304,"bytes_chains":460177,"bytes_layers":1068332,"ti_ms":131.672,"ti_bytes":29113540,"rss_loaded":40976384,"rss_with_ti":73613312,"rss_start":73629696,"rss_after_solve":141934592,"rss_after_chains":141950976,"rss_after_layout":143556608,"solve_ms":159.795,"trees_ms":261.689,"chains_ms":1.13625,"layout_ms":4.27517,"build_ms":427.238}
        0.83 real         0.81 user         0.01 sys
           143851520  maximum resident set size
                   0  average shared memory size
                   0  average unshared data size
                   0  average unshared stack size
                8974  page reclaims
                   1  page faults
                   0  swaps
                   0  block input operations
                   0  block output operations
                   0  messages sent
                   0  messages received
                   0  signals received
                   0  voluntary context switches
                 227  involuntary context switches
         13844376719  instructions retired
          3586091936  cycles elapsed
           143098312  peak memory footprint
