$ CHAIN_SOLVER=terminal CHAIN_TREEPASS=old /usr/bin/time -l /Users/zhangwenqian/UNSW/pivoter/research/r1_skyline_index_20260918/build/chain_index_tool --build-only /Users/zhangwenqian/UNSW/pivoter/data/com-dblp.edges
{"n":317080,"solver":"terminal","treepass":"old","count_bits":128,"chains":13459,"canonical_nodes":33979,"index_bytes":1641813,"build_form_bytes":1729876,"compact_ms":0.366208,"bytes_map":113304,"bytes_chains":460177,"bytes_layers":1068332,"ti_ms":133.84,"ti_bytes":29113540,"rss_loaded":40976384,"rss_with_ti":73564160,"rss_start":73580544,"rss_after_solve":141459456,"rss_after_chains":141475840,"rss_after_layout":143097856,"solve_ms":165.012,"trees_ms":274.561,"chains_ms":1.15733,"layout_ms":4.49171,"build_ms":445.61}
        0.86 real         0.84 user         0.01 sys
           143376384  maximum resident set size
                   0  average shared memory size
                   0  average unshared data size
                   0  average unshared stack size
                8945  page reclaims
                   1  page faults
                   0  swaps
                   0  block input operations
                   0  block output operations
                   0  messages sent
                   0  messages received
                   0  signals received
                   2  voluntary context switches
                 334  involuntary context switches
         13842370789  instructions retired
          3653471847  cycles elapsed
           142623176  peak memory footprint
