$ CHAIN_SOLVER=tail CHAIN_TREEPASS=fast /usr/bin/time -l /Users/zhangwenqian/UNSW/pivoter/research/r1_skyline_index_20260918/build/chain_index_tool --build-only /Users/zhangwenqian/UNSW/pivoter/graphs/com-youtube.edges
{"n":1134890,"solver":"tail","treepass":"fast","count_bits":64,"chains":42815,"canonical_nodes":22403,"index_bytes":3103325,"build_form_bytes":3987484,"compact_ms":0.982167,"bytes_map":384064,"bytes_chains":1477821,"bytes_layers":1241440,"ti_ms":1840.47,"ti_bytes":220101384,"rss_loaded":128106496,"rss_with_ti":447528960,"rss_start":447545344,"rss_after_solve":600195072,"rss_after_chains":600195072,"rss_after_layout":602161152,"solve_ms":404.029,"trees_ms":716.815,"chains_ms":3.45358,"layout_ms":8.47025,"build_ms":1140.55}
        3.85 real         3.77 user         0.06 sys
           602275840  maximum resident set size
                   0  average shared memory size
                   0  average unshared data size
                   0  average unshared stack size
               36954  page reclaims
                   1  page faults
                   0  swaps
                   0  block input operations
                   0  block output operations
                   0  messages sent
                   0  messages received
                   0  signals received
                   0  voluntary context switches
                1563  involuntary context switches
         43611720152  instructions retired
         16377779934  cycles elapsed
           601899896  peak memory footprint
