$ CHAIN_SOLVER=terminal CHAIN_TREEPASS=old /usr/bin/time -l /Users/zhangwenqian/UNSW/pivoter/research/r1_skyline_index_20260918/build/chain_index_tool --build-only /Users/zhangwenqian/UNSW/pivoter/data/com-dblp.edges
{"n":317080,"solver":"terminal","treepass":"old","count_bits":128,"chains":13459,"canonical_nodes":33979,"index_bytes":1641813,"build_form_bytes":1729876,"compact_ms":0.344292,"bytes_map":113304,"bytes_chains":460177,"bytes_layers":1068332,"ti_ms":131.719,"ti_bytes":29113540,"rss_loaded":42270720,"rss_with_ti":77791232,"rss_start":77807616,"rss_after_solve":144359424,"rss_after_chains":144375808,"rss_after_layout":145850368,"solve_ms":159.898,"trees_ms":260.485,"chains_ms":1.17033,"layout_ms":4.26783,"build_ms":426.166}
        0.83 real         0.81 user         0.01 sys
           145981440  maximum resident set size
                   0  average shared memory size
                   0  average unshared data size
                   0  average unshared stack size
                9104  page reclaims
                   1  page faults
                   0  swaps
                   0  block input operations
                   0  block output operations
                   0  messages sent
                   0  messages received
                   0  signals received
                   2  voluntary context switches
                 263  involuntary context switches
         13852480651  instructions retired
          3594905222  cycles elapsed
           145228232  peak memory footprint
