$ CHAIN_SOLVER=tail CHAIN_TREEPASS=old /usr/bin/time -l /Users/zhangwenqian/UNSW/pivoter/research/r1_skyline_index_20260918/build/chain_index_tool --build-only /Users/zhangwenqian/UNSW/pivoter/graphs/com-youtube.edges
{"n":1134890,"solver":"tail","treepass":"old","count_bits":64,"chains":42815,"canonical_nodes":22403,"index_bytes":3103325,"build_form_bytes":3987484,"compact_ms":0.916292,"bytes_map":384064,"bytes_chains":1477821,"bytes_layers":1241440,"ti_ms":1887.02,"ti_bytes":220101384,"rss_loaded":128106496,"rss_with_ti":447561728,"rss_start":447578112,"rss_after_solve":585023488,"rss_after_chains":585023488,"rss_after_layout":587153408,"solve_ms":414.201,"trees_ms":865.126,"chains_ms":3.64383,"layout_ms":8.13042,"build_ms":1292.29}
        4.03 real         3.92 user         0.08 sys
           587284480  maximum resident set size
                   0  average shared memory size
                   0  average unshared data size
                   0  average unshared stack size
               36039  page reclaims
                   1  page faults
                   0  swaps
                   0  block input operations
                   0  block output operations
                   0  messages sent
                   0  messages received
                   0  signals received
                   0  voluntary context switches
                1848  involuntary context switches
         44111490503  instructions retired
         17059294144  cycles elapsed
           586892128  peak memory footprint
