$ CHAIN_SOLVER=tail CHAIN_TREEPASS=fast /usr/bin/time -l /Users/zhangwenqian/UNSW/pivoter/research/r1_skyline_index_20260918/build/chain_index_tool --build-only /Users/zhangwenqian/UNSW/pivoter/data/com-dblp.edges
{"n":317080,"solver":"tail","treepass":"fast","count_bits":128,"chains":13459,"canonical_nodes":33979,"index_bytes":1641813,"build_form_bytes":1729876,"compact_ms":0.365125,"bytes_map":113304,"bytes_chains":460177,"bytes_layers":1068332,"ti_ms":133.635,"ti_bytes":29113540,"rss_loaded":40976384,"rss_with_ti":73547776,"rss_start":73564160,"rss_after_solve":134660096,"rss_after_chains":134873088,"rss_after_layout":136609792,"solve_ms":52.0087,"trees_ms":202.178,"chains_ms":1.18546,"layout_ms":4.52325,"build_ms":261.251}
        0.67 real         0.65 user         0.01 sys
           136986624  maximum resident set size
                   0  average shared memory size
                   0  average unshared data size
                   0  average unshared stack size
                8555  page reclaims
                   1  page faults
                   0  swaps
                   0  block input operations
                   0  block output operations
                   0  messages sent
                   0  messages received
                   0  signals received
                   0  voluntary context switches
                 175  involuntary context switches
         10214372337  instructions retired
          2883256633  cycles elapsed
           136266208  peak memory footprint
