$ CHAIN_SOLVER=tail CHAIN_TREEPASS=fast /usr/bin/time -l /Users/zhangwenqian/UNSW/pivoter/research/r1_skyline_index_20260918/build/chain_index_tool --build-only /Users/zhangwenqian/UNSW/pivoter/data/com-dblp.edges
{"n":317080,"solver":"tail","treepass":"fast","count_bits":128,"chains":13459,"canonical_nodes":33979,"index_bytes":1641813,"build_form_bytes":1729876,"compact_ms":0.390333,"bytes_map":113304,"bytes_chains":460177,"bytes_layers":1068332,"ti_ms":137.167,"ti_bytes":29113540,"rss_loaded":40976384,"rss_with_ti":73547776,"rss_start":73564160,"rss_after_solve":133316608,"rss_after_chains":133562368,"rss_after_layout":136167424,"solve_ms":52.8465,"trees_ms":203.839,"chains_ms":1.15112,"layout_ms":4.37642,"build_ms":263.361}
        0.68 real         0.66 user         0.01 sys
           136609792  maximum resident set size
                   0  average shared memory size
                   0  average unshared data size
                   0  average unshared stack size
                8532  page reclaims
                   1  page faults
                   0  swaps
                   0  block input operations
                   0  block output operations
                   0  messages sent
                   0  messages received
                   0  signals received
                   0  voluntary context switches
                 207  involuntary context switches
         10201684415  instructions retired
          2917351865  cycles elapsed
           135872968  peak memory footprint
