$ CHAIN_SOLVER=tail CHAIN_TREEPASS=fast /usr/bin/time -l /Users/zhangwenqian/UNSW/pivoter/research/r1_skyline_index_20260918/build/chain_index_tool --build-only /Users/zhangwenqian/UNSW/pivoter/data/com-dblp.edges
{"n":317080,"solver":"tail","treepass":"fast","count_bits":128,"chains":13459,"canonical_nodes":33979,"index_bytes":1641813,"build_form_bytes":1729876,"compact_ms":0.358375,"bytes_map":113304,"bytes_chains":460177,"bytes_layers":1068332,"ti_ms":140.18,"ti_bytes":29113540,"rss_loaded":42270720,"rss_with_ti":75579392,"rss_start":75595776,"rss_after_solve":132038656,"rss_after_chains":134676480,"rss_after_layout":136495104,"solve_ms":54.2081,"trees_ms":204.972,"chains_ms":1.32471,"layout_ms":4.35579,"build_ms":266.06}
        0.69 real         0.67 user         0.01 sys
           136839168  maximum resident set size
                   0  average shared memory size
                   0  average unshared data size
                   0  average unshared stack size
                8546  page reclaims
                   1  page faults
                   0  swaps
                   0  block input operations
                   0  block output operations
                   0  messages sent
                   0  messages received
                   0  signals received
                   0  voluntary context switches
                 227  involuntary context switches
         10216557061  instructions retired
          2908592005  cycles elapsed
           136102344  peak memory footprint
