$ CHAIN_SOLVER=tail CHAIN_TREEPASS=old /usr/bin/time -l /Users/zhangwenqian/UNSW/pivoter/research/r1_skyline_index_20260918/build/chain_index_tool --build-only /Users/zhangwenqian/UNSW/pivoter/graphs/com-youtube.edges
{"n":1134890,"solver":"tail","treepass":"old","count_bits":64,"chains":42815,"canonical_nodes":22403,"index_bytes":3103325,"build_form_bytes":3987484,"compact_ms":1.07412,"bytes_map":384064,"bytes_chains":1477821,"bytes_layers":1241440,"ti_ms":1846.78,"ti_bytes":220101384,"rss_loaded":128106496,"rss_with_ti":447463424,"rss_start":447479808,"rss_after_solve":584744960,"rss_after_chains":584744960,"rss_after_layout":586858496,"solve_ms":426.47,"trees_ms":860.639,"chains_ms":3.72538,"layout_ms":8.92275,"build_ms":1300.48}
        3.99 real         3.91 user         0.07 sys
           587055104  maximum resident set size
                   0  average shared memory size
                   0  average unshared data size
                   0  average unshared stack size
               36025  page reclaims
                   1  page faults
                   0  swaps
                   0  block input operations
                   0  block output operations
                   0  messages sent
                   0  messages received
                   0  signals received
                   0  voluntary context switches
                1182  involuntary context switches
         43998593226  instructions retired
         16671652476  cycles elapsed
           586662752  peak memory footprint
