$ CHAIN_SOLVER=terminal CHAIN_TREEPASS=fast /usr/bin/time -l /Users/zhangwenqian/UNSW/pivoter/research/r1_skyline_index_20260918/build/chain_index_tool --build-only /Users/zhangwenqian/UNSW/pivoter/graphs/com-youtube.edges
{"n":1134890,"solver":"terminal","treepass":"fast","count_bits":64,"chains":42815,"canonical_nodes":22403,"index_bytes":3103325,"build_form_bytes":3987484,"compact_ms":0.975209,"bytes_map":384064,"bytes_chains":1477821,"bytes_layers":1241440,"ti_ms":1835.74,"ti_bytes":220101384,"rss_loaded":128106496,"rss_with_ti":447528960,"rss_start":447545344,"rss_after_solve":582664192,"rss_after_chains":582696960,"rss_after_layout":584859648,"solve_ms":444.291,"trees_ms":724.317,"chains_ms":3.65375,"layout_ms":8.56588,"build_ms":1189.38}
        3.87 real         3.77 user         0.08 sys
           584990720  maximum resident set size
                   0  average shared memory size
                   0  average unshared data size
                   0  average unshared stack size
               35899  page reclaims
                   1  page faults
                   0  swaps
                   0  block input operations
                   0  block output operations
                   0  messages sent
                   0  messages received
                   0  signals received
                   0  voluntary context switches
                1825  involuntary context switches
         44853408391  instructions retired
         16495384632  cycles elapsed
           584614752  peak memory footprint
