$ CHAIN_SOLVER=terminal CHAIN_TREEPASS=old /usr/bin/time -l /Users/zhangwenqian/UNSW/pivoter/research/r1_skyline_index_20260918/build/chain_index_tool --build-only /Users/zhangwenqian/UNSW/pivoter/graphs/com-youtube.edges
{"n":1134890,"solver":"terminal","treepass":"old","count_bits":64,"chains":42815,"canonical_nodes":22403,"index_bytes":3103325,"build_form_bytes":3987484,"compact_ms":0.931125,"bytes_map":384064,"bytes_chains":1477821,"bytes_layers":1241440,"ti_ms":1855.01,"ti_bytes":220101384,"rss_loaded":128106496,"rss_with_ti":447528960,"rss_start":447545344,"rss_after_solve":578863104,"rss_after_chains":578863104,"rss_after_layout":580845568,"solve_ms":445.245,"trees_ms":834.893,"chains_ms":3.56513,"layout_ms":8.49758,"build_ms":1292.84}
        4.05 real         3.95 user         0.07 sys
           580993024  maximum resident set size
                   0  average shared memory size
                   0  average unshared data size
                   0  average unshared stack size
               35655  page reclaims
                   1  page faults
                   0  swaps
                   0  block input operations
                   0  block output operations
                   0  messages sent
                   0  messages received
                   0  signals received
                   0  voluntary context switches
                1547  involuntary context switches
         45244623954  instructions retired
         17161262141  cycles elapsed
           580617056  peak memory footprint
