$ CHAIN_SOLVER=terminal CHAIN_TREEPASS=old /usr/bin/time -l /Users/zhangwenqian/UNSW/pivoter/research/r1_skyline_index_20260918/build/chain_index_tool --build-only /Users/zhangwenqian/UNSW/pivoter/graphs/com-youtube.edges
{"n":1134890,"solver":"terminal","treepass":"old","count_bits":64,"chains":42815,"canonical_nodes":22403,"index_bytes":3103325,"build_form_bytes":3987484,"compact_ms":0.9445,"bytes_map":384064,"bytes_chains":1477821,"bytes_layers":1241440,"ti_ms":1849.09,"ti_bytes":220101384,"rss_loaded":128106496,"rss_with_ti":447463424,"rss_start":447479808,"rss_after_solve":581992448,"rss_after_chains":581992448,"rss_after_layout":584024064,"solve_ms":438.862,"trees_ms":836.552,"chains_ms":3.46921,"layout_ms":8.64579,"build_ms":1288.32}
        3.99 real         3.89 user         0.07 sys
           584105984  maximum resident set size
                   0  average shared memory size
                   0  average unshared data size
                   0  average unshared stack size
               35845  page reclaims
                   1  page faults
                   0  swaps
                   0  block input operations
                   0  block output operations
                   0  messages sent
                   0  messages received
                   0  signals received
                   0  voluntary context switches
                1354  involuntary context switches
         45226921430  instructions retired
         17005769090  cycles elapsed
           583730016  peak memory footprint
