$ CHAIN_SOLVER=terminal CHAIN_TREEPASS=fast /usr/bin/time -l /Users/zhangwenqian/UNSW/pivoter/research/r1_skyline_index_20260918/build/chain_index_tool --build-only /Users/zhangwenqian/UNSW/pivoter/data/com-dblp.edges
{"n":317080,"solver":"terminal","treepass":"fast","count_bits":128,"chains":13459,"canonical_nodes":33979,"index_bytes":1641813,"build_form_bytes":1729876,"compact_ms":0.364625,"bytes_map":113304,"bytes_chains":460177,"bytes_layers":1068332,"ti_ms":138.077,"ti_bytes":29113540,"rss_loaded":40976384,"rss_with_ti":73580544,"rss_start":73596928,"rss_after_solve":145653760,"rss_after_chains":145670144,"rss_after_layout":147324928,"solve_ms":179.41,"trees_ms":217.295,"chains_ms":1.14229,"layout_ms":4.35358,"build_ms":403.298}
        0.81 real         0.78 user         0.01 sys
           147570688  maximum resident set size
                   0  average shared memory size
                   0  average unshared data size
                   0  average unshared stack size
                9201  page reclaims
                   1  page faults
                   0  swaps
                   0  block input operations
                   0  block output operations
                   0  messages sent
                   0  messages received
                   0  signals received
                   0  voluntary context switches
                 730  involuntary context switches
         13100702777  instructions retired
          3446871776  cycles elapsed
           146850272  peak memory footprint
