$ CHAIN_SOLVER=tail CHAIN_TREEPASS=fast /usr/bin/time -l /Users/zhangwenqian/UNSW/pivoter/research/r1_skyline_index_20260918/build/chain_index_tool --build-only /Users/zhangwenqian/UNSW/pivoter/graphs/com-youtube.edges
{"n":1134890,"solver":"tail","treepass":"fast","count_bits":64,"chains":42815,"canonical_nodes":22403,"index_bytes":3103325,"build_form_bytes":3987484,"compact_ms":0.952417,"bytes_map":384064,"bytes_chains":1477821,"bytes_layers":1241440,"ti_ms":1840.05,"ti_bytes":220101384,"rss_loaded":128106496,"rss_with_ti":447447040,"rss_start":447463424,"rss_after_solve":600080384,"rss_after_chains":600080384,"rss_after_layout":602259456,"solve_ms":411.517,"trees_ms":731.136,"chains_ms":3.49142,"layout_ms":8.48287,"build_ms":1163.06}
        3.90 real         3.80 user         0.07 sys
           602374144  maximum resident set size
                   0  average shared memory size
                   0  average unshared data size
                   0  average unshared stack size
               36960  page reclaims
                   1  page faults
                   0  swaps
                   0  block input operations
                   0  block output operations
                   0  messages sent
                   0  messages received
                   0  signals received
                   0  voluntary context switches
                1457  involuntary context switches
         43667244922  instructions retired
         16450700510  cycles elapsed
           601998200  peak memory footprint
