$ CHAIN_SOLVER=terminal CHAIN_TREEPASS=fast /usr/bin/time -l /Users/zhangwenqian/UNSW/pivoter/research/r1_skyline_index_20260918/build/chain_index_tool --build-only /Users/zhangwenqian/UNSW/pivoter/data/com-dblp.edges
{"n":317080,"solver":"terminal","treepass":"fast","count_bits":128,"chains":13459,"canonical_nodes":33979,"index_bytes":1641813,"build_form_bytes":1729876,"compact_ms":0.364625,"bytes_map":113304,"bytes_chains":460177,"bytes_layers":1068332,"ti_ms":134.998,"ti_bytes":29113540,"rss_loaded":40976384,"rss_with_ti":73580544,"rss_start":73596928,"rss_after_solve":140640256,"rss_after_chains":140656640,"rss_after_layout":142393344,"solve_ms":162.091,"trees_ms":211.85,"chains_ms":1.13433,"layout_ms":4.35538,"build_ms":380.562}
        0.79 real         0.77 user         0.01 sys
           142802944  maximum resident set size
                   0  average shared memory size
                   0  average unshared data size
                   0  average unshared stack size
                8910  page reclaims
                   1  page faults
                   0  swaps
                   0  block input operations
                   0  block output operations
                   0  messages sent
                   0  messages received
                   0  signals received
                   0  voluntary context switches
                 291  involuntary context switches
         13104866439  instructions retired
          3381921993  cycles elapsed
           142066120  peak memory footprint
