$ CHAIN_SOLVER=terminal CHAIN_TREEPASS=old /usr/bin/time -l /Users/zhangwenqian/UNSW/pivoter/research/r1_skyline_index_20260918/build/chain_index_tool --build-only /Users/zhangwenqian/UNSW/pivoter/graphs/com-youtube.edges
{"n":1134890,"solver":"terminal","treepass":"old","count_bits":64,"chains":42815,"canonical_nodes":22403,"index_bytes":3103325,"build_form_bytes":3987484,"compact_ms":1.00842,"bytes_map":384064,"bytes_chains":1477821,"bytes_layers":1241440,"ti_ms":1846.57,"ti_bytes":220101384,"rss_loaded":128106496,"rss_with_ti":447528960,"rss_start":447545344,"rss_after_solve":580304896,"rss_after_chains":580304896,"rss_after_layout":582238208,"solve_ms":442.768,"trees_ms":842.104,"chains_ms":3.64604,"layout_ms":9.34558,"build_ms":1298.88}
        4.08 real         3.97 user         0.09 sys
           582369280  maximum resident set size
                   0  average shared memory size
                   0  average unshared data size
                   0  average unshared stack size
               35739  page reclaims
                   1  page faults
                   0  swaps
                   0  block input operations
                   0  block output operations
                   0  messages sent
                   0  messages received
                   0  signals received
                   2  voluntary context switches
                1694  involuntary context switches
         45283440863  instructions retired
         17013215764  cycles elapsed
           581993312  peak memory footprint
