$ CHAIN_SOLVER=terminal CHAIN_TREEPASS=old /usr/bin/time -l /Users/zhangwenqian/UNSW/pivoter/research/r1_skyline_index_20260918/build/chain_index_tool --build-only /Users/zhangwenqian/UNSW/pivoter/graphs/com-youtube.edges
{"n":1134890,"solver":"terminal","treepass":"old","count_bits":64,"chains":42815,"canonical_nodes":22403,"index_bytes":3103325,"build_form_bytes":3987484,"compact_ms":0.95825,"bytes_map":384064,"bytes_chains":1477821,"bytes_layers":1241440,"ti_ms":1822.77,"ti_bytes":220101384,"rss_loaded":128106496,"rss_with_ti":447430656,"rss_start":447447040,"rss_after_solve":578568192,"rss_after_chains":578568192,"rss_after_layout":580632576,"solve_ms":438.812,"trees_ms":835.711,"chains_ms":3.50929,"layout_ms":8.19475,"build_ms":1286.99}
        3.97 real         3.88 user         0.07 sys
           580812800  maximum resident set size
                   0  average shared memory size
                   0  average unshared data size
                   0  average unshared stack size
               35644  page reclaims
                   1  page faults
                   0  swaps
                   0  block input operations
                   0  block output operations
                   0  messages sent
                   0  messages received
                   0  signals received
                   0  voluntary context switches
                1254  involuntary context switches
         45219521459  instructions retired
         16907134694  cycles elapsed
           580436832  peak memory footprint
