$ CHAIN_SOLVER=tail CHAIN_TREEPASS=old /usr/bin/time -l /Users/zhangwenqian/UNSW/pivoter/research/r1_skyline_index_20260918/build/chain_index_tool --build-only /Users/zhangwenqian/UNSW/pivoter/data/com-dblp.edges
{"n":317080,"solver":"tail","treepass":"old","count_bits":128,"chains":13459,"canonical_nodes":33979,"index_bytes":1641813,"build_form_bytes":1729876,"compact_ms":0.382625,"bytes_map":113304,"bytes_chains":460177,"bytes_layers":1068332,"ti_ms":133.38,"ti_bytes":29113540,"rss_loaded":40976384,"rss_with_ti":73531392,"rss_start":73547776,"rss_after_solve":140099584,"rss_after_chains":140115968,"rss_after_layout":141574144,"solve_ms":54.4875,"trees_ms":266.363,"chains_ms":1.14312,"layout_ms":4.44538,"build_ms":326.874}
        0.73 real         0.71 user         0.01 sys
           141819904  maximum resident set size
                   0  average shared memory size
                   0  average unshared data size
                   0  average unshared stack size
                8850  page reclaims
                   1  page faults
                   0  swaps
                   0  block input operations
                   0  block output operations
                   0  messages sent
                   0  messages received
                   0  signals received
                   0  voluntary context switches
                 222  involuntary context switches
         10969044775  instructions retired
          3154911407  cycles elapsed
           141066696  peak memory footprint
