$ CHAIN_SOLVER=terminal CHAIN_TREEPASS=old /usr/bin/time -l /Users/zhangwenqian/UNSW/pivoter/research/r1_skyline_index_20260918/build/chain_index_tool --build-only /Users/zhangwenqian/UNSW/pivoter/data/com-dblp.edges
{"n":317080,"solver":"terminal","treepass":"old","count_bits":128,"chains":13459,"canonical_nodes":33979,"index_bytes":1641813,"build_form_bytes":1729876,"compact_ms":0.374125,"bytes_map":113304,"bytes_chains":460177,"bytes_layers":1068332,"ti_ms":133.806,"ti_bytes":29113540,"rss_loaded":40976384,"rss_with_ti":73564160,"rss_start":73580544,"rss_after_solve":157745152,"rss_after_chains":157761536,"rss_after_layout":159432704,"solve_ms":161.816,"trees_ms":269,"chains_ms":1.16013,"layout_ms":4.75842,"build_ms":437.097}
        0.85 real         0.83 user         0.01 sys
           159825920  maximum resident set size
                   0  average shared memory size
                   0  average unshared data size
                   0  average unshared stack size
                9949  page reclaims
                   1  page faults
                   0  swaps
                   0  block input operations
                   0  block output operations
                   0  messages sent
                   0  messages received
                   0  signals received
                   0  voluntary context switches
                 418  involuntary context switches
         13847686067  instructions retired
          3641440781  cycles elapsed
           159089120  peak memory footprint
