$ CHAIN_SOLVER=tail CHAIN_TREEPASS=old /usr/bin/time -l /Users/zhangwenqian/UNSW/pivoter/research/r1_skyline_index_20260918/build/chain_index_tool --build-only /Users/zhangwenqian/UNSW/pivoter/data/com-dblp.edges
{"n":317080,"solver":"tail","treepass":"old","count_bits":128,"chains":13459,"canonical_nodes":33979,"index_bytes":1641813,"build_form_bytes":1729876,"compact_ms":0.362375,"bytes_map":113304,"bytes_chains":460177,"bytes_layers":1068332,"ti_ms":131.659,"ti_bytes":29113540,"rss_loaded":40960000,"rss_with_ti":73449472,"rss_start":73465856,"rss_after_solve":149700608,"rss_after_chains":149716992,"rss_after_layout":151273472,"solve_ms":52.921,"trees_ms":271.695,"chains_ms":1.16925,"layout_ms":4.41292,"build_ms":330.864}
        0.74 real         0.72 user         0.01 sys
           151502848  maximum resident set size
                   0  average shared memory size
                   0  average unshared data size
                   0  average unshared stack size
                9441  page reclaims
                   1  page faults
                   0  swaps
                   0  block input operations
                   0  block output operations
                   0  messages sent
                   0  messages received
                   0  signals received
                   0  voluntary context switches
                 230  involuntary context switches
         10956064477  instructions retired
          3174451608  cycles elapsed
           150766048  peak memory footprint
