$ CHAIN_SOLVER=tail CHAIN_TREEPASS=fast /usr/bin/time -l /Users/zhangwenqian/UNSW/pivoter/research/r1_skyline_index_20260918/build/chain_index_tool --build-only /Users/zhangwenqian/UNSW/pivoter/graphs/com-youtube.edges
{"n":1134890,"solver":"tail","treepass":"fast","count_bits":64,"chains":42815,"canonical_nodes":22403,"index_bytes":3103325,"build_form_bytes":3987484,"compact_ms":1.01079,"bytes_map":384064,"bytes_chains":1477821,"bytes_layers":1241440,"ti_ms":1814.9,"ti_bytes":220101384,"rss_loaded":128106496,"rss_with_ti":447463424,"rss_start":447479808,"rss_after_solve":600375296,"rss_after_chains":600408064,"rss_after_layout":602718208,"solve_ms":411.382,"trees_ms":727.872,"chains_ms":3.49604,"layout_ms":8.56279,"build_ms":1159.94}
        3.87 real         3.77 user         0.08 sys
           602947584  maximum resident set size
                   0  average shared memory size
                   0  average unshared data size
                   0  average unshared stack size
               36995  page reclaims
                   1  page faults
                   0  swaps
                   0  block input operations
                   0  block output operations
                   0  messages sent
                   0  messages received
                   0  signals received
                   0  voluntary context switches
                1581  involuntary context switches
         43679379284  instructions retired
         16454118614  cycles elapsed
           602571640  peak memory footprint
