$ CHAIN_SOLVER=terminal CHAIN_TREEPASS=fast /usr/bin/time -l /Users/zhangwenqian/UNSW/pivoter/research/r1_skyline_index_20260918/build/chain_index_tool --build-only /Users/zhangwenqian/UNSW/pivoter/graphs/dblp-coauthor.edges
{"n":4049537,"solver":"terminal","treepass":"fast","count_bits":512,"chains":363201,"canonical_nodes":274215,"index_bytes":44284853,"build_form_bytes":47832116,"compact_ms":16.2802,"bytes_map":2212112,"bytes_chains":21089986,"bytes_layers":20982755,"ti_ms":28469.9,"ti_bytes":1761623876,"rss_loaded":918798336,"rss_with_ti":3617439744,"rss_start":3617456128,"rss_after_solve":8817901568,"rss_after_chains":8820572160,"rss_after_layout":8845017088,"solve_ms":83399.5,"trees_ms":35264.4,"chains_ms":34.987,"layout_ms":282.816,"build_ms":119089}
      157.41 real       154.82 user         2.09 sys
          8845017088  maximum resident set size
                   0  average shared memory size
                   0  average unshared data size
                   0  average unshared stack size
              580929  page reclaims
                   1  page faults
                   0  swaps
                   0  block input operations
                   0  block output operations
                   0  messages sent
                   0  messages received
                   0  signals received
                   0  voluntary context switches
               56562  involuntary context switches
       1627991476462  instructions retired
        605057234017  cycles elapsed
          8844499616  peak memory footprint
