$ CHAIN_SOLVER=tail CHAIN_TREEPASS=old /usr/bin/time -l /Users/zhangwenqian/UNSW/pivoter/research/r1_skyline_index_20260918/build/chain_index_tool --build-only /Users/zhangwenqian/UNSW/pivoter/graphs/dblp-coauthor.edges
{"n":4049537,"solver":"tail","treepass":"old","count_bits":512,"chains":363201,"canonical_nodes":274215,"index_bytes":44284853,"build_form_bytes":47832116,"compact_ms":15.5428,"bytes_map":2212112,"bytes_chains":21089986,"bytes_layers":20982755,"ti_ms":28475.7,"ti_bytes":1761623876,"rss_loaded":918798336,"rss_with_ti":3633823744,"rss_start":3633840128,"rss_after_solve":8626929664,"rss_after_chains":8627011584,"rss_after_layout":8655454208,"solve_ms":19132.8,"trees_ms":43412.1,"chains_ms":33.6657,"layout_ms":281.188,"build_ms":62939.4}
      101.39 real        99.47 user         1.61 sys
          8655454208  maximum resident set size
                   0  average shared memory size
                   0  average unshared data size
                   0  average unshared stack size
              569463  page reclaims
                   1  page faults
                   0  swaps
                   0  block input operations
                   0  block output operations
                   0  messages sent
                   0  messages received
                   0  signals received
                   0  voluntary context switches
               35945  involuntary context switches
        898871202954  instructions retired
        406031501656  cycles elapsed
          8654821904  peak memory footprint
