$ CHAIN_SOLVER=tail CHAIN_TREEPASS=fast /usr/bin/time -l /Users/zhangwenqian/UNSW/pivoter/research/r1_skyline_index_20260918/build/chain_index_tool --build-only /Users/zhangwenqian/UNSW/pivoter/graphs/dblp-coauthor.edges
{"n":4049537,"solver":"tail","treepass":"fast","count_bits":512,"chains":363201,"canonical_nodes":274215,"index_bytes":44284853,"build_form_bytes":47832116,"compact_ms":14.558,"bytes_map":2212112,"bytes_chains":21089986,"bytes_layers":20982755,"ti_ms":28209.2,"ti_bytes":1761623876,"rss_loaded":918798336,"rss_with_ti":3633823744,"rss_start":3633840128,"rss_after_solve":8578088960,"rss_after_chains":8578170880,"rss_after_layout":8608808960,"solve_ms":19015.7,"trees_ms":34617.4,"chains_ms":32.0824,"layout_ms":265.092,"build_ms":54037.5}
       91.99 real        90.23 user         1.45 sys
          8608808960  maximum resident set size
                   0  average shared memory size
                   0  average unshared data size
                   0  average unshared stack size
              566603  page reclaims
                   1  page faults
                   0  swaps
                   0  block input operations
                   0  block output operations
                   0  messages sent
                   0  messages received
                   0  signals received
                   1  voluntary context switches
               31416  involuntary context switches
        830683400695  instructions retired
        376323065527  cycles elapsed
          8608176656  peak memory footprint
