$ CHAIN_SOLVER=terminal CHAIN_TREEPASS=old /usr/bin/time -l /Users/zhangwenqian/UNSW/pivoter/research/r1_skyline_index_20260918/build/chain_index_tool --build-only /Users/zhangwenqian/UNSW/pivoter/graphs/dblp-coauthor.edges
{"n":4049537,"solver":"terminal","treepass":"old","count_bits":512,"chains":363201,"canonical_nodes":274215,"index_bytes":44284853,"build_form_bytes":47832116,"compact_ms":17.2405,"bytes_map":2212112,"bytes_chains":21089986,"bytes_layers":20982755,"ti_ms":29014,"ti_bytes":1761623876,"rss_loaded":918798336,"rss_with_ti":3617472512,"rss_start":3617488896,"rss_after_solve":9000615936,"rss_after_chains":9000779776,"rss_after_layout":9026617344,"solve_ms":86047.6,"trees_ms":45344.8,"chains_ms":35.731,"layout_ms":288.42,"build_ms":131864}
      170.81 real       167.84 user         2.39 sys
          9026617344  maximum resident set size
                   0  average shared memory size
                   0  average unshared data size
                   0  average unshared stack size
              592052  page reclaims
                   1  page faults
                   0  swaps
                   0  block input operations
                   0  block output operations
                   0  messages sent
                   0  messages received
                   0  signals received
                   0  voluntary context switches
               62190  involuntary context switches
       1697628935616  instructions retired
        629897897042  cycles elapsed
          9026149096  peak memory footprint
