$ CHAIN_SOLVER=tail CHAIN_TREEPASS=fast /usr/bin/time -l /Users/zhangwenqian/UNSW/pivoter/research/r1_skyline_index_20260918/build/chain_index_tool --build-only /Users/zhangwenqian/UNSW/pivoter/graphs/dblp-coauthor.edges
{"n":4049537,"solver":"tail","treepass":"fast","count_bits":512,"chains":363201,"canonical_nodes":274215,"index_bytes":44284853,"build_form_bytes":47832116,"compact_ms":14.9407,"bytes_map":2212112,"bytes_chains":21089986,"bytes_layers":20982755,"ti_ms":27821.4,"ti_bytes":1761623876,"rss_loaded":918798336,"rss_with_ti":3633659904,"rss_start":3633676288,"rss_after_solve":8578138112,"rss_after_chains":8578236416,"rss_after_layout":8608874496,"solve_ms":18942,"trees_ms":33903.1,"chains_ms":32.0788,"layout_ms":268.375,"build_ms":53258.7}
       90.51 real        88.67 user         1.49 sys
          8608874496  maximum resident set size
                   0  average shared memory size
                   0  average unshared data size
                   0  average unshared stack size
              566628  page reclaims
                   1  page faults
                   0  swaps
                   0  block input operations
                   0  block output operations
                   0  messages sent
                   0  messages received
                   0  signals received
                   0  voluntary context switches
               33114  involuntary context switches
        830787734972  instructions retired
        375079739311  cycles elapsed
          8608258600  peak memory footprint
