$ CHAIN_SOLVER=tail CHAIN_TREEPASS=fast /usr/bin/time -l /Users/zhangwenqian/UNSW/pivoter/research/r1_skyline_index_20260918/build/chain_index_tool --build-only /Users/zhangwenqian/UNSW/pivoter/graphs/email-Eu-core.edges
{"n":1005,"solver":"tail","treepass":"fast","count_bits":64,"chains":667,"canonical_nodes":2602,"index_bytes":145590,"build_form_bytes":166432,"compact_ms":0.064,"bytes_map":2868,"bytes_chains":47387,"bytes_layers":95335,"ti_ms":44.5491,"ti_bytes":5520444,"rss_loaded":2113536,"rss_with_ti":9502720,"rss_start":9519104,"rss_after_solve":11452416,"rss_after_chains":11452416,"rss_after_layout":11943936,"solve_ms":15.958,"trees_ms":23.5216,"chains_ms":0.032542,"layout_ms":0.543208,"build_ms":40.1704}
        0.09 real         0.08 user         0.00 sys
            12042240  maximum resident set size
                   0  average shared memory size
                   0  average unshared data size
                   0  average unshared stack size
                 929  page reclaims
                   1  page faults
                   0  swaps
                   0  block input operations
                   0  block output operations
                   0  messages sent
                   0  messages received
                   0  signals received
                   0  voluntary context switches
                  25  involuntary context switches
          1239193897  instructions retired
           387656276  cycles elapsed
            11288912  peak memory footprint
