$ CHAIN_SOLVER=tail CHAIN_TREEPASS=fast /usr/bin/time -l /Users/zhangwenqian/UNSW/pivoter/research/r1_skyline_index_20260918/build/chain_index_tool --build-only /Users/zhangwenqian/UNSW/pivoter/graphs/email-Eu-core.edges
{"n":1005,"solver":"tail","treepass":"fast","count_bits":64,"chains":667,"canonical_nodes":2602,"index_bytes":145590,"build_form_bytes":166432,"compact_ms":0.06025,"bytes_map":2868,"bytes_chains":47387,"bytes_layers":95335,"ti_ms":44.4416,"ti_bytes":5520444,"rss_loaded":2097152,"rss_with_ti":9388032,"rss_start":9404416,"rss_after_solve":11304960,"rss_after_chains":11321344,"rss_after_layout":11780096,"solve_ms":16.6338,"trees_ms":23.7083,"chains_ms":0.034166,"layout_ms":0.5135,"build_ms":41.0048}
        0.09 real         0.08 user         0.00 sys
            11845632  maximum resident set size
                   0  average shared memory size
                   0  average unshared data size
                   0  average unshared stack size
                 917  page reclaims
                   1  page faults
                   0  swaps
                   0  block input operations
                   0  block output operations
                   0  messages sent
                   0  messages received
                   0  signals received
                   0  voluntary context switches
                  25  involuntary context switches
          1236775886  instructions retired
           387400609  cycles elapsed
            11092304  peak memory footprint
