$ CHAIN_SOLVER=terminal CHAIN_TREEPASS=fast /usr/bin/time -l /Users/zhangwenqian/UNSW/pivoter/research/r1_skyline_index_20260918/build/chain_index_tool --build-only /Users/zhangwenqian/UNSW/pivoter/graphs/email-Eu-core.edges
{"n":1005,"solver":"terminal","treepass":"fast","count_bits":64,"chains":667,"canonical_nodes":2602,"index_bytes":145590,"build_form_bytes":166432,"compact_ms":0.06475,"bytes_map":2868,"bytes_chains":47387,"bytes_layers":95335,"ti_ms":45.1514,"ti_bytes":5520444,"rss_loaded":2097152,"rss_with_ti":9486336,"rss_start":9502720,"rss_after_solve":11419648,"rss_after_chains":11419648,"rss_after_layout":11829248,"solve_ms":17.9554,"trees_ms":25.0011,"chains_ms":0.034167,"layout_ms":0.537458,"build_ms":43.6653}
        0.09 real         0.09 user         0.00 sys
            11894784  maximum resident set size
                   0  average shared memory size
                   0  average unshared data size
                   0  average unshared stack size
                 920  page reclaims
                   1  page faults
                   0  swaps
                   0  block input operations
                   0  block output operations
                   0  messages sent
                   0  messages received
                   0  signals received
                   0  voluntary context switches
                  56  involuntary context switches
          1264688533  instructions retired
           396307692  cycles elapsed
            11157840  peak memory footprint
