$ CHAIN_SOLVER=terminal CHAIN_TREEPASS=old /usr/bin/time -l /Users/zhangwenqian/UNSW/pivoter/research/r1_skyline_index_20260918/build/chain_index_tool --build-only /Users/zhangwenqian/UNSW/pivoter/graphs/email-Eu-core.edges
{"n":1005,"solver":"terminal","treepass":"old","count_bits":64,"chains":667,"canonical_nodes":2602,"index_bytes":145590,"build_form_bytes":166432,"compact_ms":0.0635,"bytes_map":2868,"bytes_chains":47387,"bytes_layers":95335,"ti_ms":45.7541,"ti_bytes":5520444,"rss_loaded":2097152,"rss_with_ti":9486336,"rss_start":9502720,"rss_after_solve":12419072,"rss_after_chains":12435456,"rss_after_layout":12697600,"solve_ms":17.437,"trees_ms":24.7034,"chains_ms":0.035542,"layout_ms":0.526708,"build_ms":42.79}
        0.09 real         0.09 user         0.00 sys
            12763136  maximum resident set size
                   0  average shared memory size
                   0  average unshared data size
                   0  average unshared stack size
                 973  page reclaims
                   1  page faults
                   0  swaps
                   0  block input operations
                   0  block output operations
                   0  messages sent
                   0  messages received
                   0  signals received
                   2  voluntary context switches
                  47  involuntary context switches
          1276384771  instructions retired
           400049002  cycles elapsed
            12042600  peak memory footprint
