$ CHAIN_SOLVER=tail CHAIN_TREEPASS=old /usr/bin/time -l /Users/zhangwenqian/UNSW/pivoter/research/r1_skyline_index_20260918/build/chain_index_tool --build-only /Users/zhangwenqian/UNSW/pivoter/graphs/email-Eu-core.edges
{"n":1005,"solver":"tail","treepass":"old","count_bits":64,"chains":667,"canonical_nodes":2602,"index_bytes":145590,"build_form_bytes":166432,"compact_ms":0.062666,"bytes_map":2868,"bytes_chains":47387,"bytes_layers":95335,"ti_ms":44.6492,"ti_bytes":5520444,"rss_loaded":2097152,"rss_with_ti":9486336,"rss_start":9502720,"rss_after_solve":11567104,"rss_after_chains":11583488,"rss_after_layout":11829248,"solve_ms":16.7151,"trees_ms":24.9927,"chains_ms":0.035833,"layout_ms":0.501959,"build_ms":42.3242}
        0.09 real         0.08 user         0.00 sys
            11911168  maximum resident set size
                   0  average shared memory size
                   0  average unshared data size
                   0  average unshared stack size
                 921  page reclaims
                   1  page faults
                   0  swaps
                   0  block input operations
                   0  block output operations
                   0  messages sent
                   0  messages received
                   0  signals received
                   0  voluntary context switches
                  27  involuntary context switches
          1250012371  instructions retired
           396848204  cycles elapsed
            11157840  peak memory footprint
