$ CHAIN_SOLVER=tail CHAIN_TREEPASS=old /usr/bin/time -l /Users/zhangwenqian/UNSW/pivoter/research/r1_skyline_index_20260918/build/chain_index_tool --build-only /Users/zhangwenqian/UNSW/pivoter/graphs/email-Eu-core.edges
{"n":1005,"solver":"tail","treepass":"old","count_bits":64,"chains":667,"canonical_nodes":2602,"index_bytes":145590,"build_form_bytes":166432,"compact_ms":0.062625,"bytes_map":2868,"bytes_chains":47387,"bytes_layers":95335,"ti_ms":45.9335,"ti_bytes":5520444,"rss_loaded":2113536,"rss_with_ti":9469952,"rss_start":9486336,"rss_after_solve":11534336,"rss_after_chains":11550720,"rss_after_layout":11845632,"solve_ms":16.121,"trees_ms":24.387,"chains_ms":0.03475,"layout_ms":0.506416,"build_ms":41.1189}
        0.09 real         0.08 user         0.00 sys
            11894784  maximum resident set size
                   0  average shared memory size
                   0  average unshared data size
                   0  average unshared stack size
                 920  page reclaims
                   1  page faults
                   0  swaps
                   0  block input operations
                   0  block output operations
                   0  messages sent
                   0  messages received
                   0  signals received
                   0  voluntary context switches
                  36  involuntary context switches
          1247497954  instructions retired
           393956671  cycles elapsed
            11141456  peak memory footprint
