$ CHAIN_SOLVER=tail CHAIN_TREEPASS=old /usr/bin/time -l /Users/zhangwenqian/UNSW/pivoter/research/r1_skyline_index_20260918/build/chain_index_tool --build-only /Users/zhangwenqian/UNSW/pivoter/graphs/email-Eu-core.edges
{"n":1005,"solver":"tail","treepass":"old","count_bits":64,"chains":667,"canonical_nodes":2602,"index_bytes":145590,"build_form_bytes":166432,"compact_ms":0.066834,"bytes_map":2868,"bytes_chains":47387,"bytes_layers":95335,"ti_ms":55.9972,"ti_bytes":5520444,"rss_loaded":2097152,"rss_with_ti":9158656,"rss_start":9175040,"rss_after_solve":11960320,"rss_after_chains":11993088,"rss_after_layout":12238848,"solve_ms":16.9479,"trees_ms":26.1315,"chains_ms":0.038875,"layout_ms":0.522709,"build_ms":43.7254}
        0.10 real         0.09 user         0.00 sys
            12304384  maximum resident set size
                   0  average shared memory size
                   0  average unshared data size
                   0  average unshared stack size
                 945  page reclaims
                   1  page faults
                   0  swaps
                   0  block input operations
                   0  block output operations
                   0  messages sent
                   0  messages received
                   0  signals received
                   0  voluntary context switches
                 517  involuntary context switches
          1255877087  instructions retired
           422850409  cycles elapsed
            11567464  peak memory footprint
