$ CHAIN_SOLVER=tail CHAIN_TREEPASS=old /usr/bin/time -l /Users/zhangwenqian/UNSW/pivoter/research/r1_skyline_index_20260918/build/chain_index_tool --build-only /Users/zhangwenqian/UNSW/pivoter/graphs/email-Eu-core.edges
{"n":1005,"solver":"tail","treepass":"old","count_bits":64,"chains":667,"canonical_nodes":2602,"index_bytes":145590,"build_form_bytes":166432,"compact_ms":0.057791,"bytes_map":2868,"bytes_chains":47387,"bytes_layers":95335,"ti_ms":44.8365,"ti_bytes":5520444,"rss_loaded":2097152,"rss_with_ti":9388032,"rss_start":9404416,"rss_after_solve":11501568,"rss_after_chains":11517952,"rss_after_layout":11780096,"solve_ms":16.8945,"trees_ms":24.6353,"chains_ms":0.035792,"layout_ms":0.515375,"build_ms":42.1579}
        0.09 real         0.08 user         0.00 sys
            11845632  maximum resident set size
                   0  average shared memory size
                   0  average unshared data size
                   0  average unshared stack size
                 917  page reclaims
                   1  page faults
                   0  swaps
                   0  block input operations
                   0  block output operations
                   0  messages sent
                   0  messages received
                   0  signals received
                   0  voluntary context switches
                  33  involuntary context switches
          1245860082  instructions retired
           397915369  cycles elapsed
            11092304  peak memory footprint
