$ CHAIN_SOLVER=tail CHAIN_TREEPASS=fast /usr/bin/time -l /Users/zhangwenqian/UNSW/pivoter/research/r1_skyline_index_20260918/build/chain_index_tool --build-only /Users/zhangwenqian/UNSW/pivoter/graphs/email-Eu-core.edges
{"n":1005,"solver":"tail","treepass":"fast","count_bits":64,"chains":667,"canonical_nodes":2602,"index_bytes":145590,"build_form_bytes":166432,"compact_ms":0.075209,"bytes_map":2868,"bytes_chains":47387,"bytes_layers":95335,"ti_ms":46.4242,"ti_bytes":5520444,"rss_loaded":2113536,"rss_with_ti":9469952,"rss_start":9486336,"rss_after_solve":11370496,"rss_after_chains":11386880,"rss_after_layout":11911168,"solve_ms":16.7722,"trees_ms":23.9113,"chains_ms":0.034708,"layout_ms":0.582167,"build_ms":41.4325}
        0.09 real         0.09 user         0.00 sys
            11976704  maximum resident set size
                   0  average shared memory size
                   0  average unshared data size
                   0  average unshared stack size
                 925  page reclaims
                   1  page faults
                   0  swaps
                   0  block input operations
                   0  block output operations
                   0  messages sent
                   0  messages received
                   0  signals received
                   0  voluntary context switches
                  32  involuntary context switches
          1239579200  instructions retired
           394684001  cycles elapsed
            11239784  peak memory footprint
