$ CHAIN_SOLVER=terminal CHAIN_TREEPASS=old /usr/bin/time -l /Users/zhangwenqian/UNSW/pivoter/research/r1_skyline_index_20260918/build/chain_index_tool --build-only /Users/zhangwenqian/UNSW/pivoter/graphs/loc-Brightkite.edges
{"n":58228,"solver":"terminal","treepass":"old","count_bits":64,"chains":6326,"canonical_nodes":11547,"index_bytes":811068,"build_form_bytes":915304,"compact_ms":0.274292,"bytes_map":36232,"bytes_chains":319597,"bytes_layers":455239,"ti_ms":216.731,"ti_bytes":42905568,"rss_loaded":9240576,"rss_with_ti":76464128,"rss_start":76480512,"rss_after_solve":92831744,"rss_after_chains":92897280,"rss_after_layout":93929472,"solve_ms":229.194,"trees_ms":351.546,"chains_ms":0.309292,"layout_ms":2.42408,"build_ms":583.705}
        0.85 real         0.83 user         0.01 sys
            94273536  maximum resident set size
                   0  average shared memory size
                   0  average unshared data size
                   0  average unshared stack size
                5948  page reclaims
                   1  page faults
                   0  swaps
                   0  block input operations
                   0  block output operations
                   0  messages sent
                   0  messages received
                   0  signals received
                   0  voluntary context switches
                 456  involuntary context switches
         15509833887  instructions retired
          3626031735  cycles elapsed
            93602224  peak memory footprint
