$ CHAIN_SOLVER=terminal CHAIN_TREEPASS=fast /usr/bin/time -l /Users/zhangwenqian/UNSW/pivoter/research/r1_skyline_index_20260918/build/chain_index_tool --build-only /Users/zhangwenqian/UNSW/pivoter/graphs/loc-Brightkite.edges
{"n":58228,"solver":"terminal","treepass":"fast","count_bits":64,"chains":6326,"canonical_nodes":11547,"index_bytes":811068,"build_form_bytes":915304,"compact_ms":0.2655,"bytes_map":36232,"bytes_chains":319597,"bytes_layers":455239,"ti_ms":216.592,"ti_bytes":42905568,"rss_loaded":9240576,"rss_with_ti":76546048,"rss_start":76562432,"rss_after_solve":86147072,"rss_after_chains":86245376,"rss_after_layout":87326720,"solve_ms":226.756,"trees_ms":329.419,"chains_ms":0.307167,"layout_ms":2.50433,"build_ms":559.532}
        0.82 real         0.81 user         0.01 sys
            87588864  maximum resident set size
                   0  average shared memory size
                   0  average unshared data size
                   0  average unshared stack size
                5540  page reclaims
                   1  page faults
                   0  swaps
                   0  block input operations
                   0  block output operations
                   0  messages sent
                   0  messages received
                   0  signals received
                   0  voluntary context switches
                 250  involuntary context switches
         15431491136  instructions retired
          3530129650  cycles elapsed
            86917552  peak memory footprint
