$ CHAIN_SOLVER=terminal CHAIN_TREEPASS=fast /usr/bin/time -l /Users/zhangwenqian/UNSW/pivoter/research/r1_skyline_index_20260918/build/chain_index_tool --build-only /Users/zhangwenqian/UNSW/pivoter/graphs/loc-Brightkite.edges
{"n":58228,"solver":"terminal","treepass":"fast","count_bits":64,"chains":6326,"canonical_nodes":11547,"index_bytes":811068,"build_form_bytes":915304,"compact_ms":0.265209,"bytes_map":36232,"bytes_chains":319597,"bytes_layers":455239,"ti_ms":224.082,"ti_bytes":42905568,"rss_loaded":9240576,"rss_with_ti":76414976,"rss_start":76431360,"rss_after_solve":83460096,"rss_after_chains":83525632,"rss_after_layout":84639744,"solve_ms":229.377,"trees_ms":334.511,"chains_ms":0.305208,"layout_ms":2.53437,"build_ms":567.363}
        0.84 real         0.82 user         0.01 sys
            84836352  maximum resident set size
                   0  average shared memory size
                   0  average unshared data size
                   0  average unshared stack size
                5372  page reclaims
                   1  page faults
                   0  swaps
                   0  block input operations
                   0  block output operations
                   0  messages sent
                   0  messages received
                   0  signals received
                   0  voluntary context switches
                 287  involuntary context switches
         15432860354  instructions retired
          3580745111  cycles elapsed
            84165040  peak memory footprint
