$ CHAIN_SOLVER=terminal CHAIN_TREEPASS=fast /usr/bin/time -l /Users/zhangwenqian/UNSW/pivoter/research/r1_skyline_index_20260918/build/chain_index_tool --build-only /Users/zhangwenqian/UNSW/pivoter/graphs/loc-Brightkite.edges
{"n":58228,"solver":"terminal","treepass":"fast","count_bits":64,"chains":6326,"canonical_nodes":11547,"index_bytes":811068,"build_form_bytes":915304,"compact_ms":0.267625,"bytes_map":36232,"bytes_chains":319597,"bytes_layers":455239,"ti_ms":234.424,"ti_bytes":42905568,"rss_loaded":9240576,"rss_with_ti":76398592,"rss_start":76414976,"rss_after_solve":86360064,"rss_after_chains":86425600,"rss_after_layout":87523328,"solve_ms":238.84,"trees_ms":353.418,"chains_ms":0.30925,"layout_ms":2.48275,"build_ms":595.593}
        0.88 real         0.86 user         0.01 sys
            87785472  maximum resident set size
                   0  average shared memory size
                   0  average unshared data size
                   0  average unshared stack size
                5552  page reclaims
                   1  page faults
                   0  swaps
                   0  block input operations
                   0  block output operations
                   0  messages sent
                   0  messages received
                   0  signals received
                   1  voluntary context switches
                 328  involuntary context switches
         15420795209  instructions retired
          3531907399  cycles elapsed
            87114160  peak memory footprint
