$ CHAIN_SOLVER=tail CHAIN_TREEPASS=old /usr/bin/time -l /Users/zhangwenqian/UNSW/pivoter/research/r1_skyline_index_20260918/build/chain_index_tool --build-only /Users/zhangwenqian/UNSW/pivoter/graphs/loc-Brightkite.edges
{"n":58228,"solver":"tail","treepass":"old","count_bits":64,"chains":6326,"canonical_nodes":11547,"index_bytes":811068,"build_form_bytes":915304,"compact_ms":0.27275,"bytes_map":36232,"bytes_chains":319597,"bytes_layers":455239,"ti_ms":219.554,"ti_bytes":42905568,"rss_loaded":9240576,"rss_with_ti":76464128,"rss_start":76480512,"rss_after_solve":88850432,"rss_after_chains":88915968,"rss_after_layout":89980928,"solve_ms":208.53,"trees_ms":348.431,"chains_ms":0.306375,"layout_ms":2.37462,"build_ms":559.869}
        0.82 real         0.81 user         0.01 sys
            90193920  maximum resident set size
                   0  average shared memory size
                   0  average unshared data size
                   0  average unshared stack size
                5699  page reclaims
                   1  page faults
                   0  swaps
                   0  block input operations
                   0  block output operations
                   0  messages sent
                   0  messages received
                   0  signals received
                   0  voluntary context switches
                 330  involuntary context switches
         15099077144  instructions retired
          3520947354  cycles elapsed
            89506224  peak memory footprint
