$ CHAIN_SOLVER=tail CHAIN_TREEPASS=fast /usr/bin/time -l /Users/zhangwenqian/UNSW/pivoter/research/r1_skyline_index_20260918/build/chain_index_tool --build-only /Users/zhangwenqian/UNSW/pivoter/graphs/loc-Brightkite.edges
{"n":58228,"solver":"tail","treepass":"fast","count_bits":64,"chains":6326,"canonical_nodes":11547,"index_bytes":811068,"build_form_bytes":915304,"compact_ms":0.270584,"bytes_map":36232,"bytes_chains":319597,"bytes_layers":455239,"ti_ms":215.976,"ti_bytes":42905568,"rss_loaded":9240576,"rss_with_ti":76398592,"rss_start":76414976,"rss_after_solve":83296256,"rss_after_chains":83361792,"rss_after_layout":84590592,"solve_ms":204.605,"trees_ms":329.184,"chains_ms":0.310292,"layout_ms":2.48579,"build_ms":537.126}
        0.80 real         0.78 user         0.01 sys
            84819968  maximum resident set size
                   0  average shared memory size
                   0  average unshared data size
                   0  average unshared stack size
                5371  page reclaims
                   1  page faults
                   0  swaps
                   0  block input operations
                   0  block output operations
                   0  messages sent
                   0  messages received
                   0  signals received
                   0  voluntary context switches
                 203  involuntary context switches
         15017884200  instructions retired
          3437624329  cycles elapsed
            84132272  peak memory footprint
