$ CHAIN_SOLVER=terminal CHAIN_TREEPASS=fast /usr/bin/time -l /Users/zhangwenqian/UNSW/pivoter/research/r1_skyline_index_20260918/build/chain_index_tool --build-only /Users/zhangwenqian/UNSW/pivoter/graphs/loc-Brightkite.edges
{"n":58228,"solver":"terminal","treepass":"fast","count_bits":64,"chains":6326,"canonical_nodes":11547,"index_bytes":811068,"build_form_bytes":915304,"compact_ms":0.282208,"bytes_map":36232,"bytes_chains":319597,"bytes_layers":455239,"ti_ms":215.417,"ti_bytes":42905568,"rss_loaded":9240576,"rss_with_ti":76414976,"rss_start":76431360,"rss_after_solve":86130688,"rss_after_chains":86196224,"rss_after_layout":87310336,"solve_ms":233.903,"trees_ms":344.16,"chains_ms":0.323292,"layout_ms":2.57304,"build_ms":581.519}
        0.84 real         0.83 user         0.01 sys
            87556096  maximum resident set size
                   0  average shared memory size
                   0  average unshared data size
                   0  average unshared stack size
                5538  page reclaims
                   1  page faults
                   0  swaps
                   0  block input operations
                   0  block output operations
                   0  messages sent
                   0  messages received
                   0  signals received
                   0  voluntary context switches
                 304  involuntary context switches
         15419497042  instructions retired
          3567743570  cycles elapsed
            86884784  peak memory footprint
