$ CHAIN_SOLVER=tail CHAIN_TREEPASS=old /usr/bin/time -l /Users/zhangwenqian/UNSW/pivoter/research/r1_skyline_index_20260918/build/chain_index_tool --build-only /Users/zhangwenqian/UNSW/pivoter/graphs/loc-Brightkite.edges
{"n":58228,"solver":"tail","treepass":"old","count_bits":64,"chains":6326,"canonical_nodes":11547,"index_bytes":811068,"build_form_bytes":915304,"compact_ms":0.258958,"bytes_map":36232,"bytes_chains":319597,"bytes_layers":455239,"ti_ms":217.995,"ti_bytes":42905568,"rss_loaded":9240576,"rss_with_ti":76496896,"rss_start":76513280,"rss_after_solve":88834048,"rss_after_chains":88899584,"rss_after_layout":89915392,"solve_ms":206.848,"trees_ms":347.121,"chains_ms":0.319042,"layout_ms":2.45746,"build_ms":557.005}
        0.82 real         0.80 user         0.01 sys
            90128384  maximum resident set size
                   0  average shared memory size
                   0  average unshared data size
                   0  average unshared stack size
                5697  page reclaims
                   1  page faults
                   0  swaps
                   0  block input operations
                   0  block output operations
                   0  messages sent
                   0  messages received
                   0  signals received
                   0  voluntary context switches
                 202  involuntary context switches
         15107903358  instructions retired
          3526883645  cycles elapsed
            89440688  peak memory footprint
