$ CHAIN_SOLVER=terminal CHAIN_TREEPASS=fast /usr/bin/time -l /Users/zhangwenqian/UNSW/pivoter/research/r1_skyline_index_20260918/build/chain_index_tool --build-only /Users/zhangwenqian/UNSW/pivoter/graphs/loc-Brightkite.edges
{"n":58228,"solver":"terminal","treepass":"fast","count_bits":64,"chains":6326,"canonical_nodes":11547,"index_bytes":811068,"build_form_bytes":915304,"compact_ms":0.283084,"bytes_map":36232,"bytes_chains":319597,"bytes_layers":455239,"ti_ms":227.391,"ti_bytes":42905568,"rss_loaded":9240576,"rss_with_ti":78348288,"rss_start":78364672,"rss_after_solve":85082112,"rss_after_chains":85147648,"rss_after_layout":86310912,"solve_ms":226.004,"trees_ms":331.591,"chains_ms":0.310625,"layout_ms":2.55596,"build_ms":561.419}
        0.83 real         0.81 user         0.01 sys
            86622208  maximum resident set size
                   0  average shared memory size
                   0  average unshared data size
                   0  average unshared stack size
                5481  page reclaims
                   1  page faults
                   0  swaps
                   0  block input operations
                   0  block output operations
                   0  messages sent
                   0  messages received
                   0  signals received
                   0  voluntary context switches
                 467  involuntary context switches
         15442812026  instructions retired
          3565603732  cycles elapsed
            85950896  peak memory footprint
