$ CHAIN_SOLVER=tail CHAIN_TREEPASS=fast /usr/bin/time -l /Users/zhangwenqian/UNSW/pivoter/research/r1_skyline_index_20260918/build/chain_index_tool --build-only /Users/zhangwenqian/UNSW/pivoter/graphs/loc-Brightkite.edges
{"n":58228,"solver":"tail","treepass":"fast","count_bits":64,"chains":6326,"canonical_nodes":11547,"index_bytes":811068,"build_form_bytes":915304,"compact_ms":0.292,"bytes_map":36232,"bytes_chains":319597,"bytes_layers":455239,"ti_ms":219.086,"ti_bytes":42905568,"rss_loaded":9240576,"rss_with_ti":76398592,"rss_start":76414976,"rss_after_solve":83345408,"rss_after_chains":83410944,"rss_after_layout":84525056,"solve_ms":207.074,"trees_ms":333.118,"chains_ms":0.329375,"layout_ms":2.55317,"build_ms":543.897}
        0.81 real         0.79 user         0.01 sys
            84738048  maximum resident set size
                   0  average shared memory size
                   0  average unshared data size
                   0  average unshared stack size
                5366  page reclaims
                   1  page faults
                   0  swaps
                   0  block input operations
                   0  block output operations
                   0  messages sent
                   0  messages received
                   0  signals received
                   0  voluntary context switches
                 273  involuntary context switches
         15030190037  instructions retired
          3475616309  cycles elapsed
            84050352  peak memory footprint
