$ CHAIN_SOLVER=terminal CHAIN_TREEPASS=old /usr/bin/time -l /Users/zhangwenqian/UNSW/pivoter/research/r1_skyline_index_20260918/build/chain_index_tool --build-only /Users/zhangwenqian/UNSW/pivoter/graphs/loc-Brightkite.edges
{"n":58228,"solver":"terminal","treepass":"old","count_bits":64,"chains":6326,"canonical_nodes":11547,"index_bytes":811068,"build_form_bytes":915304,"compact_ms":0.286584,"bytes_map":36232,"bytes_chains":319597,"bytes_layers":455239,"ti_ms":215.49,"ti_bytes":42905568,"rss_loaded":9240576,"rss_with_ti":76464128,"rss_start":76480512,"rss_after_solve":95535104,"rss_after_chains":95617024,"rss_after_layout":96632832,"solve_ms":245.489,"trees_ms":378.165,"chains_ms":0.348583,"layout_ms":2.69417,"build_ms":626.961}
        0.89 real         0.87 user         0.01 sys
            96911360  maximum resident set size
                   0  average shared memory size
                   0  average unshared data size
                   0  average unshared stack size
                6109  page reclaims
                   1  page faults
                   0  swaps
                   0  block input operations
                   0  block output operations
                   0  messages sent
                   0  messages received
                   0  signals received
                   2  voluntary context switches
                 274  involuntary context switches
         15502944601  instructions retired
          3635929511  cycles elapsed
            96240048  peak memory footprint
