$ CHAIN_SOLVER=terminal CHAIN_TREEPASS=old /usr/bin/time -l /Users/zhangwenqian/UNSW/pivoter/research/r1_skyline_index_20260918/build/chain_index_tool --build-only /Users/zhangwenqian/UNSW/pivoter/graphs/loc-Brightkite.edges
{"n":58228,"solver":"terminal","treepass":"old","count_bits":64,"chains":6326,"canonical_nodes":11547,"index_bytes":811068,"build_form_bytes":915304,"compact_ms":0.299666,"bytes_map":36232,"bytes_chains":319597,"bytes_layers":455239,"ti_ms":217.012,"ti_bytes":42905568,"rss_loaded":9240576,"rss_with_ti":76480512,"rss_start":76496896,"rss_after_solve":88850432,"rss_after_chains":88915968,"rss_after_layout":89931776,"solve_ms":226.345,"trees_ms":346.6,"chains_ms":0.314458,"layout_ms":2.51487,"build_ms":576.062}
        0.84 real         0.82 user         0.01 sys
            90144768  maximum resident set size
                   0  average shared memory size
                   0  average unshared data size
                   0  average unshared stack size
                5696  page reclaims
                   1  page faults
                   0  swaps
                   0  block input operations
                   0  block output operations
                   0  messages sent
                   0  messages received
                   0  signals received
                   2  voluntary context switches
                 279  involuntary context switches
         15509156846  instructions retired
          3608518955  cycles elapsed
            89473456  peak memory footprint
