$ CHAIN_SOLVER=terminal CHAIN_TREEPASS=fast /usr/bin/time -l /Users/zhangwenqian/UNSW/pivoter/research/r1_skyline_index_20260918/build/chain_index_tool --build-only /Users/zhangwenqian/UNSW/pivoter/graphs/loc-Brightkite.edges
{"n":58228,"solver":"terminal","treepass":"fast","count_bits":64,"chains":6326,"canonical_nodes":11547,"index_bytes":811068,"build_form_bytes":915304,"compact_ms":0.262791,"bytes_map":36232,"bytes_chains":319597,"bytes_layers":455239,"ti_ms":218.53,"ti_bytes":42905568,"rss_loaded":9732096,"rss_with_ti":76890112,"rss_start":76906496,"rss_after_solve":83984384,"rss_after_chains":84049920,"rss_after_layout":85131264,"solve_ms":230.96,"trees_ms":336.372,"chains_ms":0.360042,"layout_ms":2.52125,"build_ms":570.871}
        0.84 real         0.82 user         0.01 sys
            85344256  maximum resident set size
                   0  average shared memory size
                   0  average unshared data size
                   0  average unshared stack size
                5403  page reclaims
                   1  page faults
                   0  swaps
                   0  block input operations
                   0  block output operations
                   0  messages sent
                   0  messages received
                   0  signals received
                   0  voluntary context switches
                 342  involuntary context switches
         15433843289  instructions retired
          3568492076  cycles elapsed
            84672944  peak memory footprint
