$ CHAIN_SOLVER=tail CHAIN_TREEPASS=fast /usr/bin/time -l /Users/zhangwenqian/UNSW/pivoter/research/r1_skyline_index_20260918/build/chain_index_tool --build-only /Users/zhangwenqian/UNSW/pivoter/graphs/loc-Brightkite.edges
{"n":58228,"solver":"tail","treepass":"fast","count_bits":64,"chains":6326,"canonical_nodes":11547,"index_bytes":811068,"build_form_bytes":915304,"compact_ms":0.27725,"bytes_map":36232,"bytes_chains":319597,"bytes_layers":455239,"ti_ms":216.582,"ti_bytes":42905568,"rss_loaded":9240576,"rss_with_ti":76546048,"rss_start":76562432,"rss_after_solve":83705856,"rss_after_chains":83804160,"rss_after_layout":84983808,"solve_ms":205.417,"trees_ms":330.092,"chains_ms":0.303375,"layout_ms":2.45579,"build_ms":538.953}
        0.80 real         0.78 user         0.01 sys
            85196800  maximum resident set size
                   0  average shared memory size
                   0  average unshared data size
                   0  average unshared stack size
                5394  page reclaims
                   1  page faults
                   0  swaps
                   0  block input operations
                   0  block output operations
                   0  messages sent
                   0  messages received
                   0  signals received
                   0  voluntary context switches
                 250  involuntary context switches
         15032568418  instructions retired
          3446461620  cycles elapsed
            84509104  peak memory footprint
