$ CHAIN_SOLVER=terminal CHAIN_TREEPASS=old /usr/bin/time -l /Users/zhangwenqian/UNSW/pivoter/research/r1_skyline_index_20260918/build/chain_index_tool --build-only /Users/zhangwenqian/UNSW/pivoter/graphs/loc-Brightkite.edges
{"n":58228,"solver":"terminal","treepass":"old","count_bits":64,"chains":6326,"canonical_nodes":11547,"index_bytes":811068,"build_form_bytes":915304,"compact_ms":0.303208,"bytes_map":36232,"bytes_chains":319597,"bytes_layers":455239,"ti_ms":221.03,"ti_bytes":42905568,"rss_loaded":9240576,"rss_with_ti":76464128,"rss_start":76480512,"rss_after_solve":88834048,"rss_after_chains":88899584,"rss_after_layout":89882624,"solve_ms":232.592,"trees_ms":350.117,"chains_ms":0.341083,"layout_ms":2.45587,"build_ms":585.734}
        0.85 real         0.83 user         0.01 sys
            90193920  maximum resident set size
                   0  average shared memory size
                   0  average unshared data size
                   0  average unshared stack size
                5699  page reclaims
                   1  page faults
                   0  swaps
                   0  block input operations
                   0  block output operations
                   0  messages sent
                   0  messages received
                   0  signals received
                   0  voluntary context switches
                 376  involuntary context switches
         15507380540  instructions retired
          3637328211  cycles elapsed
            89522608  peak memory footprint
