$ CHAIN_SOLVER=terminal CHAIN_TREEPASS=old /usr/bin/time -l /Users/zhangwenqian/UNSW/pivoter/research/r1_skyline_index_20260918/build/chain_index_tool --build-only /Users/zhangwenqian/UNSW/pivoter/graphs/loc-Brightkite.edges
{"n":58228,"solver":"terminal","treepass":"old","count_bits":64,"chains":6326,"canonical_nodes":11547,"index_bytes":811068,"build_form_bytes":915304,"compact_ms":0.263459,"bytes_map":36232,"bytes_chains":319597,"bytes_layers":455239,"ti_ms":215.141,"ti_bytes":42905568,"rss_loaded":9240576,"rss_with_ti":76398592,"rss_start":76414976,"rss_after_solve":89079808,"rss_after_chains":89161728,"rss_after_layout":90177536,"solve_ms":236.864,"trees_ms":360.315,"chains_ms":0.316458,"layout_ms":2.46992,"build_ms":600.208}
        0.86 real         0.84 user         0.01 sys
            90390528  maximum resident set size
                   0  average shared memory size
                   0  average unshared data size
                   0  average unshared stack size
                5711  page reclaims
                   1  page faults
                   0  swaps
                   0  block input operations
                   0  block output operations
                   0  messages sent
                   0  messages received
                   0  signals received
                   0  voluntary context switches
                 346  involuntary context switches
         15502562373  instructions retired
          3634933431  cycles elapsed
            89719216  peak memory footprint
