$ CHAIN_SOLVER=tail CHAIN_TREEPASS=fast /usr/bin/time -l /Users/zhangwenqian/UNSW/pivoter/research/r1_skyline_index_20260918/build/chain_index_tool --build-only /Users/zhangwenqian/UNSW/pivoter/graphs/loc-Brightkite.edges
{"n":58228,"solver":"tail","treepass":"fast","count_bits":64,"chains":6326,"canonical_nodes":11547,"index_bytes":811068,"build_form_bytes":915304,"compact_ms":0.274458,"bytes_map":36232,"bytes_chains":319597,"bytes_layers":455239,"ti_ms":218.467,"ti_bytes":42905568,"rss_loaded":9240576,"rss_with_ti":78413824,"rss_start":78430208,"rss_after_solve":85295104,"rss_after_chains":85393408,"rss_after_layout":86573056,"solve_ms":208.757,"trees_ms":336.049,"chains_ms":0.3255,"layout_ms":2.54833,"build_ms":548.23}
        0.81 real         0.80 user         0.01 sys
            86786048  maximum resident set size
                   0  average shared memory size
                   0  average unshared data size
                   0  average unshared stack size
                5491  page reclaims
                   1  page faults
                   0  swaps
                   0  block input operations
                   0  block output operations
                   0  messages sent
                   0  messages received
                   0  signals received
                   0  voluntary context switches
                 262  involuntary context switches
         15035892541  instructions retired
          3486902408  cycles elapsed
            86098352  peak memory footprint
