$ CHAIN_SOLVER=tail CHAIN_TREEPASS=old /usr/bin/time -l /Users/zhangwenqian/UNSW/pivoter/research/r1_skyline_index_20260918/build/chain_index_tool --build-only /Users/zhangwenqian/UNSW/pivoter/graphs/loc-Brightkite.edges
{"n":58228,"solver":"tail","treepass":"old","count_bits":64,"chains":6326,"canonical_nodes":11547,"index_bytes":811068,"build_form_bytes":915304,"compact_ms":0.261625,"bytes_map":36232,"bytes_chains":319597,"bytes_layers":455239,"ti_ms":217.902,"ti_bytes":42905568,"rss_loaded":9240576,"rss_with_ti":76529664,"rss_start":76546048,"rss_after_solve":94355456,"rss_after_chains":94453760,"rss_after_layout":95469568,"solve_ms":204.729,"trees_ms":342.944,"chains_ms":0.315666,"layout_ms":2.62029,"build_ms":550.954}
        0.82 real         0.80 user         0.01 sys
            95666176  maximum resident set size
                   0  average shared memory size
                   0  average unshared data size
                   0  average unshared stack size
                6033  page reclaims
                   1  page faults
                   0  swaps
                   0  block input operations
                   0  block output operations
                   0  messages sent
                   0  messages received
                   0  signals received
                   0  voluntary context switches
                 257  involuntary context switches
         15110321698  instructions retired
          3513305823  cycles elapsed
            94978480  peak memory footprint
