$ CHAIN_SOLVER=terminal CHAIN_TREEPASS=fast /usr/bin/time -l /Users/zhangwenqian/UNSW/pivoter/research/r1_skyline_index_20260918/build/chain_index_tool --build-only /Users/zhangwenqian/UNSW/pivoter/graphs/loc-Brightkite.edges
{"n":58228,"solver":"terminal","treepass":"fast","count_bits":64,"chains":6326,"canonical_nodes":11547,"index_bytes":811068,"build_form_bytes":915304,"compact_ms":0.270333,"bytes_map":36232,"bytes_chains":319597,"bytes_layers":455239,"ti_ms":216.941,"ti_bytes":42905568,"rss_loaded":9240576,"rss_with_ti":76480512,"rss_start":76496896,"rss_after_solve":84639744,"rss_after_chains":84705280,"rss_after_layout":85835776,"solve_ms":228.434,"trees_ms":328.218,"chains_ms":0.312083,"layout_ms":2.47346,"build_ms":560.211}
        0.82 real         0.81 user         0.01 sys
            86130688  maximum resident set size
                   0  average shared memory size
                   0  average unshared data size
                   0  average unshared stack size
                5451  page reclaims
                   1  page faults
                   0  swaps
                   0  block input operations
                   0  block output operations
                   0  messages sent
                   0  messages received
                   0  signals received
                   0  voluntary context switches
                 238  involuntary context switches
         15431452588  instructions retired
          3544987747  cycles elapsed
            85459376  peak memory footprint
