$ CHAIN_SOLVER=terminal CHAIN_TREEPASS=fast /usr/bin/time -l /Users/zhangwenqian/UNSW/pivoter/research/r1_skyline_index_20260918/build/chain_index_tool --build-only /Users/zhangwenqian/UNSW/pivoter/graphs/loc-Brightkite.edges
{"n":58228,"solver":"terminal","treepass":"fast","count_bits":64,"chains":6326,"canonical_nodes":11547,"index_bytes":811068,"build_form_bytes":915304,"compact_ms":0.323459,"bytes_map":36232,"bytes_chains":319597,"bytes_layers":455239,"ti_ms":216.112,"ti_bytes":42905568,"rss_loaded":9240576,"rss_with_ti":76464128,"rss_start":76480512,"rss_after_solve":86441984,"rss_after_chains":86507520,"rss_after_layout":87474176,"solve_ms":235.828,"trees_ms":345.215,"chains_ms":0.327208,"layout_ms":2.5435,"build_ms":584.591}
        0.85 real         0.83 user         0.01 sys
            87818240  maximum resident set size
                   0  average shared memory size
                   0  average unshared data size
                   0  average unshared stack size
                5554  page reclaims
                   1  page faults
                   0  swaps
                   0  block input operations
                   0  block output operations
                   0  messages sent
                   0  messages received
                   0  signals received
                   0  voluntary context switches
                 209  involuntary context switches
         15435567523  instructions retired
          3562946073  cycles elapsed
            87146928  peak memory footprint
