$ CHAIN_SOLVER=terminal CHAIN_TREEPASS=old /usr/bin/time -l /Users/zhangwenqian/UNSW/pivoter/research/r1_skyline_index_20260918/build/chain_index_tool --build-only /Users/zhangwenqian/UNSW/pivoter/graphs/soc-Epinions1.edges
{"n":75879,"solver":"terminal","treepass":"old","count_bits":64,"chains":8821,"canonical_nodes":12886,"index_bytes":1117624,"build_form_bytes":1304016,"compact_ms":0.459209,"bytes_map":49524,"bytes_chains":456481,"bytes_layers":611619,"ti_ms":1848.53,"ti_bytes":223061316,"rss_loaded":14893056,"rss_with_ti":484278272,"rss_start":484294656,"rss_after_solve":513687552,"rss_after_chains":513687552,"rss_after_layout":514981888,"solve_ms":658.434,"trees_ms":1325.52,"chains_ms":0.443916,"layout_ms":3.95333,"build_ms":1988.79}
        3.92 real         3.83 user         0.07 sys
           515178496  maximum resident set size
                   0  average shared memory size
                   0  average unshared data size
                   0  average unshared stack size
               31638  page reclaims
                   1  page faults
                   0  swaps
                   0  block input operations
                   0  block output operations
                   0  messages sent
                   0  messages received
                   0  signals received
                   0  voluntary context switches
                1956  involuntary context switches
         46698666286  instructions retired
         16540953300  cycles elapsed
           514736896  peak memory footprint
