$ CHAIN_SOLVER=tail CHAIN_TREEPASS=fast /usr/bin/time -l /Users/zhangwenqian/UNSW/pivoter/research/r1_skyline_index_20260918/build/chain_index_tool --build-only /Users/zhangwenqian/UNSW/pivoter/graphs/soc-Epinions1.edges
{"n":75879,"solver":"tail","treepass":"fast","count_bits":64,"chains":8821,"canonical_nodes":12886,"index_bytes":1117624,"build_form_bytes":1304016,"compact_ms":0.38475,"bytes_map":49524,"bytes_chains":456481,"bytes_layers":611619,"ti_ms":1892.47,"ti_bytes":223061316,"rss_loaded":14893056,"rss_with_ti":484245504,"rss_start":484261888,"rss_after_solve":493977600,"rss_after_chains":493993984,"rss_after_layout":496009216,"solve_ms":603.335,"trees_ms":1153.99,"chains_ms":0.477667,"layout_ms":3.57071,"build_ms":1763.72}
        3.74 real         3.61 user         0.06 sys
           496173056  maximum resident set size
                   0  average shared memory size
                   0  average unshared data size
                   0  average unshared stack size
               30478  page reclaims
                   1  page faults
                   0  swaps
                   0  block input operations
                   0  block output operations
                   0  messages sent
                   0  messages received
                   0  signals received
                   0  voluntary context switches
                2221  involuntary context switches
         45267525617  instructions retired
         15711592065  cycles elapsed
           495698664  peak memory footprint
