$ CHAIN_SOLVER=terminal CHAIN_TREEPASS=fast /usr/bin/time -l /Users/zhangwenqian/UNSW/pivoter/research/r1_skyline_index_20260918/build/chain_index_tool --build-only /Users/zhangwenqian/UNSW/pivoter/graphs/soc-Epinions1.edges
{"n":75879,"solver":"terminal","treepass":"fast","count_bits":64,"chains":8821,"canonical_nodes":12886,"index_bytes":1117624,"build_form_bytes":1304016,"compact_ms":0.389541,"bytes_map":49524,"bytes_chains":456481,"bytes_layers":611619,"ti_ms":1800.26,"ti_bytes":223061316,"rss_loaded":14893056,"rss_with_ti":484261888,"rss_start":484278272,"rss_after_solve":494174208,"rss_after_chains":494174208,"rss_after_layout":495534080,"solve_ms":652.777,"trees_ms":1173,"chains_ms":0.481792,"layout_ms":3.5845,"build_ms":1832.47}
        3.72 real         3.64 user         0.06 sys
           495796224  maximum resident set size
                   0  average shared memory size
                   0  average unshared data size
                   0  average unshared stack size
               30455  page reclaims
                   1  page faults
                   0  swaps
                   0  block input operations
                   0  block output operations
                   0  messages sent
                   0  messages received
                   0  signals received
                   0  voluntary context switches
                1179  involuntary context switches
         46493860427  instructions retired
         15759684062  cycles elapsed
           495338216  peak memory footprint
