$ CHAIN_SOLVER=terminal CHAIN_TREEPASS=old /usr/bin/time -l /Users/zhangwenqian/UNSW/pivoter/research/r1_skyline_index_20260918/build/chain_index_tool --build-only /Users/zhangwenqian/UNSW/pivoter/graphs/soc-Slashdot0902.edges
{"n":82168,"solver":"terminal","treepass":"old","count_bits":64,"chains":6798,"canonical_nodes":6309,"index_bytes":601127,"build_form_bytes":734136,"compact_ms":0.2165,"bytes_map":42608,"bytes_chains":269319,"bytes_layers":289200,"ti_ms":720.78,"ti_bytes":111677832,"rss_loaded":17907712,"rss_with_ti":246317056,"rss_start":246333440,"rss_after_solve":268238848,"rss_after_chains":268353536,"rss_after_layout":269156352,"solve_ms":374.939,"trees_ms":693.488,"chains_ms":0.35325,"layout_ms":1.82746,"build_ms":1070.81}
        1.91 real         1.86 user         0.03 sys
           269271040  maximum resident set size
                   0  average shared memory size
                   0  average unshared data size
                   0  average unshared stack size
               16629  page reclaims
                   1  page faults
                   0  swaps
                   0  block input operations
                   0  block output operations
                   0  messages sent
                   0  messages received
                   0  signals received
                   0  voluntary context switches
                 800  involuntary context switches
         29291285703  instructions retired
          8153987511  cycles elapsed
           268714584  peak memory footprint
