$ CHAIN_SOLVER=tail CHAIN_TREEPASS=old /usr/bin/time -l /Users/zhangwenqian/UNSW/pivoter/research/r1_skyline_index_20260918/build/chain_index_tool --build-only /Users/zhangwenqian/UNSW/pivoter/graphs/soc-Slashdot0902.edges
{"n":82168,"solver":"tail","treepass":"old","count_bits":64,"chains":6798,"canonical_nodes":6309,"index_bytes":601127,"build_form_bytes":734136,"compact_ms":0.22475,"bytes_map":42608,"bytes_chains":269319,"bytes_layers":289200,"ti_ms":724.539,"ti_bytes":111677832,"rss_loaded":18595840,"rss_with_ti":248102912,"rss_start":248119296,"rss_after_solve":270450688,"rss_after_chains":270548992,"rss_after_layout":271400960,"solve_ms":341.439,"trees_ms":675.436,"chains_ms":0.348084,"layout_ms":1.87129,"build_ms":1019.28}
        1.85 real         1.81 user         0.03 sys
           271515648  maximum resident set size
                   0  average shared memory size
                   0  average unshared data size
                   0  average unshared stack size
               16766  page reclaims
                   1  page faults
                   0  swaps
                   0  block input operations
                   0  block output operations
                   0  messages sent
                   0  messages received
                   0  signals received
                   0  voluntary context switches
                 671  involuntary context switches
         28587786837  instructions retired
          7935408192  cycles elapsed
           270942808  peak memory footprint
