$ CHAIN_SOLVER=terminal CHAIN_TREEPASS=old /usr/bin/time -l /Users/zhangwenqian/UNSW/pivoter/research/r1_skyline_index_20260918/build/chain_index_tool --build-only /Users/zhangwenqian/UNSW/pivoter/graphs/soc-Epinions1.edges
{"n":75879,"solver":"terminal","treepass":"old","count_bits":64,"chains":8821,"canonical_nodes":12886,"index_bytes":1117624,"build_form_bytes":1304016,"compact_ms":0.382334,"bytes_map":49524,"bytes_chains":456481,"bytes_layers":611619,"ti_ms":1816.33,"ti_bytes":223061316,"rss_loaded":14893056,"rss_with_ti":484327424,"rss_start":484343808,"rss_after_solve":514146304,"rss_after_chains":514146304,"rss_after_layout":515473408,"solve_ms":654.803,"trees_ms":1301.7,"chains_ms":0.441042,"layout_ms":3.53037,"build_ms":1960.83}
        3.87 real         3.78 user         0.06 sys
           515637248  maximum resident set size
                   0  average shared memory size
                   0  average unshared data size
                   0  average unshared stack size
               31666  page reclaims
                   1  page faults
                   0  swaps
                   0  block input operations
                   0  block output operations
                   0  messages sent
                   0  messages received
                   0  signals received
                   0  voluntary context switches
                1345  involuntary context switches
         46684388467  instructions retired
         16478550310  cycles elapsed
           515195648  peak memory footprint
