$ CHAIN_SOLVER=tail CHAIN_TREEPASS=fast /usr/bin/time -l /Users/zhangwenqian/UNSW/pivoter/research/r1_skyline_index_20260918/build/chain_index_tool --build-only /Users/zhangwenqian/UNSW/pivoter/graphs/soc-Epinions1.edges
{"n":75879,"solver":"tail","treepass":"fast","count_bits":64,"chains":8821,"canonical_nodes":12886,"index_bytes":1117624,"build_form_bytes":1304016,"compact_ms":0.37175,"bytes_map":49524,"bytes_chains":456481,"bytes_layers":611619,"ti_ms":1808.93,"ti_bytes":223061316,"rss_loaded":14893056,"rss_with_ti":484261888,"rss_start":484278272,"rss_after_solve":494010368,"rss_after_chains":494010368,"rss_after_layout":495927296,"solve_ms":596.728,"trees_ms":1141.08,"chains_ms":0.429958,"layout_ms":3.64467,"build_ms":1744.21}
        3.64 real         3.56 user         0.06 sys
           496123904  maximum resident set size
                   0  average shared memory size
                   0  average unshared data size
                   0  average unshared stack size
               30475  page reclaims
                   1  page faults
                   0  swaps
                   0  block input operations
                   0  block output operations
                   0  messages sent
                   0  messages received
                   0  signals received
                   0  voluntary context switches
                1097  involuntary context switches
         45272018360  instructions retired
         15592612713  cycles elapsed
           495649512  peak memory footprint
