$ CHAIN_SOLVER=terminal CHAIN_TREEPASS=old /usr/bin/time -l /Users/zhangwenqian/UNSW/pivoter/research/r1_skyline_index_20260918/build/chain_index_tool --build-only /Users/zhangwenqian/UNSW/pivoter/graphs/soc-Epinions1.edges
{"n":75879,"solver":"terminal","treepass":"old","count_bits":64,"chains":8821,"canonical_nodes":12886,"index_bytes":1117624,"build_form_bytes":1304016,"compact_ms":0.399792,"bytes_map":49524,"bytes_chains":456481,"bytes_layers":611619,"ti_ms":1826.41,"ti_bytes":223061316,"rss_loaded":14893056,"rss_with_ti":484900864,"rss_start":484917248,"rss_after_solve":514719744,"rss_after_chains":514719744,"rss_after_layout":516079616,"solve_ms":660.607,"trees_ms":1329.35,"chains_ms":0.4655,"layout_ms":3.77371,"build_ms":1994.59}
        3.91 real         3.82 user         0.06 sys
           516276224  maximum resident set size
                   0  average shared memory size
                   0  average unshared data size
                   0  average unshared stack size
               31705  page reclaims
                   1  page faults
                   0  swaps
                   0  block input operations
                   0  block output operations
                   0  messages sent
                   0  messages received
                   0  signals received
                   2  voluntary context switches
                1642  involuntary context switches
         46683831647  instructions retired
         16415005937  cycles elapsed
           515834624  peak memory footprint
