$ CHAIN_SOLVER=terminal CHAIN_TREEPASS=fast /usr/bin/time -l /Users/zhangwenqian/UNSW/pivoter/research/r1_skyline_index_20260918/build/chain_index_tool --build-only /Users/zhangwenqian/UNSW/pivoter/graphs/soc-Slashdot0902.edges
{"n":82168,"solver":"terminal","treepass":"fast","count_bits":64,"chains":6798,"canonical_nodes":6309,"index_bytes":601127,"build_form_bytes":734136,"compact_ms":0.246542,"bytes_map":42608,"bytes_chains":269319,"bytes_layers":289200,"ti_ms":720.994,"ti_bytes":111677832,"rss_loaded":17907712,"rss_with_ti":246202368,"rss_start":246218752,"rss_after_solve":255508480,"rss_after_chains":255590400,"rss_after_layout":256491520,"solve_ms":375.052,"trees_ms":643.187,"chains_ms":0.363916,"layout_ms":2.05108,"build_ms":1021.86}
        1.85 real         1.81 user         0.03 sys
           256638976  maximum resident set size
                   0  average shared memory size
                   0  average unshared data size
                   0  average unshared stack size
               15858  page reclaims
                   1  page faults
                   0  swaps
                   0  block input operations
                   0  block output operations
                   0  messages sent
                   0  messages received
                   0  signals received
                   0  voluntary context switches
                 518  involuntary context switches
         29190892534  instructions retired
          7832657463  cycles elapsed
           256066112  peak memory footprint
