$ CHAIN_SOLVER=terminal CHAIN_TREEPASS=old /usr/bin/time -l /Users/zhangwenqian/UNSW/pivoter/research/r1_skyline_index_20260918/build/chain_index_tool --build-only /Users/zhangwenqian/UNSW/pivoter/graphs/soc-Slashdot0902.edges
{"n":82168,"solver":"terminal","treepass":"old","count_bits":64,"chains":6798,"canonical_nodes":6309,"index_bytes":601127,"build_form_bytes":734136,"compact_ms":0.220959,"bytes_map":42608,"bytes_chains":269319,"bytes_layers":289200,"ti_ms":730.191,"ti_bytes":111677832,"rss_loaded":17907712,"rss_with_ti":246300672,"rss_start":246317056,"rss_after_solve":270729216,"rss_after_chains":270827520,"rss_after_layout":271663104,"solve_ms":392.731,"trees_ms":726.05,"chains_ms":0.346917,"layout_ms":1.85558,"build_ms":1121.16}
        1.96 real         1.92 user         0.03 sys
           271843328  maximum resident set size
                   0  average shared memory size
                   0  average unshared data size
                   0  average unshared stack size
               16786  page reclaims
                   1  page faults
                   0  swaps
                   0  block input operations
                   0  block output operations
                   0  messages sent
                   0  messages received
                   0  signals received
                   0  voluntary context switches
                 657  involuntary context switches
         29243056843  instructions retired
          8087953204  cycles elapsed
           271286872  peak memory footprint
