$ CHAIN_SOLVER=tail CHAIN_TREEPASS=old /usr/bin/time -l /Users/zhangwenqian/UNSW/pivoter/research/r1_skyline_index_20260918/build/chain_index_tool --build-only /Users/zhangwenqian/UNSW/pivoter/graphs/soc-Epinions1.edges
{"n":75879,"solver":"tail","treepass":"old","count_bits":64,"chains":8821,"canonical_nodes":12886,"index_bytes":1117624,"build_form_bytes":1304016,"compact_ms":0.379,"bytes_map":49524,"bytes_chains":456481,"bytes_layers":611619,"ti_ms":1823.38,"ti_bytes":223061316,"rss_loaded":14893056,"rss_with_ti":484294656,"rss_start":484311040,"rss_after_solve":513589248,"rss_after_chains":513589248,"rss_after_layout":514981888,"solve_ms":619.119,"trees_ms":1312.52,"chains_ms":0.432833,"layout_ms":3.64913,"build_ms":1936.1}
        3.85 real         3.76 user         0.06 sys
           515129344  maximum resident set size
                   0  average shared memory size
                   0  average unshared data size
                   0  average unshared stack size
               31635  page reclaims
                   1  page faults
                   0  swaps
                   0  block input operations
                   0  block output operations
                   0  messages sent
                   0  messages received
                   0  signals received
                   0  voluntary context switches
                1241  involuntary context switches
         45456423237  instructions retired
         16320549750  cycles elapsed
           514671360  peak memory footprint
