$ CHAIN_SOLVER=tail CHAIN_TREEPASS=old /usr/bin/time -l /Users/zhangwenqian/UNSW/pivoter/research/r1_skyline_index_20260918/build/chain_index_tool --build-only /Users/zhangwenqian/UNSW/pivoter/graphs/soc-pokec.edges
{"n":1632803,"solver":"tail","treepass":"old","count_bits":64,"chains":383206,"canonical_nodes":67544,"index_bytes":32391133,"build_form_bytes":44018876,"compact_ms":13.4295,"bytes_map":1838988,"bytes_chains":19247860,"bytes_layers":11304285,"ti_ms":17501,"ti_bytes":1525656592,"rss_loaded":608976896,"rss_with_ti":2616868864,"rss_start":2616885248,"rss_after_solve":3280650240,"rss_after_chains":3280650240,"rss_after_layout":3293822976,"solve_ms":6288.32,"trees_ms":8274.32,"chains_ms":10.0708,"layout_ms":102.727,"build_ms":14700.7}
       37.96 real        37.28 user         0.57 sys
          3293822976  maximum resident set size
                   0  average shared memory size
                   0  average unshared data size
                   0  average unshared stack size
              221022  page reclaims
                   1  page faults
                   0  swaps
                   0  block input operations
                   0  block output operations
                   0  messages sent
                   0  messages received
                   0  signals received
                   0  voluntary context switches
               12572  involuntary context switches
        326927195799  instructions retired
        162431843575  cycles elapsed
          3290745664  peak memory footprint
