$ CHAIN_SOLVER=tail CHAIN_TREEPASS=old /usr/bin/time -l /Users/zhangwenqian/UNSW/pivoter/research/r1_skyline_index_20260918/build/chain_index_tool --build-only /Users/zhangwenqian/UNSW/pivoter/graphs/soc-Slashdot0902.edges
{"n":82168,"solver":"tail","treepass":"old","count_bits":64,"chains":6798,"canonical_nodes":6309,"index_bytes":601127,"build_form_bytes":734136,"compact_ms":0.219209,"bytes_map":42608,"bytes_chains":269319,"bytes_layers":289200,"ti_ms":769.199,"ti_bytes":111677832,"rss_loaded":17907712,"rss_with_ti":246284288,"rss_start":246300672,"rss_after_solve":267747328,"rss_after_chains":267845632,"rss_after_layout":268681216,"solve_ms":346.69,"trees_ms":691.427,"chains_ms":0.357708,"layout_ms":1.91996,"build_ms":1040.59}
        1.93 real         1.88 user         0.03 sys
           268828672  maximum resident set size
                   0  average shared memory size
                   0  average unshared data size
                   0  average unshared stack size
               16602  page reclaims
                   1  page faults
                   0  swaps
                   0  block input operations
                   0  block output operations
                   0  messages sent
                   0  messages received
                   0  signals received
                   0  voluntary context switches
                 553  involuntary context switches
         28615182523  instructions retired
          8005517479  cycles elapsed
           268255832  peak memory footprint
