$ CHAIN_SOLVER=terminal CHAIN_TREEPASS=old /usr/bin/time -l /Users/zhangwenqian/UNSW/pivoter/research/r1_skyline_index_20260918/build/chain_index_tool --build-only /Users/zhangwenqian/UNSW/pivoter/graphs/soc-Epinions1.edges
{"n":75879,"solver":"terminal","treepass":"old","count_bits":64,"chains":8821,"canonical_nodes":12886,"index_bytes":1117624,"build_form_bytes":1304016,"compact_ms":0.398209,"bytes_map":49524,"bytes_chains":456481,"bytes_layers":611619,"ti_ms":1792.73,"ti_bytes":223061316,"rss_loaded":14893056,"rss_with_ti":484261888,"rss_start":484278272,"rss_after_solve":513671168,"rss_after_chains":513671168,"rss_after_layout":514932736,"solve_ms":650.442,"trees_ms":1303.37,"chains_ms":0.452666,"layout_ms":3.63008,"build_ms":1958.26}
        3.84 real         3.77 user         0.05 sys
           515145728  maximum resident set size
                   0  average shared memory size
                   0  average unshared data size
                   0  average unshared stack size
               31636  page reclaims
                   1  page faults
                   0  swaps
                   0  block input operations
                   0  block output operations
                   0  messages sent
                   0  messages received
                   0  signals received
                   2  voluntary context switches
                1129  involuntary context switches
         46620739326  instructions retired
         16237660572  cycles elapsed
           514704128  peak memory footprint
