$ CHAIN_SOLVER=terminal CHAIN_TREEPASS=fast /usr/bin/time -l /Users/zhangwenqian/UNSW/pivoter/research/r1_skyline_index_20260918/build/chain_index_tool --build-only /Users/zhangwenqian/UNSW/pivoter/graphs/soc-Slashdot0902.edges
{"n":82168,"solver":"terminal","treepass":"fast","count_bits":64,"chains":6798,"canonical_nodes":6309,"index_bytes":601127,"build_form_bytes":734136,"compact_ms":0.229083,"bytes_map":42608,"bytes_chains":269319,"bytes_layers":289200,"ti_ms":741.807,"ti_bytes":111677832,"rss_loaded":17907712,"rss_with_ti":246185984,"rss_start":246202368,"rss_after_solve":258883584,"rss_after_chains":258981888,"rss_after_layout":259817472,"solve_ms":384.947,"trees_ms":659.846,"chains_ms":0.376125,"layout_ms":1.92671,"build_ms":1048.59}
        1.90 real         1.86 user         0.03 sys
           259964928  maximum resident set size
                   0  average shared memory size
                   0  average unshared data size
                   0  average unshared stack size
               16061  page reclaims
                   1  page faults
                   0  swaps
                   0  block input operations
                   0  block output operations
                   0  messages sent
                   0  messages received
                   0  signals received
                   0  voluntary context switches
                 775  involuntary context switches
         29201052895  instructions retired
          7970543871  cycles elapsed
           259392064  peak memory footprint
