$ CHAIN_SOLVER=tail CHAIN_TREEPASS=fast /usr/bin/time -l /Users/zhangwenqian/UNSW/pivoter/research/r1_skyline_index_20260918/build/chain_index_tool --build-only /Users/zhangwenqian/UNSW/pivoter/graphs/soc-Slashdot0902.edges
{"n":82168,"solver":"tail","treepass":"fast","count_bits":64,"chains":6798,"canonical_nodes":6309,"index_bytes":601127,"build_form_bytes":734136,"compact_ms":0.225959,"bytes_map":42608,"bytes_chains":269319,"bytes_layers":289200,"ti_ms":717.663,"ti_bytes":111677832,"rss_loaded":17907712,"rss_with_ti":246284288,"rss_start":246300672,"rss_after_solve":256507904,"rss_after_chains":256917504,"rss_after_layout":257884160,"solve_ms":338.561,"trees_ms":628.907,"chains_ms":0.360833,"layout_ms":1.89512,"build_ms":970.893}
        1.80 real         1.76 user         0.03 sys
           257982464  maximum resident set size
                   0  average shared memory size
                   0  average unshared data size
                   0  average unshared stack size
               15940  page reclaims
                   1  page faults
                   0  swaps
                   0  block input operations
                   0  block output operations
                   0  messages sent
                   0  messages received
                   0  signals received
                   0  voluntary context switches
                 584  involuntary context switches
         28498405356  instructions retired
          7710213705  cycles elapsed
           257393216  peak memory footprint
