$ CHAIN_SOLVER=tail CHAIN_TREEPASS=old /usr/bin/time -l /Users/zhangwenqian/UNSW/pivoter/research/r1_skyline_index_20260918/build/chain_index_tool --build-only /Users/zhangwenqian/UNSW/pivoter/graphs/soc-Slashdot0902.edges
{"n":82168,"solver":"tail","treepass":"old","count_bits":64,"chains":6798,"canonical_nodes":6309,"index_bytes":601127,"build_form_bytes":734136,"compact_ms":0.235958,"bytes_map":42608,"bytes_chains":269319,"bytes_layers":289200,"ti_ms":733.661,"ti_bytes":111677832,"rss_loaded":17907712,"rss_with_ti":246300672,"rss_start":246317056,"rss_after_solve":267747328,"rss_after_chains":267862016,"rss_after_layout":268681216,"solve_ms":353.545,"trees_ms":698.873,"chains_ms":0.348875,"layout_ms":1.98079,"build_ms":1054.96}
        1.89 real         1.85 user         0.03 sys
           268828672  maximum resident set size
                   0  average shared memory size
                   0  average unshared data size
                   0  average unshared stack size
               16602  page reclaims
                   1  page faults
                   0  swaps
                   0  block input operations
                   0  block output operations
                   0  messages sent
                   0  messages received
                   0  signals received
                   0  voluntary context switches
                 660  involuntary context switches
         28609656648  instructions retired
          8084178620  cycles elapsed
           268255832  peak memory footprint
