$ CHAIN_SOLVER=terminal CHAIN_TREEPASS=fast /usr/bin/time -l /Users/zhangwenqian/UNSW/pivoter/research/r1_skyline_index_20260918/build/chain_index_tool --build-only /Users/zhangwenqian/UNSW/pivoter/graphs/soc-Slashdot0902.edges
{"n":82168,"solver":"terminal","treepass":"fast","count_bits":64,"chains":6798,"canonical_nodes":6309,"index_bytes":601127,"build_form_bytes":734136,"compact_ms":0.224084,"bytes_map":42608,"bytes_chains":269319,"bytes_layers":289200,"ti_ms":719.038,"ti_bytes":111677832,"rss_loaded":17907712,"rss_with_ti":246317056,"rss_start":246333440,"rss_after_solve":258588672,"rss_after_chains":258686976,"rss_after_layout":259538944,"solve_ms":365.853,"trees_ms":627.063,"chains_ms":0.341875,"layout_ms":1.879,"build_ms":996.329}
        1.82 real         1.78 user         0.02 sys
           259686400  maximum resident set size
                   0  average shared memory size
                   0  average unshared data size
                   0  average unshared stack size
               16044  page reclaims
                   1  page faults
                   0  swaps
                   0  block input operations
                   0  block output operations
                   0  messages sent
                   0  messages received
                   0  signals received
                   0  voluntary context switches
                 674  involuntary context switches
         29174558484  instructions retired
          7809472369  cycles elapsed
           259113536  peak memory footprint
