$ CHAIN_SOLVER=terminal CHAIN_TREEPASS=fast /usr/bin/time -l /Users/zhangwenqian/UNSW/pivoter/research/r1_skyline_index_20260918/build/chain_index_tool --build-only /Users/zhangwenqian/UNSW/pivoter/graphs/soc-pokec.edges
{"n":1632803,"solver":"terminal","treepass":"fast","count_bits":64,"chains":383206,"canonical_nodes":67544,"index_bytes":32391133,"build_form_bytes":44018876,"compact_ms":14.8573,"bytes_map":1838988,"bytes_chains":19247860,"bytes_layers":11304285,"ti_ms":18436.1,"ti_bytes":1525656592,"rss_loaded":608976896,"rss_with_ti":2610331648,"rss_start":2610348032,"rss_after_solve":3308568576,"rss_after_chains":3308568576,"rss_after_layout":3322789888,"solve_ms":6579.24,"trees_ms":8181.92,"chains_ms":10.7598,"layout_ms":110.457,"build_ms":14956.9}
       39.62 real        38.87 user         0.58 sys
          3322789888  maximum resident set size
                   0  average shared memory size
                   0  average unshared data size
                   0  average unshared stack size
              223317  page reclaims
                   1  page faults
                   0  swaps
                   0  block input operations
                   0  block output operations
                   0  messages sent
                   0  messages received
                   0  signals received
                   0  voluntary context switches
               15553  involuntary context switches
        334819091410  instructions retired
        161494614265  cycles elapsed
          3319778136  peak memory footprint
