$ CHAIN_SOLVER=terminal CHAIN_TREEPASS=old /usr/bin/time -l /Users/zhangwenqian/UNSW/pivoter/research/r1_skyline_index_20260918/build/chain_index_tool --build-only /Users/zhangwenqian/UNSW/pivoter/graphs/soc-Epinions1.edges
{"n":75879,"solver":"terminal","treepass":"old","count_bits":64,"chains":8821,"canonical_nodes":12886,"index_bytes":1117624,"build_form_bytes":1304016,"compact_ms":0.390084,"bytes_map":49524,"bytes_chains":456481,"bytes_layers":611619,"ti_ms":1824.56,"ti_bytes":223061316,"rss_loaded":14893056,"rss_with_ti":484294656,"rss_start":484311040,"rss_after_solve":514392064,"rss_after_chains":514392064,"rss_after_layout":515719168,"solve_ms":638.483,"trees_ms":1295.65,"chains_ms":0.42275,"layout_ms":3.45271,"build_ms":1938.36}
        3.85 real         3.76 user         0.07 sys
           515915776  maximum resident set size
                   0  average shared memory size
                   0  average unshared data size
                   0  average unshared stack size
               31683  page reclaims
                   1  page faults
                   0  swaps
                   0  block input operations
                   0  block output operations
                   0  messages sent
                   0  messages received
                   0  signals received
                   0  voluntary context switches
                1376  involuntary context switches
         46710859080  instructions retired
         16458974615  cycles elapsed
           515474176  peak memory footprint
