$ CHAIN_SOLVER=terminal CHAIN_TREEPASS=old /usr/bin/time -l /Users/zhangwenqian/UNSW/pivoter/research/r1_skyline_index_20260918/build/chain_index_tool --build-only /Users/zhangwenqian/UNSW/pivoter/graphs/soc-Slashdot0902.edges
{"n":82168,"solver":"terminal","treepass":"old","count_bits":64,"chains":6798,"canonical_nodes":6309,"index_bytes":601127,"build_form_bytes":734136,"compact_ms":0.226,"bytes_map":42608,"bytes_chains":269319,"bytes_layers":289200,"ti_ms":726.863,"ti_bytes":111677832,"rss_loaded":17907712,"rss_with_ti":246251520,"rss_start":246267904,"rss_after_solve":272613376,"rss_after_chains":272695296,"rss_after_layout":273547264,"solve_ms":370.567,"trees_ms":686.207,"chains_ms":0.362041,"layout_ms":1.82854,"build_ms":1059.17}
        1.89 real         1.85 user         0.03 sys
           273694720  maximum resident set size
                   0  average shared memory size
                   0  average unshared data size
                   0  average unshared stack size
               16899  page reclaims
                   1  page faults
                   0  swaps
                   0  block input operations
                   0  block output operations
                   0  messages sent
                   0  messages received
                   0  signals received
                   0  voluntary context switches
                 691  involuntary context switches
         29275818188  instructions retired
          8116415626  cycles elapsed
           273138264  peak memory footprint
