$ CHAIN_SOLVER=tail CHAIN_TREEPASS=fast /usr/bin/time -l /Users/zhangwenqian/UNSW/pivoter/research/r1_skyline_index_20260918/build/chain_index_tool --build-only /Users/zhangwenqian/UNSW/pivoter/graphs/soc-Epinions1.edges
{"n":75879,"solver":"tail","treepass":"fast","count_bits":64,"chains":8821,"canonical_nodes":12886,"index_bytes":1117624,"build_form_bytes":1304016,"compact_ms":0.405916,"bytes_map":49524,"bytes_chains":456481,"bytes_layers":611619,"ti_ms":1817.77,"ti_bytes":223061316,"rss_loaded":14893056,"rss_with_ti":484278272,"rss_start":484294656,"rss_after_solve":494010368,"rss_after_chains":494010368,"rss_after_layout":495927296,"solve_ms":607.215,"trees_ms":1180.69,"chains_ms":0.434834,"layout_ms":3.64004,"build_ms":1794.41}
        3.70 real         3.60 user         0.06 sys
           496107520  maximum resident set size
                   0  average shared memory size
                   0  average unshared data size
                   0  average unshared stack size
               30474  page reclaims
                   1  page faults
                   0  swaps
                   0  block input operations
                   0  block output operations
                   0  messages sent
                   0  messages received
                   0  signals received
                   0  voluntary context switches
                1457  involuntary context switches
         45282486253  instructions retired
         15661510623  cycles elapsed
           495633128  peak memory footprint
