$ CHAIN_SOLVER=tail CHAIN_TREEPASS=fast /usr/bin/time -l /Users/zhangwenqian/UNSW/pivoter/research/r1_skyline_index_20260918/build/chain_index_tool --build-only /Users/zhangwenqian/UNSW/pivoter/graphs/soc-Epinions1.edges
{"n":75879,"solver":"tail","treepass":"fast","count_bits":64,"chains":8821,"canonical_nodes":12886,"index_bytes":1117624,"build_form_bytes":1304016,"compact_ms":0.371458,"bytes_map":49524,"bytes_chains":456481,"bytes_layers":611619,"ti_ms":1802.39,"ti_bytes":223061316,"rss_loaded":14893056,"rss_with_ti":484311040,"rss_start":484327424,"rss_after_solve":494043136,"rss_after_chains":494043136,"rss_after_layout":495992832,"solve_ms":600.083,"trees_ms":1144.3,"chains_ms":0.437375,"layout_ms":3.54279,"build_ms":1750.74}
        3.64 real         3.56 user         0.06 sys
           496140288  maximum resident set size
                   0  average shared memory size
                   0  average unshared data size
                   0  average unshared stack size
               30476  page reclaims
                   1  page faults
                   0  swaps
                   0  block input operations
                   0  block output operations
                   0  messages sent
                   0  messages received
                   0  signals received
                   0  voluntary context switches
                 962  involuntary context switches
         45275806686  instructions retired
         15594596609  cycles elapsed
           495665896  peak memory footprint
