$ CHAIN_SOLVER=tail CHAIN_TREEPASS=old /usr/bin/time -l /Users/zhangwenqian/UNSW/pivoter/research/r1_skyline_index_20260918/build/chain_index_tool --build-only /Users/zhangwenqian/UNSW/pivoter/graphs/soc-Epinions1.edges
{"n":75879,"solver":"tail","treepass":"old","count_bits":64,"chains":8821,"canonical_nodes":12886,"index_bytes":1117624,"build_form_bytes":1304016,"compact_ms":0.381208,"bytes_map":49524,"bytes_chains":456481,"bytes_layers":611619,"ti_ms":1828.28,"ti_bytes":223061316,"rss_loaded":14893056,"rss_with_ti":484327424,"rss_start":484343808,"rss_after_solve":514244608,"rss_after_chains":514244608,"rss_after_layout":515620864,"solve_ms":616.922,"trees_ms":1315.13,"chains_ms":0.428833,"layout_ms":3.42833,"build_ms":1936.28}
        3.85 real         3.76 user         0.07 sys
           515784704  maximum resident set size
                   0  average shared memory size
                   0  average unshared data size
                   0  average unshared stack size
               31675  page reclaims
                   1  page faults
                   0  swaps
                   0  block input operations
                   0  block output operations
                   0  messages sent
                   0  messages received
                   0  signals received
                   0  voluntary context switches
                1787  involuntary context switches
         45466959758  instructions retired
         16367171778  cycles elapsed
           515326720  peak memory footprint
