$ CHAIN_SOLVER=tail CHAIN_TREEPASS=fast /usr/bin/time -l /Users/zhangwenqian/UNSW/pivoter/research/r1_skyline_index_20260918/build/chain_index_tool --build-only /Users/zhangwenqian/UNSW/pivoter/graphs/soc-Slashdot0902.edges
{"n":82168,"solver":"tail","treepass":"fast","count_bits":64,"chains":6798,"canonical_nodes":6309,"index_bytes":601127,"build_form_bytes":734136,"compact_ms":0.214125,"bytes_map":42608,"bytes_chains":269319,"bytes_layers":289200,"ti_ms":760.993,"ti_bytes":111677832,"rss_loaded":17907712,"rss_with_ti":248578048,"rss_start":248594432,"rss_after_solve":258736128,"rss_after_chains":259162112,"rss_after_layout":260308992,"solve_ms":343.453,"trees_ms":640.133,"chains_ms":0.383292,"layout_ms":1.86504,"build_ms":987.153}
        1.85 real         1.81 user         0.03 sys
           260440064  maximum resident set size
                   0  average shared memory size
                   0  average unshared data size
                   0  average unshared stack size
               16090  page reclaims
                   1  page faults
                   0  swaps
                   0  block input operations
                   0  block output operations
                   0  messages sent
                   0  messages received
                   0  signals received
                   0  voluntary context switches
                 682  involuntary context switches
         28530762239  instructions retired
          7822184568  cycles elapsed
           259850816  peak memory footprint
