$ CHAIN_SOLVER=tail CHAIN_TREEPASS=old /usr/bin/time -l /Users/zhangwenqian/UNSW/pivoter/research/r1_skyline_index_20260918/build/chain_index_tool --build-only /Users/zhangwenqian/UNSW/pivoter/graphs/soc-Epinions1.edges
{"n":75879,"solver":"tail","treepass":"old","count_bits":64,"chains":8821,"canonical_nodes":12886,"index_bytes":1117624,"build_form_bytes":1304016,"compact_ms":0.401167,"bytes_map":49524,"bytes_chains":456481,"bytes_layers":611619,"ti_ms":1807.59,"ti_bytes":223061316,"rss_loaded":14893056,"rss_with_ti":484261888,"rss_start":484278272,"rss_after_solve":513605632,"rss_after_chains":513605632,"rss_after_layout":514850816,"solve_ms":602.066,"trees_ms":1282,"chains_ms":0.418041,"layout_ms":3.63308,"build_ms":1888.56}
        3.79 real         3.71 user         0.05 sys
           515014656  maximum resident set size
                   0  average shared memory size
                   0  average unshared data size
                   0  average unshared stack size
               31628  page reclaims
                   1  page faults
                   0  swaps
                   0  block input operations
                   0  block output operations
                   0  messages sent
                   0  messages received
                   0  signals received
                   0  voluntary context switches
                1363  involuntary context switches
         45388366120  instructions retired
         16200855108  cycles elapsed
           514556672  peak memory footprint
