$ CHAIN_SOLVER=terminal CHAIN_TREEPASS=fast /usr/bin/time -l /Users/zhangwenqian/UNSW/pivoter/research/r1_skyline_index_20260918/build/chain_index_tool --build-only /Users/zhangwenqian/UNSW/pivoter/graphs/soc-Epinions1.edges
{"n":75879,"solver":"terminal","treepass":"fast","count_bits":64,"chains":8821,"canonical_nodes":12886,"index_bytes":1117624,"build_form_bytes":1304016,"compact_ms":0.379917,"bytes_map":49524,"bytes_chains":456481,"bytes_layers":611619,"ti_ms":1811.78,"ti_bytes":223061316,"rss_loaded":14893056,"rss_with_ti":484196352,"rss_start":484212736,"rss_after_solve":494911488,"rss_after_chains":494911488,"rss_after_layout":496222208,"solve_ms":639.046,"trees_ms":1146.67,"chains_ms":0.429959,"layout_ms":3.60925,"build_ms":1792.32}
        3.70 real         3.63 user         0.05 sys
           496386048  maximum resident set size
                   0  average shared memory size
                   0  average unshared data size
                   0  average unshared stack size
               30491  page reclaims
                   1  page faults
                   0  swaps
                   0  block input operations
                   0  block output operations
                   0  messages sent
                   0  messages received
                   0  signals received
                   0  voluntary context switches
                1712  involuntary context switches
         46427842156  instructions retired
         15737993840  cycles elapsed
           495928040  peak memory footprint
