$ CHAIN_SOLVER=tail CHAIN_TREEPASS=old /usr/bin/time -l /Users/zhangwenqian/UNSW/pivoter/research/r1_skyline_index_20260918/build/chain_index_tool --build-only /Users/zhangwenqian/UNSW/pivoter/graphs/soc-Epinions1.edges
{"n":75879,"solver":"tail","treepass":"old","count_bits":64,"chains":8821,"canonical_nodes":12886,"index_bytes":1117624,"build_form_bytes":1304016,"compact_ms":0.412292,"bytes_map":49524,"bytes_chains":456481,"bytes_layers":611619,"ti_ms":1806.38,"ti_bytes":223061316,"rss_loaded":14893056,"rss_with_ti":484179968,"rss_start":484196352,"rss_after_solve":513703936,"rss_after_chains":513703936,"rss_after_layout":514981888,"solve_ms":620.632,"trees_ms":1330.34,"chains_ms":0.457291,"layout_ms":3.50042,"build_ms":1955.3}
        3.85 real         3.77 user         0.06 sys
           515112960  maximum resident set size
                   0  average shared memory size
                   0  average unshared data size
                   0  average unshared stack size
               31634  page reclaims
                   1  page faults
                   0  swaps
                   0  block input operations
                   0  block output operations
                   0  messages sent
                   0  messages received
                   0  signals received
                   0  voluntary context switches
                1321  involuntary context switches
         45438614895  instructions retired
         16396607686  cycles elapsed
           514654976  peak memory footprint
