$ CHAIN_SOLVER=terminal CHAIN_TREEPASS=fast /usr/bin/time -l /Users/zhangwenqian/UNSW/pivoter/research/r1_skyline_index_20260918/build/chain_index_tool --build-only /Users/zhangwenqian/UNSW/pivoter/graphs/soc-Slashdot0902.edges
{"n":82168,"solver":"terminal","treepass":"fast","count_bits":64,"chains":6798,"canonical_nodes":6309,"index_bytes":601127,"build_form_bytes":734136,"compact_ms":0.215209,"bytes_map":42608,"bytes_chains":269319,"bytes_layers":289200,"ti_ms":720.946,"ti_bytes":111677832,"rss_loaded":17891328,"rss_with_ti":246235136,"rss_start":246251520,"rss_after_solve":255574016,"rss_after_chains":255655936,"rss_after_layout":256475136,"solve_ms":374.433,"trees_ms":635.648,"chains_ms":0.351167,"layout_ms":1.80579,"build_ms":1013.34}
        1.84 real         1.80 user         0.03 sys
           256622592  maximum resident set size
                   0  average shared memory size
                   0  average unshared data size
                   0  average unshared stack size
               15857  page reclaims
                   1  page faults
                   0  swaps
                   0  block input operations
                   0  block output operations
                   0  messages sent
                   0  messages received
                   0  signals received
                   0  voluntary context switches
                 520  involuntary context switches
         29200084593  instructions retired
          7847619514  cycles elapsed
           256049728  peak memory footprint
