$ CHAIN_SOLVER=tail CHAIN_TREEPASS=fast /usr/bin/time -l /Users/zhangwenqian/UNSW/pivoter/research/r1_skyline_index_20260918/build/chain_index_tool --build-only /Users/zhangwenqian/UNSW/pivoter/graphs/soc-Slashdot0902.edges
{"n":82168,"solver":"tail","treepass":"fast","count_bits":64,"chains":6798,"canonical_nodes":6309,"index_bytes":601127,"build_form_bytes":734136,"compact_ms":0.218291,"bytes_map":42608,"bytes_chains":269319,"bytes_layers":289200,"ti_ms":729.114,"ti_bytes":111677832,"rss_loaded":17907712,"rss_with_ti":246300672,"rss_start":246317056,"rss_after_solve":256622592,"rss_after_chains":257032192,"rss_after_layout":258064384,"solve_ms":349.236,"trees_ms":648.375,"chains_ms":0.4015,"layout_ms":1.87633,"build_ms":1001.07}
        1.84 real         1.79 user         0.03 sys
           258211840  maximum resident set size
                   0  average shared memory size
                   0  average unshared data size
                   0  average unshared stack size
               15954  page reclaims
                   1  page faults
                   0  swaps
                   0  block input operations
                   0  block output operations
                   0  messages sent
                   0  messages received
                   0  signals received
                   0  voluntary context switches
                 794  involuntary context switches
         28539601226  instructions retired
          7817048865  cycles elapsed
           257622592  peak memory footprint
