$ CHAIN_SOLVER=terminal CHAIN_TREEPASS=old /usr/bin/time -l /Users/zhangwenqian/UNSW/pivoter/research/r1_skyline_index_20260918/build/chain_index_tool --build-only /Users/zhangwenqian/UNSW/pivoter/graphs/soc-Slashdot0902.edges
{"n":82168,"solver":"terminal","treepass":"old","count_bits":64,"chains":6798,"canonical_nodes":6309,"index_bytes":601127,"build_form_bytes":734136,"compact_ms":0.221375,"bytes_map":42608,"bytes_chains":269319,"bytes_layers":289200,"ti_ms":727.755,"ti_bytes":111677832,"rss_loaded":17907712,"rss_with_ti":246267904,"rss_start":246284288,"rss_after_solve":269107200,"rss_after_chains":269172736,"rss_after_layout":270041088,"solve_ms":381.667,"trees_ms":694.746,"chains_ms":0.347167,"layout_ms":1.84112,"build_ms":1078.8}
        1.92 real         1.87 user         0.03 sys
           270172160  maximum resident set size
                   0  average shared memory size
                   0  average unshared data size
                   0  average unshared stack size
               16684  page reclaims
                   1  page faults
                   0  swaps
                   0  block input operations
                   0  block output operations
                   0  messages sent
                   0  messages received
                   0  signals received
                   0  voluntary context switches
                1127  involuntary context switches
         29272750203  instructions retired
          8156466186  cycles elapsed
           269615704  peak memory footprint
