$ CHAIN_SOLVER=terminal CHAIN_TREEPASS=old /usr/bin/time -l /Users/zhangwenqian/UNSW/pivoter/research/r1_skyline_index_20260918/build/chain_index_tool --build-only /Users/zhangwenqian/UNSW/pivoter/graphs/soc-Slashdot0902.edges
{"n":82168,"solver":"terminal","treepass":"old","count_bits":64,"chains":6798,"canonical_nodes":6309,"index_bytes":601127,"build_form_bytes":734136,"compact_ms":0.225333,"bytes_map":42608,"bytes_chains":269319,"bytes_layers":289200,"ti_ms":730.307,"ti_bytes":111677832,"rss_loaded":17907712,"rss_with_ti":246185984,"rss_start":246202368,"rss_after_solve":271548416,"rss_after_chains":271663104,"rss_after_layout":272498688,"solve_ms":377.728,"trees_ms":684.864,"chains_ms":0.370833,"layout_ms":1.85308,"build_ms":1065.01}
        1.91 real         1.86 user         0.03 sys
           272678912  maximum resident set size
                   0  average shared memory size
                   0  average unshared data size
                   0  average unshared stack size
               16837  page reclaims
                   1  page faults
                   0  swaps
                   0  block input operations
                   0  block output operations
                   0  messages sent
                   0  messages received
                   0  signals received
                   0  voluntary context switches
                 797  involuntary context switches
         29258269100  instructions retired
          8124816040  cycles elapsed
           272122456  peak memory footprint
