$ CHAIN_SOLVER=terminal CHAIN_TREEPASS=fast /usr/bin/time -l /Users/zhangwenqian/UNSW/pivoter/research/r1_skyline_index_20260918/build/chain_index_tool --build-only /Users/zhangwenqian/UNSW/pivoter/graphs/soc-Epinions1.edges
{"n":75879,"solver":"terminal","treepass":"fast","count_bits":64,"chains":8821,"canonical_nodes":12886,"index_bytes":1117624,"build_form_bytes":1304016,"compact_ms":0.411833,"bytes_map":49524,"bytes_chains":456481,"bytes_layers":611619,"ti_ms":1829.16,"ti_bytes":223061316,"rss_loaded":14893056,"rss_with_ti":484196352,"rss_start":484212736,"rss_after_solve":494223360,"rss_after_chains":494239744,"rss_after_layout":495566848,"solve_ms":679.015,"trees_ms":1199.52,"chains_ms":0.458583,"layout_ms":3.57808,"build_ms":1885}
        3.80 real         3.72 user         0.06 sys
           495747072  maximum resident set size
                   0  average shared memory size
                   0  average unshared data size
                   0  average unshared stack size
               30452  page reclaims
                   1  page faults
                   0  swaps
                   0  block input operations
                   0  block output operations
                   0  messages sent
                   0  messages received
                   0  signals received
                   0  voluntary context switches
                1237  involuntary context switches
         46481336073  instructions retired
         15696192175  cycles elapsed
           495289064  peak memory footprint
