$ CHAIN_SOLVER=tail CHAIN_TREEPASS=old /usr/bin/time -l /Users/zhangwenqian/UNSW/pivoter/research/r1_skyline_index_20260918/build/chain_index_tool --build-only /Users/zhangwenqian/UNSW/pivoter/graphs/soc-Slashdot0902.edges
{"n":82168,"solver":"tail","treepass":"old","count_bits":64,"chains":6798,"canonical_nodes":6309,"index_bytes":601127,"build_form_bytes":734136,"compact_ms":0.221666,"bytes_map":42608,"bytes_chains":269319,"bytes_layers":289200,"ti_ms":743.383,"ti_bytes":111677832,"rss_loaded":17907712,"rss_with_ti":246333440,"rss_start":246349824,"rss_after_solve":272351232,"rss_after_chains":272465920,"rss_after_layout":273203200,"solve_ms":362.675,"trees_ms":700.882,"chains_ms":0.344625,"layout_ms":1.83671,"build_ms":1065.94}
        1.93 real         1.88 user         0.03 sys
           273317888  maximum resident set size
                   0  average shared memory size
                   0  average unshared data size
                   0  average unshared stack size
               16878  page reclaims
                   1  page faults
                   0  swaps
                   0  block input operations
                   0  block output operations
                   0  messages sent
                   0  messages received
                   0  signals received
                   0  voluntary context switches
                1109  involuntary context switches
         28582782393  instructions retired
          8059441263  cycles elapsed
           272745048  peak memory footprint
