$ CHAIN_SOLVER=terminal CHAIN_TREEPASS=fast /usr/bin/time -l /Users/zhangwenqian/UNSW/pivoter/research/r1_skyline_index_20260918/build/chain_index_tool --build-only /Users/zhangwenqian/UNSW/pivoter/graphs/soc-Epinions1.edges
{"n":75879,"solver":"terminal","treepass":"fast","count_bits":64,"chains":8821,"canonical_nodes":12886,"index_bytes":1117624,"build_form_bytes":1304016,"compact_ms":0.385666,"bytes_map":49524,"bytes_chains":456481,"bytes_layers":611619,"ti_ms":1801.15,"ti_bytes":223061316,"rss_loaded":14893056,"rss_with_ti":484229120,"rss_start":484245504,"rss_after_solve":494616576,"rss_after_chains":494632960,"rss_after_layout":495910912,"solve_ms":660.042,"trees_ms":1166.25,"chains_ms":0.625791,"layout_ms":3.42088,"build_ms":1832.7}
        3.72 real         3.63 user         0.07 sys
           496123904  maximum resident set size
                   0  average shared memory size
                   0  average unshared data size
                   0  average unshared stack size
               30475  page reclaims
                   1  page faults
                   0  swaps
                   0  block input operations
                   0  block output operations
                   0  messages sent
                   0  messages received
                   0  signals received
                   0  voluntary context switches
                2157  involuntary context switches
         46504683266  instructions retired
         15836555883  cycles elapsed
           495665896  peak memory footprint
