$ CHAIN_SOLVER=terminal CHAIN_TREEPASS=fast /usr/bin/time -l /Users/zhangwenqian/UNSW/pivoter/research/r1_skyline_index_20260918/build/chain_index_tool --build-only /Users/zhangwenqian/UNSW/pivoter/graphs/soc-Epinions1.edges
{"n":75879,"solver":"terminal","treepass":"fast","count_bits":64,"chains":8821,"canonical_nodes":12886,"index_bytes":1117624,"build_form_bytes":1304016,"compact_ms":0.394917,"bytes_map":49524,"bytes_chains":456481,"bytes_layers":611619,"ti_ms":1847.53,"ti_bytes":223061316,"rss_loaded":14893056,"rss_with_ti":484294656,"rss_start":484311040,"rss_after_solve":494288896,"rss_after_chains":494288896,"rss_after_layout":495632384,"solve_ms":639.221,"trees_ms":1135.1,"chains_ms":0.423584,"layout_ms":3.49938,"build_ms":1781.21}
        3.72 real         3.64 user         0.06 sys
           495845376  maximum resident set size
                   0  average shared memory size
                   0  average unshared data size
                   0  average unshared stack size
               30458  page reclaims
                   1  page faults
                   0  swaps
                   0  block input operations
                   0  block output operations
                   0  messages sent
                   0  messages received
                   0  signals received
                   1  voluntary context switches
                1381  involuntary context switches
         46476502685  instructions retired
         15709840737  cycles elapsed
           495387368  peak memory footprint
