$ CHAIN_SOLVER=terminal CHAIN_TREEPASS=old /usr/bin/time -l /Users/zhangwenqian/UNSW/pivoter/research/r1_skyline_index_20260918/build/chain_index_tool --build-only /Users/zhangwenqian/UNSW/pivoter/graphs/soc-Slashdot0902.edges
{"n":82168,"solver":"terminal","treepass":"old","count_bits":64,"chains":6798,"canonical_nodes":6309,"index_bytes":601127,"build_form_bytes":734136,"compact_ms":0.222417,"bytes_map":42608,"bytes_chains":269319,"bytes_layers":289200,"ti_ms":723.395,"ti_bytes":111677832,"rss_loaded":17907712,"rss_with_ti":246251520,"rss_start":246267904,"rss_after_solve":267649024,"rss_after_chains":267730944,"rss_after_layout":268582912,"solve_ms":373.343,"trees_ms":679.452,"chains_ms":0.333083,"layout_ms":1.83146,"build_ms":1055.15}
        1.89 real         1.85 user         0.03 sys
           268746752  maximum resident set size
                   0  average shared memory size
                   0  average unshared data size
                   0  average unshared stack size
               16597  page reclaims
                   1  page faults
                   0  swaps
                   0  block input operations
                   0  block output operations
                   0  messages sent
                   0  messages received
                   0  signals received
                   2  voluntary context switches
                 758  involuntary context switches
         29237552013  instructions retired
          8069002450  cycles elapsed
           268190296  peak memory footprint
