$ CHAIN_SOLVER=terminal CHAIN_TREEPASS=fast /usr/bin/time -l /Users/zhangwenqian/UNSW/pivoter/research/r1_skyline_index_20260918/build/chain_index_tool --build-only /Users/zhangwenqian/UNSW/pivoter/graphs/soc-Slashdot0902.edges
{"n":82168,"solver":"terminal","treepass":"fast","count_bits":64,"chains":6798,"canonical_nodes":6309,"index_bytes":601127,"build_form_bytes":734136,"compact_ms":0.215458,"bytes_map":42608,"bytes_chains":269319,"bytes_layers":289200,"ti_ms":724.799,"ti_bytes":111677832,"rss_loaded":17907712,"rss_with_ti":246300672,"rss_start":246317056,"rss_after_solve":255492096,"rss_after_chains":255590400,"rss_after_layout":256458752,"solve_ms":366.939,"trees_ms":625.96,"chains_ms":0.352958,"layout_ms":1.80558,"build_ms":996.327}
        1.83 real         1.79 user         0.03 sys
           256573440  maximum resident set size
                   0  average shared memory size
                   0  average unshared data size
                   0  average unshared stack size
               15854  page reclaims
                   1  page faults
                   0  swaps
                   0  block input operations
                   0  block output operations
                   0  messages sent
                   0  messages received
                   0  signals received
                   0  voluntary context switches
                 674  involuntary context switches
         29174184124  instructions retired
          7833344584  cycles elapsed
           256000576  peak memory footprint
