$ CHAIN_SOLVER=terminal CHAIN_TREEPASS=fast /usr/bin/time -l /Users/zhangwenqian/UNSW/pivoter/research/r1_skyline_index_20260918/build/chain_index_tool --build-only /Users/zhangwenqian/UNSW/pivoter/graphs/soc-Epinions1.edges
{"n":75879,"solver":"terminal","treepass":"fast","count_bits":64,"chains":8821,"canonical_nodes":12886,"index_bytes":1117624,"build_form_bytes":1304016,"compact_ms":0.548,"bytes_map":49524,"bytes_chains":456481,"bytes_layers":611619,"ti_ms":1941.92,"ti_bytes":223061316,"rss_loaded":14893056,"rss_with_ti":484245504,"rss_start":484261888,"rss_after_solve":494256128,"rss_after_chains":494272512,"rss_after_layout":495599616,"solve_ms":667.982,"trees_ms":1180.93,"chains_ms":0.47325,"layout_ms":3.63517,"build_ms":1855.63}
        3.89 real         3.80 user         0.06 sys
           496222208  maximum resident set size
                   0  average shared memory size
                   0  average unshared data size
                   0  average unshared stack size
               30481  page reclaims
                   1  page faults
                   0  swaps
                   0  block input operations
                   0  block output operations
                   0  messages sent
                   0  messages received
                   0  signals received
                   0  voluntary context switches
                2160  involuntary context switches
         46499814428  instructions retired
         15795018665  cycles elapsed
           495764200  peak memory footprint
