$ CHAIN_SOLVER=tail CHAIN_TREEPASS=old /usr/bin/time -l /Users/zhangwenqian/UNSW/pivoter/research/r1_skyline_index_20260918/build/chain_index_tool --build-only /Users/zhangwenqian/UNSW/pivoter/graphs/soc-Epinions1.edges
{"n":75879,"solver":"tail","treepass":"old","count_bits":64,"chains":8821,"canonical_nodes":12886,"index_bytes":1117624,"build_form_bytes":1304016,"compact_ms":0.369292,"bytes_map":49524,"bytes_chains":456481,"bytes_layers":611619,"ti_ms":1807.62,"ti_bytes":223061316,"rss_loaded":14893056,"rss_with_ti":484261888,"rss_start":484278272,"rss_after_solve":515342336,"rss_after_chains":515358720,"rss_after_layout":516685824,"solve_ms":621.235,"trees_ms":1327.63,"chains_ms":0.470208,"layout_ms":3.43308,"build_ms":1953.23}
        3.85 real         3.76 user         0.06 sys
           516849664  maximum resident set size
                   0  average shared memory size
                   0  average unshared data size
                   0  average unshared stack size
               31740  page reclaims
                   1  page faults
                   0  swaps
                   0  block input operations
                   0  block output operations
                   0  messages sent
                   0  messages received
                   0  signals received
                   0  voluntary context switches
                1603  involuntary context switches
         45447300986  instructions retired
         16346192815  cycles elapsed
           516391680  peak memory footprint
