$ CHAIN_SOLVER=terminal CHAIN_TREEPASS=old /usr/bin/time -l /Users/zhangwenqian/UNSW/pivoter/research/r1_skyline_index_20260918/build/chain_index_tool --build-only /Users/zhangwenqian/UNSW/pivoter/graphs/soc-Slashdot0902.edges
{"n":82168,"solver":"terminal","treepass":"old","count_bits":64,"chains":6798,"canonical_nodes":6309,"index_bytes":601127,"build_form_bytes":734136,"compact_ms":0.232459,"bytes_map":42608,"bytes_chains":269319,"bytes_layers":289200,"ti_ms":720.792,"ti_bytes":111677832,"rss_loaded":17907712,"rss_with_ti":246284288,"rss_start":246300672,"rss_after_solve":270761984,"rss_after_chains":270827520,"rss_after_layout":271646720,"solve_ms":374.775,"trees_ms":677.453,"chains_ms":0.348542,"layout_ms":1.84537,"build_ms":1054.62}
        1.89 real         1.84 user         0.03 sys
           271810560  maximum resident set size
                   0  average shared memory size
                   0  average unshared data size
                   0  average unshared stack size
               16784  page reclaims
                   1  page faults
                   0  swaps
                   0  block input operations
                   0  block output operations
                   0  messages sent
                   0  messages received
                   0  signals received
                   2  voluntary context switches
                 520  involuntary context switches
         29286263926  instructions retired
          8094056738  cycles elapsed
           271254104  peak memory footprint
