$ CHAIN_SOLVER=terminal CHAIN_TREEPASS=fast /usr/bin/time -l /Users/zhangwenqian/UNSW/pivoter/research/r1_skyline_index_20260918/build/chain_index_tool --build-only /Users/zhangwenqian/UNSW/pivoter/graphs/web-Stanford.edges
{"n":281903,"solver":"terminal","treepass":"fast","count_bits":64,"chains":17963,"canonical_nodes":53239,"index_bytes":3552706,"build_form_bytes":3737596,"compact_ms":1.22708,"bytes_map":124720,"bytes_chains":1315734,"bytes_layers":2112252,"ti_ms":770.223,"ti_bytes":121008860,"rss_loaded":62013440,"rss_with_ti":277381120,"rss_start":277397504,"rss_after_solve":310116352,"rss_after_chains":310149120,"rss_after_layout":313278464,"solve_ms":578.18,"trees_ms":711.825,"chains_ms":1.91058,"layout_ms":12.8616,"build_ms":1307.62}
        2.55 real         2.49 user         0.05 sys
           313638912  maximum resident set size
                   0  average shared memory size
                   0  average unshared data size
                   0  average unshared stack size
               19337  page reclaims
                   1  page faults
                   0  swaps
                   0  block input operations
                   0  block output operations
                   0  messages sent
                   0  messages received
                   0  signals received
                   0  voluntary context switches
                1556  involuntary context switches
         41971969849  instructions retired
         10886789639  cycles elapsed
           313082456  peak memory footprint
