$ CHAIN_SOLVER=terminal CHAIN_TREEPASS=fast /usr/bin/time -l /Users/zhangwenqian/UNSW/pivoter/research/r1_skyline_index_20260918/build/chain_index_tool --build-only /Users/zhangwenqian/UNSW/pivoter/graphs/web-Stanford.edges
{"n":281903,"solver":"terminal","treepass":"fast","count_bits":64,"chains":17963,"canonical_nodes":53239,"index_bytes":3552706,"build_form_bytes":3737596,"compact_ms":1.05937,"bytes_map":124720,"bytes_chains":1315734,"bytes_layers":2112252,"ti_ms":768.672,"ti_bytes":121008860,"rss_loaded":62013440,"rss_with_ti":277266432,"rss_start":277282816,"rss_after_solve":309035008,"rss_after_chains":309051392,"rss_after_layout":312229888,"solve_ms":573.422,"trees_ms":703.753,"chains_ms":1.62429,"layout_ms":11.503,"build_ms":1292.86}
        2.54 real         2.49 user         0.04 sys
           312606720  maximum resident set size
                   0  average shared memory size
                   0  average unshared data size
                   0  average unshared stack size
               19274  page reclaims
                   1  page faults
                   0  swaps
                   0  block input operations
                   0  block output operations
                   0  messages sent
                   0  messages received
                   0  signals received
                   0  voluntary context switches
                1178  involuntary context switches
         41922154958  instructions retired
         10802824437  cycles elapsed
           312050264  peak memory footprint
