$ CHAIN_SOLVER=terminal CHAIN_TREEPASS=old /usr/bin/time -l /Users/zhangwenqian/UNSW/pivoter/research/r1_skyline_index_20260918/build/chain_index_tool --build-only /Users/zhangwenqian/UNSW/pivoter/graphs/web-Stanford.edges
{"n":281903,"solver":"terminal","treepass":"old","count_bits":64,"chains":17963,"canonical_nodes":53239,"index_bytes":3552706,"build_form_bytes":3737596,"compact_ms":1.03671,"bytes_map":124720,"bytes_chains":1315734,"bytes_layers":2112252,"ti_ms":764.804,"ti_bytes":121008860,"rss_loaded":62013440,"rss_with_ti":277364736,"rss_start":277381120,"rss_after_solve":336773120,"rss_after_chains":336789504,"rss_after_layout":339591168,"solve_ms":582.461,"trees_ms":830.735,"chains_ms":1.60921,"layout_ms":10.671,"build_ms":1426.54}
        2.68 real         2.62 user         0.05 sys
           339951616  maximum resident set size
                   0  average shared memory size
                   0  average unshared data size
                   0  average unshared stack size
               20943  page reclaims
                   1  page faults
                   0  swaps
                   0  block input operations
                   0  block output operations
                   0  messages sent
                   0  messages received
                   0  signals received
                   0  voluntary context switches
                 788  involuntary context switches
         42666158121  instructions retired
         11402298828  cycles elapsed
           339427976  peak memory footprint
