$ CHAIN_SOLVER=terminal CHAIN_TREEPASS=old /usr/bin/time -l /Users/zhangwenqian/UNSW/pivoter/research/r1_skyline_index_20260918/build/chain_index_tool --build-only /Users/zhangwenqian/UNSW/pivoter/graphs/web-Stanford.edges
{"n":281903,"solver":"terminal","treepass":"old","count_bits":64,"chains":17963,"canonical_nodes":53239,"index_bytes":3552706,"build_form_bytes":3737596,"compact_ms":1.05454,"bytes_map":124720,"bytes_chains":1315734,"bytes_layers":2112252,"ti_ms":796.712,"ti_bytes":121008860,"rss_loaded":62013440,"rss_with_ti":277397504,"rss_start":277413888,"rss_after_solve":332120064,"rss_after_chains":332136448,"rss_after_layout":334823424,"solve_ms":602.255,"trees_ms":858.118,"chains_ms":1.67258,"layout_ms":11.2045,"build_ms":1474.39}
        2.75 real         2.68 user         0.05 sys
           335134720  maximum resident set size
                   0  average shared memory size
                   0  average unshared data size
                   0  average unshared stack size
               20649  page reclaims
                   1  page faults
                   0  swaps
                   0  block input operations
                   0  block output operations
                   0  messages sent
                   0  messages received
                   0  signals received
                   0  voluntary context switches
                 955  involuntary context switches
         42656002600  instructions retired
         11418301712  cycles elapsed
           334611080  peak memory footprint
