$ CHAIN_SOLVER=tail CHAIN_TREEPASS=old /usr/bin/time -l /Users/zhangwenqian/UNSW/pivoter/research/r1_skyline_index_20260918/build/chain_index_tool --build-only /Users/zhangwenqian/UNSW/pivoter/graphs/web-Stanford.edges
{"n":281903,"solver":"tail","treepass":"old","count_bits":64,"chains":17963,"canonical_nodes":53239,"index_bytes":3552706,"build_form_bytes":3737596,"compact_ms":0.977417,"bytes_map":124720,"bytes_chains":1315734,"bytes_layers":2112252,"ti_ms":755.927,"ti_bytes":121008860,"rss_loaded":62013440,"rss_with_ti":277413888,"rss_start":277430272,"rss_after_solve":329596928,"rss_after_chains":329695232,"rss_after_layout":332742656,"solve_ms":520.045,"trees_ms":826.218,"chains_ms":1.62267,"layout_ms":10.59,"build_ms":1359.61}
        2.58 real         2.53 user         0.04 sys
           333086720  maximum resident set size
                   0  average shared memory size
                   0  average unshared data size
                   0  average unshared stack size
               20524  page reclaims
                   1  page faults
                   0  swaps
                   0  block input operations
                   0  block output operations
                   0  messages sent
                   0  messages received
                   0  signals received
                   0  voluntary context switches
                 861  involuntary context switches
         40932932822  instructions retired
         11069564108  cycles elapsed
           332530288  peak memory footprint
