$ CHAIN_SOLVER=tail CHAIN_TREEPASS=old /usr/bin/time -l /Users/zhangwenqian/UNSW/pivoter/research/r1_skyline_index_20260918/build/chain_index_tool --build-only /Users/zhangwenqian/UNSW/pivoter/graphs/web-Stanford.edges
{"n":281903,"solver":"tail","treepass":"old","count_bits":64,"chains":17963,"canonical_nodes":53239,"index_bytes":3552706,"build_form_bytes":3737596,"compact_ms":0.991458,"bytes_map":124720,"bytes_chains":1315734,"bytes_layers":2112252,"ti_ms":778.25,"ti_bytes":121008860,"rss_loaded":62013440,"rss_with_ti":277413888,"rss_start":277430272,"rss_after_solve":330235904,"rss_after_chains":330285056,"rss_after_layout":333348864,"solve_ms":537.392,"trees_ms":858.093,"chains_ms":1.60804,"layout_ms":10.7287,"build_ms":1408.89}
        2.65 real         2.60 user         0.04 sys
           333660160  maximum resident set size
                   0  average shared memory size
                   0  average unshared data size
                   0  average unshared stack size
               20559  page reclaims
                   1  page faults
                   0  swaps
                   0  block input operations
                   0  block output operations
                   0  messages sent
                   0  messages received
                   0  signals received
                   0  voluntary context switches
                 934  involuntary context switches
         40930894184  instructions retired
         11065122021  cycles elapsed
           333120136  peak memory footprint
