$ CHAIN_SOLVER=tail CHAIN_TREEPASS=old /usr/bin/time -l /Users/zhangwenqian/UNSW/pivoter/research/r1_skyline_index_20260918/build/chain_index_tool --build-only /Users/zhangwenqian/UNSW/pivoter/graphs/web-Stanford.edges
{"n":281903,"solver":"tail","treepass":"old","count_bits":64,"chains":17963,"canonical_nodes":53239,"index_bytes":3552706,"build_form_bytes":3737596,"compact_ms":1.02533,"bytes_map":124720,"bytes_chains":1315734,"bytes_layers":2112252,"ti_ms":804.021,"ti_bytes":121008860,"rss_loaded":62013440,"rss_with_ti":277397504,"rss_start":277413888,"rss_after_solve":339099648,"rss_after_chains":339116032,"rss_after_layout":342097920,"solve_ms":521.3,"trees_ms":828.476,"chains_ms":1.60613,"layout_ms":10.8791,"build_ms":1363.73}
        2.64 real         2.57 user         0.05 sys
           342458368  maximum resident set size
                   0  average shared memory size
                   0  average unshared data size
                   0  average unshared stack size
               21096  page reclaims
                   1  page faults
                   0  swaps
                   0  block input operations
                   0  block output operations
                   0  messages sent
                   0  messages received
                   0  signals received
                   0  voluntary context switches
                1329  involuntary context switches
         40982818216  instructions retired
         11223993402  cycles elapsed
           341934752  peak memory footprint
