$ CHAIN_SOLVER=tail CHAIN_TREEPASS=old /usr/bin/time -l /Users/zhangwenqian/UNSW/pivoter/research/r1_skyline_index_20260918/build/chain_index_tool --build-only /Users/zhangwenqian/UNSW/pivoter/graphs/web-Stanford.edges
{"n":281903,"solver":"tail","treepass":"old","count_bits":64,"chains":17963,"canonical_nodes":53239,"index_bytes":3552706,"build_form_bytes":3737596,"compact_ms":1.07221,"bytes_map":124720,"bytes_chains":1315734,"bytes_layers":2112252,"ti_ms":766.303,"ti_bytes":121008860,"rss_loaded":62013440,"rss_with_ti":277381120,"rss_start":277397504,"rss_after_solve":329875456,"rss_after_chains":329973760,"rss_after_layout":332890112,"solve_ms":521.928,"trees_ms":827.174,"chains_ms":1.74833,"layout_ms":11.389,"build_ms":1363.38}
        2.61 real         2.55 user         0.05 sys
           333234176  maximum resident set size
                   0  average shared memory size
                   0  average unshared data size
                   0  average unshared stack size
               20533  page reclaims
                   1  page faults
                   0  swaps
                   0  block input operations
                   0  block output operations
                   0  messages sent
                   0  messages received
                   0  signals received
                   0  voluntary context switches
                 872  involuntary context switches
         40963561578  instructions retired
         11132173242  cycles elapsed
           332694152  peak memory footprint
