$ CHAIN_SOLVER=tail CHAIN_TREEPASS=fast /usr/bin/time -l /Users/zhangwenqian/UNSW/pivoter/research/r1_skyline_index_20260918/build/chain_index_tool --build-only /Users/zhangwenqian/UNSW/pivoter/graphs/web-Stanford.edges
{"n":281903,"solver":"tail","treepass":"fast","count_bits":64,"chains":17963,"canonical_nodes":53239,"index_bytes":3552706,"build_form_bytes":3737596,"compact_ms":0.979417,"bytes_map":124720,"bytes_chains":1315734,"bytes_layers":2112252,"ti_ms":774.721,"ti_bytes":121008860,"rss_loaded":62013440,"rss_with_ti":277381120,"rss_start":277397504,"rss_after_solve":308248576,"rss_after_chains":308297728,"rss_after_layout":311312384,"solve_ms":513.836,"trees_ms":699.746,"chains_ms":1.60079,"layout_ms":11.1769,"build_ms":1229.09}
        2.49 real         2.43 user         0.04 sys
           311607296  maximum resident set size
                   0  average shared memory size
                   0  average unshared data size
                   0  average unshared stack size
               19213  page reclaims
                   1  page faults
                   0  swaps
                   0  block input operations
                   0  block output operations
                   0  messages sent
                   0  messages received
                   0  signals received
                   0  voluntary context switches
                 876  involuntary context switches
         40272766142  instructions retired
         10577898072  cycles elapsed
           311034456  peak memory footprint
