$ CHAIN_SOLVER=tail CHAIN_TREEPASS=old /usr/bin/time -l /Users/zhangwenqian/UNSW/pivoter/research/r1_skyline_index_20260918/build/chain_index_tool --build-only /Users/zhangwenqian/UNSW/pivoter/graphs/web-Stanford.edges
{"n":281903,"solver":"tail","treepass":"old","count_bits":64,"chains":17963,"canonical_nodes":53239,"index_bytes":3552706,"build_form_bytes":3737596,"compact_ms":0.984792,"bytes_map":124720,"bytes_chains":1315734,"bytes_layers":2112252,"ti_ms":773.074,"ti_bytes":121008860,"rss_loaded":62013440,"rss_with_ti":277250048,"rss_start":277266432,"rss_after_solve":332709888,"rss_after_chains":332759040,"rss_after_layout":335593472,"solve_ms":517.675,"trees_ms":825.825,"chains_ms":1.60275,"layout_ms":10.5556,"build_ms":1356.64}
        2.63 real         2.57 user         0.04 sys
           335839232  maximum resident set size
                   0  average shared memory size
                   0  average unshared data size
                   0  average unshared stack size
               20692  page reclaims
                   1  page faults
                   0  swaps
                   0  block input operations
                   0  block output operations
                   0  messages sent
                   0  messages received
                   0  signals received
                   0  voluntary context switches
                 874  involuntary context switches
         40967489582  instructions retired
         11105083466  cycles elapsed
           335315616  peak memory footprint
