$ CHAIN_SOLVER=terminal CHAIN_TREEPASS=fast /usr/bin/time -l /Users/zhangwenqian/UNSW/pivoter/research/r1_skyline_index_20260918/build/chain_index_tool --build-only /Users/zhangwenqian/UNSW/pivoter/graphs/web-Stanford.edges
{"n":281903,"solver":"terminal","treepass":"fast","count_bits":64,"chains":17963,"canonical_nodes":53239,"index_bytes":3552706,"build_form_bytes":3737596,"compact_ms":1.00954,"bytes_map":124720,"bytes_chains":1315734,"bytes_layers":2112252,"ti_ms":764.516,"ti_bytes":121008860,"rss_loaded":62013440,"rss_with_ti":277381120,"rss_start":277397504,"rss_after_solve":311312384,"rss_after_chains":311345152,"rss_after_layout":314654720,"solve_ms":578.982,"trees_ms":716.485,"chains_ms":1.60025,"layout_ms":11.0881,"build_ms":1310.96}
        2.56 real         2.50 user         0.04 sys
           315015168  maximum resident set size
                   0  average shared memory size
                   0  average unshared data size
                   0  average unshared stack size
               19421  page reclaims
                   1  page faults
                   0  swaps
                   0  block input operations
                   0  block output operations
                   0  messages sent
                   0  messages received
                   0  signals received
                   0  voluntary context switches
                 929  involuntary context switches
         41970431982  instructions retired
         10926690390  cycles elapsed
           314458712  peak memory footprint
