$ CHAIN_SOLVER=tail CHAIN_TREEPASS=fast /usr/bin/time -l /Users/zhangwenqian/UNSW/pivoter/research/r1_skyline_index_20260918/build/chain_index_tool --build-only /Users/zhangwenqian/UNSW/pivoter/graphs/web-Stanford.edges
{"n":281903,"solver":"tail","treepass":"fast","count_bits":64,"chains":17963,"canonical_nodes":53239,"index_bytes":3552706,"build_form_bytes":3737596,"compact_ms":1.02567,"bytes_map":124720,"bytes_chains":1315734,"bytes_layers":2112252,"ti_ms":772.615,"ti_bytes":121008860,"rss_loaded":62013440,"rss_with_ti":277282816,"rss_start":277299200,"rss_after_solve":306888704,"rss_after_chains":306921472,"rss_after_layout":310132736,"solve_ms":529.134,"trees_ms":726.717,"chains_ms":1.58583,"layout_ms":11.3815,"build_ms":1271.59}
        2.51 real         2.46 user         0.03 sys
           310509568  maximum resident set size
                   0  average shared memory size
                   0  average unshared data size
                   0  average unshared stack size
               19146  page reclaims
                   1  page faults
                   0  swaps
                   0  block input operations
                   0  block output operations
                   0  messages sent
                   0  messages received
                   0  signals received
                   0  voluntary context switches
                 802  involuntary context switches
         40235571817  instructions retired
         10522020311  cycles elapsed
           309936728  peak memory footprint
