$ CHAIN_SOLVER=terminal CHAIN_TREEPASS=fast /usr/bin/time -l /Users/zhangwenqian/UNSW/pivoter/research/r1_skyline_index_20260918/build/chain_index_tool --build-only /Users/zhangwenqian/UNSW/pivoter/graphs/web-Stanford.edges
{"n":281903,"solver":"terminal","treepass":"fast","count_bits":64,"chains":17963,"canonical_nodes":53239,"index_bytes":3552706,"build_form_bytes":3737596,"compact_ms":1.21225,"bytes_map":124720,"bytes_chains":1315734,"bytes_layers":2112252,"ti_ms":759.898,"ti_bytes":121008860,"rss_loaded":62013440,"rss_with_ti":277413888,"rss_start":277430272,"rss_after_solve":313688064,"rss_after_chains":313720832,"rss_after_layout":316817408,"solve_ms":595.457,"trees_ms":725.538,"chains_ms":1.81575,"layout_ms":12.7529,"build_ms":1338.17}
        2.57 real         2.51 user         0.04 sys
           317292544  maximum resident set size
                   0  average shared memory size
                   0  average unshared data size
                   0  average unshared stack size
               19560  page reclaims
                   1  page faults
                   0  swaps
                   0  block input operations
                   0  block output operations
                   0  messages sent
                   0  messages received
                   0  signals received
                   0  voluntary context switches
                 803  involuntary context switches
         41953100016  instructions retired
         10824220899  cycles elapsed
           316752496  peak memory footprint
