$ CHAIN_SOLVER=terminal CHAIN_TREEPASS=old /usr/bin/time -l /Users/zhangwenqian/UNSW/pivoter/research/r1_skyline_index_20260918/build/chain_index_tool --build-only /Users/zhangwenqian/UNSW/pivoter/graphs/web-Stanford.edges
{"n":281903,"solver":"terminal","treepass":"old","count_bits":64,"chains":17963,"canonical_nodes":53239,"index_bytes":3552706,"build_form_bytes":3737596,"compact_ms":1.01633,"bytes_map":124720,"bytes_chains":1315734,"bytes_layers":2112252,"ti_ms":772.063,"ti_bytes":121008860,"rss_loaded":62013440,"rss_with_ti":277364736,"rss_start":277381120,"rss_after_solve":332988416,"rss_after_chains":333004800,"rss_after_layout":335921152,"solve_ms":583.09,"trees_ms":831.649,"chains_ms":1.59117,"layout_ms":10.5687,"build_ms":1427.96}
        2.67 real         2.61 user         0.05 sys
           336297984  maximum resident set size
                   0  average shared memory size
                   0  average unshared data size
                   0  average unshared stack size
               20720  page reclaims
                   1  page faults
                   0  swaps
                   0  block input operations
                   0  block output operations
                   0  messages sent
                   0  messages received
                   0  signals received
                   2  voluntary context switches
                1282  involuntary context switches
         42662121103  instructions retired
         11414412159  cycles elapsed
           335774344  peak memory footprint
