$ CHAIN_SOLVER=tail CHAIN_TREEPASS=old /usr/bin/time -l /Users/zhangwenqian/UNSW/pivoter/research/r1_skyline_index_20260918/build/chain_index_tool --build-only /Users/zhangwenqian/UNSW/pivoter/graphs/web-Stanford.edges
{"n":281903,"solver":"tail","treepass":"old","count_bits":64,"chains":17963,"canonical_nodes":53239,"index_bytes":3552706,"build_form_bytes":3737596,"compact_ms":1.02775,"bytes_map":124720,"bytes_chains":1315734,"bytes_layers":2112252,"ti_ms":789.438,"ti_bytes":121008860,"rss_loaded":62013440,"rss_with_ti":277381120,"rss_start":277397504,"rss_after_solve":331792384,"rss_after_chains":331808768,"rss_after_layout":335249408,"solve_ms":528.475,"trees_ms":842.43,"chains_ms":1.63013,"layout_ms":10.9113,"build_ms":1384.59}
        2.65 real         2.59 user         0.05 sys
           335527936  maximum resident set size
                   0  average shared memory size
                   0  average unshared data size
                   0  average unshared stack size
               20673  page reclaims
                   1  page faults
                   0  swaps
                   0  block input operations
                   0  block output operations
                   0  messages sent
                   0  messages received
                   0  signals received
                   0  voluntary context switches
                1055  involuntary context switches
         40976117715  instructions retired
         11263992589  cycles elapsed
           334987912  peak memory footprint
