$ CHAIN_SOLVER=terminal CHAIN_TREEPASS=fast /usr/bin/time -l /Users/zhangwenqian/UNSW/pivoter/research/r1_skyline_index_20260918/build/chain_index_tool --build-only /Users/zhangwenqian/UNSW/pivoter/graphs/web-Stanford.edges
{"n":281903,"solver":"terminal","treepass":"fast","count_bits":64,"chains":17963,"canonical_nodes":53239,"index_bytes":3552706,"build_form_bytes":3737596,"compact_ms":1.02829,"bytes_map":124720,"bytes_chains":1315734,"bytes_layers":2112252,"ti_ms":767.793,"ti_bytes":121008860,"rss_loaded":62013440,"rss_with_ti":279773184,"rss_start":279789568,"rss_after_solve":314802176,"rss_after_chains":314834944,"rss_after_layout":318111744,"solve_ms":574.878,"trees_ms":717.995,"chains_ms":1.61829,"layout_ms":10.9917,"build_ms":1309.16}
        2.56 real         2.50 user         0.04 sys
           318423040  maximum resident set size
                   0  average shared memory size
                   0  average unshared data size
                   0  average unshared stack size
               19629  page reclaims
                   1  page faults
                   0  swaps
                   0  block input operations
                   0  block output operations
                   0  messages sent
                   0  messages received
                   0  signals received
                   0  voluntary context switches
                 945  involuntary context switches
         41968654545  instructions retired
         10839693046  cycles elapsed
           317866584  peak memory footprint
