$ CHAIN_SOLVER=tail CHAIN_TREEPASS=fast /usr/bin/time -l /Users/zhangwenqian/UNSW/pivoter/research/r1_skyline_index_20260918/build/chain_index_tool --build-only /Users/zhangwenqian/UNSW/pivoter/graphs/web-Stanford.edges
{"n":281903,"solver":"tail","treepass":"fast","count_bits":64,"chains":17963,"canonical_nodes":53239,"index_bytes":3552706,"build_form_bytes":3737596,"compact_ms":1.06829,"bytes_map":124720,"bytes_chains":1315734,"bytes_layers":2112252,"ti_ms":762.201,"ti_bytes":121008860,"rss_loaded":61997056,"rss_with_ti":277364736,"rss_start":277381120,"rss_after_solve":309444608,"rss_after_chains":309493760,"rss_after_layout":313376768,"solve_ms":522.543,"trees_ms":717.693,"chains_ms":1.69762,"layout_ms":13.7352,"build_ms":1258.4}
        2.49 real         2.43 user         0.04 sys
           313769984  maximum resident set size
                   0  average shared memory size
                   0  average unshared data size
                   0  average unshared stack size
               19345  page reclaims
                   1  page faults
                   0  swaps
                   0  block input operations
                   0  block output operations
                   0  messages sent
                   0  messages received
                   0  signals received
                   0  voluntary context switches
                 901  involuntary context switches
         40287385149  instructions retired
         10617104046  cycles elapsed
           313197144  peak memory footprint
