$ CHAIN_SOLVER=terminal CHAIN_TREEPASS=fast /usr/bin/time -l /Users/zhangwenqian/UNSW/pivoter/research/r1_skyline_index_20260918/build/chain_index_tool --build-only /Users/zhangwenqian/UNSW/pivoter/graphs/web-Stanford.edges
{"n":281903,"solver":"terminal","treepass":"fast","count_bits":64,"chains":17963,"canonical_nodes":53239,"index_bytes":3552706,"build_form_bytes":3737596,"compact_ms":1.01083,"bytes_map":124720,"bytes_chains":1315734,"bytes_layers":2112252,"ti_ms":790.488,"ti_bytes":121008860,"rss_loaded":62013440,"rss_with_ti":277381120,"rss_start":277397504,"rss_after_solve":315047936,"rss_after_chains":315080704,"rss_after_layout":318373888,"solve_ms":575.052,"trees_ms":710.764,"chains_ms":1.61808,"layout_ms":11.8638,"build_ms":1302.31}
        2.57 real         2.50 user         0.04 sys
           318734336  maximum resident set size
                   0  average shared memory size
                   0  average unshared data size
                   0  average unshared stack size
               19648  page reclaims
                   1  page faults
                   0  swaps
                   0  block input operations
                   0  block output operations
                   0  messages sent
                   0  messages received
                   0  signals received
                   0  voluntary context switches
                1504  involuntary context switches
         41976953584  instructions retired
         10902996577  cycles elapsed
           318177880  peak memory footprint
