$ CHAIN_SOLVER=tail CHAIN_TREEPASS=old /usr/bin/time -l /Users/zhangwenqian/UNSW/pivoter/research/r1_skyline_index_20260918/build/chain_index_tool --build-only /Users/zhangwenqian/UNSW/pivoter/graphs/web-Stanford.edges
{"n":281903,"solver":"tail","treepass":"old","count_bits":64,"chains":17963,"canonical_nodes":53239,"index_bytes":3552706,"build_form_bytes":3737596,"compact_ms":1.03233,"bytes_map":124720,"bytes_chains":1315734,"bytes_layers":2112252,"ti_ms":763.933,"ti_bytes":121008860,"rss_loaded":62013440,"rss_with_ti":277266432,"rss_start":277282816,"rss_after_solve":338509824,"rss_after_chains":338542592,"rss_after_layout":341426176,"solve_ms":548.823,"trees_ms":880.838,"chains_ms":1.89621,"layout_ms":10.7822,"build_ms":1443.38}
        2.68 real         2.62 user         0.05 sys
           341721088  maximum resident set size
                   0  average shared memory size
                   0  average unshared data size
                   0  average unshared stack size
               21051  page reclaims
                   1  page faults
                   0  swaps
                   0  block input operations
                   0  block output operations
                   0  messages sent
                   0  messages received
                   0  signals received
                   0  voluntary context switches
                1579  involuntary context switches
         40973776451  instructions retired
         11238672583  cycles elapsed
           341181064  peak memory footprint
