$ CHAIN_SOLVER=terminal CHAIN_TREEPASS=old /usr/bin/time -l /Users/zhangwenqian/UNSW/pivoter/research/r1_skyline_index_20260918/build/chain_index_tool --build-only /Users/zhangwenqian/UNSW/pivoter/graphs/web-Stanford.edges
{"n":281903,"solver":"terminal","treepass":"old","count_bits":64,"chains":17963,"canonical_nodes":53239,"index_bytes":3552706,"build_form_bytes":3737596,"compact_ms":1.01854,"bytes_map":124720,"bytes_chains":1315734,"bytes_layers":2112252,"ti_ms":780.072,"ti_bytes":121008860,"rss_loaded":62013440,"rss_with_ti":277364736,"rss_start":277381120,"rss_after_solve":344457216,"rss_after_chains":344473600,"rss_after_layout":347176960,"solve_ms":598.977,"trees_ms":840.654,"chains_ms":1.67829,"layout_ms":11.6958,"build_ms":1454.07}
        2.70 real         2.64 user         0.04 sys
           347471872  maximum resident set size
                   0  average shared memory size
                   0  average unshared data size
                   0  average unshared stack size
               21402  page reclaims
                   1  page faults
                   0  swaps
                   0  block input operations
                   0  block output operations
                   0  messages sent
                   0  messages received
                   0  signals received
                   0  voluntary context switches
                1536  involuntary context switches
         42626437823  instructions retired
         11439565208  cycles elapsed
           346964640  peak memory footprint
