$ CHAIN_SOLVER=tail CHAIN_TREEPASS=fast /usr/bin/time -l /Users/zhangwenqian/UNSW/pivoter/research/r1_skyline_index_20260918/build/chain_index_tool --build-only /Users/zhangwenqian/UNSW/pivoter/graphs/web-Stanford.edges
{"n":281903,"solver":"tail","treepass":"fast","count_bits":64,"chains":17963,"canonical_nodes":53239,"index_bytes":3552706,"build_form_bytes":3737596,"compact_ms":1.01433,"bytes_map":124720,"bytes_chains":1315734,"bytes_layers":2112252,"ti_ms":758.261,"ti_bytes":121008860,"rss_loaded":62013440,"rss_with_ti":277413888,"rss_start":277430272,"rss_after_solve":307052544,"rss_after_chains":307101696,"rss_after_layout":310165504,"solve_ms":508.949,"trees_ms":699.937,"chains_ms":1.57621,"layout_ms":10.8455,"build_ms":1223.78}
        2.45 real         2.40 user         0.04 sys
           310460416  maximum resident set size
                   0  average shared memory size
                   0  average unshared data size
                   0  average unshared stack size
               19143  page reclaims
                   1  page faults
                   0  swaps
                   0  block input operations
                   0  block output operations
                   0  messages sent
                   0  messages received
                   0  signals received
                   0  voluntary context switches
                 790  involuntary context switches
         40246146870  instructions retired
         10520963018  cycles elapsed
           309887576  peak memory footprint
