$ /usr/bin/time -l /Users/zhangwenqian/UNSW/pivoter/research/r1_skyline_index_20260918/build/chain_index_tool --build-only graphs/ca-AstroPh.edges
{"n":18772,"count_bits":64,"chains":3331,"canonical_nodes":6462,"index_bytes":610570,"build_form_bytes":609826,"compact_ms":0.540708,"bytes_map":16860,"bytes_chains":225357,"bytes_layers":368353,"ti_ms":204.71,"ti_bytes":8266272,"rss_loaded":7290880,"rss_with_ti":22708224,"rss_start":22724608,"rss_after_solve":27885568,"rss_after_chains":27934720,"rss_after_layout":28524544,"solve_ms":159.23,"trees_ms":250.442,"chains_ms":1.2455,"layout_ms":13.8208}
        0.72 real         0.57 user         0.01 sys
            28999680  maximum resident set size
                   0  average shared memory size
                   0  average unshared data size
                   0  average unshared stack size
                1960  page reclaims
                   1  page faults
                   0  swaps
                   0  block input operations
                   0  block output operations
                   0  messages sent
                   0  messages received
                   0  signals received
                   2  voluntary context switches
                1119  involuntary context switches
          3683540555  instructions retired
          1557729891  cycles elapsed
            28377472  peak memory footprint
