$ /usr/bin/time -l /Users/zhangwenqian/UNSW/pivoter/research/r1_skyline_index_20260918/build/chain_index_tool --build-only graphs/cit-HepPh.edges
{"n":34546,"count_bits":64,"chains":16623,"canonical_nodes":9369,"index_bytes":1577713,"build_form_bytes":2060682,"compact_ms":0.911792,"bytes_map":72980,"bytes_chains":798209,"bytes_layers":706524,"ti_ms":879.17,"ti_bytes":44387636,"rss_loaded":13369344,"rss_with_ti":87326720,"rss_start":87343104,"rss_after_solve":98287616,"rss_after_chains":98304000,"rss_after_layout":99532800,"solve_ms":284.876,"trees_ms":359.004,"chains_ms":0.693458,"layout_ms":7.67179}
        1.99 real         1.53 user         0.04 sys
            99680256  maximum resident set size
                   0  average shared memory size
                   0  average unshared data size
                   0  average unshared stack size
                6274  page reclaims
                   1  page faults
                   0  swaps
                   0  block input operations
                   0  block output operations
                   0  messages sent
                   0  messages received
                   0  signals received
                   2  voluntary context switches
                2639  involuntary context switches
          9386897934  instructions retired
          3974712558  cycles elapsed
            99090864  peak memory footprint
