$ /usr/bin/time -l /Users/zhangwenqian/UNSW/pivoter/research/r1_skyline_index_20260918/build/chain_index_tool --build-only graphs/loc-Brightkite.edges
{"n":58228,"count_bits":64,"chains":6326,"canonical_nodes":11547,"index_bytes":798416,"build_form_bytes":902652,"compact_ms":3.86692,"bytes_map":36232,"bytes_chains":306945,"bytes_layers":455239,"ti_ms":350.161,"ti_bytes":42905568,"rss_loaded":9224192,"rss_with_ti":76529664,"rss_start":76546048,"rss_after_solve":98435072,"rss_after_chains":98500608,"rss_after_layout":99319808,"solve_ms":422.758,"trees_ms":690.257,"chains_ms":0.676875,"layout_ms":11.101}
        1.56 real         1.44 user         0.02 sys
            99614720  maximum resident set size
                   0  average shared memory size
                   0  average unshared data size
                   0  average unshared stack size
                6270  page reclaims
                   1  page faults
                   0  swaps
                   0  block input operations
                   0  block output operations
                   0  messages sent
                   0  messages received
                   0  signals received
                   2  voluntary context switches
                1205  involuntary context switches
         15426890707  instructions retired
          3747825152  cycles elapsed
            99025328  peak memory footprint
