$ /usr/bin/time -l /Users/zhangwenqian/UNSW/pivoter/research/r1_skyline_index_20260918/build/chain_index_tool --build-only graphs/soc-pokec.edges
{"n":1632803,"count_bits":64,"chains":383206,"canonical_nodes":67544,"index_bytes":31624721,"build_form_bytes":43252464,"compact_ms":27.9783,"bytes_map":1838988,"bytes_chains":18481448,"bytes_layers":11304285,"ti_ms":37275.4,"ti_bytes":1525656592,"rss_loaded":608960512,"rss_with_ti":1791213568,"rss_start":1791229952,"rss_after_solve":3003416576,"rss_after_chains":3003416576,"rss_after_layout":3029319680,"solve_ms":12907.2,"trees_ms":16545.1,"chains_ms":13.8013,"layout_ms":210.675}
       79.57 real        67.39 user         1.80 sys
          3029319680  maximum resident set size
                   0  average shared memory size
                   0  average unshared data size
                   0  average unshared stack size
              304630  page reclaims
                   1  page faults
                   0  swaps
                   0  block input operations
                   0  block output operations
                   0  messages sent
                   0  messages received
                   0  signals received
                   2  voluntary context switches
              124436  involuntary context switches
        336615632162  instructions retired
        184447751307  cycles elapsed
          3036433024  peak memory footprint
