$ /usr/bin/time -l /Users/zhangwenqian/UNSW/pivoter/research/r1_skyline_index_20260918/build/chain_index_tool --build-only graphs/soc-Slashdot0902.edges
{"n":82168,"count_bits":64,"chains":6798,"canonical_nodes":6309,"index_bytes":587531,"build_form_bytes":720540,"compact_ms":0.39975,"bytes_map":42608,"bytes_chains":255723,"bytes_layers":289200,"ti_ms":1426.08,"ti_bytes":111677832,"rss_loaded":17891328,"rss_with_ti":247676928,"rss_start":247693312,"rss_after_solve":233259008,"rss_after_chains":233390080,"rss_after_layout":233996288,"solve_ms":1054.04,"trees_ms":2105.03,"chains_ms":0.801667,"layout_ms":3.65404}
        4.80 real         3.90 user         0.08 sys
           269893632  maximum resident set size
                   0  average shared memory size
                   0  average unshared data size
                   0  average unshared stack size
               17284  page reclaims
                   1  page faults
                   0  swaps
                   0  block input operations
                   0  block output operations
                   0  messages sent
                   0  messages received
                   0  signals received
                   2  voluntary context switches
                7384  involuntary context switches
         29211728949  instructions retired
         10302994512  cycles elapsed
           269451864  peak memory footprint
