$ /usr/bin/time -l /Users/zhangwenqian/UNSW/pivoter/research/r1_skyline_index_20260918/build/chain_index_tool --build-only graphs/soc-Epinions1.edges
{"n":75879,"count_bits":64,"chains":8821,"canonical_nodes":12886,"index_bytes":1099982,"build_form_bytes":1286374,"compact_ms":0.723375,"bytes_map":49524,"bytes_chains":438839,"bytes_layers":611619,"ti_ms":4304.87,"ti_bytes":223061316,"rss_loaded":14876672,"rss_with_ti":397000704,"rss_start":397017088,"rss_after_solve":350093312,"rss_after_chains":350109696,"rss_after_layout":351191040,"solve_ms":1519.05,"trees_ms":3128.16,"chains_ms":0.745666,"layout_ms":6.5675}
        9.24 real         7.19 user         0.18 sys
           469745664  maximum resident set size
                   0  average shared memory size
                   0  average unshared data size
                   0  average unshared stack size
               34866  page reclaims
                   1  page faults
                   0  swaps
                   0  block input operations
                   0  block output operations
                   0  messages sent
                   0  messages received
                   0  signals received
                   2  voluntary context switches
               13758  involuntary context switches
         46710371821  instructions retired
         19151548525  cycles elapsed
           464700136  peak memory footprint
