$ /usr/bin/time -l /Users/zhangwenqian/UNSW/pivoter/research/r1_skyline_index_20260918/build/chain_index_tool --build-only graphs/web-Stanford.edges
{"n":281903,"count_bits":64,"chains":17963,"canonical_nodes":53239,"index_bytes":3516780,"build_form_bytes":3701670,"compact_ms":2.22637,"bytes_map":124720,"bytes_chains":1279808,"bytes_layers":2112252,"ti_ms":2023.87,"ti_bytes":121008860,"rss_loaded":61997056,"rss_with_ti":227295232,"rss_start":227311616,"rss_after_solve":270499840,"rss_after_chains":270499840,"rss_after_layout":273137664,"solve_ms":1125.85,"trees_ms":1927.28,"chains_ms":3.51533,"layout_ms":15.333}
        6.01 real         5.00 user         0.13 sys
           313065472  maximum resident set size
                   0  average shared memory size
                   0  average unshared data size
                   0  average unshared stack size
               23796  page reclaims
                   1  page faults
                   0  swaps
                   0  block input operations
                   0  block output operations
                   0  messages sent
                   0  messages received
                   0  signals received
                   2  voluntary context switches
               10341  involuntary context switches
         42514395998  instructions retired
         13141257361  cycles elapsed
           307233392  peak memory footprint
