$ /usr/bin/time -l /Users/zhangwenqian/UNSW/pivoter/research/r1_skyline_index_20260918/build/index --graph graphs/amazon0302.edges chains
{"passed":true,"mode":"chains","bytes_shared_aligned":376084,"n":262111,"m":899792,"s_max":7,"count_bits":64,"classes":40867,"active_pairs":143567,"skyline_entries":74418,"canonical_nodes":65134,"bytes_shared":2260360,"bytes_base_nodes":1302680,"bytes_base_pairs":1312008,"bytes_sky_nodes":1563216,"bytes_sky_entries":372090,"bytes_sky_location":699034,"bytes_sky_cross":519044,"bytes_block_d":869590,"bytes_block_d_variant_b":741694,"base_without_d":4875048,"sky_without_d":5413744,"base_with_d":5744638,"sky_with_d":6283334,"own_base_ns":133724.790,"own_sky_ns":312831.133,"own_output":107060.831,"half_base_ns":191094.381,"half_sky_ns":479996.698,"half_output":151317.689,"root_base_ns":206230.750,"root_sky_ns":507647.750,"root_output":165615.866,"member_base_ns":6.029,"member_sky_ns":24.605,"member_checksum":64578,"member_checksum_sky":64578,"value_ns":6.721,"value_checksum":0}
      334.14 real       332.08 user         0.91 sys
           244695040  maximum resident set size
                   0  average shared memory size
                   0  average unshared data size
                   0  average unshared stack size
               15739  page reclaims
                   2  page faults
                   0  swaps
                   0  block input operations
                   0  block output operations
                   0  messages sent
                   0  messages received
                   0  signals received
                   3  voluntary context switches
              132087  involuntary context switches
       2787099839823  instructions retired
       1268046339133  cycles elapsed
           244204120  peak memory footprint
