$ /usr/bin/time -v /home/wenqianz/UNSW/pivoter/research/r1_skyline_index_20260918/build/index --graph /data/wenqianz/dsets/com-amazon.edges vertices
{"passed":true,"mode":"vertices","bytes_shared_aligned":2741694,"n":334863,"m":925872,"s_max":7,"count_bits":64,"classes":334863,"active_pairs":852903,"skyline_entries":463999,"canonical_nodes":68457,"bytes_shared":0,"bytes_base_nodes":1369140,"bytes_base_pairs":8162680,"bytes_sky_nodes":1642968,"bytes_sky_entries":2319995,"bytes_sky_location":4998907,"bytes_sky_cross":535752,"bytes_block_d":6013302,"bytes_block_d_variant_b":5235478,"base_without_d":9531820,"sky_without_d":9497622,"base_with_d":15545122,"sky_with_d":15510924,"own_base_ns":76310.143,"own_sky_ns":693194.252,"own_output":135563.881,"half_base_ns":118285.956,"half_sky_ns":939359.736,"half_output":195565.755,"root_base_ns":129165.647,"root_sky_ns":989303.162,"root_output":212664.286,"aligned_own_ns":0.000,"aligned_half_ns":0.000,"aligned_root_ns":0.000,"aligned_range_own_ns":0.000,"aligned_range_half_ns":0.000,"aligned_range_root_ns":0.000,"aligned_member_ns":0.000,"aligned_member_checksum":0,"member_base_ns":31.266,"member_sky_ns":57.388,"member_checksum":63966,"member_checksum_sky":63966,"value_ns":16.526,"value_checksum":0}
	Command being timed: "/home/wenqianz/UNSW/pivoter/research/r1_skyline_index_20260918/build/index --graph /data/wenqianz/dsets/com-amazon.edges vertices"
	User time (seconds): 770.93
	System time (seconds): 0.14
	Percent of CPU this job got: 99%
	Elapsed (wall clock) time (h:mm:ss or m:ss): 12:51.12
	Average shared text size (kbytes): 0
	Average unshared data size (kbytes): 0
	Average stack size (kbytes): 0
	Average total size (kbytes): 0
	Maximum resident set size (kbytes): 291600
	Average resident set size (kbytes): 0
	Major (requiring I/O) page faults: 0
	Minor (reclaiming a frame) page faults: 88851
	Voluntary context switches: 1
	Involuntary context switches: 1752
	Swaps: 0
	File system inputs: 0
	File system outputs: 0
	Socket messages sent: 0
	Socket messages received: 0
	Signals delivered: 0
	Page size (bytes): 4096
	Exit status: 0
