$ /usr/bin/time -l /Users/zhangwenqian/UNSW/pivoter/research/r1_skyline_index_20260918/build/chain_index_tool --bench graphs/amazon0302.edges /Users/zhangwenqian/UNSW/pivoter/research/r1_skyline_index_20260918/cx/amazon0302.cx
{"passed":true,"n":262111,"m":899792,"s_max":7,"count_bits":64,"chains":40867,"canonical_nodes":65134,"max_depth":10,"pairs_total":143567,"runs_total":47380,"bytes_map":212628,"bytes_chains":1443858,"bytes_layers":2202840,"bytes_total":3859326,"file_bytes":3599126,"perm_bytes":1048444,"slice_bytes_layers":2137484,"slice_bytes_total":3793970,"solve_ms":547.164,"trees_ms":239.643,"chains_ms":55.076,"layout_ms":10.749,"build_ms":855.374,"compact_ms":0.507,"save_ms":8.023,"load_ms":1.462,"slice_range_own_ns":18378.006,"slice_range_half_ns":27998.944,"slice_range_root_ns":30858.583,"slice_explicit_own_ns":29387.017,"slice_explicit_half_ns":42105.352,"slice_explicit_root_ns":40871.834,"slice_ladder_ns":40005.442,"slice_own_ranges":734.598,"slice_half_ranges":1283.230,"slice_root_ranges":1529.656,"ptr_own_ns":23.958,"ptr_half_ns":24.075,"ptr_root_ns":8.875,"ptr_checksum":13042833784,"range_own_ns":347.565,"range_half_ns":362.456,"range_root_ns":350.375,"explicit_own_ns":10260.600,"explicit_half_ns":15829.073,"explicit_root_ns":14523.959,"own_output":105997.284,"half_output":151390.957,"root_output":160228.646,"own_ranges":734.598,"half_ranges":1283.230,"root_ranges":1529.656,"own_chains":734.598,"half_chains":1283.230,"root_chains":1529.656,"member_ns":18.303,"member_checksum":64110,"value_ns":18.418,"value_checksum":0,"ladder_ns":708.181,"ladder_steps":3.222}
       24.25 real        23.62 user         0.19 sys
           212336640  maximum resident set size
                   0  average shared memory size
                   0  average unshared data size
                   0  average unshared stack size
               13147  page reclaims
                   2  page faults
                   0  swaps
                   0  block input operations
                   0  block output operations
                   0  messages sent
                   0  messages received
                   0  signals received
                   9  voluntary context switches
               23245  involuntary context switches
        337472839098  instructions retired
         60403930422  cycles elapsed
           211829336  peak memory footprint
