$ /usr/bin/time -l /Users/zhangwenqian/UNSW/pivoter/research/r1_skyline_index_20260918/build/tail_check --graph /Users/zhangwenqian/UNSW/pivoter/graphs/ca-CondMat.edges
{"graph":"ca-CondMat.edges","n":23133,"m":93439,"d":25,"rows":40018,"incidences":155571,"bits":64,"sizes":25,"identical":true,"terminal_ms":7.352,"tail_ms":6.205,"residue_ms":6.779,"fullpeel_ms":7.197,"notail_ms":8.068,"tail_upper_ms":0.587,"tail_mark_ms":0.168,"tail_init_ms":0.790,"tail_peel_ms":3.189,"tail_order_ms":0.404,"tail_residue_sizes":10,"tail_full_sizes":2,"tail_aborted_marks":0,"active_pairs":80635,"residue_pairs":7613,"closed_sizes":12,"last_residue_size":14,"valid_incidences_active_sizes":465832,"relevant_incidences":201436,"tail_events":43702,"fullpeel_events":79313,"per_size_tail":[[3,2,20481,5086,78963,134412,0,0,2.194],[4,2,16293,1587,30746,100344,0,0,1.274],[5,1,12049,502,10718,70932,20843,3161,0.615],[6,1,8828,201,4909,50062,10448,1581,0.320],[7,1,6530,120,3459,35182,6231,935,0.214],[8,1,4800,57,1820,24409,3506,519,0.147],[9,1,3459,34,963,16433,1909,341,0.117],[10,1,2483,13,377,11060,971,178,0.101],[11,1,1725,8,277,7360,698,122,0.093],[12,1,1228,3,157,4940,166,57,0.081],[13,1,859,1,14,3320,42,17,0.077],[14,1,578,1,14,2228,29,17,0.087],[15,0,384,0,0,1528,0,0,0.030],[16,0,256,0,0,988,0,0,0.030],[17,0,178,0,0,700,0,0,0.030],[18,0,121,0,0,530,0,0,0.030],[19,0,103,0,0,404,0,0,0.030],[20,0,51,0,0,290,0,0,0.030],[21,0,51,0,0,250,0,0,0.030],[22,0,51,0,0,187,0,0,0.030],[23,0,49,0,0,121,0,0,0.030],[24,0,26,0,0,75,0,0,0.030],[25,0,26,0,0,51,0,0,0.030],[26,0,26,0,0,26,0,0,0.030]],"per_size_residue":[[3,1,20481,5086,78963,134412,105957,14781,2.909],[4,1,16293,1587,30746,100344,50636,7356,1.389],[5,1,12049,502,10718,70932,20843,3161,0.575],[6,1,8828,201,4909,50062,10448,1581,0.323],[7,1,6530,120,3459,35182,6231,935,0.213],[8,1,4800,57,1820,24409,3506,519,0.147],[9,1,3459,34,963,16433,1909,341,0.115],[10,1,2483,13,377,11060,971,178,0.100],[11,1,1725,8,277,7360,698,122,0.088],[12,1,1228,3,157,4940,166,57,0.080],[13,1,859,1,14,3320,42,17,0.077],[14,1,578,1,14,2228,29,17,0.076],[15,0,384,0,0,1528,0,0,0.030],[16,0,256,0,0,988,0,0,0.030],[17,0,178,0,0,700,0,0,0.030],[18,0,121,0,0,530,0,0,0.032],[19,0,103,0,0,404,0,0,0.030],[20,0,51,0,0,290,0,0,0.030],[21,0,51,0,0,250,0,0,0.030],[22,0,51,0,0,187,0,0,0.030],[23,0,49,0,0,121,0,0,0.030],[24,0,26,0,0,75,0,0,0.029],[25,0,26,0,0,51,0,0,0.030],[26,0,26,0,0,26,0,0,0.030]],"per_size_full":[[3,2,20481,5086,78963,134412,0,0,2.021],[4,2,16293,1587,30746,100344,0,0,1.325],[5,2,12049,502,10718,70932,0,0,0.844],[6,2,8828,201,4909,50062,0,0,0.596],[7,2,6530,120,3459,35182,0,0,0.436],[8,2,4800,57,1820,24409,0,0,0.323],[9,2,3459,34,963,16433,0,0,0.245],[10,2,2483,13,377,11060,0,0,0.196],[11,2,1725,8,277,7360,0,0,0.164],[12,2,1228,3,157,4940,0,0,0.140],[13,2,859,1,14,3320,0,0,0.126],[14,2,578,1,14,2228,0,0,0.114],[15,0,384,0,0,1528,0,0,0.030],[16,0,256,0,0,988,0,0,0.030],[17,0,178,0,0,700,0,0,0.035],[18,0,121,0,0,530,0,0,0.031],[19,0,103,0,0,404,0,0,0.030],[20,0,51,0,0,290,0,0,0.030],[21,0,51,0,0,250,0,0,0.030],[22,0,51,0,0,187,0,0,0.030],[23,0,49,0,0,121,0,0,0.030],[24,0,26,0,0,75,0,0,0.030],[25,0,26,0,0,51,0,0,0.030],[26,0,26,0,0,26,0,0,0.030]]}
        0.07 real         0.06 user         0.00 sys
            12795904  maximum resident set size
                   0  average shared memory size
                   0  average unshared data size
                   0  average unshared stack size
                 974  page reclaims
                   1  page faults
                   0  swaps
                   0  block input operations
                   0  block output operations
                   0  messages sent
                   0  messages received
                   0  signals received
                   2  voluntary context switches
                  17  involuntary context switches
          1024696368  instructions retired
           302233999  cycles elapsed
            12173696  peak memory footprint
