$ /usr/bin/time -l /Users/zhangwenqian/UNSW/pivoter/research/r1_skyline_index_20260918/build/tail_check --graph /Users/zhangwenqian/UNSW/pivoter/data/ca-GrQc.edges
{"graph":"ca-GrQc.edges","n":5242,"m":14484,"d":43,"rows":6176,"incidences":21316,"bits":64,"sizes":43,"identical":true,"terminal_ms":1.394,"tail_ms":0.709,"residue_ms":0.712,"fullpeel_ms":0.811,"notail_ms":1.534,"tail_upper_ms":0.121,"tail_mark_ms":0.010,"tail_init_ms":0.052,"tail_peel_ms":0.216,"tail_order_ms":0.043,"tail_residue_sizes":5,"tail_full_sizes":1,"tail_aborted_marks":0,"active_pairs":14804,"residue_pairs":764,"closed_sizes":36,"last_residue_size":8,"valid_incidences_active_sizes":106076,"relevant_incidences":8470,"tail_events":4365,"fullpeel_events":9169,"per_size_tail":[[3,2,3855,676,5509,15926,0,0,0.235],[4,1,2369,67,847,9986,1052,339,0.063],[5,1,1238,10,168,6734,360,73,0.029],[6,1,718,5,105,5419,214,41,0.024],[7,1,546,3,75,4813,147,34,0.021],[8,1,443,3,75,4386,56,23,0.019],[9,0,390,0,0,4090,0,0,0.007],[10,0,346,0,0,3838,0,0,0.007],[11,0,321,0,0,3628,0,0,0.014],[12,0,316,0,0,3441,0,0,0.007],[13,0,278,0,0,3249,0,0,0.007],[14,0,273,0,0,3080,0,0,0.007],[15,0,259,0,0,2926,0,0,0.007],[16,0,244,0,0,2776,0,0,0.007],[17,0,228,0,0,2632,0,0,0.007],[18,0,228,0,0,2496,0,0,0.007],[19,0,193,0,0,2352,0,0,0.007],[20,0,193,0,0,2219,0,0,0.007],[21,0,191,0,0,2079,0,0,0.007],[22,0,170,0,0,1953,0,0,0.007],[23,0,148,0,0,1843,0,0,0.007],[24,0,148,0,0,1751,0,0,0.007],[25,0,124,0,0,1655,0,0,0.007],[26,0,124,0,0,1555,0,0,0.007],[27,0,123,0,0,1425,0,0,0.007],[28,0,123,0,0,1317,0,0,0.007],[29,0,123,0,0,1205,0,0,0.007],[30,0,123,0,0,1089,0,0,0.007],[31,0,123,0,0,969,0,0,0.007],[32,0,123,0,0,845,0,0,0.007],[33,0,115,0,0,717,0,0,0.007],[34,0,115,0,0,618,0,0,0.007],[35,0,81,0,0,516,0,0,0.007],[36,0,46,0,0,446,0,0,0.007],[37,0,46,0,0,410,0,0,0.007],[38,0,46,0,0,373,0,0,0.007],[39,0,46,0,0,335,0,0,0.007],[40,0,46,0,0,296,0,0,0.007],[41,0,46,0,0,256,0,0,0.007],[42,0,46,0,0,215,0,0,0.007],[43,0,46,0,0,173,0,0,0.007],[44,0,44,0,0,44,0,0,0.007]],"per_size_residue":[[3,1,3855,676,5509,15926,6641,1894,0.268],[4,1,2369,67,847,9986,1052,339,0.055],[5,1,1238,10,168,6734,360,73,0.027],[6,1,718,5,105,5419,214,41,0.023],[7,1,546,3,75,4813,147,34,0.020],[8,1,443,3,75,4386,56,23,0.019],[9,0,390,0,0,4090,0,0,0.007],[10,0,346,0,0,3838,0,0,0.007],[11,0,321,0,0,3628,0,0,0.007],[12,0,316,0,0,3441,0,0,0.007],[13,0,278,0,0,3249,0,0,0.007],[14,0,273,0,0,3080,0,0,0.007],[15,0,259,0,0,2926,0,0,0.007],[16,0,244,0,0,2776,0,0,0.007],[17,0,228,0,0,2632,0,0,0.007],[18,0,228,0,0,2496,0,0,0.007],[19,0,193,0,0,2352,0,0,0.007],[20,0,193,0,0,2219,0,0,0.007],[21,0,191,0,0,2079,0,0,0.007],[22,0,170,0,0,1953,0,0,0.007],[23,0,148,0,0,1843,0,0,0.007],[24,0,148,0,0,1751,0,0,0.007],[25,0,124,0,0,1655,0,0,0.007],[26,0,124,0,0,1555,0,0,0.007],[27,0,123,0,0,1425,0,0,0.007],[28,0,123,0,0,1317,0,0,0.007],[29,0,123,0,0,1205,0,0,0.007],[30,0,123,0,0,1089,0,0,0.007],[31,0,123,0,0,969,0,0,0.007],[32,0,123,0,0,845,0,0,0.007],[33,0,115,0,0,717,0,0,0.007],[34,0,115,0,0,618,0,0,0.007],[35,0,81,0,0,516,0,0,0.007],[36,0,46,0,0,446,0,0,0.007],[37,0,46,0,0,410,0,0,0.007],[38,0,46,0,0,373,0,0,0.007],[39,0,46,0,0,335,0,0,0.007],[40,0,46,0,0,296,0,0,0.007],[41,0,46,0,0,256,0,0,0.007],[42,0,46,0,0,215,0,0,0.007],[43,0,46,0,0,173,0,0,0.007],[44,0,44,0,0,44,0,0,0.007]],"per_size_full":[[3,2,3855,676,5509,15926,0,0,0.231],[4,2,2369,67,847,9986,0,0,0.108],[5,2,1238,10,168,6734,0,0,0.061],[6,2,718,5,105,5419,0,0,0.043],[7,2,546,3,75,4813,0,0,0.035],[8,2,443,3,75,4386,0,0,0.032],[9,0,390,0,0,4090,0,0,0.007],[10,0,346,0,0,3838,0,0,0.007],[11,0,321,0,0,3628,0,0,0.007],[12,0,316,0,0,3441,0,0,0.007],[13,0,278,0,0,3249,0,0,0.007],[14,0,273,0,0,3080,0,0,0.007],[15,0,259,0,0,2926,0,0,0.007],[16,0,244,0,0,2776,0,0,0.007],[17,0,228,0,0,2632,0,0,0.007],[18,0,228,0,0,2496,0,0,0.007],[19,0,193,0,0,2352,0,0,0.007],[20,0,193,0,0,2219,0,0,0.007],[21,0,191,0,0,2079,0,0,0.007],[22,0,170,0,0,1953,0,0,0.007],[23,0,148,0,0,1843,0,0,0.007],[24,0,148,0,0,1751,0,0,0.007],[25,0,124,0,0,1655,0,0,0.007],[26,0,124,0,0,1555,0,0,0.007],[27,0,123,0,0,1425,0,0,0.007],[28,0,123,0,0,1317,0,0,0.007],[29,0,123,0,0,1205,0,0,0.007],[30,0,123,0,0,1089,0,0,0.007],[31,0,123,0,0,969,0,0,0.007],[32,0,123,0,0,845,0,0,0.007],[33,0,115,0,0,717,0,0,0.007],[34,0,115,0,0,618,0,0,0.007],[35,0,81,0,0,516,0,0,0.007],[36,0,46,0,0,446,0,0,0.007],[37,0,46,0,0,410,0,0,0.007],[38,0,46,0,0,373,0,0,0.007],[39,0,46,0,0,335,0,0,0.007],[40,0,46,0,0,296,0,0,0.007],[41,0,46,0,0,256,0,0,0.007],[42,0,46,0,0,215,0,0,0.007],[43,0,46,0,0,173,0,0,0.007],[44,0,44,0,0,44,0,0,0.007]]}
        0.01 real         0.01 user         0.00 sys
             4145152  maximum resident set size
                   0  average shared memory size
                   0  average unshared data size
                   0  average unshared stack size
                 446  page reclaims
                   1  page faults
                   0  swaps
                   0  block input operations
                   0  block output operations
                   0  messages sent
                   0  messages received
                   0  signals received
                   5  voluntary context switches
                   5  involuntary context switches
           182919330  instructions retired
            48433779  cycles elapsed
             3490128  peak memory footprint
