$ /usr/bin/time -l /Users/zhangwenqian/UNSW/pivoter/research/r1_skyline_index_20260918/build/tail_check --graph /Users/zhangwenqian/UNSW/pivoter/graphs/ca-HepTh.edges
{"graph":"ca-HepTh.edges","n":9877,"m":25973,"d":31,"rows":15084,"incidences":44681,"bits":64,"sizes":31,"identical":true,"terminal_ms":2.216,"tail_ms":1.672,"residue_ms":1.769,"fullpeel_ms":1.610,"notail_ms":2.318,"tail_upper_ms":0.168,"tail_mark_ms":0.002,"tail_init_ms":0.202,"tail_peel_ms":0.845,"tail_order_ms":0.051,"tail_residue_sizes":1,"tail_full_sizes":3,"tail_aborted_marks":0,"active_pairs":17297,"residue_pairs":3178,"closed_sizes":26,"last_residue_size":6,"valid_incidences_active_sizes":73281,"relevant_incidences":33531,"tail_events":14027,"fullpeel_events":14924,"per_size_tail":[[3,2,7435,2445,25462,32103,0,0,0.717],[4,2,4486,639,10744,16146,0,0,0.313],[5,2,2068,81,2384,6406,0,0,0.136],[6,1,935,13,579,2961,90,38,0.044],[7,0,439,0,0,1779,0,0,0.014],[8,0,227,0,0,1338,0,0,0.013],[9,0,159,0,0,1178,0,0,0.013],[10,0,106,0,0,1079,0,0,0.013],[11,0,96,0,0,1029,0,0,0.013],[12,0,96,0,0,985,0,0,0.013],[13,0,96,0,0,937,0,0,0.013],[14,0,96,0,0,885,0,0,0.013],[15,0,96,0,0,829,0,0,0.013],[16,0,96,0,0,769,0,0,0.013],[17,0,96,0,0,705,0,0,0.013],[18,0,96,0,0,637,0,0,0.016],[19,0,96,0,0,565,0,0,0.013],[20,0,77,0,0,489,0,0,0.013],[21,0,77,0,0,429,0,0,0.013],[22,0,56,0,0,366,0,0,0.013],[23,0,56,0,0,322,0,0,0.013],[24,0,56,0,0,276,0,0,0.013],[25,0,32,0,0,228,0,0,0.013],[26,0,32,0,0,203,0,0,0.013],[27,0,32,0,0,177,0,0,0.013],[28,0,32,0,0,150,0,0,0.013],[29,0,32,0,0,122,0,0,0.013],[30,0,32,0,0,93,0,0,0.013],[31,0,32,0,0,63,0,0,0.013],[32,0,32,0,0,32,0,0,0.013]],"per_size_residue":[[3,1,7435,2445,25462,32103,24622,5159,0.906],[4,1,4486,639,10744,16146,7743,1777,0.309],[5,1,2068,81,2384,6406,1076,331,0.078],[6,1,935,13,579,2961,90,38,0.039],[7,0,439,0,0,1779,0,0,0.014],[8,0,227,0,0,1338,0,0,0.013],[9,0,159,0,0,1178,0,0,0.013],[10,0,106,0,0,1079,0,0,0.013],[11,0,96,0,0,1029,0,0,0.013],[12,0,96,0,0,985,0,0,0.013],[13,0,96,0,0,937,0,0,0.013],[14,0,96,0,0,885,0,0,0.013],[15,0,96,0,0,829,0,0,0.013],[16,0,96,0,0,769,0,0,0.013],[17,0,96,0,0,705,0,0,0.013],[18,0,96,0,0,637,0,0,0.013],[19,0,96,0,0,565,0,0,0.013],[20,0,77,0,0,489,0,0,0.013],[21,0,77,0,0,429,0,0,0.013],[22,0,56,0,0,366,0,0,0.013],[23,0,56,0,0,322,0,0,0.013],[24,0,56,0,0,276,0,0,0.013],[25,0,32,0,0,228,0,0,0.013],[26,0,32,0,0,203,0,0,0.013],[27,0,32,0,0,177,0,0,0.013],[28,0,32,0,0,150,0,0,0.013],[29,0,32,0,0,122,0,0,0.013],[30,0,32,0,0,93,0,0,0.013],[31,0,32,0,0,63,0,0,0.013],[32,0,32,0,0,32,0,0,0.013]],"per_size_full":[[3,2,7435,2445,25462,32103,0,0,0.706],[4,2,4486,639,10744,16146,0,0,0.289],[5,2,2068,81,2384,6406,0,0,0.129],[6,2,935,13,579,2961,0,0,0.070],[7,0,439,0,0,1779,0,0,0.013],[8,0,227,0,0,1338,0,0,0.013],[9,0,159,0,0,1178,0,0,0.012],[10,0,106,0,0,1079,0,0,0.012],[11,0,96,0,0,1029,0,0,0.012],[12,0,96,0,0,985,0,0,0.012],[13,0,96,0,0,937,0,0,0.012],[14,0,96,0,0,885,0,0,0.012],[15,0,96,0,0,829,0,0,0.012],[16,0,96,0,0,769,0,0,0.012],[17,0,96,0,0,705,0,0,0.012],[18,0,96,0,0,637,0,0,0.012],[19,0,96,0,0,565,0,0,0.012],[20,0,77,0,0,489,0,0,0.012],[21,0,77,0,0,429,0,0,0.012],[22,0,56,0,0,366,0,0,0.012],[23,0,56,0,0,322,0,0,0.012],[24,0,56,0,0,276,0,0,0.012],[25,0,32,0,0,228,0,0,0.012],[26,0,32,0,0,203,0,0,0.012],[27,0,32,0,0,177,0,0,0.012],[28,0,32,0,0,150,0,0,0.012],[29,0,32,0,0,122,0,0,0.012],[30,0,32,0,0,93,0,0,0.012],[31,0,32,0,0,63,0,0,0.012],[32,0,32,0,0,32,0,0,0.012]]}
        0.02 real         0.01 user         0.00 sys
             5586944  maximum resident set size
                   0  average shared memory size
                   0  average unshared data size
                   0  average unshared stack size
                 534  page reclaims
                   1  page faults
                   0  swaps
                   0  block input operations
                   0  block output operations
                   0  messages sent
                   0  messages received
                   0  signals received
                   2  voluntary context switches
                   6  involuntary context switches
           302705445  instructions retired
            85543216  cycles elapsed
             4931920  peak memory footprint
