$ /usr/bin/time -l /Users/zhangwenqian/UNSW/pivoter/research/r1_skyline_index_20260918/build/tail_check --graph /Users/zhangwenqian/UNSW/pivoter/graphs/cit-HepPh.edges
{"graph":"cit-HepPh.edges","n":34546,"m":420877,"d":30,"rows":600517,"incidences":3412098,"bits":64,"sizes":19,"identical":true,"terminal_ms":174.319,"tail_ms":165.901,"residue_ms":254.339,"fullpeel_ms":163.581,"notail_ms":164.108,"tail_upper_ms":3.430,"tail_mark_ms":0.001,"tail_init_ms":31.226,"tail_peel_ms":125.790,"tail_order_ms":0.664,"tail_residue_sizes":0,"tail_full_sizes":17,"tail_aborted_marks":0,"active_pairs":135091,"residue_pairs":120664,"closed_sizes":0,"last_residue_size":19,"valid_incidences_active_sizes":15970673,"relevant_incidences":15957367,"tail_events":135091,"fullpeel_events":135091,"per_size_tail":[[3,2,31681,30641,3404519,2578152,0,0,27.647],[4,2,27484,25481,3376400,2835625,0,0,30.044],[5,2,22307,20077,3312269,2575850,0,0,26.683],[6,2,17169,14860,3179688,2146057,0,0,21.223],[7,2,12336,10305,2957523,1698262,0,0,15.978],[8,2,8566,7040,2672581,1286221,0,0,11.808],[9,2,5825,4658,2330480,932810,0,0,8.714],[10,2,3809,2973,1971280,655250,0,0,5.669],[11,2,2369,1854,1622622,449860,0,0,3.762],[12,2,1431,1079,1235880,308917,0,0,3.137],[13,2,882,673,973847,216721,0,0,1.885],[14,2,497,413,648836,139293,0,0,1.302],[15,2,308,249,496685,87451,0,0,1.105],[16,2,193,167,416905,40141,0,0,0.904],[17,2,132,110,269997,15485,0,0,0.780],[18,2,79,61,210686,4350,0,0,0.676],[19,2,23,23,4077,228,0,0,0.518],[20,0,0,0,0,0,0,0,0.000]],"per_size_residue":[[3,1,31681,30641,3404519,2578152,2577927,31561,43.412],[4,1,27484,25481,3376400,2835625,2834683,27222,45.321],[5,1,22307,20077,3312269,2575850,2574660,21990,38.768],[6,1,17169,14860,3179688,2146057,2144288,16847,31.710],[7,1,12336,10305,2957523,1698262,1696579,12067,25.399],[8,1,8566,7040,2672581,1286221,1284274,8273,20.149],[9,1,5825,4658,2330480,932810,931118,5548,14.170],[10,1,3809,2973,1971280,655250,654067,3597,9.878],[11,1,2369,1854,1622622,449860,448865,2235,7.588],[12,1,1431,1079,1235880,308917,308170,1322,4.644],[13,1,882,673,973847,216721,216257,742,3.239],[14,1,497,413,648836,139293,139135,453,2.011],[15,1,308,249,496685,87451,87310,275,1.305],[16,1,193,167,416905,40141,40058,191,0.947],[17,1,132,110,269997,15485,15416,128,0.642],[18,1,79,61,210686,4350,4332,61,0.443],[19,1,23,23,4077,228,228,23,0.115],[20,0,0,0,0,0,0,0,0.000]],"per_size_full":[[3,2,31681,30641,3404519,2578152,0,0,27.872],[4,2,27484,25481,3376400,2835625,0,0,30.746],[5,2,22307,20077,3312269,2575850,0,0,27.198],[6,2,17169,14860,3179688,2146057,0,0,21.010],[7,2,12336,10305,2957523,1698262,0,0,15.572],[8,2,8566,7040,2672581,1286221,0,0,10.993],[9,2,5825,4658,2330480,932810,0,0,7.796],[10,2,3809,2973,1971280,655250,0,0,5.264],[11,2,2369,1854,1622622,449860,0,0,3.502],[12,2,1431,1079,1235880,308917,0,0,2.510],[13,2,882,673,973847,216721,0,0,2.388],[14,2,497,413,648836,139293,0,0,1.243],[15,2,308,249,496685,87451,0,0,1.006],[16,2,193,167,416905,40141,0,0,0.770],[17,2,132,110,269997,15485,0,0,0.678],[18,2,79,61,210686,4350,0,0,0.596],[19,2,23,23,4077,228,0,0,0.483],[20,0,0,0,0,0,0,0,0.000]]}
        1.38 real         1.35 user         0.02 sys
           149520384  maximum resident set size
                   0  average shared memory size
                   0  average unshared data size
                   0  average unshared stack size
                9319  page reclaims
                   1  page faults
                   0  swaps
                   0  block input operations
                   0  block output operations
                   0  messages sent
                   0  messages received
                   0  signals received
                   2  voluntary context switches
                 819  involuntary context switches
         14551659348  instructions retired
          5982739693  cycles elapsed
           148963808  peak memory footprint
