$ /usr/bin/time -l /Users/zhangwenqian/UNSW/pivoter/research/r1_skyline_index_20260918/build/tail_check --graph /Users/zhangwenqian/UNSW/pivoter/graphs/email-Eu-core.edges
{"graph":"email-Eu-core.edges","n":1005,"m":16064,"d":34,"rows":53045,"incidences":503392,"bits":64,"sizes":18,"identical":true,"terminal_ms":16.284,"tail_ms":18.289,"residue_ms":31.222,"fullpeel_ms":16.639,"notail_ms":16.929,"tail_upper_ms":1.032,"tail_mark_ms":0.000,"tail_init_ms":5.064,"tail_peel_ms":11.725,"tail_order_ms":0.022,"tail_residue_sizes":0,"tail_full_sizes":16,"tail_aborted_marks":0,"active_pairs":7046,"residue_pairs":6293,"closed_sizes":0,"last_residue_size":18,"valid_incidences_active_sizes":3943356,"relevant_incidences":3943158,"tail_events":7046,"fullpeel_events":7046,"per_size_tail":[[3,2,875,820,503202,246865,0,0,1.355],[4,2,806,753,502987,397010,0,0,2.185],[5,2,742,706,502700,466028,0,0,1.957],[6,2,692,658,502179,473741,0,0,2.033],[7,2,637,610,501302,450242,0,0,1.909],[8,2,586,544,499540,413441,0,0,1.757],[9,2,521,479,496477,370233,0,0,1.504],[10,2,446,400,487237,321030,0,0,1.331],[11,2,387,325,471530,265370,0,0,1.080],[12,2,328,295,463358,206465,0,0,0.874],[13,2,281,220,443507,148745,0,0,0.648],[14,2,226,170,427451,95081,0,0,0.487],[15,2,185,127,409681,52283,0,0,0.335],[16,2,158,101,383949,25643,0,0,0.225],[17,2,114,59,316975,10171,0,0,0.138],[18,2,62,26,207616,1008,0,0,0.061],[19,0,0,0,0,0,0,0,0.000]],"per_size_residue":[[3,1,875,820,503202,246865,246865,875,2.425],[4,1,806,753,502987,397010,397010,806,2.726],[5,1,742,706,502700,466028,466028,742,2.837],[6,1,692,658,502179,473741,473741,692,2.936],[7,1,637,610,501302,450242,450242,637,3.237],[8,1,586,544,499540,413441,413441,586,2.752],[9,1,521,479,496477,370233,370233,521,2.487],[10,1,446,400,487237,321030,321030,446,2.208],[11,1,387,325,471530,265370,265359,377,2.264],[12,1,328,295,463358,206465,206465,328,2.131],[13,1,281,220,443507,148745,148745,281,1.488],[14,1,226,170,427451,95081,95081,226,1.156],[15,1,185,127,409681,52283,52217,185,0.848],[16,1,158,101,383949,25643,25592,158,0.642],[17,1,114,59,316975,10171,10119,113,0.456],[18,1,62,26,207616,1008,990,61,0.233],[19,0,0,0,0,0,0,0,0.000]],"per_size_full":[[3,2,875,820,503202,246865,0,0,1.009],[4,2,806,753,502987,397010,0,0,1.465],[5,2,742,706,502700,466028,0,0,1.845],[6,2,692,658,502179,473741,0,0,1.983],[7,2,637,610,501302,450242,0,0,1.807],[8,2,586,544,499540,413441,0,0,1.616],[9,2,521,479,496477,370233,0,0,1.429],[10,2,446,400,487237,321030,0,0,1.258],[11,2,387,325,471530,265370,0,0,1.113],[12,2,328,295,463358,206465,0,0,0.869],[13,2,281,220,443507,148745,0,0,0.647],[14,2,226,170,427451,95081,0,0,0.465],[15,2,185,127,409681,52283,0,0,0.325],[16,2,158,101,383949,25643,0,0,0.217],[17,2,114,59,316975,10171,0,0,0.138],[18,2,62,26,207616,1008,0,0,0.058],[19,0,0,0,0,0,0,0,0.000]]}
        0.15 real         0.14 user         0.00 sys
            14123008  maximum resident set size
                   0  average shared memory size
                   0  average unshared data size
                   0  average unshared stack size
                1055  page reclaims
                   1  page faults
                   0  swaps
                   0  block input operations
                   0  block output operations
                   0  messages sent
                   0  messages received
                   0  signals received
                   2  voluntary context switches
                  87  involuntary context switches
          2106017585  instructions retired
           644691497  cycles elapsed
            13484392  peak memory footprint
