$ /usr/bin/time -l /Users/zhangwenqian/UNSW/pivoter/research/r1_skyline_index_20260918/build/tail_check --graph /Users/zhangwenqian/UNSW/pivoter/graphs/soc-Slashdot0902.edges
{"graph":"soc-Slashdot0902.edges","n":82168,"m":504230,"d":55,"rows":1049970,"incidences":10202665,"bits":64,"sizes":27,"identical":true,"terminal_ms":371.022,"tail_ms":369.482,"residue_ms":752.642,"fullpeel_ms":374.049,"notail_ms":371.298,"tail_upper_ms":5.492,"tail_mark_ms":0.001,"tail_init_ms":113.252,"tail_peel_ms":239.712,"tail_order_ms":1.477,"tail_residue_sizes":0,"tail_full_sizes":25,"tail_aborted_marks":0,"active_pairs":50042,"residue_pairs":43579,"closed_sizes":0,"last_residue_size":27,"valid_incidences_active_sizes":123873175,"relevant_incidences":123870622,"tail_events":50042,"fullpeel_events":50042,"per_size_tail":[[3,2,27166,24078,10061047,1916840,0,0,18.908],[4,2,10017,8152,9846800,3532362,0,0,14.947],[5,2,4094,3276,9591114,6028002,0,0,17.929],[6,2,1971,1656,9362181,7864872,0,0,19.625],[7,2,1196,1043,9212506,8556610,0,0,22.014],[8,2,880,786,9126796,8636543,0,0,22.711],[9,2,683,640,9074106,8546452,0,0,22.656],[10,2,562,530,9027390,8427202,0,0,20.640],[11,2,482,459,8989264,8302572,0,0,21.328],[12,2,406,398,8954364,8163059,0,0,20.245],[13,2,340,329,8823436,7979783,0,0,19.958],[14,2,284,280,8661873,7733498,0,0,20.462],[15,2,266,265,8652226,7400102,0,0,19.625],[16,2,248,246,8638696,6930257,0,0,17.757],[17,2,226,223,8585200,6273265,0,0,16.397],[18,2,211,209,8565352,5422109,0,0,14.659],[19,2,183,183,8507628,4365365,0,0,12.832],[20,2,162,162,8460115,3230210,0,0,10.699],[21,2,145,144,8362256,2162170,0,0,7.736],[22,2,131,131,8310741,1307869,0,0,6.308],[23,2,113,113,8120189,682893,0,0,4.649],[24,2,96,96,7857165,287270,0,0,3.524],[25,2,80,80,7459000,96206,0,0,2.652],[26,2,62,62,6909684,24856,0,0,2.157],[27,2,38,38,5759115,2808,0,0,1.717],[28,0,0,0,0,0,0,0,0.000]],"per_size_residue":[[3,1,27166,24078,10061047,1916840,1916155,26749,45.121],[4,1,10017,8152,9846800,3532362,3531453,9580,41.104],[5,1,4094,3276,9591114,6028002,6027540,3833,44.815],[6,1,1971,1656,9362181,7864872,7864696,1903,40.522],[7,1,1196,1043,9212506,8556610,8556528,1170,37.555],[8,1,880,786,9126796,8636543,8636510,870,38.073],[9,1,683,640,9074106,8546452,8546352,669,36.897],[10,1,562,530,9027390,8427202,8427129,549,33.932],[11,1,482,459,8989264,8302572,8302539,469,35.168],[12,1,406,398,8954364,8163059,8163059,406,33.139],[13,1,340,329,8823436,7979783,7979783,340,31.832],[14,1,284,280,8661873,7733498,7733498,284,31.438],[15,1,266,265,8652226,7400102,7400102,266,31.329],[16,1,248,246,8638696,6930257,6930257,248,30.055],[17,1,226,223,8585200,6273265,6273265,226,29.991],[18,1,211,209,8565352,5422109,5422109,211,29.792],[19,1,183,183,8507628,4365365,4365365,183,29.112],[20,1,162,162,8460115,3230210,3230210,162,28.244],[21,1,145,144,8362256,2162170,2162170,145,25.039],[22,1,131,131,8310741,1307869,1307869,131,21.553],[23,1,113,113,8120189,682893,682893,113,18.108],[24,1,96,96,7857165,287270,287270,96,16.323],[25,1,80,80,7459000,96206,96206,80,15.381],[26,1,62,62,6909684,24856,24856,62,12.214],[27,1,38,38,5759115,2808,2808,38,8.615],[28,0,0,0,0,0,0,0,0.000]],"per_size_full":[[3,2,27166,24078,10061047,1916840,0,0,19.051],[4,2,10017,8152,9846800,3532362,0,0,14.825],[5,2,4094,3276,9591114,6028002,0,0,18.308],[6,2,1971,1656,9362181,7864872,0,0,19.599],[7,2,1196,1043,9212506,8556610,0,0,22.277],[8,2,880,786,9126796,8636543,0,0,22.969],[9,2,683,640,9074106,8546452,0,0,22.904],[10,2,562,530,9027390,8427202,0,0,20.959],[11,2,482,459,8989264,8302572,0,0,21.524],[12,2,406,398,8954364,8163059,0,0,20.442],[13,2,340,329,8823436,7979783,0,0,19.907],[14,2,284,280,8661873,7733498,0,0,20.092],[15,2,266,265,8652226,7400102,0,0,19.343],[16,2,248,246,8638696,6930257,0,0,17.843],[17,2,226,223,8585200,6273265,0,0,17.475],[18,2,211,209,8565352,5422109,0,0,15.319],[19,2,183,183,8507628,4365365,0,0,13.433],[20,2,162,162,8460115,3230210,0,0,10.879],[21,2,145,144,8362256,2162170,0,0,8.024],[22,2,131,131,8310741,1307869,0,0,6.625],[23,2,113,113,8120189,682893,0,0,4.783],[24,2,96,96,7857165,287270,0,0,3.474],[25,2,80,80,7459000,96206,0,0,2.771],[26,2,62,62,6909684,24856,0,0,2.253],[27,2,38,38,5759115,2808,0,0,1.602],[28,0,0,0,0,0,0,0,0.000]]}
        3.07 real         3.00 user         0.05 sys
           342327296  maximum resident set size
                   0  average shared memory size
                   0  average unshared data size
                   0  average unshared stack size
               21087  page reclaims
                   1  page faults
                   0  swaps
                   0  block input operations
                   0  block output operations
                   0  messages sent
                   0  messages received
                   0  signals received
                   2  voluntary context switches
                1013  involuntary context switches
         48516955938  instructions retired
         13216680781  cycles elapsed
           341885576  peak memory footprint
