$ /usr/bin/time -l /Users/zhangwenqian/UNSW/pivoter/research/r1_skyline_index_20260918/build/tail_check --graph /Users/zhangwenqian/UNSW/pivoter/graphs/soc-Epinions1.edges
{"graph":"soc-Epinions1.edges","n":75879,"m":405740,"d":67,"rows":2287595,"incidences":19800202,"bits":64,"sizes":23,"identical":true,"terminal_ms":627.693,"tail_ms":651.037,"residue_ms":1555.372,"fullpeel_ms":651.200,"notail_ms":648.920,"tail_upper_ms":7.292,"tail_mark_ms":0.001,"tail_init_ms":181.456,"tail_peel_ms":443.254,"tail_order_ms":1.185,"tail_residue_sizes":0,"tail_full_sizes":21,"tail_aborted_marks":0,"active_pairs":77715,"residue_pairs":61038,"closed_sizes":0,"last_residue_size":23,"valid_incidences_active_sizes":144622587,"relevant_incidences":144610197,"tail_events":77715,"fullpeel_events":77715,"per_size_tail":[[3,2,27149,19946,19712880,5635942,0,0,35.182],[4,2,14499,10954,19656916,11405888,0,0,52.734],[5,2,9380,7425,19600225,15513247,0,0,64.177],[6,2,6441,5335,19527181,16764787,0,0,67.505],[7,2,4806,4053,19424908,16088839,0,0,64.564],[8,2,3629,3151,19263216,14641725,0,0,57.844],[9,2,2801,2454,19039944,12985407,0,0,50.929],[10,2,2153,1816,18745227,11317653,0,0,43.056],[11,2,1623,1385,18390914,9669903,0,0,37.507],[12,2,1282,1067,17930322,8071207,0,0,33.071],[13,2,997,842,17240949,6558103,0,0,27.889],[14,2,754,655,16179990,5175683,0,0,22.510],[15,2,570,485,15541604,3951915,0,0,17.492],[16,2,418,373,14564678,2878890,0,0,14.280],[17,2,346,303,13804050,1931706,0,0,11.370],[18,2,263,237,12681479,1164139,0,0,9.805],[19,2,217,194,11606452,596815,0,0,7.733],[20,2,152,131,10477618,216245,0,0,6.122],[21,2,110,110,9896694,47945,0,0,5.195],[22,2,83,82,8626391,6134,0,0,3.557],[23,2,42,40,6495848,414,0,0,2.615],[24,0,0,0,0,0,0,0,0.000]],"per_size_residue":[[3,1,27149,19946,19712880,5635942,5634229,26258,104.451],[4,1,14499,10954,19656916,11405888,11404181,13838,125.195],[5,1,9380,7425,19600225,15513247,15511848,8969,129.134],[6,1,6441,5335,19527181,16764787,16763589,6160,121.502],[7,1,4806,4053,19424908,16088839,16087804,4611,116.076],[8,1,3629,3151,19263216,14641725,14640942,3547,109.268],[9,1,2801,2454,19039944,12985407,12984808,2732,102.114],[10,1,2153,1816,18745227,11317653,11316862,2082,98.016],[11,1,1623,1385,18390914,9669903,9669157,1597,96.019],[12,1,1282,1067,17930322,8071207,8070602,1229,81.712],[13,1,997,842,17240949,6558103,6557617,966,74.217],[14,1,754,655,16179990,5175683,5175287,720,64.577],[15,1,570,485,15541604,3951915,3951631,538,56.662],[16,1,418,373,14564678,2878890,2878664,416,49.954],[17,1,346,303,13804050,1931706,1931526,328,45.866],[18,1,263,237,12681479,1164139,1163974,256,40.128],[19,1,217,194,11606452,596815,596758,195,34.187],[20,1,152,131,10477618,216245,216225,132,29.123],[21,1,110,110,9896694,47945,47945,110,25.611],[22,1,83,82,8626391,6134,6134,83,20.162],[23,1,42,40,6495848,414,414,42,15.689],[24,0,0,0,0,0,0,0,0.000]],"per_size_full":[[3,2,27149,19946,19712880,5635942,0,0,36.347],[4,2,14499,10954,19656916,11405888,0,0,51.749],[5,2,9380,7425,19600225,15513247,0,0,64.597],[6,2,6441,5335,19527181,16764787,0,0,65.626],[7,2,4806,4053,19424908,16088839,0,0,64.352],[8,2,3629,3151,19263216,14641725,0,0,57.511],[9,2,2801,2454,19039944,12985407,0,0,51.052],[10,2,2153,1816,18745227,11317653,0,0,43.153],[11,2,1623,1385,18390914,9669903,0,0,39.622],[12,2,1282,1067,17930322,8071207,0,0,32.387],[13,2,997,842,17240949,6558103,0,0,28.028],[14,2,754,655,16179990,5175683,0,0,22.596],[15,2,570,485,15541604,3951915,0,0,17.194],[16,2,418,373,14564678,2878890,0,0,13.847],[17,2,346,303,13804050,1931706,0,0,12.034],[18,2,263,237,12681479,1164139,0,0,9.521],[19,2,217,194,11606452,596815,0,0,7.747],[20,2,152,131,10477618,216245,0,0,6.522],[21,2,110,110,9896694,47945,0,0,5.080],[22,2,83,82,8626391,6134,0,0,3.758],[23,2,42,40,6495848,414,0,0,2.646],[24,0,0,0,0,0,0,0,0.000]]}
        6.05 real         5.93 user         0.09 sys
           693092352  maximum resident set size
                   0  average shared memory size
                   0  average unshared data size
                   0  average unshared stack size
               42496  page reclaims
                   1  page faults
                   0  swaps
                   0  block input operations
                   0  block output operations
                   0  messages sent
                   0  messages received
                   0  signals received
                   0  voluntary context switches
                1979  involuntary context switches
         79799442672  instructions retired
         26021981949  cycles elapsed
           692831120  peak memory footprint
