$ /usr/bin/time -v /data/wenqianz/pivoter_repo/research/r1_skyline_index_20260918/build/chain_index_tool --bench /data/wenqianz/graphs/ca-CondMat.edges /data/wenqianz/pivoter_repo/research/r1_skyline_index_20260918/cx/ca-CondMat.cx
{"passed":true,"n":23133,"m":93439,"s_max":26,"count_bits":64,"chains":1917,"canonical_nodes":3357,"max_depth":105,"pairs_total":8693,"runs_total":3647,"vertex_pairs":103768,"vertex_residue_cells":9756,"baseline_vertex_bytes":1299206,"bytes_map":12020,"bytes_chains":61272,"bytes_layers":104282,"bytes_total":177574,"file_bytes":165284,"perm_bytes":92532,"slice_bytes_layers":115340,"slice_bytes_total":204208,"solve_ms":18.389,"trees_ms":32.923,"chains_ms":0.157,"layout_ms":0.903,"build_ms":52.667,"compact_ms":0.128,"save_ms":0.667,"load_ms":0.080,"ti_ms":25.234,"ti_bytes":2550144,"rss_start":8560640,"rss_after_solve":12861440,"rss_after_chains":12861440,"rss_after_layout":12861440,"slice_range_own_ns":1185.566,"slice_range_half_ns":1323.042,"slice_range_root_ns":1473.032,"slice_explicit_own_ns":2875.214,"slice_explicit_half_ns":3389.657,"slice_explicit_root_ns":3881.825,"slice_own_ranges":165.217,"slice_half_ranges":181.455,"slice_root_ranges":215.963,"full_bytes_total":196664,"full_bytes_layers":123372,"full_range_own_ns":89.387,"full_range_half_ns":109.511,"full_range_root_ns":107.978,"full_explicit_own_ns":1688.817,"full_climb_own_ns":11.184,"full_climb_half_ns":26.228,"full_climb_root_ns":10.365,"full_ptr_own_ns":16.556,"full_ptr_half_ns":30.227,"full_ptr_root_ns":12.953,"full_value_ns":14.666,"climb_own_ns":16.739,"climb_half_ns":35.162,"climb_root_ns":16.447,"slice_climb_own_ns":11.162,"slice_climb_half_ns":26.418,"slice_climb_root_ns":12.244,"ptr_own_ns":20.592,"ptr_half_ns":38.704,"ptr_root_ns":18.771,"ptr_checksum":234146834,"range_own_ns":91.921,"range_half_ns":112.219,"range_root_ns":112.254,"explicit_own_ns":1692.017,"explicit_half_ns":2104.837,"explicit_root_ns":2551.088,"own_output":9997.968,"half_output":12009.245,"root_output":14399.647,"own_ranges":165.217,"half_ranges":181.455,"root_ranges":215.963,"own_chains":165.217,"half_chains":181.455,"root_chains":215.963,"value_ns":14.369,"value_checksum":0}
	Command being timed: "/data/wenqianz/pivoter_repo/research/r1_skyline_index_20260918/build/chain_index_tool --bench /data/wenqianz/graphs/ca-CondMat.edges /data/wenqianz/pivoter_repo/research/r1_skyline_index_20260918/cx/ca-CondMat.cx"
	User time (seconds): 2.01
	System time (seconds): 0.00
	Percent of CPU this job got: 99%
	Elapsed (wall clock) time (h:mm:ss or m:ss): 0:02.02
	Average shared text size (kbytes): 0
	Average unshared data size (kbytes): 0
	Average stack size (kbytes): 0
	Average total size (kbytes): 0
	Maximum resident set size (kbytes): 14568
	Average resident set size (kbytes): 0
	Major (requiring I/O) page faults: 0
	Minor (reclaiming a frame) page faults: 4460
	Voluntary context switches: 2
	Involuntary context switches: 2
	Swaps: 0
	File system inputs: 1928
	File system outputs: 512
	Socket messages sent: 0
	Socket messages received: 0
	Signals delivered: 0
	Page size (bytes): 4096
	Exit status: 0
