$ /usr/bin/time -v /data/wenqianz/pivoter_repo/research/r1_skyline_index_20260918/build/chain_index_tool --bench /data/wenqianz/graphs/ca-GrQc.edges /data/wenqianz/pivoter_repo/research/r1_skyline_index_20260918/cx/ca-GrQc.cx
{"passed":true,"n":5242,"m":14484,"s_max":44,"count_bits":64,"chains":716,"canonical_nodes":1517,"max_depth":26,"pairs_total":2079,"runs_total":638,"vertex_pairs":20045,"vertex_residue_cells":1058,"baseline_vertex_bytes":272564,"bytes_map":3856,"bytes_chains":17321,"bytes_layers":40263,"bytes_total":61440,"file_bytes":57248,"perm_bytes":20968,"slice_bytes_layers":44724,"slice_bytes_total":66904,"solve_ms":5.328,"trees_ms":10.505,"chains_ms":0.049,"layout_ms":0.394,"build_ms":16.398,"compact_ms":0.059,"save_ms":0.162,"load_ms":0.061,"ti_ms":6.231,"ti_bytes":385400,"rss_start":4812800,"rss_after_solve":5967872,"rss_after_chains":5967872,"rss_after_layout":5967872,"slice_range_own_ns":293.305,"slice_range_half_ns":336.124,"slice_range_root_ns":340.192,"slice_explicit_own_ns":490.923,"slice_explicit_half_ns":579.105,"slice_explicit_root_ns":592.545,"slice_own_ranges":14.645,"slice_half_ranges":16.439,"slice_root_ranges":19.222,"full_bytes_total":69101,"full_bytes_layers":47924,"full_range_own_ns":49.249,"full_range_half_ns":55.029,"full_range_root_ns":39.853,"full_explicit_own_ns":232.054,"full_climb_own_ns":14.215,"full_climb_half_ns":20.717,"full_climb_root_ns":9.706,"full_ptr_own_ns":22.051,"full_ptr_half_ns":27.295,"full_ptr_root_ns":13.562,"full_value_ns":18.504,"climb_own_ns":21.277,"climb_half_ns":29.035,"climb_root_ns":18.489,"slice_climb_own_ns":14.059,"slice_climb_half_ns":20.531,"slice_climb_root_ns":10.634,"ptr_own_ns":27.808,"ptr_half_ns":34.148,"ptr_root_ns":19.862,"ptr_checksum":495529546,"range_own_ns":50.064,"range_half_ns":57.255,"range_root_ns":45.210,"explicit_own_ns":233.648,"explicit_half_ns":283.938,"explicit_root_ns":288.300,"own_output":1658.451,"half_output":2107.554,"root_output":2208.643,"own_ranges":14.645,"half_ranges":16.439,"root_ranges":19.222,"own_chains":14.645,"half_chains":16.439,"root_chains":19.222,"value_ns":18.436,"value_checksum":0}
	Command being timed: "/data/wenqianz/pivoter_repo/research/r1_skyline_index_20260918/build/chain_index_tool --bench /data/wenqianz/graphs/ca-GrQc.edges /data/wenqianz/pivoter_repo/research/r1_skyline_index_20260918/cx/ca-GrQc.cx"
	User time (seconds): 0.45
	System time (seconds): 0.00
	Percent of CPU this job got: 99%
	Elapsed (wall clock) time (h:mm:ss or m:ss): 0:00.46
	Average shared text size (kbytes): 0
	Average unshared data size (kbytes): 0
	Average stack size (kbytes): 0
	Average total size (kbytes): 0
	Maximum resident set size (kbytes): 10188
	Average resident set size (kbytes): 0
	Major (requiring I/O) page faults: 0
	Minor (reclaiming a frame) page faults: 2879
	Voluntary context switches: 1
	Involuntary context switches: 2
	Swaps: 0
	File system inputs: 0
	File system outputs: 160
	Socket messages sent: 0
	Socket messages received: 0
	Signals delivered: 0
	Page size (bytes): 4096
	Exit status: 0
