$ /usr/bin/time -v /data/wenqianz/pivoter_repo/research/r1_skyline_index_20260918/build/chain_index_tool --bench /data/wenqianz/graphs/ca-HepPh.edges /data/wenqianz/pivoter_repo/research/r1_skyline_index_20260918/cx/ca-HepPh.cx
{"passed":true,"n":12008,"m":118489,"s_max":239,"count_bits":256,"chains":1136,"canonical_nodes":3538,"max_depth":131,"pairs_total":8468,"runs_total":4968,"vertex_pairs":172963,"vertex_residue_cells":6004,"baseline_vertex_bytes":1899628,"bytes_map":6808,"bytes_chains":52117,"bytes_layers":134149,"bytes_total":193074,"file_bytes":188793,"perm_bytes":48032,"slice_bytes_layers":118784,"slice_bytes_total":186952,"solve_ms":375.179,"trees_ms":183.767,"chains_ms":0.220,"layout_ms":1.800,"build_ms":563.079,"compact_ms":0.158,"save_ms":0.815,"load_ms":0.221,"ti_ms":100.737,"ti_bytes":3223068,"rss_start":9285632,"rss_after_solve":18157568,"rss_after_chains":18157568,"rss_after_layout":18157568,"slice_range_own_ns":1000.735,"slice_range_half_ns":1081.208,"slice_range_root_ns":1217.753,"slice_explicit_own_ns":1784.034,"slice_explicit_half_ns":2009.079,"slice_explicit_root_ns":2332.775,"slice_own_ranges":129.600,"slice_half_ranges":136.773,"slice_root_ranges":169.156,"full_bytes_total":199637,"full_bytes_layers":140712,"full_range_own_ns":92.081,"full_range_half_ns":93.694,"full_range_root_ns":91.563,"full_explicit_own_ns":677.795,"full_climb_own_ns":11.232,"full_climb_half_ns":23.712,"full_climb_root_ns":10.617,"full_ptr_own_ns":15.805,"full_ptr_half_ns":27.511,"full_ptr_root_ns":14.438,"full_value_ns":19.858,"climb_own_ns":18.171,"climb_half_ns":30.203,"climb_root_ns":17.717,"slice_climb_own_ns":13.766,"slice_climb_half_ns":29.495,"slice_climb_root_ns":10.737,"ptr_own_ns":22.117,"ptr_half_ns":33.459,"ptr_root_ns":19.262,"ptr_checksum":178899524,"range_own_ns":80.981,"range_half_ns":92.710,"range_root_ns":91.051,"explicit_own_ns":679.878,"explicit_half_ns":801.226,"explicit_root_ns":963.379,"own_output":5326.743,"half_output":6258.246,"root_output":7438.709,"own_ranges":129.600,"half_ranges":136.773,"root_ranges":169.156,"own_chains":129.600,"half_chains":136.773,"root_chains":169.156,"value_ns":20.131,"value_checksum":0}
	Command being timed: "/data/wenqianz/pivoter_repo/research/r1_skyline_index_20260918/build/chain_index_tool --bench /data/wenqianz/graphs/ca-HepPh.edges /data/wenqianz/pivoter_repo/research/r1_skyline_index_20260918/cx/ca-HepPh.cx"
	User time (seconds): 1.82
	System time (seconds): 0.01
	Percent of CPU this job got: 99%
	Elapsed (wall clock) time (h:mm:ss or m:ss): 0:01.83
	Average shared text size (kbytes): 0
	Average unshared data size (kbytes): 0
	Average stack size (kbytes): 0
	Average total size (kbytes): 0
	Maximum resident set size (kbytes): 18668
	Average resident set size (kbytes): 0
	Major (requiring I/O) page faults: 0
	Minor (reclaiming a frame) page faults: 5560
	Voluntary context switches: 2
	Involuntary context switches: 2
	Swaps: 0
	File system inputs: 2112
	File system outputs: 472
	Socket messages sent: 0
	Socket messages received: 0
	Signals delivered: 0
	Page size (bytes): 4096
	Exit status: 0
