$ /usr/bin/time -v /data/wenqianz/pivoter_repo/research/r1_skyline_index_20260918/build/chain_index_tool --bench /data/wenqianz/graphs/ca-MathSciNet.edges /data/wenqianz/pivoter_repo/research/r1_skyline_index_20260918/cx/ca-MathSciNet.cx
{"passed":true,"n":332689,"m":820644,"s_max":25,"count_bits":64,"chains":15869,"canonical_nodes":22283,"max_depth":82,"pairs_total":59270,"runs_total":21577,"vertex_pairs":764410,"vertex_residue_cells":140126,"baseline_vertex_bytes":12339606,"bytes_map":125872,"bytes_chains":441265,"bytes_layers":667113,"bytes_total":1234250,"file_bytes":1146215,"perm_bytes":1330756,"slice_bytes_layers":771872,"slice_bytes_total":1412164,"solve_ms":200.340,"trees_ms":350.949,"chains_ms":1.774,"layout_ms":5.474,"build_ms":559.269,"compact_ms":0.623,"save_ms":1.166,"load_ms":0.340,"ti_ms":235.372,"ti_bytes":29464704,"rss_start":57815040,"rss_after_solve":106180608,"rss_after_chains":106180608,"rss_after_layout":106180608,"slice_range_own_ns":16500.772,"slice_range_half_ns":17945.545,"slice_range_root_ns":18870.112,"slice_explicit_own_ns":36259.168,"slice_explicit_half_ns":43892.619,"slice_explicit_root_ns":46545.846,"slice_own_ranges":540.500,"slice_half_ranges":608.059,"slice_root_ranges":659.310,"full_bytes_total":1363869,"full_bytes_layers":796732,"full_range_own_ns":217.132,"full_range_half_ns":240.719,"full_range_root_ns":250.518,"full_explicit_own_ns":18667.485,"full_climb_own_ns":13.403,"full_climb_half_ns":21.218,"full_climb_root_ns":10.852,"full_ptr_own_ns":19.052,"full_ptr_half_ns":23.531,"full_ptr_root_ns":13.969,"full_value_ns":16.959,"climb_own_ns":18.222,"climb_half_ns":26.855,"climb_root_ns":16.465,"slice_climb_own_ns":13.165,"slice_climb_half_ns":19.451,"slice_climb_root_ns":10.943,"ptr_own_ns":23.244,"ptr_half_ns":30.287,"ptr_root_ns":18.635,"ptr_checksum":7551430442,"range_own_ns":217.831,"range_half_ns":242.549,"range_root_ns":250.323,"explicit_own_ns":18635.066,"explicit_half_ns":24046.515,"explicit_root_ns":25921.293,"own_output":187417.687,"half_output":236492.398,"root_output":255395.427,"own_ranges":540.500,"half_ranges":608.059,"root_ranges":659.310,"own_chains":540.500,"half_chains":608.059,"root_chains":659.310,"value_ns":16.936,"value_checksum":0}
	Command being timed: "/data/wenqianz/pivoter_repo/research/r1_skyline_index_20260918/build/chain_index_tool --bench /data/wenqianz/graphs/ca-MathSciNet.edges /data/wenqianz/pivoter_repo/research/r1_skyline_index_20260918/cx/ca-MathSciNet.cx"
	User time (seconds): 23.10
	System time (seconds): 0.06
	Percent of CPU this job got: 99%
	Elapsed (wall clock) time (h:mm:ss or m:ss): 0:23.17
	Average shared text size (kbytes): 0
	Average unshared data size (kbytes): 0
	Average stack size (kbytes): 0
	Average total size (kbytes): 0
	Maximum resident set size (kbytes): 103692
	Average resident set size (kbytes): 0
	Major (requiring I/O) page faults: 0
	Minor (reclaiming a frame) page faults: 34976
	Voluntary context switches: 2
	Involuntary context switches: 47
	Swaps: 0
	File system inputs: 20480
	File system outputs: 4840
	Socket messages sent: 0
	Socket messages received: 0
	Signals delivered: 0
	Page size (bytes): 4096
	Exit status: 0
