$ /usr/bin/time -v /data/wenqianz/pivoter_repo/research/r1_skyline_index_20260918/build/chain_index_tool --bench /data/wenqianz/graphs/com-lj.edges /data/wenqianz/pivoter_repo/research/r1_skyline_index_20260918/cx/com-lj.cx
member ID overflow
Command exited with non-zero status 1
	Command being timed: "/data/wenqianz/pivoter_repo/research/r1_skyline_index_20260918/build/chain_index_tool --bench /data/wenqianz/graphs/com-lj.edges /data/wenqianz/pivoter_repo/research/r1_skyline_index_20260918/cx/com-lj.cx"
	User time (seconds): 231.04
	System time (seconds): 21.50
	Percent of CPU this job got: 99%
	Elapsed (wall clock) time (h:mm:ss or m:ss): 4:12.55
	Average shared text size (kbytes): 0
	Average unshared data size (kbytes): 0
	Average stack size (kbytes): 0
	Average total size (kbytes): 0
	Maximum resident set size (kbytes): 37633336
	Average resident set size (kbytes): 0
	Major (requiring I/O) page faults: 0
	Minor (reclaiming a frame) page faults: 15649261
	Voluntary context switches: 1
	Involuntary context switches: 611
	Swaps: 0
	File system inputs: 980776
	File system outputs: 0
	Socket messages sent: 0
	Socket messages received: 0
	Signals delivered: 0
	Page size (bytes): 4096
	Exit status: 1
