$ /usr/bin/time -v /data/wenqianz/pivoter_repo/research/r1_skyline_index_20260918/build/chain_index_tool --bench /data/wenqianz/graphs/com-dblp.edges /data/wenqianz/pivoter_repo/research/r1_skyline_index_20260918/cx/com-dblp.cx
{"passed":true,"n":317080,"m":1049866,"s_max":114,"count_bits":128,"chains":13459,"canonical_nodes":33979,"max_depth":157,"pairs_total":70208,"runs_total":28805,"vertex_pairs":1246933,"vertex_residue_cells":84010,"baseline_vertex_bytes":16710168,"bytes_map":113304,"bytes_chains":460177,"bytes_layers":1068500,"bytes_total":1641981,"file_bytes":1510811,"perm_bytes":1268320,"slice_bytes_layers":1096328,"slice_bytes_total":1729876,"solve_ms":859.900,"trees_ms":892.461,"chains_ms":1.871,"layout_ms":9.334,"build_ms":1764.737,"compact_ms":0.766,"save_ms":1.470,"load_ms":0.533,"ti_ms":309.723,"ti_bytes":29113540,"rss_start":52846592,"rss_after_solve":118624256,"rss_after_chains":118624256,"rss_after_layout":118624256,"slice_range_own_ns":13639.352,"slice_range_half_ns":15192.472,"slice_range_root_ns":17468.870,"slice_explicit_own_ns":46641.572,"slice_explicit_half_ns":55251.637,"slice_explicit_root_ns":64170.948,"slice_own_ranges":872.640,"slice_half_ranges":952.139,"slice_root_ranges":1241.646,"full_bytes_total":1756237,"full_bytes_layers":1182756,"full_range_own_ns":346.442,"full_range_half_ns":386.489,"full_range_root_ns":482.197,"full_explicit_own_ns":31269.463,"full_climb_own_ns":12.611,"full_climb_half_ns":26.780,"full_climb_root_ns":11.967,"full_ptr_own_ns":19.689,"full_ptr_half_ns":31.634,"full_ptr_root_ns":13.287,"full_value_ns":15.742,"climb_own_ns":20.155,"climb_half_ns":34.323,"climb_root_ns":17.435,"slice_climb_own_ns":13.390,"slice_climb_half_ns":26.050,"slice_climb_root_ns":11.002,"ptr_own_ns":24.281,"ptr_half_ns":38.280,"ptr_root_ns":20.095,"ptr_checksum":4643884162,"range_own_ns":344.074,"range_half_ns":390.753,"range_root_ns":480.444,"explicit_own_ns":31055.445,"explicit_half_ns":37771.775,"explicit_root_ns":44102.206,"own_output":164797.759,"half_output":199756.685,"root_output":229666.790,"own_ranges":872.640,"half_ranges":952.139,"root_ranges":1241.646,"own_chains":872.640,"half_chains":952.139,"root_chains":1241.646,"value_ns":15.764,"value_checksum":0}
	Command being timed: "/data/wenqianz/pivoter_repo/research/r1_skyline_index_20260918/build/chain_index_tool --bench /data/wenqianz/graphs/com-dblp.edges /data/wenqianz/pivoter_repo/research/r1_skyline_index_20260918/cx/com-dblp.cx"
	User time (seconds): 31.34
	System time (seconds): 0.06
	Percent of CPU this job got: 99%
	Elapsed (wall clock) time (h:mm:ss or m:ss): 0:31.40
	Average shared text size (kbytes): 0
	Average unshared data size (kbytes): 0
	Average stack size (kbytes): 0
	Average total size (kbytes): 0
	Maximum resident set size (kbytes): 115844
	Average resident set size (kbytes): 0
	Major (requiring I/O) page faults: 0
	Minor (reclaiming a frame) page faults: 40776
	Voluntary context switches: 1
	Involuntary context switches: 27
	Swaps: 0
	File system inputs: 0
	File system outputs: 5432
	Socket messages sent: 0
	Socket messages received: 0
	Signals delivered: 0
	Page size (bytes): 4096
	Exit status: 0
