$ /usr/bin/time -v /data/wenqianz/pivoter_repo/research/r1_skyline_index_20260918/build/chain_index_tool --bench /data/wenqianz/graphs/dblp-core30.edges /data/wenqianz/pivoter_repo/research/r1_skyline_index_20260918/cx/dblp-core30.cx
{"passed":true,"n":1206,"m":31769,"s_max":114,"count_bits":128,"chains":35,"canonical_nodes":1380,"max_depth":8,"pairs_total":1448,"runs_total":523,"vertex_pairs":61723,"vertex_residue_cells":42,"baseline_vertex_bytes":549992,"bytes_map":376,"bytes_chains":6949,"bytes_layers":42789,"bytes_total":50114,"file_bytes":49340,"perm_bytes":4824,"slice_bytes_layers":38912,"slice_bytes_total":45844,"solve_ms":15.451,"trees_ms":23.655,"chains_ms":0.044,"layout_ms":0.256,"build_ms":39.613,"compact_ms":0.061,"save_ms":0.161,"load_ms":0.096,"ti_ms":6.572,"ti_bytes":320852,"rss_start":4435968,"rss_after_solve":5611520,"rss_after_chains":5611520,"rss_after_layout":5611520,"slice_range_own_ns":27.994,"slice_range_half_ns":28.949,"slice_range_root_ns":25.825,"slice_explicit_own_ns":49.327,"slice_explicit_half_ns":51.658,"slice_explicit_root_ns":52.845,"slice_own_ranges":1.219,"slice_half_ranges":1.253,"slice_root_ranges":1.645,"full_bytes_total":51053,"full_bytes_layers":43728,"full_range_own_ns":34.623,"full_range_half_ns":36.513,"full_range_root_ns":32.778,"full_explicit_own_ns":54.726,"full_climb_own_ns":11.338,"full_climb_half_ns":12.504,"full_climb_root_ns":9.280,"full_ptr_own_ns":19.869,"full_ptr_half_ns":20.617,"full_ptr_root_ns":14.720,"full_value_ns":29.058,"climb_own_ns":16.847,"climb_half_ns":18.228,"climb_root_ns":14.440,"slice_climb_own_ns":11.404,"slice_climb_half_ns":12.789,"slice_climb_root_ns":10.217,"ptr_own_ns":25.088,"ptr_half_ns":26.387,"ptr_root_ns":16.297,"ptr_checksum":3179924,"range_own_ns":39.658,"range_half_ns":41.237,"range_root_ns":37.558,"explicit_own_ns":58.489,"explicit_half_ns":59.912,"explicit_root_ns":55.087,"own_output":75.727,"half_output":82.803,"root_output":104.879,"own_ranges":1.219,"half_ranges":1.253,"root_ranges":1.645,"own_chains":1.219,"half_chains":1.253,"root_chains":1.645,"value_ns":28.940,"value_checksum":0}
	Command being timed: "/data/wenqianz/pivoter_repo/research/r1_skyline_index_20260918/build/chain_index_tool --bench /data/wenqianz/graphs/dblp-core30.edges /data/wenqianz/pivoter_repo/research/r1_skyline_index_20260918/cx/dblp-core30.cx"
	User time (seconds): 0.24
	System time (seconds): 0.00
	Percent of CPU this job got: 100%
	Elapsed (wall clock) time (h:mm:ss or m:ss): 0:00.24
	Average shared text size (kbytes): 0
	Average unshared data size (kbytes): 0
	Average stack size (kbytes): 0
	Average total size (kbytes): 0
	Maximum resident set size (kbytes): 10220
	Average resident set size (kbytes): 0
	Major (requiring I/O) page faults: 0
	Minor (reclaiming a frame) page faults: 2598
	Voluntary context switches: 2
	Involuntary context switches: 0
	Swaps: 0
	File system inputs: 504
	File system outputs: 120
	Socket messages sent: 0
	Socket messages received: 0
	Signals delivered: 0
	Page size (bytes): 4096
	Exit status: 0
