$ /usr/bin/time -v /data/wenqianz/pivoter_repo/research/r1_skyline_index_20260918/build/chain_index_tool --bench /data/wenqianz/graphs/email-Eu-core.edges /data/wenqianz/pivoter_repo/research/r1_skyline_index_20260918/cx/email-Eu-core.cx
{"passed":true,"n":1005,"m":16064,"s_max":35,"count_bits":64,"chains":667,"canonical_nodes":2602,"max_depth":325,"pairs_total":6080,"runs_total":4423,"vertex_pairs":8032,"vertex_residue_cells":7045,"baseline_vertex_bytes":186738,"bytes_map":2868,"bytes_chains":47387,"bytes_layers":95335,"bytes_total":145590,"file_bytes":136689,"perm_bytes":4020,"slice_bytes_layers":86768,"slice_bytes_total":166432,"solve_ms":45.204,"trees_ms":49.640,"chains_ms":0.071,"layout_ms":1.057,"build_ms":96.139,"compact_ms":0.121,"save_ms":0.516,"load_ms":0.073,"ti_ms":93.466,"ti_bytes":5520444,"rss_start":10100736,"rss_after_solve":12779520,"rss_after_chains":12779520,"rss_after_layout":12779520,"slice_range_own_ns":991.636,"slice_range_half_ns":1064.758,"slice_range_root_ns":1047.940,"slice_explicit_own_ns":1423.915,"slice_explicit_half_ns":1499.178,"slice_explicit_root_ns":1481.758,"slice_own_ranges":285.112,"slice_half_ranges":287.644,"slice_root_ranges":276.802,"full_bytes_total":158767,"full_bytes_layers":108512,"full_range_own_ns":131.716,"full_range_half_ns":169.963,"full_range_root_ns":145.336,"full_explicit_own_ns":531.391,"full_climb_own_ns":8.070,"full_climb_half_ns":42.958,"full_climb_root_ns":16.983,"full_ptr_own_ns":10.551,"full_ptr_half_ns":47.279,"full_ptr_root_ns":20.628,"full_value_ns":18.880,"climb_own_ns":15.706,"climb_half_ns":56.696,"climb_root_ns":21.142,"slice_climb_own_ns":7.544,"slice_climb_half_ns":41.505,"slice_climb_root_ns":18.116,"ptr_own_ns":16.984,"ptr_half_ns":58.612,"ptr_root_ns":23.787,"ptr_checksum":27509364,"range_own_ns":130.626,"range_half_ns":176.798,"range_root_ns":144.778,"explicit_own_ns":532.131,"explicit_half_ns":579.431,"explicit_root_ns":545.712,"own_output":646.672,"half_output":678.913,"root_output":743.565,"own_ranges":285.112,"half_ranges":287.644,"root_ranges":276.802,"own_chains":285.112,"half_chains":287.644,"root_chains":276.802,"value_ns":18.476,"value_checksum":0}
	Command being timed: "/data/wenqianz/pivoter_repo/research/r1_skyline_index_20260918/build/chain_index_tool --bench /data/wenqianz/graphs/email-Eu-core.edges /data/wenqianz/pivoter_repo/research/r1_skyline_index_20260918/cx/email-Eu-core.cx"
	User time (seconds): 1.18
	System time (seconds): 0.00
	Percent of CPU this job got: 99%
	Elapsed (wall clock) time (h:mm:ss or m:ss): 0:01.18
	Average shared text size (kbytes): 0
	Average unshared data size (kbytes): 0
	Average stack size (kbytes): 0
	Average total size (kbytes): 0
	Maximum resident set size (kbytes): 16024
	Average resident set size (kbytes): 0
	Major (requiring I/O) page faults: 0
	Minor (reclaiming a frame) page faults: 4463
	Voluntary context switches: 3
	Involuntary context switches: 2
	Swaps: 0
	File system inputs: 240
	File system outputs: 280
	Socket messages sent: 0
	Socket messages received: 0
	Signals delivered: 0
	Page size (bytes): 4096
	Exit status: 0
