$ /usr/bin/time -v /data/wenqianz/pivoter_repo/research/r1_skyline_index_20260918/build/chain_index_tool --bench /data/wenqianz/graphs/soc-pokec-relationships.edges /data/wenqianz/pivoter_repo/research/r1_skyline_index_20260918/cx/soc-pokec-relationships.cx
{"passed":true,"n":1632803,"m":22301964,"s_max":48,"count_bits":64,"chains":383206,"canonical_nodes":67544,"max_depth":2413,"pairs_total":2375352,"runs_total":1212909,"vertex_pairs":5325365,"vertex_residue_cells":4369699,"baseline_vertex_bytes":101770646,"bytes_map":1838988,"bytes_chains":19247860,"bytes_layers":11304477,"bytes_total":32391325,"file_bytes":32123189,"perm_bytes":6531212,"slice_bytes_layers":11122464,"slice_bytes_total":44018876,"solve_ms":20219.926,"trees_ms":20047.034,"chains_ms":22.177,"layout_ms":340.208,"build_ms":40652.954,"compact_ms":27.993,"save_ms":17.380,"load_ms":8.091,"ti_ms":32664.143,"ti_bytes":1525656592,"rss_start":1753808896,"rss_after_solve":2064961536,"rss_after_chains":2038833152,"rss_after_layout":2038833152,"slice_range_own_ns":660984.818,"slice_range_half_ns":712803.849,"slice_range_root_ns":757643.048,"slice_explicit_own_ns":917679.620,"slice_explicit_half_ns":1012514.778,"slice_explicit_root_ns":1115332.582,"slice_own_ranges":40377.985,"slice_half_ranges":44650.304,"slice_root_ranges":51695.237,"full_bytes_total":32681728,"full_bytes_layers":11594880,"full_range_own_ns":44343.118,"full_range_half_ns":49991.268,"full_range_root_ns":59331.602,"full_explicit_own_ns":258740.246,"full_climb_own_ns":15.373,"full_climb_half_ns":50.217,"full_climb_root_ns":14.174,"full_ptr_own_ns":23.535,"full_ptr_half_ns":56.464,"full_ptr_root_ns":17.760,"full_value_ns":25.086,"climb_own_ns":22.709,"climb_half_ns":62.242,"climb_root_ns":21.568,"slice_climb_own_ns":15.429,"slice_climb_half_ns":50.097,"slice_climb_root_ns":13.903,"ptr_own_ns":26.953,"ptr_half_ns":64.588,"ptr_root_ns":25.482,"ptr_checksum":121890250036,"range_own_ns":44484.101,"range_half_ns":50166.809,"range_root_ns":59499.171,"explicit_own_ns":259252.477,"explicit_half_ns":302742.593,"explicit_root_ns":369050.184,"own_output":827192.154,"half_output":992601.992,"root_output":1240689.464,"own_ranges":40377.985,"half_ranges":44650.304,"root_ranges":51695.237,"own_chains":40377.985,"half_chains":44650.304,"root_chains":51695.237,"value_ns":24.821,"value_checksum":0}
	Command being timed: "/data/wenqianz/pivoter_repo/research/r1_skyline_index_20260918/build/chain_index_tool --bench /data/wenqianz/graphs/soc-pokec-relationships.edges /data/wenqianz/pivoter_repo/research/r1_skyline_index_20260918/cx/soc-pokec-relationships.cx"
	User time (seconds): 605.32
	System time (seconds): 11.86
	Percent of CPU this job got: 99%
	Elapsed (wall clock) time (h:mm:ss or m:ss): 10:17.21
	Average shared text size (kbytes): 0
	Average unshared data size (kbytes): 0
	Average stack size (kbytes): 0
	Average total size (kbytes): 0
	Maximum resident set size (kbytes): 2874560
	Average resident set size (kbytes): 0
	Major (requiring I/O) page faults: 0
	Minor (reclaiming a frame) page faults: 7138710
	Voluntary context switches: 1
	Involuntary context switches: 280
	Swaps: 0
	File system inputs: 603584
	File system outputs: 75504
	Socket messages sent: 0
	Socket messages received: 0
	Signals delivered: 0
	Page size (bytes): 4096
	Exit status: 0
