$ /usr/bin/time -v /data/wenqianz/pivoter_repo/research/r1_skyline_index_20260918/build/chain_index_tool --bench /data/wenqianz/graphs/web-it-2004.edges /data/wenqianz/pivoter_repo/research/r1_skyline_index_20260918/cx/web-it-2004.cx
{"passed":true,"n":509338,"m":7178413,"s_max":432,"count_bits":512,"chains":35402,"canonical_nodes":180627,"max_depth":49,"pairs_total":578915,"runs_total":228866,"vertex_pairs":12930655,"vertex_residue_cells":180151,"baseline_vertex_bytes":135833300,"bytes_map":237124,"bytes_chains":2835907,"bytes_layers":6793005,"bytes_total":9866036,"file_bytes":9161312,"perm_bytes":2037352,"slice_bytes_layers":6650708,"slice_bytes_total":9923116,"solve_ms":53014.912,"trees_ms":12064.132,"chains_ms":13.601,"layout_ms":71.237,"build_ms":65176.330,"compact_ms":3.911,"save_ms":5.403,"load_ms":2.884,"ti_ms":1351.921,"ti_bytes":92415220,"rss_start":180137984,"rss_after_solve":303824896,"rss_after_chains":303824896,"rss_after_layout":303824896,"slice_range_own_ns":7485.149,"slice_range_half_ns":9314.518,"slice_range_root_ns":10568.407,"slice_explicit_own_ns":21368.734,"slice_explicit_half_ns":26493.584,"slice_explicit_root_ns":30729.935,"slice_own_ranges":20.464,"slice_half_ranges":22.363,"slice_root_ranges":30.160,"full_bytes_total":9964963,"full_bytes_layers":6891932,"full_range_own_ns":96.141,"full_range_half_ns":130.501,"full_range_root_ns":75.447,"full_explicit_own_ns":13990.670,"full_climb_own_ns":19.229,"full_climb_half_ns":39.807,"full_climb_root_ns":13.444,"full_ptr_own_ns":27.547,"full_ptr_half_ns":51.630,"full_ptr_root_ns":21.423,"full_value_ns":19.367,"climb_own_ns":26.316,"climb_half_ns":39.493,"climb_root_ns":20.063,"slice_climb_own_ns":18.551,"slice_climb_half_ns":39.313,"slice_climb_root_ns":14.285,"ptr_own_ns":34.914,"ptr_half_ns":49.912,"ptr_root_ns":24.738,"ptr_checksum":8432393836,"range_own_ns":97.879,"range_half_ns":123.096,"range_root_ns":77.669,"explicit_own_ns":13963.315,"explicit_half_ns":17174.898,"explicit_root_ns":20105.520,"own_output":69216.332,"half_output":85170.888,"root_output":100103.856,"own_ranges":20.464,"half_ranges":22.363,"root_ranges":30.160,"own_chains":20.464,"half_chains":22.363,"root_chains":30.160,"value_ns":19.979,"value_checksum":0}
	Command being timed: "/data/wenqianz/pivoter_repo/research/r1_skyline_index_20260918/build/chain_index_tool --bench /data/wenqianz/graphs/web-it-2004.edges /data/wenqianz/pivoter_repo/research/r1_skyline_index_20260918/cx/web-it-2004.cx"
	User time (seconds): 61.26
	System time (seconds): 21.35
	Percent of CPU this job got: 99%
	Elapsed (wall clock) time (h:mm:ss or m:ss): 1:22.62
	Average shared text size (kbytes): 0
	Average unshared data size (kbytes): 0
	Average stack size (kbytes): 0
	Average total size (kbytes): 0
	Maximum resident set size (kbytes): 536536
	Average resident set size (kbytes): 0
	Major (requiring I/O) page faults: 0
	Minor (reclaiming a frame) page faults: 17381239
	Voluntary context switches: 2
	Involuntary context switches: 143
	Swaps: 0
	File system inputs: 189792
	File system outputs: 21880
	Socket messages sent: 0
	Socket messages received: 0
	Signals delivered: 0
	Page size (bytes): 4096
	Exit status: 0
