$ /usr/bin/time -v /data/wenqianz/pivoter_repo/research/r1_skyline_index_20260918/build/chain_index_tool --bench /data/wenqianz/graphs/web-uk-2005.edges /data/wenqianz/pivoter_repo/research/r1_skyline_index_20260918/cx/web-uk-2005.cx
{"passed":true,"n":129632,"m":11744049,"s_max":500,"count_bits":512,"chains":839,"canonical_nodes":126612,"max_depth":89,"pairs_total":127316,"runs_total":718,"vertex_pairs":23484939,"vertex_residue_cells":1,"baseline_vertex_bytes":199316948,"bytes_map":27676,"bytes_chains":521850,"bytes_layers":3543928,"bytes_total":4093454,"file_bytes":3607578,"perm_bytes":518528,"slice_bytes_layers":3547952,"slice_bytes_total":4094976,"solve_ms":49357.158,"trees_ms":17758.975,"chains_ms":10.902,"layout_ms":14.899,"build_ms":67153.745,"compact_ms":0.997,"save_ms":3.353,"load_ms":1.634,"ti_ms":2361.274,"ti_bytes":99656172,"rss_start":210472960,"rss_after_solve":310804480,"rss_after_chains":310804480,"rss_after_layout":310804480,"slice_range_own_ns":43.628,"slice_range_half_ns":46.886,"slice_range_root_ns":41.166,"slice_explicit_own_ns":422.729,"slice_explicit_half_ns":481.776,"slice_explicit_root_ns":550.035,"slice_own_ranges":1.000,"slice_half_ranges":1.000,"slice_root_ranges":1.000,"full_bytes_total":4104398,"full_bytes_layers":3554872,"full_range_own_ns":24.897,"full_range_half_ns":25.250,"full_range_root_ns":16.106,"full_explicit_own_ns":399.853,"full_climb_own_ns":8.664,"full_climb_half_ns":8.811,"full_climb_root_ns":6.773,"full_ptr_own_ns":17.108,"full_ptr_half_ns":16.628,"full_ptr_root_ns":9.491,"full_value_ns":145.355,"climb_own_ns":12.674,"climb_half_ns":13.005,"climb_root_ns":10.591,"slice_climb_own_ns":8.418,"slice_climb_half_ns":8.513,"slice_climb_root_ns":6.437,"ptr_own_ns":21.543,"ptr_half_ns":21.989,"ptr_root_ns":13.131,"ptr_checksum":327817808,"range_own_ns":31.272,"range_half_ns":31.736,"range_root_ns":20.178,"explicit_own_ns":404.763,"explicit_half_ns":447.121,"explicit_root_ns":519.643,"own_output":2100.051,"half_output":2394.162,"root_output":3032.684,"own_ranges":1.000,"half_ranges":1.000,"root_ranges":1.000,"own_chains":1.000,"half_chains":1.000,"root_chains":1.000,"value_ns":144.453,"value_checksum":0}
	Command being timed: "/data/wenqianz/pivoter_repo/research/r1_skyline_index_20260918/build/chain_index_tool --bench /data/wenqianz/graphs/web-uk-2005.edges /data/wenqianz/pivoter_repo/research/r1_skyline_index_20260918/cx/web-uk-2005.cx"
	User time (seconds): 74.96
	System time (seconds): 0.27
	Percent of CPU this job got: 99%
	Elapsed (wall clock) time (h:mm:ss or m:ss): 1:15.24
	Average shared text size (kbytes): 0
	Average unshared data size (kbytes): 0
	Average stack size (kbytes): 0
	Average total size (kbytes): 0
	Maximum resident set size (kbytes): 303520
	Average resident set size (kbytes): 0
	Major (requiring I/O) page faults: 0
	Minor (reclaiming a frame) page faults: 160905
	Voluntary context switches: 1
	Involuntary context switches: 111
	Swaps: 0
	File system inputs: 281216
	File system outputs: 8064
	Socket messages sent: 0
	Socket messages received: 0
	Signals delivered: 0
	Page size (bytes): 4096
	Exit status: 0
