$ /usr/bin/time -v /data/wenqianz/pivoter_repo/research/r1_skyline_index_20260918/build/chain_index_tool --bench /data/wenqianz/graphs/web-Stanford.edges /data/wenqianz/pivoter_repo/research/r1_skyline_index_20260918/cx/web-Stanford.cx
{"passed":true,"n":281903,"m":1992636,"s_max":72,"count_bits":64,"chains":17963,"canonical_nodes":53239,"max_depth":2138,"pairs_total":151364,"runs_total":97080,"vertex_pairs":1607989,"vertex_residue_cells":872260,"baseline_vertex_bytes":24853426,"bytes_map":124720,"bytes_chains":1315734,"bytes_layers":2112300,"bytes_total":3552754,"file_bytes":3342822,"perm_bytes":1127612,"slice_bytes_layers":1883192,"slice_bytes_total":3737596,"solve_ms":1779.484,"trees_ms":1913.569,"chains_ms":2.894,"layout_ms":25.596,"build_ms":3724.115,"compact_ms":2.066,"save_ms":2.448,"load_ms":1.017,"ti_ms":1400.654,"ti_bytes":121008860,"rss_start":177008640,"rss_after_solve":238620672,"rss_after_chains":238620672,"rss_after_layout":238891008,"slice_range_own_ns":13366.105,"slice_range_half_ns":15449.863,"slice_range_root_ns":17425.923,"slice_explicit_own_ns":25504.507,"slice_explicit_half_ns":30365.308,"slice_explicit_root_ns":35467.349,"slice_own_ranges":1217.450,"slice_half_ranges":1339.078,"slice_root_ranges":1776.453,"full_bytes_total":3708354,"full_bytes_layers":2267900,"full_range_own_ns":508.226,"full_range_half_ns":592.898,"full_range_root_ns":727.829,"full_explicit_own_ns":11550.413,"full_climb_own_ns":12.189,"full_climb_half_ns":41.046,"full_climb_root_ns":16.912,"full_ptr_own_ns":20.163,"full_ptr_half_ns":48.943,"full_ptr_root_ns":18.261,"full_value_ns":22.263,"climb_own_ns":19.976,"climb_half_ns":49.627,"climb_root_ns":23.922,"slice_climb_own_ns":12.542,"slice_climb_half_ns":41.190,"slice_climb_root_ns":17.084,"ptr_own_ns":24.282,"ptr_half_ns":55.629,"ptr_root_ns":25.465,"ptr_checksum":4108560314,"range_own_ns":510.727,"range_half_ns":605.972,"range_root_ns":751.209,"explicit_own_ns":11478.332,"explicit_half_ns":14175.019,"explicit_root_ns":17348.999,"own_output":83168.623,"half_output":103142.560,"root_output":115825.581,"own_ranges":1217.450,"half_ranges":1339.078,"root_ranges":1776.453,"own_chains":1217.450,"half_chains":1339.078,"root_chains":1776.453,"value_ns":21.807,"value_checksum":0}
	Command being timed: "/data/wenqianz/pivoter_repo/research/r1_skyline_index_20260918/build/chain_index_tool --bench /data/wenqianz/graphs/web-Stanford.edges /data/wenqianz/pivoter_repo/research/r1_skyline_index_20260918/cx/web-Stanford.cx"
	User time (seconds): 21.44
	System time (seconds): 0.12
	Percent of CPU this job got: 99%
	Elapsed (wall clock) time (h:mm:ss or m:ss): 0:21.56
	Average shared text size (kbytes): 0
	Average unshared data size (kbytes): 0
	Average stack size (kbytes): 0
	Average total size (kbytes): 0
	Maximum resident set size (kbytes): 233292
	Average resident set size (kbytes): 0
	Major (requiring I/O) page faults: 0
	Minor (reclaiming a frame) page faults: 85817
	Voluntary context switches: 2
	Involuntary context switches: 20
	Swaps: 0
	File system inputs: 46864
	File system outputs: 8744
	Socket messages sent: 0
	Socket messages received: 0
	Signals delivered: 0
	Page size (bytes): 4096
	Exit status: 0
