$ /usr/bin/time -v /data/wenqianz/pivoter_repo/research/r1_skyline_index_20260918/build/chain_index_tool --bench /data/wenqianz/graphs/wiki-Talk.edges /data/wenqianz/pivoter_repo/research/r1_skyline_index_20260918/cx/wiki-Talk.cx
{"passed":true,"n":2394385,"m":4659565,"s_max":132,"count_bits":64,"chains":29699,"canonical_nodes":41214,"max_depth":4191,"pairs_total":172803,"runs_total":114886,"vertex_pairs":2821781,"vertex_residue_cells":784075,"baseline_vertex_bytes":63192530,"bytes_map":567760,"bytes_chains":1507311,"bytes_layers":1889706,"bytes_total":3964777,"file_bytes":3805405,"perm_bytes":9577540,"slice_bytes_layers":1680348,"slice_bytes_total":4591020,"solve_ms":177400.465,"trees_ms":283659.923,"chains_ms":15.256,"layout_ms":28.126,"build_ms":461116.019,"compact_ms":2.174,"save_ms":2.323,"load_ms":1.000,"ti_ms":272495.089,"ti_bytes":16525526936,"rss_start":16633860096,"rss_after_solve":16784994304,"rss_after_chains":16746680320,"rss_after_layout":16746680320,"slice_range_own_ns":41208.362,"slice_range_half_ns":41148.201,"slice_range_root_ns":41179.380,"slice_explicit_own_ns":405604.335,"slice_explicit_half_ns":468009.808,"slice_explicit_root_ns":471970.791,"slice_own_ranges":673.922,"slice_half_ranges":697.874,"slice_root_ranges":733.289,"full_bytes_total":4149199,"full_bytes_layers":2074128,"full_range_own_ns":283.000,"full_range_half_ns":296.240,"full_range_root_ns":300.519,"full_explicit_own_ns":364333.656,"full_climb_own_ns":9.120,"full_climb_half_ns":11.760,"full_climb_root_ns":7.306,"full_ptr_own_ns":10.943,"full_ptr_half_ns":13.730,"full_ptr_root_ns":8.698,"full_value_ns":15.157,"climb_own_ns":12.921,"climb_half_ns":15.814,"climb_root_ns":11.375,"slice_climb_own_ns":8.939,"slice_climb_half_ns":11.727,"slice_climb_root_ns":6.812,"ptr_own_ns":13.964,"ptr_half_ns":17.121,"ptr_root_ns":12.546,"ptr_checksum":47815877878,"range_own_ns":286.450,"range_half_ns":300.636,"range_root_ns":306.008,"explicit_own_ns":364264.349,"explicit_half_ns":426651.018,"explicit_root_ns":430491.463,"own_output":1866509.724,"half_output":2187786.907,"root_output":2229287.808,"own_ranges":673.922,"half_ranges":697.874,"root_ranges":733.289,"own_chains":673.922,"half_chains":697.874,"root_chains":733.289,"value_ns":15.071,"value_checksum":0}
	Command being timed: "/data/wenqianz/pivoter_repo/research/r1_skyline_index_20260918/build/chain_index_tool --bench /data/wenqianz/graphs/wiki-Talk.edges /data/wenqianz/pivoter_repo/research/r1_skyline_index_20260918/cx/wiki-Talk.cx"
	User time (seconds): 945.90
	System time (seconds): 50.35
	Percent of CPU this job got: 99%
	Elapsed (wall clock) time (h:mm:ss or m:ss): 16:36.28
	Average shared text size (kbytes): 0
	Average unshared data size (kbytes): 0
	Average stack size (kbytes): 0
	Average total size (kbytes): 0
	Maximum resident set size (kbytes): 20624092
	Average resident set size (kbytes): 0
	Major (requiring I/O) page faults: 0
	Minor (reclaiming a frame) page faults: 34185490
	Voluntary context switches: 1
	Involuntary context switches: 1019
	Swaps: 0
	File system inputs: 118160
	File system outputs: 26152
	Socket messages sent: 0
	Socket messages received: 0
	Signals delivered: 0
	Page size (bytes): 4096
	Exit status: 0
