$ /usr/bin/time -l /Users/zhangwenqian/UNSW/pivoter/research/r1_skyline_index_20260918/build/index --graph data/com-dblp.edges aligned
{"passed":true,"mode":"aligned","bytes_shared_aligned":167127,"n":317080,"m":1049866,"s_max":114,"count_bits":128,"classes":13459,"active_pairs":70208,"skyline_entries":21366,"canonical_nodes":33979,"bytes_shared":220976,"bytes_base_nodes":951412,"bytes_base_pairs":615504,"bytes_sky_nodes":1087328,"bytes_sky_entries":106830,"bytes_sky_location":214510,"bytes_sky_cross":269212,"bytes_block_d":290390,"bytes_block_d_variant_b":271350,"base_without_d":1787892,"sky_without_d":1898856,"base_with_d":2078282,"sky_with_d":2189246,"own_base_ns":48415.550,"own_sky_ns":141782.104,"own_output":164595.000,"half_base_ns":61942.360,"half_sky_ns":159845.817,"half_output":199753.310,"root_base_ns":66147.292,"root_sky_ns":166128.916,"root_output":229883.745,"aligned_own_ns":125397.783,"aligned_half_ns":148932.321,"aligned_root_ns":178286.625,"aligned_range_own_ns":10405.388,"aligned_range_half_ns":11433.298,"aligned_range_root_ns":11823.792,"aligned_member_ns":7.656,"aligned_member_checksum":75036,"member_base_ns":11.895,"member_sky_ns":30.217,"member_checksum":75036,"member_checksum_sky":75036,"value_ns":4.876,"value_checksum":0}
      429.79 real       423.00 user         2.70 sys
          2078572544  maximum resident set size
                   0  average shared memory size
                   0  average unshared data size
                   0  average unshared stack size
              129109  page reclaims
                   6  page faults
                   0  swaps
                   0  block input operations
                   0  block output operations
                   0  messages sent
                   0  messages received
                   0  signals received
                   4  voluntary context switches
              470646  involuntary context switches
       4598640211356  instructions retired
       1514662939197  cycles elapsed
          2101315720  peak memory footprint
