START 2026-09-20T05:40:03+00:00 host=radonduo load=1.54 2.02 1.51
s=   2 rc=0 build 627.941 ms peel 332.963 ms wall 1.92 s
s=   3 rc=0 build 476.909 ms peel 295.794 ms wall 1.54 s
s=   4 rc=0 build 479.258 ms peel 234.026 ms wall 1.64 s
s=   5 rc=0 build 397.519 ms peel 157.335 ms wall 1.47 s
s=   6 rc=0 build 293.976 ms peel 99.0025 ms wall 1.14 s
s=   7 rc=0 build 268.489 ms peel 82.4428 ms wall 1.1 s
s=   8 rc=0 build 248.748 ms peel 71.6867 ms wall 1.07 s
s=   9 rc=0 build 240.399 ms peel 66.119 ms wall 1.06 s
s=  10 rc=0 build 228.895 ms peel 62.5508 ms wall 1.03 s
s=  11 rc=0 build 221.531 ms peel 60.0061 ms wall 1.03 s
s=  12 rc=0 build 215.878 ms peel 58.1443 ms wall 0.99 s
s=  13 rc=0 build 212.469 ms peel 57.1059 ms wall 1.02 s
s=  14 rc=0 build 209.262 ms peel 56.8775 ms wall 1.02 s
s=  15 rc=0 build 209.483 ms peel 56.4734 ms wall 0.99 s
s=  16 rc=0 build 205.611 ms peel 55.1333 ms wall 0.99 s
s=  17 rc=0 build 203.16 ms peel 54.7013 ms wall 0.96 s
s=  18 rc=0 build 242.637 ms peel 63.9195 ms wall 1.2 s
s=  19 rc=0 build 198.725 ms peel 53.9275 ms wall 1.0 s
s=  20 rc=0 build 199.504 ms peel 54.1193 ms wall 0.96 s
s=  21 rc=0 build 198.789 ms peel 53.5133 ms wall 0.97 s
s=  22 rc=0 build 196.462 ms peel 53.9214 ms wall 0.97 s
s=  23 rc=0 build 234.488 ms peel 62.7047 ms wall 1.18 s
s=  24 rc=0 build 194.986 ms peel 53.2897 ms wall 1.0 s
s=  25 rc=0 build 236.891 ms peel 63.0548 ms wall 1.2 s
s=  26 rc=0 build 192.729 ms peel 53.1744 ms wall 1.01 s
s=  27 rc=0 build 191.665 ms peel 53.2851 ms wall 0.96 s
s=  28 rc=0 build 191.037 ms peel 53.3672 ms wall 0.96 s
s=  29 rc=0 build 190.524 ms peel 50.0753 ms wall 0.96 s
s=  30 rc=0 build 229.414 ms peel 59.3574 ms wall 1.19 s
s=  31 rc=0 build 188.204 ms peel 49.3008 ms wall 0.99 s
s=  32 rc=0 build 186.904 ms peel 49.9264 ms wall 0.96 s
s=  33 rc=0 build 185.903 ms peel 52.9513 ms wall 0.97 s
s=  34 rc=0 build 184.722 ms peel 49.5928 ms wall 0.95 s
s=  35 rc=0 build 186.442 ms peel 49.3841 ms wall 0.96 s
s=  36 rc=0 build 185.5 ms peel 49.971 ms wall 0.95 s
s=  37 rc=0 build 183.712 ms peel 49.6654 ms wall 0.97 s
s=  38 rc=0 build 223.65 ms peel 58.5846 ms wall 1.18 s
s=  39 rc=0 build 181.442 ms peel 49.1185 ms wall 0.98 s
s=  40 rc=0 build 221.609 ms peel 58.6938 ms wall 1.17 s
s=  41 rc=0 build 183.157 ms peel 49.3512 ms wall 0.97 s
s=  42 rc=0 build 219.545 ms peel 58.1405 ms wall 1.16 s
s=  43 rc=0 build 180.064 ms peel 49.1048 ms wall 0.99 s
s=  44 rc=0 build 179.189 ms peel 49.1469 ms wall 0.95 s
s=  45 rc=0 build 179.618 ms peel 49.4645 ms wall 0.94 s
s=  46 rc=0 build 178.152 ms peel 48.8476 ms wall 0.95 s
s=  47 rc=0 build 178.277 ms peel 49.0445 ms wall 0.96 s
s=  48 rc=0 build 216.515 ms peel 58.0093 ms wall 1.18 s
s=  49 rc=0 build 177.672 ms peel 49.5123 ms wall 0.97 s
s=  50 rc=0 build 175.86 ms peel 49.2388 ms wall 0.95 s
s=  51 rc=0 build 177.915 ms peel 49.114 ms wall 0.96 s
s=  52 rc=0 build 214.867 ms peel 57.9579 ms wall 1.17 s
s=  53 rc=0 build 177.871 ms peel 49.1116 ms wall 0.98 s
s=  54 rc=0 build 175.482 ms peel 48.9817 ms wall 0.93 s
s=  55 rc=0 build 174.189 ms peel 49.8722 ms wall 0.94 s
s=  56 rc=0 build 212.141 ms peel 58.4152 ms wall 1.16 s
s=  57 rc=0 build 176.152 ms peel 49.0381 ms wall 0.98 s
s=  58 rc=0 build 173.103 ms peel 51.7645 ms wall 0.94 s
s=  59 rc=0 build 210.525 ms peel 60.9371 ms wall 1.16 s
s=  60 rc=0 build 171.831 ms peel 48.7989 ms wall 0.98 s
s=  61 rc=0 build 172.336 ms peel 51.9251 ms wall 0.95 s
s=  62 rc=0 build 207.403 ms peel 58.3806 ms wall 1.16 s
s=  63 rc=0 build 171.301 ms peel 48.8962 ms wall 0.96 s
s=  64 rc=0 build 208.328 ms peel 61.2898 ms wall 1.16 s
s=  65 rc=0 build 170.265 ms peel 48.3916 ms wall 0.98 s
s=  66 rc=0 build 169.829 ms peel 48.7177 ms wall 0.93 s
s=  67 rc=0 build 168.955 ms peel 51.7342 ms wall 0.94 s
s=  68 rc=0 build 171.127 ms peel 51.4674 ms wall 0.94 s
s=  69 rc=0 build 202.434 ms peel 61.1383 ms wall 1.16 s
s=  70 rc=0 build 167.784 ms peel 52.0318 ms wall 0.97 s
s=  71 rc=0 build 166.819 ms peel 48.7209 ms wall 0.95 s
s=  72 rc=0 build 165.248 ms peel 48.8028 ms wall 0.94 s
s=  73 rc=0 build 164.995 ms peel 48.6912 ms wall 0.94 s
s=  74 rc=0 build 165.516 ms peel 48.4497 ms wall 0.92 s
s=  75 rc=0 build 164.396 ms peel 48.7829 ms wall 0.93 s
s=  76 rc=0 build 168.668 ms peel 48.6504 ms wall 0.93 s
s=  77 rc=0 build 196.511 ms peel 57.8766 ms wall 1.14 s
s=  78 rc=0 build 160.941 ms peel 48.9343 ms wall 1.01 s
s=  79 rc=0 build 161.299 ms peel 52.0499 ms wall 0.95 s
s=  80 rc=0 build 197.478 ms peel 61.4838 ms wall 1.15 s
s=  81 rc=0 build 161.858 ms peel 51.6144 ms wall 0.97 s
s=  82 rc=0 build 161.944 ms peel 51.6881 ms wall 0.94 s
s=  83 rc=0 build 158.985 ms peel 51.6211 ms wall 0.93 s
s=  84 rc=0 build 158.209 ms peel 51.5213 ms wall 0.93 s
s=  85 rc=0 build 156.758 ms peel 51.7328 ms wall 0.92 s
s=  86 rc=0 build 155.45 ms peel 51.9673 ms wall 0.92 s
s=  87 rc=0 build 154.861 ms peel 51.5616 ms wall 0.91 s
s=  88 rc=0 build 154.809 ms peel 51.5 ms wall 0.92 s
s=  89 rc=0 build 188.865 ms peel 60.7668 ms wall 1.14 s
s=  90 rc=0 build 153.524 ms peel 51.7342 ms wall 0.94 s
s=  91 rc=0 build 152.29 ms peel 51.7872 ms wall 0.91 s
s=  92 rc=0 build 150.466 ms peel 52.6254 ms wall 0.91 s
s=  93 rc=0 build 180.192 ms peel 60.7715 ms wall 1.13 s
s=  94 rc=0 build 148.098 ms peel 51.7496 ms wall 0.94 s
s=  95 rc=0 build 177.711 ms peel 61.2173 ms wall 1.14 s
s=  96 rc=0 build 146.604 ms peel 51.3551 ms wall 0.94 s
s=  97 rc=0 build 143.455 ms peel 51.8158 ms wall 0.92 s
s=  98 rc=0 build 143.279 ms peel 51.3704 ms wall 0.91 s
s=  99 rc=0 build 143.23 ms peel 51.9986 ms wall 0.92 s
s= 100 rc=0 build 141.186 ms peel 51.6847 ms wall 0.91 s
s= 101 rc=0 build 166.728 ms peel 61.3144 ms wall 1.12 s
s= 102 rc=0 build 138.359 ms peel 51.4378 ms wall 0.95 s
s= 103 rc=0 build 136.387 ms peel 51.6613 ms wall 0.9 s
s= 104 rc=0 build 135.998 ms peel 51.6187 ms wall 0.9 s
s= 105 rc=0 build 161.591 ms peel 61.1196 ms wall 1.12 s
s= 106 rc=0 build 131.356 ms peel 51.857 ms wall 0.93 s
s= 107 rc=0 build 132.705 ms peel 51.4683 ms wall 0.91 s
s= 108 rc=0 build 132.018 ms peel 51.6204 ms wall 0.9 s
s= 109 rc=0 build 158.664 ms peel 60.9638 ms wall 1.11 s
s= 110 rc=0 build 129.286 ms peel 51.67 ms wall 0.93 s
s= 111 rc=0 build 128.914 ms peel 52.4366 ms wall 0.9 s
s= 112 rc=0 build 129.076 ms peel 51.6281 ms wall 0.9 s
s= 113 rc=0 build 129.377 ms peel 51.2106 ms wall 0.89 s
s= 114 rc=0 build 151.801 ms peel 60.6528 ms wall 1.11 s
total wall 115.6 s; in-process 28.7 s
DONE com-dblp
s=   2 rc=0 build 6072.09 ms peel 398.496 ms wall 8.14 s
s=   3 rc=0 build 6443.94 ms peel 784.914 ms wall 8.93 s
s=   4 rc=0 build 6580.77 ms peel 806.214 ms wall 9.06 s
s=   5 rc=0 build 6529.35 ms peel 760.96 ms wall 8.97 s
s=   6 rc=0 build 6419.27 ms peel 678.136 ms wall 8.95 s
s=   7 rc=0 build 6338.88 ms peel 596.393 ms wall 8.58 s
s=   8 rc=0 build 5999.54 ms peel 356.999 ms wall 7.7 s
s=   9 rc=0 build 6010.4 ms peel 328.129 ms wall 7.97 s
s=  10 rc=0 build 5933.35 ms peel 307.319 ms wall 7.85 s
s=  11 rc=0 build 5870.93 ms peel 284.827 ms wall 7.47 s
s=  12 rc=0 build 5905.13 ms peel 264.65 ms wall 7.79 s
s=  13 rc=0 build 5803.13 ms peel 239.227 ms wall 7.66 s
s=  14 rc=0 build 5751.85 ms peel 219.91 ms wall 7.31 s
s=  15 rc=0 build 5713.03 ms peel 200.494 ms wall 7.25 s
s=  16 rc=0 build 5657.41 ms peel 164.833 ms wall 7.13 s
s=  17 rc=0 build 5602.94 ms peel 126.091 ms wall 7.33 s
s=  18 rc=0 build 5596.25 ms peel 118.3 ms wall 7.32 s
s=  19 rc=0 build 5551.06 ms peel 112.168 ms wall 7.26 s
s=  20 rc=0 build 5580.81 ms peel 108.759 ms wall 7.29 s
s=  21 rc=0 build 5573.85 ms peel 101.752 ms wall 6.98 s
s=  22 rc=0 build 5453.01 ms peel 98.63 ms wall 7.16 s
s=  23 rc=0 build 5384.2 ms peel 95.3254 ms wall 6.8 s
s=  24 rc=0 build 5400.83 ms peel 94.5131 ms wall 7.1 s
s=  25 rc=0 build 5669.52 ms peel 90.4828 ms wall 7.35 s
s=  26 rc=0 build 5289.62 ms peel 90.5707 ms wall 6.72 s
s=  27 rc=0 build 5252.35 ms peel 89.1249 ms wall 6.64 s
s=  28 rc=0 build 5287.55 ms peel 87.8654 ms wall 6.96 s
s=  29 rc=0 build 5253.97 ms peel 85.0526 ms wall 6.94 s
s=  30 rc=0 build 5261.63 ms peel 81.8099 ms wall 6.94 s
s=  31 rc=0 build 5225.05 ms peel 80.4251 ms wall 6.91 s
s=  32 rc=0 build 5206.44 ms peel 77.467 ms wall 6.87 s
s=  33 rc=0 build 5171.13 ms peel 73.0619 ms wall 6.83 s
s=  34 rc=0 build 5125.86 ms peel 72.4223 ms wall 6.8 s
s=  35 rc=0 build 5100.11 ms peel 71.4391 ms wall 6.48 s
s=  36 rc=0 build 5087.54 ms peel 70.7691 ms wall 6.46 s
s=  37 rc=0 build 5072.11 ms peel 69.7954 ms wall 6.45 s
s=  38 rc=0 build 5055.94 ms peel 68.6508 ms wall 6.42 s
s=  39 rc=0 build 5043.82 ms peel 67.737 ms wall 6.41 s
s=  40 rc=0 build 5097.59 ms peel 67.9531 ms wall 6.77 s
s=  41 rc=0 build 5066.66 ms peel 67.9333 ms wall 6.73 s
s=  42 rc=0 build 5070.18 ms peel 65.9906 ms wall 6.73 s
s=  43 rc=0 build 5043.17 ms peel 63.3088 ms wall 6.69 s
s=  44 rc=0 build 5009.41 ms peel 61.2705 ms wall 6.37 s
s=  45 rc=0 build 4996.86 ms peel 59.3513 ms wall 6.36 s
s=  46 rc=0 build 5033.06 ms peel 58.2337 ms wall 6.69 s
s=  47 rc=0 build 5010.05 ms peel 56.599 ms wall 6.65 s
s=  48 rc=0 build 4963.44 ms peel 56.0169 ms wall 6.33 s
s=  49 rc=0 build 4951.07 ms peel 54.5725 ms wall 6.3 s
s=  50 rc=0 build 4937.62 ms peel 52.995 ms wall 6.3 s
s=  51 rc=0 build 4918.97 ms peel 50.0384 ms wall 6.26 s
s=  52 rc=0 build 5087.45 ms peel 47.7363 ms wall 6.74 s
s=  53 rc=0 build 4900.76 ms peel 44.9353 ms wall 6.27 s
s=  54 rc=0 build 4892.41 ms peel 44.5544 ms wall 6.24 s
s=  55 rc=0 build 4882.03 ms peel 43.9852 ms wall 6.22 s
s=  56 rc=0 build 4878.69 ms peel 43.951 ms wall 6.22 s
s=  57 rc=0 build 4903.73 ms peel 43.6806 ms wall 6.54 s
s=  58 rc=0 build 4875.24 ms peel 44.7132 ms wall 6.52 s
s=  59 rc=0 build 4842.5 ms peel 43.0739 ms wall 6.19 s
s=  60 rc=0 build 4842.31 ms peel 43.7784 ms wall 6.2 s
s=  61 rc=0 build 4873.35 ms peel 42.9461 ms wall 6.51 s
s=  62 rc=0 build 4858.51 ms peel 42.3827 ms wall 6.48 s
s=  63 rc=0 build 4796.28 ms peel 42.4889 ms wall 6.43 s
s=  64 rc=0 build 4724.41 ms peel 42.4013 ms wall 6.38 s
s=  65 rc=0 build 4699.66 ms peel 42.6436 ms wall 6.08 s
s=  66 rc=0 build 4734.6 ms peel 42.3341 ms wall 6.37 s
s=  67 rc=0 build 4697.02 ms peel 43.4002 ms wall 6.07 s
s=  68 rc=0 build 4724.26 ms peel 42.315 ms wall 6.34 s
s=  69 rc=0 build 4693.96 ms peel 42.3012 ms wall 6.33 s
s=  70 rc=0 build 4692.15 ms peel 43.0563 ms wall 6.04 s
s=  71 rc=0 build 4703.77 ms peel 42.7311 ms wall 6.34 s
s=  72 rc=0 build 4743.63 ms peel 42.2799 ms wall 6.37 s
total wall 490.2 s; in-process 384.5 s
DONE web-Stanford
s=   2 rc=0 build 489.376 ms peel 401.181 ms wall 1.78 s
s=   3 rc=0 build 319.054 ms peel 327.308 ms wall 1.37 s
s=   4 rc=0 build 223.998 ms peel 184.313 ms wall 1.09 s
s=   5 rc=0 build 157.668 ms peel 95.2934 ms wall 0.91 s
s=   6 rc=0 build 118.319 ms peel 63.0845 ms wall 0.86 s
s=   7 rc=0 build 105.577 ms peel 56.1679 ms wall 0.85 s
total wall 6.9 s; in-process 2.5 s
DONE com-amazon
s=   2 rc=0 build 1784.54 ms peel 258.368 ms wall 2.83 s
s=   3 rc=0 build 1854.75 ms peel 215.61 ms wall 3.17 s
s=   4 rc=0 build 1704.54 ms peel 176.577 ms wall 2.64 s
s=   5 rc=0 build 1685.4 ms peel 155.209 ms wall 2.58 s
s=   6 rc=0 build 1869.45 ms peel 120.62 ms wall 2.89 s
s=   7 rc=0 build 1619.58 ms peel 98.1352 ms wall 2.46 s
s=   8 rc=0 build 1599.87 ms peel 86.9035 ms wall 2.43 s
s=   9 rc=0 build 1584.18 ms peel 81.2094 ms wall 2.38 s
s=  10 rc=0 build 1569.33 ms peel 75.6201 ms wall 2.39 s
s=  11 rc=0 build 1562.77 ms peel 74.4009 ms wall 2.37 s
s=  12 rc=0 build 1555.13 ms peel 72.4588 ms wall 2.36 s
s=  13 rc=0 build 1547.77 ms peel 70.575 ms wall 2.35 s
s=  14 rc=0 build 1540.5 ms peel 70.3613 ms wall 2.35 s
s=  15 rc=0 build 1532.77 ms peel 68.3701 ms wall 2.35 s
s=  16 rc=0 build 1530.56 ms peel 68.0268 ms wall 2.33 s
s=  17 rc=0 build 1698.29 ms peel 64.8578 ms wall 2.63 s
s=  18 rc=0 build 1521.32 ms peel 66.3569 ms wall 2.31 s
s=  19 rc=0 build 1516.11 ms peel 64.6658 ms wall 2.28 s
s=  20 rc=0 build 1513.13 ms peel 64.5767 ms wall 2.28 s
s=  21 rc=0 build 1512.23 ms peel 64.0736 ms wall 2.29 s
s=  22 rc=0 build 1504.11 ms peel 65.5548 ms wall 2.3 s
s=  23 rc=0 build 1502.43 ms peel 63.2108 ms wall 2.31 s
s=  24 rc=0 build 1511.71 ms peel 65.4807 ms wall 2.28 s
s=  25 rc=0 build 1496.54 ms peel 61.6336 ms wall 2.27 s
s=  26 rc=0 build 1652.06 ms peel 62.6192 ms wall 2.59 s
s=  27 rc=0 build 1500.5 ms peel 63.7445 ms wall 2.3 s
s=  28 rc=0 build 1485.05 ms peel 62.3529 ms wall 2.25 s
s=  29 rc=0 build 1477.11 ms peel 62.6373 ms wall 2.25 s
s=  30 rc=0 build 1471.75 ms peel 62.179 ms wall 2.24 s
s=  31 rc=0 build 1665.24 ms peel 60.0783 ms wall 2.61 s
s=  32 rc=0 build 1680.6 ms peel 61.4629 ms wall 2.62 s
s=  33 rc=0 build 1456.39 ms peel 61.3872 ms wall 2.22 s
s=  34 rc=0 build 1455.02 ms peel 60.1994 ms wall 2.23 s
s=  35 rc=0 build 1451.51 ms peel 60.7621 ms wall 2.22 s
s=  36 rc=0 build 1447.4 ms peel 59.1104 ms wall 2.21 s
s=  37 rc=0 build 1444.06 ms peel 59.3803 ms wall 2.22 s
s=  38 rc=0 build 1603.02 ms peel 59.3679 ms wall 2.55 s
s=  39 rc=0 build 1434.74 ms peel 59.996 ms wall 2.22 s
s=  40 rc=0 build 1430.78 ms peel 59.6106 ms wall 2.2 s
s=  41 rc=0 build 1425.34 ms peel 58.0881 ms wall 2.2 s
s=  42 rc=0 build 1588.83 ms peel 58.4084 ms wall 2.52 s
s=  43 rc=0 build 1417.56 ms peel 58.8641 ms wall 2.21 s
s=  44 rc=0 build 1414.96 ms peel 58.279 ms wall 2.18 s
s=  45 rc=0 build 1408.21 ms peel 58.9776 ms wall 2.18 s
s=  46 rc=0 build 1405.1 ms peel 58.359 ms wall 2.17 s
s=  47 rc=0 build 1401.65 ms peel 58.0062 ms wall 2.16 s
s=  48 rc=0 build 1395.9 ms peel 57.6556 ms wall 2.16 s
s=  49 rc=0 build 1394.57 ms peel 57.6741 ms wall 2.16 s
s=  50 rc=0 build 1394.88 ms peel 57.6911 ms wall 2.18 s
s=  51 rc=0 build 1382.48 ms peel 57.7879 ms wall 2.17 s
s=  52 rc=0 build 1373.45 ms peel 56.8672 ms wall 2.14 s
s=  53 rc=0 build 1370.05 ms peel 53.8493 ms wall 2.15 s
s=  54 rc=0 build 1368.14 ms peel 53.7575 ms wall 2.14 s
s=  55 rc=0 build 1362.37 ms peel 53.4634 ms wall 2.15 s
s=  56 rc=0 build 1357.29 ms peel 56.0978 ms wall 2.12 s
s=  57 rc=0 build 1354.92 ms peel 53.4958 ms wall 2.12 s
s=  58 rc=0 build 1352.8 ms peel 53.4717 ms wall 2.12 s
s=  59 rc=0 build 1347.07 ms peel 53.1157 ms wall 2.11 s
s=  60 rc=0 build 1556.19 ms peel 53.063 ms wall 2.49 s
s=  61 rc=0 build 1344.24 ms peel 52.997 ms wall 2.13 s
s=  62 rc=0 build 1341.34 ms peel 53.7663 ms wall 2.1 s
s=  63 rc=0 build 1333.78 ms peel 56.02 ms wall 2.09 s
s=  64 rc=0 build 1333.49 ms peel 52.5608 ms wall 2.1 s
s=  65 rc=0 build 1329.81 ms peel 52.825 ms wall 2.1 s
s=  66 rc=0 build 1325.56 ms peel 52.7421 ms wall 2.08 s
s=  67 rc=0 build 1472.84 ms peel 52.4392 ms wall 2.41 s
s=  68 rc=0 build 1318.36 ms peel 52.7572 ms wall 2.1 s
s=  69 rc=0 build 1312.26 ms peel 51.9907 ms wall 2.1 s
s=  70 rc=0 build 1307.97 ms peel 55.4565 ms wall 2.11 s
s=  71 rc=0 build 1304.86 ms peel 54.7158 ms wall 2.09 s
s=  72 rc=0 build 1298.53 ms peel 55.3549 ms wall 2.09 s
s=  73 rc=0 build 1299.61 ms peel 54.7745 ms wall 2.09 s
s=  74 rc=0 build 1294.38 ms peel 55.1218 ms wall 2.08 s
s=  75 rc=0 build 1292.37 ms peel 55.1416 ms wall 2.06 s
s=  76 rc=0 build 1291.45 ms peel 55.8106 ms wall 2.06 s
s=  77 rc=0 build 1289.98 ms peel 55.0468 ms wall 2.13 s
s=  78 rc=0 build 1467.12 ms peel 54.4906 ms wall 2.4 s
s=  79 rc=0 build 1281.8 ms peel 55.1435 ms wall 2.07 s
s=  80 rc=0 build 1274.83 ms peel 55.1547 ms wall 2.04 s
s=  81 rc=0 build 1275.38 ms peel 55.1176 ms wall 2.04 s
s=  82 rc=0 build 1268.59 ms peel 55.518 ms wall 2.03 s
s=  83 rc=0 build 1266.67 ms peel 55.4844 ms wall 2.03 s
s=  84 rc=0 build 1263.07 ms peel 55.7784 ms wall 2.03 s
s=  85 rc=0 build 1439.95 ms peel 54.0846 ms wall 2.37 s
s=  86 rc=0 build 1256.88 ms peel 55.1353 ms wall 2.06 s
s=  87 rc=0 build 1250.65 ms peel 55.2701 ms wall 2.03 s
s=  88 rc=0 build 1249.28 ms peel 55.2884 ms wall 2.04 s
s=  89 rc=0 build 1242.09 ms peel 54.5253 ms wall 2.0 s
s=  90 rc=0 build 1237.29 ms peel 54.5404 ms wall 2.0 s
s=  91 rc=0 build 1428.06 ms peel 54.6337 ms wall 2.36 s
s=  92 rc=0 build 1232.02 ms peel 55.2251 ms wall 2.02 s
s=  93 rc=0 build 1220.54 ms peel 54.5811 ms wall 1.98 s
s=  94 rc=0 build 1217.8 ms peel 55.1678 ms wall 2.0 s
s=  95 rc=0 build 1211.23 ms peel 54.3806 ms wall 1.99 s
s=  96 rc=0 build 1209.6 ms peel 54.6058 ms wall 1.99 s
s=  97 rc=0 build 1200.51 ms peel 54.2746 ms wall 1.97 s
s=  98 rc=0 build 1194.64 ms peel 54.4032 ms wall 1.96 s
s=  99 rc=0 build 1188.52 ms peel 54.5883 ms wall 1.95 s
s= 100 rc=0 build 1181.87 ms peel 53.9402 ms wall 2.09 s
s= 101 rc=0 build 1177.57 ms peel 54.2027 ms wall 1.95 s
s= 102 rc=0 build 1170.76 ms peel 54.1401 ms wall 1.93 s
s= 103 rc=0 build 1353.68 ms peel 54.0182 ms wall 2.28 s
s= 104 rc=0 build 1154.11 ms peel 56.4235 ms wall 1.95 s
s= 105 rc=0 build 1147.01 ms peel 55.6042 ms wall 1.92 s
s= 106 rc=0 build 1138.75 ms peel 55.2363 ms wall 1.9 s
s= 107 rc=0 build 1134.87 ms peel 55.4978 ms wall 1.91 s
s= 108 rc=0 build 1123.22 ms peel 55.6951 ms wall 2.06 s
s= 109 rc=0 build 1117.0 ms peel 56.1199 ms wall 1.88 s
s= 110 rc=0 build 1108.63 ms peel 55.4499 ms wall 1.87 s
s= 111 rc=0 build 1103.52 ms peel 55.2342 ms wall 1.87 s
s= 112 rc=0 build 1091.82 ms peel 55.5187 ms wall 1.85 s
s= 113 rc=0 build 1081.19 ms peel 55.2972 ms wall 1.83 s
s= 114 rc=0 build 1264.9 ms peel 55.3193 ms wall 2.19 s
s= 115 rc=0 build 1061.35 ms peel 55.3951 ms wall 2.0 s
s= 116 rc=0 build 1052.06 ms peel 55.2312 ms wall 1.81 s
s= 117 rc=0 build 1044.31 ms peel 55.0777 ms wall 1.81 s
s= 118 rc=0 build 1037.34 ms peel 54.5646 ms wall 1.79 s
s= 119 rc=0 build 1022.97 ms peel 55.2141 ms wall 1.78 s
s= 120 rc=0 build 1010.61 ms peel 55.2704 ms wall 1.77 s
s= 121 rc=0 build 1000.42 ms peel 55.1659 ms wall 1.76 s
s= 122 rc=0 build 993.132 ms peel 54.9974 ms wall 1.86 s
s= 123 rc=0 build 977.516 ms peel 55.1593 ms wall 1.73 s
s= 124 rc=0 build 965.497 ms peel 54.6946 ms wall 1.73 s
s= 125 rc=0 build 1130.15 ms peel 54.7391 ms wall 2.06 s
s= 126 rc=0 build 941.242 ms peel 55.1462 ms wall 1.73 s
s= 127 rc=0 build 928.274 ms peel 54.5161 ms wall 1.69 s
s= 128 rc=0 build 917.595 ms peel 54.9285 ms wall 1.67 s
s= 129 rc=0 build 906.112 ms peel 54.5864 ms wall 1.68 s
s= 130 rc=0 build 887.985 ms peel 53.6198 ms wall 1.64 s
s= 131 rc=0 build 873.604 ms peel 54.682 ms wall 1.63 s
s= 132 rc=0 build 859.116 ms peel 53.2813 ms wall 1.62 s
s= 133 rc=0 build 845.014 ms peel 53.5265 ms wall 1.6 s
s= 134 rc=0 build 830.874 ms peel 53.5722 ms wall 1.59 s
s= 135 rc=0 build 813.558 ms peel 53.3601 ms wall 1.62 s
s= 136 rc=0 build 798.853 ms peel 53.8507 ms wall 1.56 s
s= 137 rc=0 build 782.77 ms peel 53.4426 ms wall 1.54 s
s= 138 rc=0 build 767.292 ms peel 53.5849 ms wall 1.52 s
s= 139 rc=0 build 751.709 ms peel 53.4263 ms wall 1.51 s
s= 140 rc=0 build 732.16 ms peel 53.3381 ms wall 1.49 s
s= 141 rc=0 build 714.503 ms peel 53.3583 ms wall 1.47 s
s= 142 rc=0 build 698.841 ms peel 53.2534 ms wall 1.46 s
s= 143 rc=0 build 680.586 ms peel 53.5032 ms wall 1.43 s
s= 144 rc=0 build 822.423 ms peel 63.2166 ms wall 1.78 s
s= 145 rc=0 build 640.953 ms peel 53.532 ms wall 1.43 s
s= 146 rc=0 build 624.501 ms peel 53.0776 ms wall 1.38 s
s= 147 rc=0 build 603.175 ms peel 52.9953 ms wall 1.36 s
s= 148 rc=0 build 582.614 ms peel 53.3135 ms wall 1.34 s
s= 149 rc=0 build 562.613 ms peel 54.0613 ms wall 1.35 s
s= 150 rc=0 build 543.448 ms peel 53.0144 ms wall 1.3 s
s= 151 rc=0 build 520.114 ms peel 53.1085 ms wall 1.28 s
s= 152 rc=0 build 499.796 ms peel 53.1874 ms wall 1.26 s
s= 153 rc=0 build 475.522 ms peel 52.6171 ms wall 1.24 s
s= 154 rc=0 build 452.816 ms peel 53.0735 ms wall 1.21 s
s= 155 rc=0 build 432.865 ms peel 52.4088 ms wall 1.19 s
s= 156 rc=0 build 425.716 ms peel 50.9769 ms wall 1.18 s
total wall 314.2 s; in-process 199.5 s
DONE web-NotreDame
s=   2 rc=0 build 3332.63 ms peel 1244.5 ms wall 8.41 s
s=   3 rc=0 build 3340.98 ms peel 1466.23 ms wall 8.59 s
s=   4 rc=0 build 3131.37 ms peel 1149.94 ms wall 8.05 s
s=   5 rc=0 build 2965.91 ms peel 952.68 ms wall 7.28 s
s=   6 rc=0 build 2851.55 ms peel 811.185 ms wall 7.02 s
s=   7 rc=0 build 2696.87 ms peel 707.886 ms wall 6.72 s
s=   8 rc=0 build 2580.79 ms peel 602.985 ms wall 6.5 s
s=   9 rc=0 build 2441.9 ms peel 507.535 ms wall 6.54 s
s=  10 rc=0 build 2322.04 ms peel 438.339 ms wall 6.05 s
s=  11 rc=0 build 2199.84 ms peel 372.229 ms wall 5.84 s
s=  12 rc=0 build 2081.25 ms peel 310.742 ms wall 5.65 s
s=  13 rc=0 build 1986.52 ms peel 269.792 ms wall 5.93 s
s=  14 rc=0 build 1875.85 ms peel 235.149 ms wall 5.67 s
s=  15 rc=0 build 1789.45 ms peel 211.314 ms wall 5.3 s
s=  16 rc=0 build 1695.56 ms peel 188.963 ms wall 5.17 s
s=  17 rc=0 build 1635.43 ms peel 174.327 ms wall 5.1 s
s=  18 rc=0 build 1582.8 ms peel 161.293 ms wall 5.01 s
s=  19 rc=0 build 1533.04 ms peel 159.033 ms wall 4.92 s
s=  20 rc=0 build 1497.99 ms peel 155.405 ms wall 4.92 s
s=  21 rc=0 build 1473.99 ms peel 151.073 ms wall 4.88 s
s=  22 rc=0 build 1465.77 ms peel 149.783 ms wall 4.88 s
s=  23 rc=0 build 1449.32 ms peel 148.002 ms wall 4.86 s
s=  24 rc=0 build 1461.65 ms peel 141.073 ms wall 4.88 s
s=  25 rc=0 build 1451.01 ms peel 139.413 ms wall 4.85 s
s=  26 rc=0 build 1457.1 ms peel 138.874 ms wall 4.87 s
s=  27 rc=0 build 1442.12 ms peel 138.353 ms wall 4.83 s
s=  28 rc=0 build 1444.84 ms peel 139.496 ms wall 4.82 s
s=  29 rc=0 build 1447.37 ms peel 139.172 ms wall 4.85 s
s=  30 rc=0 build 1435.72 ms peel 132.953 ms wall 4.81 s
s=  31 rc=0 build 1445.2 ms peel 135.588 ms wall 5.12 s
s=  32 rc=0 build 1437.84 ms peel 138.961 ms wall 4.84 s
s=  33 rc=0 build 1444.62 ms peel 138.623 ms wall 4.86 s
s=  34 rc=0 build 1439.48 ms peel 138.068 ms wall 4.84 s
s=  35 rc=0 build 1437.19 ms peel 139.442 ms wall 4.8 s
s=  36 rc=0 build 1433.65 ms peel 138.089 ms wall 4.8 s
s=  37 rc=0 build 1448.19 ms peel 139.024 ms wall 4.81 s
s=  38 rc=0 build 1431.31 ms peel 145.237 ms wall 4.84 s
s=  39 rc=0 build 1436.1 ms peel 145.742 ms wall 4.8 s
s=  40 rc=0 build 1435.14 ms peel 146.008 ms wall 4.84 s
s=  41 rc=0 build 1436.16 ms peel 147.487 ms wall 5.15 s
s=  42 rc=0 build 1439.64 ms peel 146.078 ms wall 4.84 s
s=  43 rc=0 build 1444.53 ms peel 145.277 ms wall 4.83 s
s=  44 rc=0 build 1425.96 ms peel 145.185 ms wall 5.34 s
s=  45 rc=0 build 1440.55 ms peel 144.836 ms wall 4.83 s
total wall 240.7 s; in-process 93.3 s
DONE web-Google
s=   2 rc=0 build 41376.5 ms peel 1274.34 ms wall 47.43 s
s=   3 rc=0 build 42419.6 ms peel 2574.9 ms wall 50.21 s
s=   4 rc=0 build 42450.5 ms peel 2322.14 ms wall 49.52 s
s=   5 rc=0 build 42270.1 ms peel 2173.61 ms wall 49.47 s
s=   6 rc=0 build 42221.7 ms peel 2075.1 ms wall 50.26 s
s=   7 rc=0 build 41953.8 ms peel 1825.07 ms wall 48.48 s
s=   8 rc=0 build 41299.4 ms peel 1389.34 ms wall 47.65 s
s=   9 rc=0 build 41052.4 ms peel 1200.79 ms wall 48.18 s
s=  10 rc=0 build 40864.7 ms peel 1116.48 ms wall 46.94 s
s=  11 rc=0 build 40711.7 ms peel 1075.93 ms wall 46.67 s
s=  12 rc=0 build 40647.7 ms peel 1003.23 ms wall 46.58 s
s=  13 rc=0 build 40505.6 ms peel 935.119 ms wall 46.33 s
s=  14 rc=0 build 40396.5 ms peel 887.0 ms wall 46.27 s
s=  15 rc=0 build 40267.6 ms peel 830.87 ms wall 45.97 s
s=  16 rc=0 build 40175.6 ms peel 760.667 ms wall 45.84 s
s=  17 rc=0 build 39960.0 ms peel 664.166 ms wall 45.5 s
s=  18 rc=0 build 39854.3 ms peel 606.119 ms wall 45.34 s
s=  19 rc=0 build 39789.5 ms peel 571.998 ms wall 44.9 s
s=  20 rc=0 build 39642.7 ms peel 540.173 ms wall 45.02 s
s=  21 rc=0 build 39621.8 ms peel 522.156 ms wall 45.04 s
s=  22 rc=0 build 39446.7 ms peel 492.723 ms wall 44.85 s
s=  23 rc=0 build 39061.8 ms peel 420.451 ms wall 44.02 s
s=  24 rc=0 build 38954.8 ms peel 406.492 ms wall 44.24 s
s=  25 rc=0 build 38804.1 ms peel 382.482 ms wall 44.01 s
s=  26 rc=0 build 38682.6 ms peel 372.469 ms wall 43.94 s
s=  27 rc=0 build 38552.3 ms peel 363.41 ms wall 43.76 s
s=  28 rc=0 build 38462.2 ms peel 350.389 ms wall 43.67 s
s=  29 rc=0 build 38286.4 ms peel 301.35 ms wall 43.45 s
s=  30 rc=0 build 38138.0 ms peel 260.09 ms wall 43.26 s
s=  31 rc=0 build 38081.2 ms peel 242.723 ms wall 43.16 s
s=  32 rc=0 build 37987.7 ms peel 234.347 ms wall 42.73 s
s=  33 rc=0 build 37911.9 ms peel 222.637 ms wall 42.96 s
s=  34 rc=0 build 37873.0 ms peel 224.118 ms wall 42.98 s
s=  35 rc=0 build 37762.0 ms peel 217.776 ms wall 42.83 s
s=  36 rc=0 build 37667.0 ms peel 208.178 ms wall 42.7 s
s=  37 rc=0 build 37590.5 ms peel 206.423 ms wall 42.64 s
s=  38 rc=0 build 37509.9 ms peel 208.721 ms wall 42.6 s
s=  39 rc=0 build 37444.2 ms peel 206.508 ms wall 42.62 s
s=  40 rc=0 build 37955.9 ms peel 205.26 ms wall 43.03 s
s=  41 rc=0 build 37383.4 ms peel 205.142 ms wall 42.42 s
s=  42 rc=0 build 37367.1 ms peel 241.311 ms wall 42.47 s
s=  43 rc=0 build 37332.0 ms peel 201.755 ms wall 42.4 s
s=  44 rc=0 build 37899.1 ms peel 194.336 ms wall 42.98 s
s=  45 rc=0 build 37305.6 ms peel 190.062 ms wall 42.42 s
s=  46 rc=0 build 37268.9 ms peel 187.782 ms wall 42.31 s
s=  47 rc=0 build 37255.6 ms peel 184.657 ms wall 42.31 s
s=  48 rc=0 build 37218.2 ms peel 178.388 ms wall 42.22 s
s=  49 rc=0 build 37210.8 ms peel 178.467 ms wall 42.27 s
s=  50 rc=0 build 37194.5 ms peel 177.504 ms wall 42.24 s
s=  51 rc=0 build 37174.6 ms peel 176.634 ms wall 42.22 s
s=  52 rc=0 build 37136.6 ms peel 173.916 ms wall 42.23 s
s=  53 rc=0 build 37101.9 ms peel 170.607 ms wall 42.13 s
s=  54 rc=0 build 37087.3 ms peel 170.748 ms wall 42.11 s
s=  55 rc=0 build 36849.7 ms peel 163.805 ms wall 41.88 s
s=  56 rc=0 build 36688.0 ms peel 146.418 ms wall 41.64 s
s=  57 rc=0 build 36314.3 ms peel 148.73 ms wall 41.38 s
s=  58 rc=0 build 36262.4 ms peel 146.437 ms wall 41.88 s
s=  59 rc=0 build 36243.4 ms peel 144.999 ms wall 40.89 s
s=  60 rc=0 build 36210.2 ms peel 143.815 ms wall 41.24 s
s=  61 rc=0 build 36191.2 ms peel 144.101 ms wall 41.19 s
s=  62 rc=0 build 36132.0 ms peel 142.683 ms wall 41.13 s
s=  63 rc=0 build 36078.9 ms peel 142.291 ms wall 41.07 s
s=  64 rc=0 build 36941.2 ms peel 167.934 ms wall 41.63 s
s=  65 rc=0 build 36395.9 ms peel 168.214 ms wall 41.44 s
s=  66 rc=0 build 35984.0 ms peel 140.575 ms wall 40.65 s
s=  67 rc=0 build 35957.2 ms peel 141.297 ms wall 40.97 s
s=  68 rc=0 build 35939.0 ms peel 139.146 ms wall 40.92 s
s=  69 rc=0 build 35908.6 ms peel 138.886 ms wall 40.56 s
s=  70 rc=0 build 35921.8 ms peel 140.722 ms wall 40.9 s
s=  71 rc=0 build 35885.0 ms peel 138.928 ms wall 40.89 s
s=  72 rc=0 build 35867.1 ms peel 138.671 ms wall 40.51 s
s=  73 rc=0 build 35828.7 ms peel 138.816 ms wall 40.46 s
s=  74 rc=0 build 35814.6 ms peel 138.173 ms wall 40.44 s
s=  75 rc=0 build 35785.2 ms peel 137.578 ms wall 40.41 s
s=  76 rc=0 build 35767.9 ms peel 138.714 ms wall 40.4 s
s=  77 rc=0 build 35746.5 ms peel 137.385 ms wall 40.38 s
s=  78 rc=0 build 35687.6 ms peel 134.494 ms wall 40.6 s
s=  79 rc=0 build 35699.3 ms peel 134.501 ms wall 40.68 s
s=  80 rc=0 build 35648.9 ms peel 134.166 ms wall 40.27 s
s=  81 rc=0 build 35630.1 ms peel 133.754 ms wall 40.63 s
s=  82 rc=0 build 35591.5 ms peel 134.503 ms wall 40.6 s
s=  83 rc=0 build 35554.1 ms peel 133.825 ms wall 40.73 s
s=  84 rc=0 build 35523.2 ms peel 132.158 ms wall 40.14 s
s=  85 rc=0 build 35501.0 ms peel 130.773 ms wall 40.12 s
s=  86 rc=0 build 36117.3 ms peel 133.445 ms wall 40.76 s
s=  87 rc=0 build 35439.8 ms peel 133.474 ms wall 40.42 s
s=  88 rc=0 build 35393.9 ms peel 131.679 ms wall 40.36 s
s=  89 rc=0 build 35379.1 ms peel 132.304 ms wall 40.34 s
s=  90 rc=0 build 35327.3 ms peel 131.395 ms wall 40.29 s
s=  91 rc=0 build 35316.1 ms peel 129.389 ms wall 39.91 s
s=  92 rc=0 build 35293.4 ms peel 128.667 ms wall 41.18 s
s=  93 rc=0 build 35257.3 ms peel 129.376 ms wall 40.23 s
s=  94 rc=0 build 35222.7 ms peel 129.515 ms wall 39.84 s
s=  95 rc=0 build 35191.2 ms peel 126.497 ms wall 39.81 s
s=  96 rc=0 build 35037.1 ms peel 126.47 ms wall 40.64 s
s=  97 rc=0 build 35017.4 ms peel 126.771 ms wall 39.95 s
s=  98 rc=0 build 34973.1 ms peel 126.082 ms wall 39.93 s
s=  99 rc=0 build 34920.4 ms peel 125.535 ms wall 39.54 s
s= 100 rc=0 build 34885.1 ms peel 124.222 ms wall 39.49 s
s= 101 rc=0 build 34863.1 ms peel 124.419 ms wall 39.84 s
s= 102 rc=0 build 34810.4 ms peel 125.159 ms wall 39.78 s
s= 103 rc=0 build 34740.0 ms peel 125.924 ms wall 39.36 s
s= 104 rc=0 build 34570.2 ms peel 114.511 ms wall 39.15 s
s= 105 rc=0 build 33825.1 ms peel 113.633 ms wall 38.44 s
s= 106 rc=0 build 34732.3 ms peel 116.001 ms wall 39.32 s
s= 107 rc=0 build 33807.6 ms peel 114.653 ms wall 38.39 s
s= 108 rc=0 build 33802.1 ms peel 114.231 ms wall 38.4 s
s= 109 rc=0 build 33785.9 ms peel 114.922 ms wall 38.37 s
s= 110 rc=0 build 33774.7 ms peel 114.86 ms wall 38.37 s
s= 111 rc=0 build 33765.3 ms peel 114.342 ms wall 38.38 s
s= 112 rc=0 build 33769.3 ms peel 113.373 ms wall 38.72 s
s= 113 rc=0 build 33750.3 ms peel 112.502 ms wall 38.72 s
s= 114 rc=0 build 33752.6 ms peel 112.526 ms wall 38.69 s
s= 115 rc=0 build 33721.6 ms peel 112.62 ms wall 38.68 s
s= 116 rc=0 build 33875.5 ms peel 112.012 ms wall 38.47 s
s= 117 rc=0 build 33702.4 ms peel 112.037 ms wall 38.28 s
s= 118 rc=0 build 33681.9 ms peel 111.461 ms wall 38.26 s
s= 119 rc=0 build 34203.8 ms peel 112.066 ms wall 38.81 s
s= 120 rc=0 build 33652.8 ms peel 112.241 ms wall 38.23 s
s= 121 rc=0 build 33644.8 ms peel 110.948 ms wall 38.23 s
s= 122 rc=0 build 33796.3 ms peel 112.544 ms wall 38.39 s
s= 123 rc=0 build 33626.1 ms peel 111.004 ms wall 38.22 s
s= 124 rc=0 build 33621.7 ms peel 110.549 ms wall 38.2 s
s= 125 rc=0 build 33603.4 ms peel 110.77 ms wall 38.19 s
s= 126 rc=0 build 33583.7 ms peel 110.466 ms wall 38.19 s
s= 127 rc=0 build 33590.6 ms peel 111.42 ms wall 38.55 s
s= 128 rc=0 build 34126.6 ms peel 109.751 ms wall 39.05 s
s= 129 rc=0 build 33553.4 ms peel 110.445 ms wall 38.15 s
s= 130 rc=0 build 33541.6 ms peel 110.311 ms wall 38.12 s
s= 131 rc=0 build 33545.3 ms peel 110.12 ms wall 38.48 s
s= 132 rc=0 build 33512.3 ms peel 110.329 ms wall 38.44 s
s= 133 rc=0 build 33504.0 ms peel 109.737 ms wall 38.09 s
s= 134 rc=0 build 33562.4 ms peel 110.59 ms wall 38.15 s
s= 135 rc=0 build 33471.9 ms peel 109.401 ms wall 38.07 s
s= 136 rc=0 build 33468.5 ms peel 109.58 ms wall 38.41 s
s= 137 rc=0 build 34091.2 ms peel 109.399 ms wall 39.03 s
s= 138 rc=0 build 33433.4 ms peel 108.681 ms wall 38.01 s
s= 139 rc=0 build 33415.9 ms peel 108.562 ms wall 38.86 s
s= 140 rc=0 build 33401.3 ms peel 109.163 ms wall 38.0 s
s= 141 rc=0 build 33386.2 ms peel 109.528 ms wall 37.98 s
s= 142 rc=0 build 33370.7 ms peel 109.557 ms wall 37.98 s
s= 143 rc=0 build 33350.8 ms peel 109.34 ms wall 37.94 s
s= 144 rc=0 build 33332.3 ms peel 108.846 ms wall 37.93 s
s= 145 rc=0 build 33328.1 ms peel 103.298 ms wall 37.91 s
s= 146 rc=0 build 33320.3 ms peel 108.429 ms wall 37.9 s
s= 147 rc=0 build 33304.6 ms peel 108.606 ms wall 37.89 s
s= 148 rc=0 build 33297.7 ms peel 109.708 ms wall 37.87 s
s= 149 rc=0 build 33294.9 ms peel 102.924 ms wall 37.87 s
s= 150 rc=0 build 33285.6 ms peel 109.802 ms wall 37.88 s
s= 151 rc=0 build 33268.3 ms peel 109.854 ms wall 37.86 s
s= 152 rc=0 build 33258.0 ms peel 108.575 ms wall 37.85 s
s= 153 rc=0 build 33253.9 ms peel 108.531 ms wall 37.86 s
s= 154 rc=0 build 33238.0 ms peel 102.301 ms wall 37.82 s
s= 155 rc=0 build 33229.8 ms peel 103.582 ms wall 37.81 s
s= 156 rc=0 build 33236.0 ms peel 103.313 ms wall 37.83 s
s= 157 rc=0 build 33218.5 ms peel 103.791 ms wall 37.81 s
s= 158 rc=0 build 33789.2 ms peel 103.743 ms wall 38.39 s
s= 159 rc=0 build 33728.0 ms peel 109.501 ms wall 38.3 s
s= 160 rc=0 build 33206.8 ms peel 102.748 ms wall 37.81 s
s= 161 rc=0 build 33207.8 ms peel 102.27 ms wall 37.83 s
s= 162 rc=0 build 33607.4 ms peel 102.513 ms wall 38.19 s
s= 163 rc=0 build 33453.5 ms peel 102.739 ms wall 38.02 s
s= 164 rc=0 build 33188.7 ms peel 103.826 ms wall 37.79 s
s= 165 rc=0 build 33179.6 ms peel 102.796 ms wall 37.79 s
s= 166 rc=0 build 33175.7 ms peel 109.38 ms wall 37.75 s
s= 167 rc=0 build 33162.2 ms peel 102.574 ms wall 37.76 s
s= 168 rc=0 build 33161.5 ms peel 108.727 ms wall 37.75 s
s= 169 rc=0 build 33150.1 ms peel 102.58 ms wall 37.74 s
s= 170 rc=0 build 33157.2 ms peel 108.618 ms wall 37.74 s
s= 171 rc=0 build 33133.9 ms peel 103.652 ms wall 37.71 s
s= 172 rc=0 build 33351.8 ms peel 102.811 ms wall 37.93 s
s= 173 rc=0 build 33133.8 ms peel 108.662 ms wall 38.09 s
s= 174 rc=0 build 33122.7 ms peel 108.533 ms wall 38.05 s
s= 175 rc=0 build 33107.5 ms peel 107.908 ms wall 37.74 s
s= 176 rc=0 build 33750.6 ms peel 109.913 ms wall 38.32 s
s= 177 rc=0 build 33085.6 ms peel 109.65 ms wall 37.67 s
s= 178 rc=0 build 33081.2 ms peel 109.18 ms wall 37.69 s
s= 179 rc=0 build 33082.7 ms peel 109.136 ms wall 37.67 s
s= 180 rc=0 build 33071.4 ms peel 109.407 ms wall 37.67 s
s= 181 rc=0 build 33549.6 ms peel 102.201 ms wall 38.15 s
s= 182 rc=0 build 33045.7 ms peel 102.309 ms wall 37.63 s
s= 183 rc=0 build 33039.4 ms peel 102.145 ms wall 37.62 s
s= 184 rc=0 build 33029.2 ms peel 103.025 ms wall 37.61 s
s= 185 rc=0 build 33624.1 ms peel 107.385 ms wall 38.19 s
s= 186 rc=0 build 33011.9 ms peel 107.954 ms wall 37.59 s
s= 187 rc=0 build 33005.8 ms peel 107.251 ms wall 37.58 s
s= 188 rc=0 build 33000.2 ms peel 107.555 ms wall 37.6 s
s= 189 rc=0 build 32982.4 ms peel 107.254 ms wall 37.57 s
s= 190 rc=0 build 33307.1 ms peel 107.292 ms wall 37.89 s
s= 191 rc=0 build 32966.7 ms peel 102.4 ms wall 37.55 s
s= 192 rc=0 build 33221.9 ms peel 102.747 ms wall 37.81 s
s= 193 rc=0 build 32952.3 ms peel 107.935 ms wall 37.92 s
s= 194 rc=0 build 32943.2 ms peel 107.805 ms wall 37.55 s
s= 195 rc=0 build 32936.6 ms peel 107.492 ms wall 37.57 s
s= 196 rc=0 build 32921.8 ms peel 102.315 ms wall 37.54 s
s= 197 rc=0 build 32909.1 ms peel 107.294 ms wall 37.5 s
s= 198 rc=0 build 32890.7 ms peel 109.55 ms wall 37.51 s
s= 199 rc=0 build 32886.1 ms peel 108.105 ms wall 37.46 s
s= 200 rc=0 build 32886.8 ms peel 109.051 ms wall 37.47 s
s= 201 rc=0 build 32886.4 ms peel 109.041 ms wall 37.85 s
s= 202 rc=0 build 32855.1 ms peel 105.773 ms wall 37.81 s
total wall 8112.9 s; in-process 7170.4 s
DONE web-BerkStan
s=   2 rc=0 build 12958.8 ms peel 9874.48 ms wall 41.23 s
s=   3 rc=0 build 8736.59 ms peel 6752.96 ms wall 32.14 s
s=   4 rc=0 build 6971.49 ms peel 2824.47 ms wall 26.34 s
s=   5 rc=0 build 6588.37 ms peel 1926.06 ms wall 24.87 s
s=   6 rc=0 build 6511.79 ms peel 1786.09 ms wall 24.52 s
s=   7 rc=0 build 6022.66 ms peel 1412.67 ms wall 23.63 s
s=   8 rc=0 build 5405.63 ms peel 977.06 ms wall 22.61 s
s=   9 rc=0 build 4995.13 ms peel 731.834 ms wall 21.8 s
s=  10 rc=0 build 4797.79 ms peel 644.897 ms wall 21.59 s
s=  11 rc=0 build 4686.24 ms peel 640.474 ms wall 21.25 s
s=  12 rc=0 build 4635.0 ms peel 626.406 ms wall 21.54 s
s=  13 rc=0 build 4594.8 ms peel 629.556 ms wall 21.43 s
s=  14 rc=0 build 4479.86 ms peel 639.254 ms wall 21.16 s
s=  15 rc=0 build 4472.6 ms peel 635.133 ms wall 21.33 s
s=  16 rc=0 build 4419.04 ms peel 635.226 ms wall 21.1 s
s=  17 rc=0 build 4386.86 ms peel 635.248 ms wall 20.78 s
s=  18 rc=0 build 4422.28 ms peel 630.287 ms wall 21.24 s
s=  19 rc=0 build 4389.88 ms peel 637.792 ms wall 20.89 s
s=  20 rc=0 build 4377.76 ms peel 658.266 ms wall 20.93 s
s=  21 rc=0 build 4350.17 ms peel 635.682 ms wall 20.82 s
s=  22 rc=0 build 4293.74 ms peel 640.626 ms wall 20.96 s
s=  23 rc=0 build 4294.54 ms peel 635.257 ms wall 21.06 s
s=  24 rc=0 build 4318.12 ms peel 634.891 ms wall 20.83 s
s=  25 rc=0 build 4241.41 ms peel 632.574 ms wall 20.73 s
s=  26 rc=0 build 4184.57 ms peel 640.719 ms wall 20.88 s
s=  27 rc=0 build 4234.21 ms peel 639.249 ms wall 21.04 s
s=  28 rc=0 build 4170.21 ms peel 634.322 ms wall 20.86 s
s=  29 rc=0 build 4173.88 ms peel 627.738 ms wall 20.58 s
s=  30 rc=0 build 4219.74 ms peel 651.98 ms wall 21.01 s
s=  31 rc=0 build 4209.63 ms peel 635.533 ms wall 21.02 s
s=  32 rc=0 build 4180.59 ms peel 635.955 ms wall 21.1 s
s=  33 rc=0 build 4152.08 ms peel 627.197 ms wall 20.63 s
s=  34 rc=0 build 4183.5 ms peel 633.941 ms wall 21.02 s
s=  35 rc=0 build 4161.08 ms peel 627.599 ms wall 20.7 s
s=  36 rc=0 build 4143.85 ms peel 642.735 ms wall 20.94 s
s=  37 rc=0 build 4133.48 ms peel 644.125 ms wall 20.92 s
s=  38 rc=0 build 4131.51 ms peel 627.181 ms wall 20.62 s
s=  39 rc=0 build 4112.52 ms peel 644.502 ms wall 20.78 s
s=  40 rc=0 build 4126.11 ms peel 631.859 ms wall 20.6 s
s=  41 rc=0 build 4074.48 ms peel 637.282 ms wall 20.76 s
s=  42 rc=0 build 4110.42 ms peel 636.15 ms wall 20.9 s
s=  43 rc=0 build 4127.05 ms peel 628.535 ms wall 20.62 s
s=  44 rc=0 build 4108.36 ms peel 628.581 ms wall 20.57 s
s=  45 rc=0 build 4130.44 ms peel 632.068 ms wall 20.66 s
s=  46 rc=0 build 4085.51 ms peel 628.544 ms wall 20.58 s
s=  47 rc=0 build 4073.54 ms peel 635.244 ms wall 21.04 s
s=  48 rc=0 build 4086.56 ms peel 639.39 ms wall 20.85 s
s=  49 rc=0 build 4107.24 ms peel 634.155 ms wall 20.89 s
s=  50 rc=0 build 4130.02 ms peel 635.813 ms wall 21.05 s
s=  51 rc=0 build 4123.01 ms peel 638.552 ms wall 20.98 s
s=  52 rc=0 build 4088.64 ms peel 630.405 ms wall 20.62 s
s=  53 rc=0 build 4104.59 ms peel 627.991 ms wall 20.67 s
s=  54 rc=0 build 4027.7 ms peel 629.27 ms wall 20.71 s
s=  55 rc=0 build 4104.6 ms peel 640.079 ms wall 20.91 s
s=  56 rc=0 build 4125.29 ms peel 638.543 ms wall 20.95 s
s=  57 rc=0 build 4085.86 ms peel 636.522 ms wall 20.88 s
s=  58 rc=0 build 4121.15 ms peel 639.866 ms wall 21.0 s
s=  59 rc=0 build 3663.59 ms peel 627.378 ms wall 19.18 s
s=  60 rc=0 build 4125.28 ms peel 642.578 ms wall 21.0 s
s=  61 rc=0 build 4091.09 ms peel 634.327 ms wall 20.97 s
s=  62 rc=0 build 4100.9 ms peel 627.417 ms wall 20.62 s
s=  63 rc=0 build 4114.84 ms peel 635.213 ms wall 21.06 s
s=  64 rc=0 build 4112.01 ms peel 641.975 ms wall 20.97 s
s=  65 rc=0 build 4102.25 ms peel 637.246 ms wall 20.99 s
total wall 1386.9 s; in-process 355.9 s
DONE cit-Patents
END 2026-09-20T08:37:57+00:00
