$ CHAIN_SOLVER=tail CHAIN_TREEPASS=fast /usr/bin/time -v /data/wenqianz/pivoter_repo/research/r1_skyline_index_20260918/build/chain_index_tool --build-only /data/wenqianz/graphs/inf-roadNet-CA.edges
{"n":1957027,"solver":"tail","treepass":"fast","count_bits":64,"chains":89728,"canonical_nodes":90063,"index_bytes":4416797,"build_form_bytes":5408644,"compact_ms":1.29538,"bytes_map":725868,"bytes_chains":1795526,"bytes_layers":1895403,"ti_ms":543.146,"ti_bytes":132793392,"rss_loaded":111927296,"rss_with_ti":213606400,"rss_start":213606400,"rss_after_solve":434585600,"rss_after_chains":403271680,"rss_after_layout":403271680,"solve_ms":61.7063,"trees_ms":515.936,"chains_ms":12.5552,"layout_ms":16.9674,"build_ms":649.654}
	Command being timed: "/data/wenqianz/pivoter_repo/research/r1_skyline_index_20260918/build/chain_index_tool --build-only /data/wenqianz/graphs/inf-roadNet-CA.edges"
	User time (seconds): 3.05
	System time (seconds): 0.26
	Percent of CPU this job got: 99%
	Elapsed (wall clock) time (h:mm:ss or m:ss): 0:03.32
	Average shared text size (kbytes): 0
	Average unshared data size (kbytes): 0
	Average stack size (kbytes): 0
	Average total size (kbytes): 0
	Maximum resident set size (kbytes): 465504
	Average resident set size (kbytes): 0
	Major (requiring I/O) page faults: 0
	Minor (reclaiming a frame) page faults: 170752
	Voluntary context switches: 1
	Involuntary context switches: 7
	Swaps: 0
	File system inputs: 0
	File system outputs: 0
	Socket messages sent: 0
	Socket messages received: 0
	Signals delivered: 0
	Page size (bytes): 4096
	Exit status: 0
