$ CHAIN_SOLVER=tail CHAIN_TREEPASS=fast /usr/bin/time -v /data/wenqianz/pivoter_repo/research/r1_skyline_index_20260918/build/chain_index_tool --build-only /data/wenqianz/graphs/inf-roadNet-CA.edges
{"n":1957027,"solver":"tail","treepass":"fast","count_bits":64,"chains":89728,"canonical_nodes":90063,"index_bytes":4416797,"build_form_bytes":5408644,"compact_ms":1.58509,"bytes_map":725868,"bytes_chains":1795526,"bytes_layers":1895403,"ti_ms":559.957,"ti_bytes":132793392,"rss_loaded":112033792,"rss_with_ti":213647360,"rss_start":213647360,"rss_after_solve":434618368,"rss_after_chains":403304448,"rss_after_layout":403304448,"solve_ms":70.1602,"trees_ms":598.819,"chains_ms":15.073,"layout_ms":20.7641,"build_ms":752.815}
	Command being timed: "/data/wenqianz/pivoter_repo/research/r1_skyline_index_20260918/build/chain_index_tool --build-only /data/wenqianz/graphs/inf-roadNet-CA.edges"
	User time (seconds): 3.13
	System time (seconds): 0.27
	Percent of CPU this job got: 99%
	Elapsed (wall clock) time (h:mm:ss or m:ss): 0:03.41
	Average shared text size (kbytes): 0
	Average unshared data size (kbytes): 0
	Average stack size (kbytes): 0
	Average total size (kbytes): 0
	Maximum resident set size (kbytes): 465536
	Average resident set size (kbytes): 0
	Major (requiring I/O) page faults: 0
	Minor (reclaiming a frame) page faults: 170756
	Voluntary context switches: 1
	Involuntary context switches: 7
	Swaps: 0
	File system inputs: 0
	File system outputs: 0
	Socket messages sent: 0
	Socket messages received: 0
	Signals delivered: 0
	Page size (bytes): 4096
	Exit status: 0
