$ CHAIN_SOLVER=terminal CHAIN_TREEPASS=fast /usr/bin/time -v /data/wenqianz/pivoter_repo/research/r1_skyline_index_20260918/build/chain_index_tool --build-only /data/wenqianz/graphs/inf-roadNet-CA.edges
{"n":1957027,"solver":"terminal","treepass":"fast","count_bits":64,"chains":89728,"canonical_nodes":90063,"index_bytes":4416797,"build_form_bytes":5408644,"compact_ms":1.59404,"bytes_map":725868,"bytes_chains":1795526,"bytes_layers":1895403,"ti_ms":540.874,"ti_bytes":132793392,"rss_loaded":112128000,"rss_with_ti":213778432,"rss_start":213778432,"rss_after_solve":417103872,"rss_after_chains":385789952,"rss_after_layout":385789952,"solve_ms":133.522,"trees_ms":596.966,"chains_ms":14.6231,"layout_ms":21.0165,"build_ms":810.587}
	Command being timed: "/data/wenqianz/pivoter_repo/research/r1_skyline_index_20260918/build/chain_index_tool --build-only /data/wenqianz/graphs/inf-roadNet-CA.edges"
	User time (seconds): 3.15
	System time (seconds): 0.29
	Percent of CPU this job got: 99%
	Elapsed (wall clock) time (h:mm:ss or m:ss): 0:03.45
	Average shared text size (kbytes): 0
	Average unshared data size (kbytes): 0
	Average stack size (kbytes): 0
	Average total size (kbytes): 0
	Maximum resident set size (kbytes): 478908
	Average resident set size (kbytes): 0
	Major (requiring I/O) page faults: 0
	Minor (reclaiming a frame) page faults: 174080
	Voluntary context switches: 1
	Involuntary context switches: 16
	Swaps: 0
	File system inputs: 0
	File system outputs: 0
	Socket messages sent: 0
	Socket messages received: 0
	Signals delivered: 0
	Page size (bytes): 4096
	Exit status: 0
