$ CHAIN_SOLVER=terminal CHAIN_TREEPASS=old /usr/bin/time -v /data/wenqianz/pivoter_repo/research/r1_skyline_index_20260918/build/chain_index_tool --build-only /data/wenqianz/graphs/inf-roadNet-CA.edges
{"n":1957027,"solver":"terminal","treepass":"old","count_bits":64,"chains":89728,"canonical_nodes":90063,"index_bytes":4416797,"build_form_bytes":5408644,"compact_ms":1.3594,"bytes_map":725868,"bytes_chains":1795526,"bytes_layers":1895403,"ti_ms":463.072,"ti_bytes":132793392,"rss_loaded":112115712,"rss_with_ti":213663744,"rss_start":213663744,"rss_after_solve":358322176,"rss_after_chains":327008256,"rss_after_layout":327008256,"solve_ms":120.134,"trees_ms":703.195,"chains_ms":13.4281,"layout_ms":17.5035,"build_ms":861.362}
	Command being timed: "/data/wenqianz/pivoter_repo/research/r1_skyline_index_20260918/build/chain_index_tool --build-only /data/wenqianz/graphs/inf-roadNet-CA.edges"
	User time (seconds): 2.73
	System time (seconds): 0.37
	Percent of CPU this job got: 99%
	Elapsed (wall clock) time (h:mm:ss or m:ss): 0:03.11
	Average shared text size (kbytes): 0
	Average unshared data size (kbytes): 0
	Average stack size (kbytes): 0
	Average total size (kbytes): 0
	Maximum resident set size (kbytes): 499276
	Average resident set size (kbytes): 0
	Major (requiring I/O) page faults: 0
	Minor (reclaiming a frame) page faults: 232887
	Voluntary context switches: 1
	Involuntary context switches: 5
	Swaps: 0
	File system inputs: 0
	File system outputs: 0
	Socket messages sent: 0
	Socket messages received: 0
	Signals delivered: 0
	Page size (bytes): 4096
	Exit status: 0
