$ CHAIN_SOLVER=terminal CHAIN_TREEPASS=fast /usr/bin/time -v /data/wenqianz/pivoter_repo/research/r1_skyline_index_20260918/build/chain_index_tool --build-only /data/wenqianz/graphs/sc-msdoor.edges
{"n":404785,"solver":"terminal","treepass":"fast","count_bits":64,"chains":7187,"canonical_nodes":5018,"index_bytes":1756811,"build_form_bytes":2412012,"compact_ms":1.4385,"bytes_map":104656,"bytes_chains":999720,"bytes_layers":652435,"ti_ms":3148.64,"ti_bytes":533980780,"rss_loaded":87126016,"rss_with_ti":633925632,"rss_start":633925632,"rss_after_solve":752513024,"rss_after_chains":752513024,"rss_after_layout":752513024,"solve_ms":8079.21,"trees_ms":7746.82,"chains_ms":2.64404,"layout_ms":22.2691,"build_ms":15885.1}
	Command being timed: "/data/wenqianz/pivoter_repo/research/r1_skyline_index_20260918/build/chain_index_tool --build-only /data/wenqianz/graphs/sc-msdoor.edges"
	User time (seconds): 22.72
	System time (seconds): 0.82
	Percent of CPU this job got: 99%
	Elapsed (wall clock) time (h:mm:ss or m:ss): 0:23.55
	Average shared text size (kbytes): 0
	Average unshared data size (kbytes): 0
	Average stack size (kbytes): 0
	Average total size (kbytes): 0
	Maximum resident set size (kbytes): 794084
	Average resident set size (kbytes): 0
	Major (requiring I/O) page faults: 0
	Minor (reclaiming a frame) page faults: 494978
	Voluntary context switches: 1
	Involuntary context switches: 32
	Swaps: 0
	File system inputs: 0
	File system outputs: 0
	Socket messages sent: 0
	Socket messages received: 0
	Signals delivered: 0
	Page size (bytes): 4096
	Exit status: 0
