$ CHAIN_SOLVER=tail CHAIN_TREEPASS=old /usr/bin/time -v /data/wenqianz/pivoter_repo/research/r1_skyline_index_20260918/build/chain_index_tool --build-only /data/wenqianz/graphs/web-baidu-baike.edges
{"n":2140198,"solver":"tail","treepass":"old","count_bits":64,"chains":199836,"canonical_nodes":31557,"index_bytes":14455885,"build_form_bytes":19352276,"compact_ms":11.3629,"bytes_map":1200644,"bytes_chains":8315768,"bytes_layers":4939473,"ti_ms":45263,"ti_bytes":1365360452,"rss_loaded":182939648,"rss_with_ti":1565425664,"rss_start":1565425664,"rss_after_solve":1881313280,"rss_after_chains":1847066624,"rss_after_layout":1847332864,"solve_ms":8442.07,"trees_ms":17410.5,"chains_ms":17.7526,"layout_ms":138.74,"build_ms":26022.4}
	Command being timed: "/data/wenqianz/pivoter_repo/research/r1_skyline_index_20260918/build/chain_index_tool --build-only /data/wenqianz/graphs/web-baidu-baike.edges"
	User time (seconds): 75.93
	System time (seconds): 5.81
	Percent of CPU this job got: 99%
	Elapsed (wall clock) time (h:mm:ss or m:ss): 1:21.75
	Average shared text size (kbytes): 0
	Average unshared data size (kbytes): 0
	Average stack size (kbytes): 0
	Average total size (kbytes): 0
	Maximum resident set size (kbytes): 2620352
	Average resident set size (kbytes): 0
	Major (requiring I/O) page faults: 0
	Minor (reclaiming a frame) page faults: 3592954
	Voluntary context switches: 1
	Involuntary context switches: 217
	Swaps: 0
	File system inputs: 0
	File system outputs: 0
	Socket messages sent: 0
	Socket messages received: 0
	Signals delivered: 0
	Page size (bytes): 4096
	Exit status: 0
