$ CHAIN_SOLVER=terminal CHAIN_TREEPASS=old /usr/bin/time -v /data/wenqianz/pivoter_repo/research/r1_skyline_index_20260918/build/chain_index_tool --build-only /data/wenqianz/graphs/web-baidu-baike.edges
{"n":2140198,"solver":"terminal","treepass":"old","count_bits":64,"chains":199836,"canonical_nodes":31557,"index_bytes":14455885,"build_form_bytes":19352276,"compact_ms":11.499,"bytes_map":1200644,"bytes_chains":8315768,"bytes_layers":4939473,"ti_ms":44859,"ti_bytes":1365360452,"rss_loaded":182996992,"rss_with_ti":1565417472,"rss_start":1565417472,"rss_after_solve":1820098560,"rss_after_chains":1785851904,"rss_after_layout":1786118144,"solve_ms":15666.8,"trees_ms":17209.1,"chains_ms":17.799,"layout_ms":139.29,"build_ms":33046.4}
	Command being timed: "/data/wenqianz/pivoter_repo/research/r1_skyline_index_20260918/build/chain_index_tool --build-only /data/wenqianz/graphs/web-baidu-baike.edges"
	User time (seconds): 78.11
	System time (seconds): 10.43
	Percent of CPU this job got: 99%
	Elapsed (wall clock) time (h:mm:ss or m:ss): 1:28.55
	Average shared text size (kbytes): 0
	Average unshared data size (kbytes): 0
	Average stack size (kbytes): 0
	Average total size (kbytes): 0
	Maximum resident set size (kbytes): 2593904
	Average resident set size (kbytes): 0
	Major (requiring I/O) page faults: 0
	Minor (reclaiming a frame) page faults: 6938793
	Voluntary context switches: 1
	Involuntary context switches: 118
	Swaps: 0
	File system inputs: 0
	File system outputs: 0
	Socket messages sent: 0
	Socket messages received: 0
	Signals delivered: 0
	Page size (bytes): 4096
	Exit status: 0
