$ CHAIN_SOLVER=tail CHAIN_TREEPASS=fast /usr/bin/time -v /data/wenqianz/pivoter_repo/research/r1_skyline_index_20260918/build/chain_index_tool --build-only /data/wenqianz/graphs/web-baidu-baike.edges
{"n":2140198,"solver":"tail","treepass":"fast","count_bits":64,"chains":199836,"canonical_nodes":31557,"index_bytes":14455885,"build_form_bytes":19352276,"compact_ms":11.2666,"bytes_map":1200644,"bytes_chains":8315768,"bytes_layers":4939473,"ti_ms":47253.2,"ti_bytes":1365360452,"rss_loaded":182882304,"rss_with_ti":1565368320,"rss_start":1565368320,"rss_after_solve":1872982016,"rss_after_chains":1838735360,"rss_after_layout":1839001600,"solve_ms":9376.31,"trees_ms":11660.6,"chains_ms":17.8562,"layout_ms":138.791,"build_ms":21461.3}
	Command being timed: "/data/wenqianz/pivoter_repo/research/r1_skyline_index_20260918/build/chain_index_tool --build-only /data/wenqianz/graphs/web-baidu-baike.edges"
	User time (seconds): 76.64
	System time (seconds): 2.29
	Percent of CPU this job got: 99%
	Elapsed (wall clock) time (h:mm:ss or m:ss): 1:18.97
	Average shared text size (kbytes): 0
	Average unshared data size (kbytes): 0
	Average stack size (kbytes): 0
	Average total size (kbytes): 0
	Maximum resident set size (kbytes): 2653552
	Average resident set size (kbytes): 0
	Major (requiring I/O) page faults: 0
	Minor (reclaiming a frame) page faults: 1303878
	Voluntary context switches: 1
	Involuntary context switches: 687
	Swaps: 0
	File system inputs: 0
	File system outputs: 0
	Socket messages sent: 0
	Socket messages received: 0
	Signals delivered: 0
	Page size (bytes): 4096
	Exit status: 0
