$ CHAIN_SOLVER=terminal CHAIN_TREEPASS=fast /usr/bin/time -v /data/wenqianz/pivoter_repo/research/r1_skyline_index_20260918/build/chain_index_tool --build-only /data/wenqianz/graphs/web-baidu-baike.edges
{"n":2140198,"solver":"terminal","treepass":"fast","count_bits":64,"chains":199836,"canonical_nodes":31557,"index_bytes":14455885,"build_form_bytes":19352276,"compact_ms":11.3515,"bytes_map":1200644,"bytes_chains":8315768,"bytes_layers":4939473,"ti_ms":44822.9,"ti_bytes":1365360452,"rss_loaded":183037952,"rss_with_ti":1565458432,"rss_start":1565458432,"rss_after_solve":1815138304,"rss_after_chains":1780891648,"rss_after_layout":1781174272,"solve_ms":17010.9,"trees_ms":11282.8,"chains_ms":19.0554,"layout_ms":143.398,"build_ms":28697.7}
	Command being timed: "/data/wenqianz/pivoter_repo/research/r1_skyline_index_20260918/build/chain_index_tool --build-only /data/wenqianz/graphs/web-baidu-baike.edges"
	User time (seconds): 76.58
	System time (seconds): 7.13
	Percent of CPU this job got: 99%
	Elapsed (wall clock) time (h:mm:ss or m:ss): 1:23.74
	Average shared text size (kbytes): 0
	Average unshared data size (kbytes): 0
	Average stack size (kbytes): 0
	Average total size (kbytes): 0
	Maximum resident set size (kbytes): 2630592
	Average resident set size (kbytes): 0
	Major (requiring I/O) page faults: 0
	Minor (reclaiming a frame) page faults: 4510030
	Voluntary context switches: 1
	Involuntary context switches: 426
	Swaps: 0
	File system inputs: 0
	File system outputs: 0
	Socket messages sent: 0
	Socket messages received: 0
	Signals delivered: 0
	Page size (bytes): 4096
	Exit status: 0
