$ /usr/bin/time -l /Users/zhangwenqian/UNSW/pivoter/research/r1_skyline_index_20260918/build/chain_index_tool --bench graphs/ca-CondMat.edges /Users/zhangwenqian/UNSW/pivoter/research/r1_skyline_index_20260918/cx/ca-CondMat.cx
{"passed":true,"n":23133,"m":93439,"s_max":26,"count_bits":64,"chains":1917,"canonical_nodes":3357,"max_depth":105,"pairs_total":8693,"runs_total":3658,"vertex_pairs":103768,"vertex_residue_cells":9756,"baseline_vertex_bytes":1299206,"bytes_map":12020,"bytes_chains":73014,"bytes_layers":123460,"bytes_total":208494,"file_bytes":196162,"perm_bytes":92532,"slice_bytes_layers":115340,"slice_bytes_total":200374,"solve_ms":70.629,"trees_ms":30.198,"chains_ms":3.725,"layout_ms":1.407,"build_ms":106.122,"compact_ms":0.060,"save_ms":15.100,"load_ms":0.114,"slice_range_own_ns":992.000,"slice_range_half_ns":1139.285,"slice_range_root_ns":1326.000,"slice_explicit_own_ns":1791.056,"slice_explicit_half_ns":2140.375,"slice_explicit_root_ns":3081.334,"slice_ladder_ns":1934.669,"slice_own_ranges":165.008,"slice_half_ranges":181.059,"slice_root_ranges":214.896,"ptr_own_ns":18.379,"ptr_half_ns":24.948,"ptr_root_ns":6.292,"ptr_checksum":233927754,"range_own_ns":85.873,"range_half_ns":56.615,"range_root_ns":51.875,"explicit_own_ns":948.837,"explicit_half_ns":1191.573,"explicit_root_ns":1404.750,"own_output":9998.650,"half_output":12008.097,"root_output":14388.631,"own_ranges":165.008,"half_ranges":181.059,"root_ranges":214.896,"own_chains":165.008,"half_chains":181.059,"root_chains":214.896,"member_ns":23.776,"member_checksum":62178,"value_ns":11.119,"value_checksum":0,"ladder_ns":236.600,"ladder_steps":7.104}
        1.53 real         1.45 user         0.01 sys
            27410432  maximum resident set size
                   0  average shared memory size
                   0  average unshared data size
                   0  average unshared stack size
                1860  page reclaims
                   2  page faults
                   0  swaps
                   0  block input operations
                   0  block output operations
                   0  messages sent
                   0  messages received
                   0  signals received
                   5  voluntary context switches
                1403  involuntary context switches
         20656098636  instructions retired
          3503094074  cycles elapsed
            26755456  peak memory footprint
