$ /usr/bin/time -l /Users/zhangwenqian/UNSW/pivoter/research/r1_skyline_index_20260918/build/chain_index_tool --bench data/ca-HepPh.edges /Users/zhangwenqian/UNSW/pivoter/research/r1_skyline_index_20260918/cx/ca-HepPh.cx
{"passed":true,"n":12008,"m":118489,"s_max":239,"count_bits":256,"chains":1136,"canonical_nodes":3538,"max_depth":131,"pairs_total":8468,"runs_total":4969,"vertex_pairs":172963,"vertex_residue_cells":6004,"baseline_vertex_bytes":1899628,"bytes_map":6808,"bytes_chains":100632,"bytes_layers":225632,"bytes_total":333072,"file_bytes":328536,"perm_bytes":48032,"slice_bytes_layers":203696,"slice_bytes_total":311136,"solve_ms":361.343,"trees_ms":133.619,"chains_ms":6.477,"layout_ms":1.117,"build_ms":502.638,"compact_ms":0.096,"save_ms":65.246,"load_ms":0.547,"slice_range_own_ns":472.521,"slice_range_half_ns":991.337,"slice_range_root_ns":421.250,"slice_explicit_own_ns":1401.533,"slice_explicit_half_ns":1141.148,"slice_explicit_root_ns":1912.000,"slice_ladder_ns":1814.044,"slice_own_ranges":129.777,"slice_half_ranges":136.981,"slice_root_ranges":169.413,"ptr_own_ns":9.773,"ptr_half_ns":18.087,"ptr_root_ns":4.625,"ptr_checksum":178710090,"range_own_ns":43.685,"range_half_ns":53.677,"range_root_ns":44.291,"explicit_own_ns":698.615,"explicit_half_ns":875.785,"explicit_root_ns":424.375,"own_output":5326.751,"half_output":6257.086,"root_output":7438.710,"own_ranges":129.777,"half_ranges":136.981,"root_ranges":169.413,"own_chains":129.777,"half_chains":136.981,"root_chains":169.413,"member_ns":6.750,"member_checksum":61614,"value_ns":5.645,"value_checksum":0,"ladder_ns":130.842,"ladder_steps":7.275}
        1.71 real         1.42 user         0.04 sys
           186155008  maximum resident set size
                   0  average shared memory size
                   0  average unshared data size
                   0  average unshared stack size
               11539  page reclaims
                  12  page faults
                   0  swaps
                   0  block input operations
                   0  block output operations
                   0  messages sent
                   0  messages received
                   0  signals received
                   7  voluntary context switches
                3578  involuntary context switches
         18225937059  instructions retired
          4401282177  cycles elapsed
           185418208  peak memory footprint
