$ /usr/bin/time -l /Users/zhangwenqian/UNSW/pivoter/research/r1_skyline_index_20260918/build/chain_index_tool --bench graphs/loc-Brightkite.edges /Users/zhangwenqian/UNSW/pivoter/research/r1_skyline_index_20260918/cx/loc-Brightkite.cx
{"passed":true,"n":58228,"m":214078,"s_max":53,"count_bits":64,"chains":6326,"canonical_nodes":11547,"max_depth":730,"pairs_total":35833,"runs_total":21427,"vertex_pairs":126403,"vertex_residue_cells":71438,"baseline_vertex_bytes":2628872,"bytes_map":36232,"bytes_chains":445960,"bytes_layers":495148,"bytes_total":977340,"file_bytes":933328,"perm_bytes":232912,"slice_bytes_layers":420460,"slice_bytes_total":902652,"solve_ms":1175.084,"trees_ms":565.274,"chains_ms":8.000,"layout_ms":4.130,"build_ms":1752.956,"compact_ms":0.236,"save_ms":5.101,"load_ms":0.439,"slice_range_own_ns":5030.167,"slice_range_half_ns":5035.829,"slice_range_root_ns":5382.709,"slice_explicit_own_ns":7151.265,"slice_explicit_half_ns":8262.006,"slice_explicit_root_ns":8535.792,"slice_ladder_ns":6631.694,"slice_own_ranges":400.674,"slice_half_ranges":415.296,"slice_root_ranges":463.869,"ptr_own_ns":4.158,"ptr_half_ns":8.379,"ptr_root_ns":3.833,"ptr_checksum":3654907986,"range_own_ns":150.654,"range_half_ns":171.723,"range_root_ns":196.833,"explicit_own_ns":2654.156,"explicit_half_ns":2845.708,"explicit_root_ns":2078.667,"own_output":32323.257,"half_output":39732.150,"root_output":45279.031,"own_ranges":400.674,"half_ranges":415.296,"root_ranges":463.869,"own_chains":400.674,"half_chains":415.296,"root_chains":463.869,"member_ns":6.648,"member_checksum":79374,"value_ns":7.600,"value_checksum":0,"ladder_ns":503.792,"ladder_steps":7.233}
        6.86 real         6.74 user         0.06 sys
           249987072  maximum resident set size
                   0  average shared memory size
                   0  average unshared data size
                   0  average unshared stack size
               15445  page reclaims
                   2  page faults
                   0  swaps
                   0  block input operations
                   0  block output operations
                   0  messages sent
                   0  messages received
                   0  signals received
                   8  voluntary context switches
                5257  involuntary context switches
        104163888633  instructions retired
         18058789306  cycles elapsed
           249446952  peak memory footprint
