$ /usr/bin/time -l /Users/zhangwenqian/UNSW/pivoter/research/r1_skyline_index_20260918/build/chain_index_tool --bench graphs/soc-pokec.edges /Users/zhangwenqian/UNSW/pivoter/research/r1_skyline_index_20260918/cx/soc-pokec.cx
{"passed":true,"n":1632803,"m":22301964,"s_max":48,"count_bits":64,"chains":383206,"canonical_nodes":67544,"max_depth":2413,"pairs_total":2375352,"runs_total":1212885,"vertex_pairs":5325365,"vertex_residue_cells":4369699,"baseline_vertex_bytes":101770646,"bytes_map":1838988,"bytes_chains":30291012,"bytes_layers":11594688,"bytes_total":43724688,"file_bytes":43456488,"perm_bytes":6531212,"slice_bytes_layers":11122464,"slice_bytes_total":43252464,"solve_ms":52970.974,"trees_ms":9809.843,"chains_ms":344.619,"layout_ms":208.606,"build_ms":63386.301,"compact_ms":5.808,"save_ms":94.119,"load_ms":16.612,"slice_range_own_ns":416637.896,"slice_range_half_ns":441974.779,"slice_range_root_ns":487253.083,"slice_explicit_own_ns":494245.565,"slice_explicit_half_ns":551339.854,"slice_explicit_root_ns":596273.709,"slice_ladder_ns":1968584.765,"slice_own_ranges":40378.242,"slice_half_ranges":44650.270,"slice_root_ranges":51695.142,"ptr_own_ns":15.250,"ptr_half_ns":31.319,"ptr_root_ns":10.125,"ptr_checksum":120767184566,"range_own_ns":12423.646,"range_half_ns":15948.677,"range_root_ns":14146.042,"explicit_own_ns":89880.865,"explicit_half_ns":100437.325,"explicit_root_ns":130705.209,"own_output":827163.134,"half_output":992601.993,"root_output":1240689.469,"own_ranges":40378.242,"half_ranges":44650.270,"root_ranges":51695.142,"own_chains":40378.242,"half_chains":44650.270,"root_chains":51695.142,"member_ns":24.224,"member_checksum":75138,"value_ns":13.049,"value_checksum":0,"ladder_ns":130768.002,"ladder_steps":23.035}
      611.47 real       601.52 user         3.88 sys
          6395789312  maximum resident set size
                   0  average shared memory size
                   0  average unshared data size
                   0  average unshared stack size
              595225  page reclaims
                   2  page faults
                   0  swaps
                   0  block input operations
                   0  block output operations
                   0  messages sent
                   0  messages received
                   0  signals received
                  44  voluntary context switches
              407846  involuntary context switches
       8358155637053  instructions retired
       1824597026882  cycles elapsed
          8128141648  peak memory footprint
