$ /usr/bin/time -l /Users/zhangwenqian/UNSW/pivoter/research/r1_skyline_index_20260918/build/index --graph data/ca-GrQc.edges chains
{"passed":true,"mode":"chains","bytes_shared_aligned":6712,"n":5242,"m":14484,"s_max":44,"count_bits":64,"classes":716,"active_pairs":2079,"skyline_entries":835,"canonical_nodes":1517,"bytes_shared":44804,"bytes_base_nodes":30340,"bytes_base_pairs":19500,"bytes_sky_nodes":36408,"bytes_sky_entries":4175,"bytes_sky_location":9911,"bytes_sky_cross":10508,"bytes_block_d":8576,"bytes_block_d_variant_b":8312,"base_without_d":94644,"sky_without_d":105806,"base_with_d":103220,"sky_with_d":114382,"own_base_ns":574.346,"own_sky_ns":2170.202,"own_output":1656.487,"half_base_ns":674.721,"half_sky_ns":2432.975,"half_output":2112.454,"root_base_ns":733.792,"root_sky_ns":2533.791,"root_output":2295.732,"member_base_ns":4.910,"member_sky_ns":19.991,"member_checksum":45906,"member_checksum_sky":45906,"value_ns":5.010,"value_checksum":0}
        2.03 real         2.01 user         0.00 sys
            15581184  maximum resident set size
                   0  average shared memory size
                   0  average unshared data size
                   0  average unshared stack size
                1115  page reclaims
                  25  page faults
                   0  swaps
                   0  block input operations
                   0  block output operations
                   0  messages sent
                   0  messages received
                   0  signals received
                   5  voluntary context switches
                 575  involuntary context switches
         26735700698  instructions retired
          6246209586  cycles elapsed
            14909800  peak memory footprint
