$ /usr/bin/time -l /Users/zhangwenqian/UNSW/pivoter/research/r1_skyline_index_20260918/build/tail_check --graph /Users/zhangwenqian/UNSW/pivoter/graphs/com-youtube.edges
{"graph":"com-youtube.edges","n":1134890,"m":2987624,"d":51,"rows":3652120,"incidences":13595362,"bits":64,"sizes":17,"identical":true,"prepare_ms":41.278,"fused_prepare_ms":32.814,"terminal_ms":467.343,"tail_ms":425.048,"residue_ms":789.075,"fullpeel_ms":426.049,"notail_ms":446.310,"tail_omega_ms":0.000,"tail_total_ms":425.033,"tail_upper_ms":5.779,"tail_mark_ms":0.001,"tail_init_ms":96.660,"tail_peel_ms":300.795,"tail_order_ms":0.000,"tail_residue_sizes":0,"tail_full_sizes":14,"tail_aborted_marks":0,"active_pairs":438759,"residue_pairs":309304,"closed_sizes":1,"last_residue_size":16,"valid_incidences_active_sizes":38402799,"relevant_incidences":38329156,"tail_events":438741,"fullpeel_events":438741,"per_size_tail":[[3,2,261730,181733,11899841,7809395,0,0,104.694],[4,2,93443,61889,10921060,8169653,0,0,78.044],[5,2,40160,29760,10244489,7079091,0,0,60.266],[6,2,19651,15574,9598387,5556530,0,0,46.043],[7,2,10438,8704,9019157,3992286,0,0,34.410],[8,2,5678,4945,8407966,2619530,0,0,24.846],[9,2,3273,2886,7758010,1587714,0,0,18.151],[10,2,1909,1672,6937364,874734,0,0,13.068],[11,2,1126,994,5976585,431924,0,0,9.750],[12,2,637,551,4665628,186591,0,0,8.557],[13,2,356,331,3674151,70275,0,0,6.345],[14,2,199,178,2839794,20277,0,0,5.361],[15,2,95,77,1757722,3995,0,0,4.914],[16,2,46,10,162604,770,0,0,4.503],[17,0,18,0,0,34,0,0,1.071],[18,0,0,0,0,0,0,0,0.000]],"per_size_residue":[[3,1,261730,181733,11899841,7809395,7771511,239608,167.042],[4,1,93443,61889,10921060,8169653,8147510,81949,135.648],[5,1,40160,29760,10244489,7079091,7071326,36629,106.991],[6,1,19651,15574,9598387,5556530,5553418,18396,87.941],[7,1,10438,8704,9019157,3992286,3990983,9959,71.011],[8,1,5678,4945,8407966,2619530,2618949,5504,55.649],[9,1,3273,2886,7758010,1587714,1587381,3169,43.820],[10,1,1909,1672,6937364,874734,874580,1864,34.195],[11,1,1126,994,5976585,431924,431810,1110,26.646],[12,1,637,551,4665628,186591,186482,619,19.574],[13,1,356,331,3674151,70275,70262,343,14.434],[14,1,199,178,2839794,20277,20277,199,11.142],[15,1,95,77,1757722,3995,3995,95,6.989],[16,1,46,10,162604,770,672,30,2.211],[17,0,18,0,0,34,0,0,0.986],[18,0,0,0,0,0,0,0,0.000]],"per_size_full":[[3,2,261730,181733,11899841,7809395,0,0,104.631],[4,2,93443,61889,10921060,8169653,0,0,78.038],[5,2,40160,29760,10244489,7079091,0,0,61.337],[6,2,19651,15574,9598387,5556530,0,0,46.684],[7,2,10438,8704,9019157,3992286,0,0,35.093],[8,2,5678,4945,8407966,2619530,0,0,26.306],[9,2,3273,2886,7758010,1587714,0,0,18.526],[10,2,1909,1672,6937364,874734,0,0,12.695],[11,2,1126,994,5976585,431924,0,0,9.171],[12,2,637,551,4665628,186591,0,0,7.162],[13,2,356,331,3674151,70275,0,0,5.985],[14,2,199,178,2839794,20277,0,0,5.475],[15,2,95,77,1757722,3995,0,0,4.717],[16,2,46,10,162604,770,0,0,4.616],[17,0,18,0,0,34,0,0,1.046],[18,0,0,0,0,0,0,0,0.000]]}
        5.34 real         5.20 user         0.11 sys
           781172736  maximum resident set size
                   0  average shared memory size
                   0  average unshared data size
                   0  average unshared stack size
               47872  page reclaims
                   1  page faults
                   0  swaps
                   0  block input operations
                   0  block output operations
                   0  messages sent
                   0  messages received
                   0  signals received
                   2  voluntary context switches
                1666  involuntary context switches
         58455523553  instructions retired
         22904006671  cycles elapsed
           780944320  peak memory footprint
