$ /usr/bin/time -l /Users/zhangwenqian/UNSW/pivoter/research/r1_skyline_index_20260918/build/tail_check --graph /Users/zhangwenqian/UNSW/pivoter/graphs/soc-pokec.edges
{"graph":"soc-pokec.edges","n":1632803,"m":22301964,"d":47,"rows":26231412,"incidences":97264328,"bits":64,"sizes":29,"identical":true,"prepare_ms":547.158,"fused_prepare_ms":323.939,"terminal_ms":6945.667,"tail_ms":6583.182,"residue_ms":9940.906,"fullpeel_ms":6509.993,"notail_ms":6753.665,"tail_omega_ms":0.000,"tail_total_ms":6583.160,"tail_upper_ms":38.005,"tail_mark_ms":0.001,"tail_init_ms":1000.135,"tail_peel_ms":5481.777,"tail_order_ms":0.001,"tail_residue_sizes":0,"tail_full_sizes":27,"tail_aborted_marks":0,"active_pairs":3692562,"residue_pairs":3253425,"closed_sizes":0,"last_residue_size":29,"valid_incidences_active_sizes":261432637,"relevant_incidences":261040192,"tail_events":3692562,"fullpeel_events":3692562,"per_size_tail":[[3,2,1125774,1090789,94819883,69930263,0,0,1811.044],[4,2,835541,770004,90439003,59060118,0,0,1456.895],[5,2,620353,540323,84129744,43988930,0,0,1019.746],[6,2,438200,360023,75021748,30619288,0,0,693.598],[7,2,289316,221927,62884082,20440055,0,0,464.516],[8,2,175318,126736,49138600,13358825,0,0,294.494],[9,2,99156,68188,36549182,8697902,0,0,187.496],[10,2,52669,35623,26407526,5690057,0,0,119.677],[11,2,27087,18479,19067606,3726547,0,0,74.315],[12,2,13540,9298,13847434,2389464,0,0,52.547],[13,2,6896,4994,10213594,1465620,0,0,39.198],[14,2,3575,2652,7349590,874302,0,0,31.230],[15,2,1738,1468,5542732,507628,0,0,27.665],[16,2,1135,915,4426010,290308,0,0,27.964],[17,2,669,505,2279612,177252,0,0,22.097],[18,2,446,363,1566594,110663,0,0,21.185],[19,2,292,287,1368017,61469,0,0,20.852],[20,2,189,188,742907,24058,0,0,20.239],[21,2,125,122,254605,9038,0,0,19.857],[22,2,114,113,236138,3494,0,0,20.385],[23,2,97,96,194054,2240,0,0,22.866],[24,2,69,69,3986,1895,0,0,21.522],[25,2,69,69,3986,1367,0,0,20.888],[26,2,69,69,3986,892,0,0,20.772],[27,2,61,61,3370,502,0,0,20.317],[28,2,32,32,2081,286,0,0,21.618],[29,2,32,32,2081,174,0,0,21.297],[30,0,0,0,0,0,0,0,0.000]],"per_size_residue":[[3,1,1125774,1090789,94819883,69930263,69929071,1125234,2472.963],[4,1,835541,770004,90439003,59060118,59047521,831036,2223.298],[5,1,620353,540323,84129744,43988930,43950684,612411,1690.423],[6,1,438200,360023,75021748,30619288,30558178,428389,1217.797],[7,1,289316,221927,62884082,20440055,20367750,278234,832.792],[8,1,175318,126736,49138600,13358825,13288334,164481,546.165],[9,1,99156,68188,36549182,8697902,8640839,89783,341.458],[10,1,52669,35623,26407526,5690057,5652776,46032,211.252],[11,1,27087,18479,19067606,3726547,3705477,23077,130.021],[12,1,13540,9298,13847434,2389464,2378409,11278,84.005],[13,1,6896,4994,10213594,1465620,1460371,5907,51.397],[14,1,3575,2652,7349590,874302,871827,2974,34.085],[15,1,1738,1468,5542732,507628,506629,1646,22.933],[16,1,1135,915,4426010,290308,289694,1048,17.326],[17,1,669,505,2279612,177252,176716,583,10.756],[18,1,446,363,1566594,110663,110501,369,7.238],[19,1,292,287,1368017,61469,61469,292,6.332],[20,1,189,188,742907,24058,24058,189,4.640],[21,1,125,122,254605,9038,9038,125,3.324],[22,1,114,113,236138,3494,3494,114,3.497],[23,1,97,96,194054,2240,2240,97,3.009],[24,1,69,69,3986,1895,1895,69,2.809],[25,1,69,69,3986,1367,1367,69,2.673],[26,1,69,69,3986,892,892,69,2.673],[27,1,61,61,3370,502,502,61,2.666],[28,1,32,32,2081,286,286,32,2.683],[29,1,32,32,2081,174,174,32,2.757],[30,0,0,0,0,0,0,0,0.000]],"per_size_full":[[3,2,1125774,1090789,94819883,69930263,0,0,1755.785],[4,2,835541,770004,90439003,59060118,0,0,1458.069],[5,2,620353,540323,84129744,43988930,0,0,1018.865],[6,2,438200,360023,75021748,30619288,0,0,693.733],[7,2,289316,221927,62884082,20440055,0,0,467.991],[8,2,175318,126736,49138600,13358825,0,0,294.864],[9,2,99156,68188,36549182,8697902,0,0,184.699],[10,2,52669,35623,26407526,5690057,0,0,117.738],[11,2,27087,18479,19067606,3726547,0,0,76.114],[12,2,13540,9298,13847434,2389464,0,0,52.381],[13,2,6896,4994,10213594,1465620,0,0,38.574],[14,2,3575,2652,7349590,874302,0,0,30.200],[15,2,1738,1468,5542732,507628,0,0,25.921],[16,2,1135,915,4426010,290308,0,0,23.733],[17,2,669,505,2279612,177252,0,0,22.055],[18,2,446,363,1566594,110663,0,0,21.222],[19,2,292,287,1368017,61469,0,0,20.667],[20,2,189,188,742907,24058,0,0,20.200],[21,2,125,122,254605,9038,0,0,19.662],[22,2,114,113,236138,3494,0,0,19.483],[23,2,97,96,194054,2240,0,0,19.734],[24,2,69,69,3986,1895,0,0,19.513],[25,2,69,69,3986,1367,0,0,19.898],[26,2,69,69,3986,892,0,0,19.607],[27,2,61,61,3370,502,0,0,19.602],[28,2,32,32,2081,286,0,0,19.944],[29,2,32,32,2081,174,0,0,19.855],[30,0,0,0,0,0,0,0,0.000]]}
       61.93 real        60.08 user         1.35 sys
          5368856576  maximum resident set size
                   0  average shared memory size
                   0  average unshared data size
                   0  average unshared stack size
              327882  page reclaims
                   1  page faults
                   0  swaps
                   0  block input operations
                   0  block output operations
                   0  messages sent
                   0  messages received
                   0  signals received
                   2  voluntary context switches
               26317  involuntary context switches
        456482155276  instructions retired
        260850453821  cycles elapsed
          5370892464  peak memory footprint
