$ /usr/bin/time -v /data/wenqianz/pivoter_repo/research/r1_skyline_index_20260918/build/index --graph /data/wenqianz/graphs/ca-AstroPh.edges vertices
{"passed":true,"mode":"vertices","bytes_shared_aligned":153699,"n":18772,"m":198050,"s_max":57,"count_bits":64,"classes":18772,"active_pairs":205525,"skyline_entries":37250,"canonical_nodes":6462,"bytes_shared":0,"bytes_base_nodes":129240,"bytes_base_pairs":1719292,"bytes_sky_nodes":155088,"bytes_sky_entries":186250,"bytes_sky_location":336434,"bytes_sky_cross":50408,"bytes_block_d":367944,"bytes_block_d_variant_b":341856,"base_without_d":1848532,"sky_without_d":728180,"base_with_d":2216476,"sky_with_d":1096124,"own_base_ns":1619.594,"own_sky_ns":48958.793,"own_output":8556.688,"half_base_ns":1823.017,"half_sky_ns":49121.966,"half_output":9520.465,"root_base_ns":2289.783,"root_sky_ns":56179.760,"root_output":11940.005,"aligned_own_ns":0.000,"aligned_half_ns":0.000,"aligned_root_ns":0.000,"aligned_range_own_ns":0.000,"aligned_range_half_ns":0.000,"aligned_range_root_ns":0.000,"aligned_member_ns":0.000,"aligned_member_checksum":0,"member_base_ns":48.575,"member_sky_ns":97.896,"member_checksum":64026,"member_checksum_sky":64026,"value_ns":9.436,"value_checksum":0}
	Command being timed: "/data/wenqianz/pivoter_repo/research/r1_skyline_index_20260918/build/index --graph /data/wenqianz/graphs/ca-AstroPh.edges vertices"
	User time (seconds): 40.67
	System time (seconds): 0.03
	Percent of CPU this job got: 99%
	Elapsed (wall clock) time (h:mm:ss or m:ss): 0:40.71
	Average shared text size (kbytes): 0
	Average unshared data size (kbytes): 0
	Average stack size (kbytes): 0
	Average total size (kbytes): 0
	Maximum resident set size (kbytes): 81696
	Average resident set size (kbytes): 0
	Major (requiring I/O) page faults: 0
	Minor (reclaiming a frame) page faults: 22222
	Voluntary context switches: 2
	Involuntary context switches: 51
	Swaps: 0
	File system inputs: 3888
	File system outputs: 0
	Socket messages sent: 0
	Socket messages received: 0
	Signals delivered: 0
	Page size (bytes): 4096
	Exit status: 0
