$ /usr/bin/time -v /data/wenqianz/pivoter_repo/research/r1_skyline_index_20260918/build/index --graph /data/wenqianz/graphs/ca-HepPh.edges vertices
{"passed":true,"mode":"vertices","bytes_shared_aligned":98317,"n":12008,"m":118489,"s_max":239,"count_bits":256,"classes":12008,"active_pairs":172963,"skyline_entries":16378,"canonical_nodes":3538,"bytes_shared":0,"bytes_base_nodes":155672,"bytes_base_pairs":1431740,"bytes_sky_nodes":169824,"bytes_sky_entries":81890,"bytes_sky_location":177962,"bytes_sky_cross":27724,"bytes_block_d":312216,"bytes_block_d_variant_b":283576,"base_without_d":1587412,"sky_without_d":457400,"base_with_d":1899628,"sky_with_d":769616,"own_base_ns":914.252,"own_sky_ns":20547.204,"own_output":5332.137,"half_base_ns":1116.840,"half_sky_ns":21790.101,"half_output":6226.688,"root_base_ns":1257.286,"root_sky_ns":22233.046,"root_output":7101.633,"aligned_own_ns":0.000,"aligned_half_ns":0.000,"aligned_root_ns":0.000,"aligned_range_own_ns":0.000,"aligned_range_half_ns":0.000,"aligned_range_root_ns":0.000,"aligned_member_ns":0.000,"aligned_member_checksum":0,"member_base_ns":27.202,"member_sky_ns":103.335,"member_checksum":62544,"member_checksum_sky":62544,"value_ns":11.443,"value_checksum":0}
	Command being timed: "/data/wenqianz/pivoter_repo/research/r1_skyline_index_20260918/build/index --graph /data/wenqianz/graphs/ca-HepPh.edges vertices"
	User time (seconds): 24.95
	System time (seconds): 0.45
	Percent of CPU this job got: 99%
	Elapsed (wall clock) time (h:mm:ss or m:ss): 0:25.41
	Average shared text size (kbytes): 0
	Average unshared data size (kbytes): 0
	Average stack size (kbytes): 0
	Average total size (kbytes): 0
	Maximum resident set size (kbytes): 456216
	Average resident set size (kbytes): 0
	Major (requiring I/O) page faults: 0
	Minor (reclaiming a frame) page faults: 281568
	Voluntary context switches: 2
	Involuntary context switches: 145
	Swaps: 0
	File system inputs: 2112
	File system outputs: 0
	Socket messages sent: 0
	Socket messages received: 0
	Signals delivered: 0
	Page size (bytes): 4096
	Exit status: 0
