$ /usr/bin/time -v /data/wenqianz/pivoter_repo/research/r1_skyline_index_20260918/build/index --graph /data/wenqianz/graphs/soc-pokec-relationships.edges vertices
{"passed":true,"mode":"vertices","bytes_shared_aligned":13368577,"n":1632803,"m":22301964,"s_max":48,"count_bits":64,"classes":1632803,"active_pairs":5325365,"skyline_entries":4890809,"canonical_nodes":67544,"bytes_shared":0,"bytes_base_nodes":1350880,"bytes_base_pairs":49134136,"bytes_sky_nodes":1621056,"bytes_sky_entries":24454045,"bytes_sky_location":37516477,"bytes_sky_cross":540324,"bytes_block_d":51285630,"bytes_block_d_variant_b":49997110,"base_without_d":50485016,"sky_without_d":64131902,"base_with_d":101770646,"sky_with_d":115417532,"own_base_ns":548861.797,"own_sky_ns":1497185.971,"own_output":816716.306,"half_base_ns":651835.821,"half_sky_ns":1732790.059,"half_output":987342.935,"root_base_ns":790025.934,"root_sky_ns":2023081.770,"root_output":1275048.127,"aligned_own_ns":0.000,"aligned_half_ns":0.000,"aligned_root_ns":0.000,"aligned_range_own_ns":0.000,"aligned_range_half_ns":0.000,"aligned_range_root_ns":0.000,"aligned_member_ns":0.000,"aligned_member_checksum":0,"member_base_ns":165.501,"member_sky_ns":220.455,"member_checksum":74712,"member_checksum_sky":74712,"value_ns":40.273,"value_checksum":0}
	Command being timed: "/data/wenqianz/pivoter_repo/research/r1_skyline_index_20260918/build/index --graph /data/wenqianz/graphs/soc-pokec-relationships.edges vertices"
	User time (seconds): 4178.73
	System time (seconds): 82.10
	Percent of CPU this job got: 99%
	Elapsed (wall clock) time (h:mm:ss or m:ss): 1:11:00
	Average shared text size (kbytes): 0
	Average unshared data size (kbytes): 0
	Average stack size (kbytes): 0
	Average total size (kbytes): 0
	Maximum resident set size (kbytes): 9288644
	Average resident set size (kbytes): 0
	Major (requiring I/O) page faults: 0
	Minor (reclaiming a frame) page faults: 12428449
	Voluntary context switches: 15
	Involuntary context switches: 4963
	Swaps: 0
	File system inputs: 257472
	File system outputs: 0
	Socket messages sent: 0
	Socket messages received: 0
	Signals delivered: 0
	Page size (bytes): 4096
	Exit status: 0
