$ /usr/bin/time -v /data/wenqianz/pivoter_repo/research/r1_skyline_index_20260918/build/index --graph /data/wenqianz/graphs/web-Google.edges vertices
{"passed":true,"mode":"vertices","bytes_shared_aligned":7169905,"n":875713,"m":4322051,"s_max":45,"count_bits":64,"classes":875713,"active_pairs":4386851,"skyline_entries":1528288,"canonical_nodes":188362,"bytes_shared":0,"bytes_base_nodes":3767240,"bytes_base_pairs":38597664,"bytes_sky_nodes":4520688,"bytes_sky_entries":7641440,"bytes_sky_location":14647152,"bytes_sky_cross":1488800,"bytes_block_d":21285002,"bytes_block_d_variant_b":15880050,"base_without_d":42364904,"sky_without_d":28298080,"base_with_d":63649906,"sky_with_d":49583082,"own_base_ns":245360.390,"own_sky_ns":3066751.706,"own_output":365459.755,"half_base_ns":269767.585,"half_sky_ns":3478089.164,"half_output":442819.098,"root_base_ns":299356.876,"root_sky_ns":3137716.296,"root_output":485043.948,"aligned_own_ns":0.000,"aligned_half_ns":0.000,"aligned_root_ns":0.000,"aligned_range_own_ns":0.000,"aligned_range_half_ns":0.000,"aligned_range_root_ns":0.000,"aligned_member_ns":0.000,"aligned_member_checksum":0,"member_base_ns":106.939,"member_sky_ns":303.989,"member_checksum":59202,"member_checksum_sky":59202,"value_ns":42.162,"value_checksum":0}
	Command being timed: "/data/wenqianz/pivoter_repo/research/r1_skyline_index_20260918/build/index --graph /data/wenqianz/graphs/web-Google.edges vertices"
	User time (seconds): 2606.79
	System time (seconds): 2.79
	Percent of CPU this job got: 99%
	Elapsed (wall clock) time (h:mm:ss or m:ss): 43:33.55
	Average shared text size (kbytes): 0
	Average unshared data size (kbytes): 0
	Average stack size (kbytes): 0
	Average total size (kbytes): 0
	Maximum resident set size (kbytes): 2040116
	Average resident set size (kbytes): 0
	Major (requiring I/O) page faults: 0
	Minor (reclaiming a frame) page faults: 775710
	Voluntary context switches: 2
	Involuntary context switches: 42609
	Swaps: 0
	File system inputs: 111368
	File system outputs: 0
	Socket messages sent: 0
	Socket messages received: 0
	Signals delivered: 0
	Page size (bytes): 4096
	Exit status: 0
