$ /usr/bin/time -v /data/wenqianz/pivoter_repo/research/r1_skyline_index_20260918/build/index --graph /data/wenqianz/graphs/wiki-Talk.edges vertices
{"passed":true,"mode":"vertices","bytes_shared_aligned":19604031,"n":2394385,"m":4659565,"s_max":132,"count_bits":64,"classes":2394385,"active_pairs":2821781,"skyline_entries":2709045,"canonical_nodes":41214,"bytes_shared":0,"bytes_base_nodes":824280,"bytes_base_pairs":32151792,"bytes_sky_nodes":989136,"bytes_sky_entries":13545225,"bytes_sky_location":32700313,"bytes_sky_cross":319484,"bytes_block_d":30216458,"bytes_block_d_variant_b":30065058,"base_without_d":32976072,"sky_without_d":47554158,"base_with_d":63192530,"sky_with_d":77770616,"own_base_ns":1185428.938,"own_sky_ns":2072906.523,"own_output":1867536.893,"half_base_ns":1427150.095,"half_sky_ns":2275718.455,"half_output":2188697.950,"root_base_ns":1447050.361,"root_sky_ns":2322701.755,"root_output":2257953.888,"aligned_own_ns":0.000,"aligned_half_ns":0.000,"aligned_root_ns":0.000,"aligned_range_own_ns":0.000,"aligned_range_half_ns":0.000,"aligned_range_root_ns":0.000,"aligned_member_ns":0.000,"aligned_member_checksum":0,"member_base_ns":62.478,"member_sky_ns":63.828,"member_checksum":105438,"member_checksum_sky":105438,"value_ns":35.458,"value_checksum":0}
	Command being timed: "/data/wenqianz/pivoter_repo/research/r1_skyline_index_20260918/build/index --graph /data/wenqianz/graphs/wiki-Talk.edges vertices"
	User time (seconds): 5900.92
	System time (seconds): 259.86
	Percent of CPU this job got: 99%
	Elapsed (wall clock) time (h:mm:ss or m:ss): 1:42:40
	Average shared text size (kbytes): 0
	Average unshared data size (kbytes): 0
	Average stack size (kbytes): 0
	Average total size (kbytes): 0
	Maximum resident set size (kbytes): 80672120
	Average resident set size (kbytes): 0
	Major (requiring I/O) page faults: 0
	Minor (reclaiming a frame) page faults: 150079409
	Voluntary context switches: 2
	Involuntary context switches: 6184
	Swaps: 0
	File system inputs: 0
	File system outputs: 0
	Socket messages sent: 0
	Socket messages received: 0
	Signals delivered: 0
	Page size (bytes): 4096
	Exit status: 0
