$ /usr/bin/time -v /data/wenqianz/pivoter_repo/research/r1_skyline_index_20260918/build/chain_index_tool --bench /data/wenqianz/graphs/com-orkut.edges /data/wenqianz/pivoter_repo/research/r1_skyline_index_20260918/cx/com-orkut.cx
Command terminated by signal 9
	Command being timed: "/data/wenqianz/pivoter_repo/research/r1_skyline_index_20260918/build/chain_index_tool --bench /data/wenqianz/graphs/com-orkut.edges /data/wenqianz/pivoter_repo/research/r1_skyline_index_20260918/cx/com-orkut.cx"
	User time (seconds): 264.88
	System time (seconds): 10.57
	Percent of CPU this job got: 99%
	Elapsed (wall clock) time (h:mm:ss or m:ss): 4:35.47
	Average shared text size (kbytes): 0
	Average unshared data size (kbytes): 0
	Average stack size (kbytes): 0
	Average total size (kbytes): 0
	Maximum resident set size (kbytes): 9865948
	Average resident set size (kbytes): 0
	Major (requiring I/O) page faults: 6
	Minor (reclaiming a frame) page faults: 5783374
	Voluntary context switches: 8
	Involuntary context switches: 368
	Swaps: 0
	File system inputs: 3469952
	File system outputs: 0
	Socket messages sent: 0
	Socket messages received: 0
	Signals delivered: 0
	Page size (bytes): 4096
	Exit status: 0
