$ /usr/bin/time -l /Users/zhangwenqian/UNSW/pivoter/research/r1_skyline_index_20260918/build/index --graph graphs/amazon0302.edges aligned
{"passed":true,"mode":"aligned","bytes_shared_aligned":376084,"n":262111,"m":899792,"s_max":7,"count_bits":64,"classes":40867,"active_pairs":143567,"skyline_entries":74418,"canonical_nodes":65134,"bytes_shared":539564,"bytes_base_nodes":1302680,"bytes_base_pairs":1312008,"bytes_sky_nodes":1563216,"bytes_sky_entries":372090,"bytes_sky_location":699034,"bytes_sky_cross":519044,"bytes_block_d":869590,"bytes_block_d_variant_b":741694,"base_without_d":3154252,"sky_without_d":3692948,"base_with_d":4023842,"sky_with_d":4562538,"own_base_ns":137415.025,"own_sky_ns":322168.198,"own_output":107060.831,"half_base_ns":197881.135,"half_sky_ns":503924.752,"half_output":151317.689,"root_base_ns":205451.375,"root_sky_ns":523122.250,"root_output":165615.866,"aligned_own_ns":129012.810,"aligned_half_ns":173009.854,"aligned_root_ns":181896.167,"aligned_range_own_ns":20810.927,"aligned_range_half_ns":28848.940,"aligned_range_root_ns":31696.959,"aligned_member_ns":8.947,"aligned_member_checksum":64578,"member_base_ns":6.600,"member_sky_ns":27.038,"member_checksum":64578,"member_checksum_sky":64578,"value_ns":6.539,"value_checksum":0}
      475.94 real       471.83 user         1.64 sys
           248725504  maximum resident set size
                   0  average shared memory size
                   0  average unshared data size
                   0  average unshared stack size
               15783  page reclaims
                   2  page faults
                   0  swaps
                   0  block input operations
                   0  block output operations
                   0  messages sent
                   0  messages received
                   0  signals received
                   2  voluntary context switches
              286497  involuntary context switches
       4159902995057  instructions retired
       1791875005236  cycles elapsed
           248201816  peak memory footprint
