$ /usr/bin/time -l /Users/zhangwenqian/UNSW/pivoter/research/r1_skyline_index_20260918/build/tail_check --time terminal /Users/zhangwenqian/UNSW/pivoter/graphs/amazon-copurchase.edges 5
terminal run 0: 71.1704 ms
terminal run 1: 70.8435 ms
terminal run 2: 69.5252 ms
terminal run 3: 70.8512 ms
terminal run 4: 72.4478 ms
checksum 634056
        0.79 real         0.76 user         0.01 sys
           151699456  maximum resident set size
                   0  average shared memory size
                   0  average unshared data size
                   0  average unshared stack size
                9452  page reclaims
                   1  page faults
                   0  swaps
                   0  block input operations
                   0  block output operations
                   0  messages sent
                   0  messages received
                   0  signals received
                   0  voluntary context switches
                 223  involuntary context switches
          9804458163  instructions retired
          3352566980  cycles elapsed
           151159264  peak memory footprint
