$ /usr/bin/time -l /Users/zhangwenqian/UNSW/pivoter/research/r1_skyline_index_20260918/build/tail_check --time terminal /Users/zhangwenqian/UNSW/pivoter/graphs/amazon-copurchase.edges 5
terminal run 0: 76.568 ms
terminal run 1: 82.2311 ms
terminal run 2: 75.7057 ms
terminal run 3: 71.7895 ms
terminal run 4: 72.9349 ms
checksum 634056
        0.86 real         0.84 user         0.02 sys
           154058752  maximum resident set size
                   0  average shared memory size
                   0  average unshared data size
                   0  average unshared stack size
                9596  page reclaims
                   1  page faults
                   0  swaps
                   0  block input operations
                   0  block output operations
                   0  messages sent
                   0  messages received
                   0  signals received
                   0  voluntary context switches
                 395  involuntary context switches
          9814244347  instructions retired
          3486832455  cycles elapsed
           153534968  peak memory footprint
