$ /usr/bin/time -l /Users/zhangwenqian/UNSW/pivoter/research/r1_skyline_index_20260918/build/tail_check --time terminal /Users/zhangwenqian/UNSW/pivoter/graphs/email-Eu-core.edges 5
terminal run 0: 17.2827 ms
terminal run 1: 17.4468 ms
terminal run 2: 17.6583 ms
terminal run 3: 17.2082 ms
terminal run 4: 17.2028 ms
checksum 19709
        0.13 real         0.13 user         0.00 sys
            14729216  maximum resident set size
                   0  average shared memory size
                   0  average unshared data size
                   0  average unshared stack size
                1092  page reclaims
                   1  page faults
                   0  swaps
                   0  block input operations
                   0  block output operations
                   0  messages sent
                   0  messages received
                   0  signals received
                   0  voluntary context switches
                  34  involuntary context switches
          1998139285  instructions retired
           590980922  cycles elapsed
            14106984  peak memory footprint
