$ /usr/bin/time -l /Users/zhangwenqian/UNSW/pivoter/research/r1_skyline_index_20260918/build/tail_check --time terminal /Users/zhangwenqian/UNSW/pivoter/graphs/loc-Brightkite.edges 5
terminal run 0: 224.604 ms
terminal run 1: 224.042 ms
terminal run 2: 226.073 ms
terminal run 3: 222.814 ms
terminal run 4: 223.591 ms
checksum 129048
        1.39 real         1.36 user         0.02 sys
           110215168  maximum resident set size
                   0  average shared memory size
                   0  average unshared data size
                   0  average unshared stack size
                6920  page reclaims
                   1  page faults
                   0  swaps
                   0  block input operations
                   0  block output operations
                   0  messages sent
                   0  messages received
                   0  signals received
                   0  voluntary context switches
                 428  involuntary context switches
         24509153651  instructions retired
          5956840057  cycles elapsed
           109642160  peak memory footprint
