$ /usr/bin/time -l /Users/zhangwenqian/UNSW/pivoter/research/r1_skyline_index_20260918/build/tail_check --time terminal /Users/zhangwenqian/UNSW/pivoter/graphs/soc-Epinions1.edges 5
terminal run 0: 664.676 ms
terminal run 1: 659.098 ms
terminal run 2: 662.359 ms
terminal run 3: 663.324 ms
terminal run 4: 660.932 ms
checksum 1982503
        5.25 real         5.13 user         0.08 sys
           679854080  maximum resident set size
                   0  average shared memory size
                   0  average unshared data size
                   0  average unshared stack size
               41688  page reclaims
                   1  page faults
                   0  swaps
                   0  block input operations
                   0  block output operations
                   0  messages sent
                   0  messages received
                   0  signals received
                   0  voluntary context switches
                1775  involuntary context switches
         74430144209  instructions retired
         22422748423  cycles elapsed
           679609232  peak memory footprint
