$ CHAIN_SOLVER=terminal CHAIN_TREEPASS=fast /usr/bin/time -v /home/wenqianz/UNSW/pivoter/research/r1_skyline_index_20260918/build/chain_index_tool --build-only /home/wenqianz/UNSW/pivoter/research/r1_skyline_index_20260918/scale/cit-Patents_p40.edges
{"n":1508958,"solver":"terminal","treepass":"fast","count_bits":64,"chains":81002,"canonical_nodes":66770,"index_bytes":4145021,"build_form_bytes":4997240,"compact_ms":1.92051,"bytes_map":606952,"bytes_chains":1696770,"bytes_layers":1841299,"ti_ms":822.063,"ti_bytes":121001920,"rss_loaded":100478976,"rss_with_ti":188456960,"rss_start":188456960,"rss_after_solve":371736576,"rss_after_chains":351903744,"rss_after_layout":352501760,"solve_ms":362.479,"trees_ms":733.521,"chains_ms":9.40314,"layout_ms":18.2762,"build_ms":1157.85}
	Command being timed: "/home/wenqianz/UNSW/pivoter/research/r1_skyline_index_20260918/build/chain_index_tool --build-only /home/wenqianz/UNSW/pivoter/research/r1_skyline_index_20260918/scale/cit-Patents_p40.edges"
	User time (seconds): 3.74
	System time (seconds): 0.23
	Percent of CPU this job got: 100%
	Elapsed (wall clock) time (h:mm:ss or m:ss): 0:03.97
	Average shared text size (kbytes): 0
	Average unshared data size (kbytes): 0
	Average stack size (kbytes): 0
	Average total size (kbytes): 0
	Maximum resident set size (kbytes): 400252
	Average resident set size (kbytes): 0
	Major (requiring I/O) page faults: 0
	Minor (reclaiming a frame) page faults: 148859
	Voluntary context switches: 1
	Involuntary context switches: 10
	Swaps: 0
	File system inputs: 0
	File system outputs: 0
	Socket messages sent: 0
	Socket messages received: 0
	Signals delivered: 0
	Page size (bytes): 4096
	Exit status: 0
