$ CHAIN_SOLVER=tail CHAIN_TREEPASS=fast /usr/bin/time -v /home/wenqianz/UNSW/pivoter/research/r1_skyline_index_20260918/build/chain_index_tool --build-only /home/wenqianz/UNSW/pivoter/research/r1_skyline_index_20260918/scale/cit-Patents_p60.edges
{"n":2263960,"solver":"tail","treepass":"fast","count_bits":64,"chains":114266,"canonical_nodes":82952,"index_bytes":6272718,"build_form_bytes":7715156,"compact_ms":3.24015,"bytes_map":881572,"bytes_chains":2720892,"bytes_layers":2670254,"ti_ms":2238.43,"ti_bytes":270981324,"rss_loaded":96944128,"rss_with_ti":385982464,"rss_start":385982464,"rss_after_solve":619118592,"rss_after_chains":586321920,"rss_after_layout":586321920,"solve_ms":813.805,"trees_ms":1673.06,"chains_ms":13.7661,"layout_ms":33.9283,"build_ms":2602.2}
	Command being timed: "/home/wenqianz/UNSW/pivoter/research/r1_skyline_index_20260918/build/chain_index_tool --build-only /home/wenqianz/UNSW/pivoter/research/r1_skyline_index_20260918/scale/cit-Patents_p60.edges"
	User time (seconds): 8.60
	System time (seconds): 0.51
	Percent of CPU this job got: 99%
	Elapsed (wall clock) time (h:mm:ss or m:ss): 0:09.11
	Average shared text size (kbytes): 0
	Average unshared data size (kbytes): 0
	Average stack size (kbytes): 0
	Average total size (kbytes): 0
	Maximum resident set size (kbytes): 773192
	Average resident set size (kbytes): 0
	Major (requiring I/O) page faults: 0
	Minor (reclaiming a frame) page faults: 321040
	Voluntary context switches: 1
	Involuntary context switches: 13
	Swaps: 0
	File system inputs: 0
	File system outputs: 0
	Socket messages sent: 0
	Socket messages received: 0
	Signals delivered: 0
	Page size (bytes): 4096
	Exit status: 0
