$ CHAIN_SOLVER=terminal CHAIN_TREEPASS=old /usr/bin/time -v /home/wenqianz/UNSW/pivoter/research/r1_skyline_index_20260918/build/chain_index_tool --build-only /home/wenqianz/UNSW/pivoter/research/r1_skyline_index_20260918/scale/cit-Patents_p40.edges
{"n":1508958,"solver":"terminal","treepass":"old","count_bits":64,"chains":81002,"canonical_nodes":66770,"index_bytes":4145021,"build_form_bytes":4997240,"compact_ms":1.92992,"bytes_map":606952,"bytes_chains":1696770,"bytes_layers":1841299,"ti_ms":821.986,"ti_bytes":121001920,"rss_loaded":100290560,"rss_with_ti":188379136,"rss_start":188379136,"rss_after_solve":392175616,"rss_after_chains":372342784,"rss_after_layout":372342784,"solve_ms":360.497,"trees_ms":1022.35,"chains_ms":9.4718,"layout_ms":18.2772,"build_ms":1412.79}
	Command being timed: "/home/wenqianz/UNSW/pivoter/research/r1_skyline_index_20260918/build/chain_index_tool --build-only /home/wenqianz/UNSW/pivoter/research/r1_skyline_index_20260918/scale/cit-Patents_p40.edges"
	User time (seconds): 4.20
	System time (seconds): 0.30
	Percent of CPU this job got: 99%
	Elapsed (wall clock) time (h:mm:ss or m:ss): 0:04.51
	Average shared text size (kbytes): 0
	Average unshared data size (kbytes): 0
	Average stack size (kbytes): 0
	Average total size (kbytes): 0
	Maximum resident set size (kbytes): 418192
	Average resident set size (kbytes): 0
	Major (requiring I/O) page faults: 0
	Minor (reclaiming a frame) page faults: 228686
	Voluntary context switches: 1
	Involuntary context switches: 6
	Swaps: 0
	File system inputs: 0
	File system outputs: 0
	Socket messages sent: 0
	Socket messages received: 0
	Signals delivered: 0
	Page size (bytes): 4096
	Exit status: 0
