$ CHAIN_SOLVER=tail CHAIN_TREEPASS=fast /usr/bin/time -v /home/wenqianz/UNSW/pivoter/research/r1_skyline_index_20260918/build/chain_index_tool --build-only /home/wenqianz/UNSW/pivoter/research/r1_skyline_index_20260918/scale/cit-Patents_p20.edges
{"n":753998,"solver":"tail","treepass":"fast","count_bits":64,"chains":48831,"canonical_nodes":47898,"index_bytes":2292230,"build_form_bytes":2698944,"compact_ms":0.79931,"bytes_map":336716,"bytes_chains":872968,"bytes_layers":1082546,"ti_ms":173.828,"ti_bytes":33580260,"rss_loaded":42401792,"rss_with_ti":65798144,"rss_start":65798144,"rss_after_solve":149393408,"rss_after_chains":149393408,"rss_after_layout":149663744,"solve_ms":45.1954,"trees_ms":185.665,"chains_ms":4.38898,"layout_ms":7.08005,"build_ms":255.06}
	Command being timed: "/home/wenqianz/UNSW/pivoter/research/r1_skyline_index_20260918/build/chain_index_tool --build-only /home/wenqianz/UNSW/pivoter/research/r1_skyline_index_20260918/scale/cit-Patents_p20.edges"
	User time (seconds): 0.90
	System time (seconds): 0.08
	Percent of CPU this job got: 99%
	Elapsed (wall clock) time (h:mm:ss or m:ss): 0:00.99
	Average shared text size (kbytes): 0
	Average unshared data size (kbytes): 0
	Average stack size (kbytes): 0
	Average total size (kbytes): 0
	Maximum resident set size (kbytes): 146156
	Average resident set size (kbytes): 0
	Major (requiring I/O) page faults: 0
	Minor (reclaiming a frame) page faults: 50619
	Voluntary context switches: 1
	Involuntary context switches: 1
	Swaps: 0
	File system inputs: 0
	File system outputs: 0
	Socket messages sent: 0
	Socket messages received: 0
	Signals delivered: 0
	Page size (bytes): 4096
	Exit status: 0
