$ CHAIN_SOLVER=terminal CHAIN_TREEPASS=fast /usr/bin/time -v /home/wenqianz/UNSW/pivoter/research/r1_skyline_index_20260918/build/chain_index_tool --build-only /home/wenqianz/UNSW/pivoter/research/r1_skyline_index_20260918/scale/cit-Patents_p60.edges
{"n":2263960,"solver":"terminal","treepass":"fast","count_bits":64,"chains":114266,"canonical_nodes":82952,"index_bytes":6272718,"build_form_bytes":7715156,"compact_ms":3.30963,"bytes_map":881572,"bytes_chains":2720892,"bytes_layers":2670254,"ti_ms":2168.64,"ti_bytes":270981324,"rss_loaded":96813056,"rss_with_ti":385949696,"rss_start":385949696,"rss_after_solve":617824256,"rss_after_chains":585027584,"rss_after_layout":585293824,"solve_ms":1169.87,"trees_ms":1676.7,"chains_ms":13.9073,"layout_ms":34.2259,"build_ms":2960.47}
	Command being timed: "/home/wenqianz/UNSW/pivoter/research/r1_skyline_index_20260918/build/chain_index_tool --build-only /home/wenqianz/UNSW/pivoter/research/r1_skyline_index_20260918/scale/cit-Patents_p60.edges"
	User time (seconds): 8.77
	System time (seconds): 0.60
	Percent of CPU this job got: 99%
	Elapsed (wall clock) time (h:mm:ss or m:ss): 0:09.38
	Average shared text size (kbytes): 0
	Average unshared data size (kbytes): 0
	Average stack size (kbytes): 0
	Average total size (kbytes): 0
	Maximum resident set size (kbytes): 769768
	Average resident set size (kbytes): 0
	Major (requiring I/O) page faults: 0
	Minor (reclaiming a frame) page faults: 414023
	Voluntary context switches: 1
	Involuntary context switches: 12
	Swaps: 0
	File system inputs: 0
	File system outputs: 0
	Socket messages sent: 0
	Socket messages received: 0
	Signals delivered: 0
	Page size (bytes): 4096
	Exit status: 0
