$ CHAIN_SOLVER=terminal CHAIN_TREEPASS=old /usr/bin/time -v /home/wenqianz/UNSW/pivoter/research/r1_skyline_index_20260918/build/chain_index_tool --build-only /home/wenqianz/UNSW/pivoter/research/r1_skyline_index_20260918/scale/cit-Patents_p60.edges
{"n":2263960,"solver":"terminal","treepass":"old","count_bits":64,"chains":114266,"canonical_nodes":82952,"index_bytes":6272718,"build_form_bytes":7715156,"compact_ms":3.28655,"bytes_map":881572,"bytes_chains":2720892,"bytes_layers":2670254,"ti_ms":2170,"ti_bytes":270981324,"rss_loaded":96759808,"rss_with_ti":385912832,"rss_start":385912832,"rss_after_solve":608497664,"rss_after_chains":575700992,"rss_after_layout":575700992,"solve_ms":1173.43,"trees_ms":2399.71,"chains_ms":13.8698,"layout_ms":34.5685,"build_ms":3628.52}
	Command being timed: "/home/wenqianz/UNSW/pivoter/research/r1_skyline_index_20260918/build/chain_index_tool --build-only /home/wenqianz/UNSW/pivoter/research/r1_skyline_index_20260918/scale/cit-Patents_p60.edges"
	User time (seconds): 9.03
	System time (seconds): 1.02
	Percent of CPU this job got: 99%
	Elapsed (wall clock) time (h:mm:ss or m:ss): 0:10.05
	Average shared text size (kbytes): 0
	Average unshared data size (kbytes): 0
	Average stack size (kbytes): 0
	Average total size (kbytes): 0
	Maximum resident set size (kbytes): 796848
	Average resident set size (kbytes): 0
	Major (requiring I/O) page faults: 0
	Minor (reclaiming a frame) page faults: 724714
	Voluntary context switches: 1
	Involuntary context switches: 19
	Swaps: 0
	File system inputs: 0
	File system outputs: 0
	Socket messages sent: 0
	Socket messages received: 0
	Signals delivered: 0
	Page size (bytes): 4096
	Exit status: 0
