$ CHAIN_SOLVER=tail CHAIN_TREEPASS=old /usr/bin/time -v /home/wenqianz/UNSW/pivoter/research/r1_skyline_index_20260918/build/chain_index_tool --build-only /data/wenqianz/dsets/cit-Patents.edges
{"n":3774768,"solver":"tail","treepass":"old","count_bits":64,"chains":203819,"canonical_nodes":123156,"index_bytes":12079564,"build_form_bytes":15821668,"compact_ms":7.60265,"bytes_map":1523056,"bytes_chains":5807230,"bytes_layers":4749278,"ti_ms":8609.49,"ti_bytes":883247468,"rss_loaded":211636224,"rss_with_ti":1125089280,"rss_start":1125089280,"rss_after_solve":1428627456,"rss_after_chains":1368764416,"rss_after_layout":1369096192,"solve_ms":3403.6,"trees_ms":7494.76,"chains_ms":22.8546,"layout_ms":91.5694,"build_ms":11019.9}
	Command being timed: "/home/wenqianz/UNSW/pivoter/research/r1_skyline_index_20260918/build/chain_index_tool --build-only /data/wenqianz/dsets/cit-Patents.edges"
	User time (seconds): 28.66
	System time (seconds): 2.37
	Percent of CPU this job got: 99%
	Elapsed (wall clock) time (h:mm:ss or m:ss): 0:31.04
	Average shared text size (kbytes): 0
	Average unshared data size (kbytes): 0
	Average stack size (kbytes): 0
	Average total size (kbytes): 0
	Maximum resident set size (kbytes): 2066112
	Average resident set size (kbytes): 0
	Major (requiring I/O) page faults: 0
	Minor (reclaiming a frame) page faults: 1677146
	Voluntary context switches: 1
	Involuntary context switches: 37
	Swaps: 0
	File system inputs: 0
	File system outputs: 0
	Socket messages sent: 0
	Socket messages received: 0
	Signals delivered: 0
	Page size (bytes): 4096
	Exit status: 0
