$ CHAIN_SOLVER=terminal CHAIN_TREEPASS=fast /usr/bin/time -v /home/wenqianz/UNSW/pivoter/research/r1_skyline_index_20260918/build/chain_index_tool --build-only /data/wenqianz/dsets/cit-Patents.edges
{"n":3774768,"solver":"terminal","treepass":"fast","count_bits":64,"chains":203819,"canonical_nodes":123156,"index_bytes":12079564,"build_form_bytes":15821668,"compact_ms":7.56488,"bytes_map":1523056,"bytes_chains":5807230,"bytes_layers":4749278,"ti_ms":8352.67,"ti_bytes":883247468,"rss_loaded":211812352,"rss_with_ti":1125199872,"rss_start":1125199872,"rss_after_solve":1503141888,"rss_after_chains":1442742272,"rss_after_layout":1442742272,"solve_ms":5019.2,"trees_ms":5466.39,"chains_ms":22.2394,"layout_ms":91.3078,"build_ms":10778.6}
	Command being timed: "/home/wenqianz/UNSW/pivoter/research/r1_skyline_index_20260918/build/chain_index_tool --build-only /data/wenqianz/dsets/cit-Patents.edges"
	User time (seconds): 28.12
	System time (seconds): 2.06
	Percent of CPU this job got: 99%
	Elapsed (wall clock) time (h:mm:ss or m:ss): 0:30.19
	Average shared text size (kbytes): 0
	Average unshared data size (kbytes): 0
	Average stack size (kbytes): 0
	Average total size (kbytes): 0
	Maximum resident set size (kbytes): 2049112
	Average resident set size (kbytes): 0
	Major (requiring I/O) page faults: 0
	Minor (reclaiming a frame) page faults: 1443492
	Voluntary context switches: 1
	Involuntary context switches: 38
	Swaps: 0
	File system inputs: 0
	File system outputs: 0
	Socket messages sent: 0
	Socket messages received: 0
	Signals delivered: 0
	Page size (bytes): 4096
	Exit status: 0
