$ CHAIN_SOLVER=tail CHAIN_TREEPASS=old /usr/bin/time -v /home/wenqianz/UNSW/pivoter/research/r1_skyline_index_20260918/build/chain_index_tool --build-only /home/wenqianz/UNSW/pivoter/research/r1_skyline_index_20260918/scale/cit-Patents_p80.edges
{"n":3019516,"solver":"tail","treepass":"old","count_bits":64,"chains":156824,"canonical_nodes":102349,"index_bytes":8963004,"build_form_bytes":11404152,"compact_ms":5.09736,"bytes_map":1193464,"bytes_chains":4123477,"bytes_layers":3646063,"ti_ms":4729.63,"ti_bytes":511777392,"rss_loaded":148922368,"rss_with_ti":684863488,"rss_start":684863488,"rss_after_solve":949542912,"rss_after_chains":906141696,"rss_after_layout":906141696,"solve_ms":1792.65,"trees_ms":4296.09,"chains_ms":18.7846,"layout_ms":59.8331,"build_ms":6172.45}
	Command being timed: "/home/wenqianz/UNSW/pivoter/research/r1_skyline_index_20260918/build/chain_index_tool --build-only /home/wenqianz/UNSW/pivoter/research/r1_skyline_index_20260918/scale/cit-Patents_p80.edges"
	User time (seconds): 16.72
	System time (seconds): 1.46
	Percent of CPU this job got: 99%
	Elapsed (wall clock) time (h:mm:ss or m:ss): 0:18.18
	Average shared text size (kbytes): 0
	Average unshared data size (kbytes): 0
	Average stack size (kbytes): 0
	Average total size (kbytes): 0
	Maximum resident set size (kbytes): 1310724
	Average resident set size (kbytes): 0
	Major (requiring I/O) page faults: 0
	Minor (reclaiming a frame) page faults: 1016355
	Voluntary context switches: 1
	Involuntary context switches: 29
	Swaps: 0
	File system inputs: 0
	File system outputs: 0
	Socket messages sent: 0
	Socket messages received: 0
	Signals delivered: 0
	Page size (bytes): 4096
	Exit status: 0
