$ CHAIN_SOLVER=terminal CHAIN_TREEPASS=fast /usr/bin/time -v /home/wenqianz/UNSW/pivoter/research/r1_skyline_index_20260918/build/chain_index_tool --build-only /home/wenqianz/UNSW/pivoter/research/r1_skyline_index_20260918/scale/cit-Patents_p60.edges
{"n":2263960,"solver":"terminal","treepass":"fast","count_bits":64,"chains":114266,"canonical_nodes":82952,"index_bytes":6272718,"build_form_bytes":7715156,"compact_ms":3.27885,"bytes_map":881572,"bytes_chains":2720892,"bytes_layers":2670254,"ti_ms":2166.09,"ti_bytes":270981324,"rss_loaded":96931840,"rss_with_ti":386072576,"rss_start":386072576,"rss_after_solve":617914368,"rss_after_chains":585117696,"rss_after_layout":585445376,"solve_ms":1169.6,"trees_ms":1673.83,"chains_ms":13.6547,"layout_ms":34.3147,"build_ms":2956.78}
	Command being timed: "/home/wenqianz/UNSW/pivoter/research/r1_skyline_index_20260918/build/chain_index_tool --build-only /home/wenqianz/UNSW/pivoter/research/r1_skyline_index_20260918/scale/cit-Patents_p60.edges"
	User time (seconds): 8.76
	System time (seconds): 0.61
	Percent of CPU this job got: 99%
	Elapsed (wall clock) time (h:mm:ss or m:ss): 0:09.38
	Average shared text size (kbytes): 0
	Average unshared data size (kbytes): 0
	Average stack size (kbytes): 0
	Average total size (kbytes): 0
	Maximum resident set size (kbytes): 769852
	Average resident set size (kbytes): 0
	Major (requiring I/O) page faults: 0
	Minor (reclaiming a frame) page faults: 414025
	Voluntary context switches: 1
	Involuntary context switches: 27
	Swaps: 0
	File system inputs: 0
	File system outputs: 0
	Socket messages sent: 0
	Socket messages received: 0
	Signals delivered: 0
	Page size (bytes): 4096
	Exit status: 0
