$ CHAIN_SOLVER=tail CHAIN_TREEPASS=old /usr/bin/time -v /home/wenqianz/UNSW/pivoter/research/r1_skyline_index_20260918/build/chain_index_tool --build-only /home/wenqianz/UNSW/pivoter/research/r1_skyline_index_20260918/scale/cit-Patents_p60.edges
{"n":2263960,"solver":"tail","treepass":"old","count_bits":64,"chains":114266,"canonical_nodes":82952,"index_bytes":6272718,"build_form_bytes":7715156,"compact_ms":3.24332,"bytes_map":881572,"bytes_chains":2720892,"bytes_layers":2670254,"ti_ms":2243.47,"ti_bytes":270981324,"rss_loaded":96768000,"rss_with_ti":385982464,"rss_start":385982464,"rss_after_solve":583127040,"rss_after_chains":550330368,"rss_after_layout":550330368,"solve_ms":812.814,"trees_ms":2385.5,"chains_ms":13.6619,"layout_ms":37.8217,"build_ms":3253.23}
	Command being timed: "/home/wenqianz/UNSW/pivoter/research/r1_skyline_index_20260918/build/chain_index_tool --build-only /home/wenqianz/UNSW/pivoter/research/r1_skyline_index_20260918/scale/cit-Patents_p60.edges"
	User time (seconds): 9.27
	System time (seconds): 0.85
	Percent of CPU this job got: 99%
	Elapsed (wall clock) time (h:mm:ss or m:ss): 0:10.12
	Average shared text size (kbytes): 0
	Average unshared data size (kbytes): 0
	Average stack size (kbytes): 0
	Average total size (kbytes): 0
	Maximum resident set size (kbytes): 778876
	Average resident set size (kbytes): 0
	Major (requiring I/O) page faults: 0
	Minor (reclaiming a frame) page faults: 618988
	Voluntary context switches: 1
	Involuntary context switches: 15
	Swaps: 0
	File system inputs: 0
	File system outputs: 0
	Socket messages sent: 0
	Socket messages received: 0
	Signals delivered: 0
	Page size (bytes): 4096
	Exit status: 0
