$ CHAIN_SOLVER=terminal CHAIN_TREEPASS=old /usr/bin/time -v /home/wenqianz/UNSW/pivoter/research/r1_skyline_index_20260918/build/chain_index_tool --build-only /home/wenqianz/UNSW/pivoter/research/r1_skyline_index_20260918/scale/cit-Patents_p20.edges
{"n":753998,"solver":"terminal","treepass":"old","count_bits":64,"chains":48831,"canonical_nodes":47898,"index_bytes":2292230,"build_form_bytes":2698944,"compact_ms":1.00053,"bytes_map":336716,"bytes_chains":872968,"bytes_layers":1082546,"ti_ms":199.304,"ti_bytes":33580260,"rss_loaded":42250240,"rss_with_ti":65712128,"rss_start":65712128,"rss_after_solve":161984512,"rss_after_chains":161984512,"rss_after_layout":161984512,"solve_ms":71.702,"trees_ms":309.603,"chains_ms":5.18931,"layout_ms":8.81534,"build_ms":396.431}
	Command being timed: "/home/wenqianz/UNSW/pivoter/research/r1_skyline_index_20260918/build/chain_index_tool --build-only /home/wenqianz/UNSW/pivoter/research/r1_skyline_index_20260918/scale/cit-Patents_p20.edges"
	User time (seconds): 1.15
	System time (seconds): 0.11
	Percent of CPU this job got: 99%
	Elapsed (wall clock) time (h:mm:ss or m:ss): 0:01.27
	Average shared text size (kbytes): 0
	Average unshared data size (kbytes): 0
	Average stack size (kbytes): 0
	Average total size (kbytes): 0
	Maximum resident set size (kbytes): 158188
	Average resident set size (kbytes): 0
	Major (requiring I/O) page faults: 0
	Minor (reclaiming a frame) page faults: 53669
	Voluntary context switches: 1
	Involuntary context switches: 2
	Swaps: 0
	File system inputs: 0
	File system outputs: 0
	Socket messages sent: 0
	Socket messages received: 0
	Signals delivered: 0
	Page size (bytes): 4096
	Exit status: 0
