$ CHAIN_SOLVER=tail CHAIN_TREEPASS=old /usr/bin/time -v /home/wenqianz/UNSW/pivoter/research/r1_skyline_index_20260918/build/chain_index_tool --build-only /home/wenqianz/UNSW/pivoter/research/r1_skyline_index_20260918/scale/cit-Patents_p20.edges
{"n":753998,"solver":"tail","treepass":"old","count_bits":64,"chains":48831,"canonical_nodes":47898,"index_bytes":2292230,"build_form_bytes":2698944,"compact_ms":0.991384,"bytes_map":336716,"bytes_chains":872968,"bytes_layers":1082546,"ti_ms":202.193,"ti_bytes":33580260,"rss_loaded":42418176,"rss_with_ti":65814528,"rss_start":65814528,"rss_after_solve":155328512,"rss_after_chains":155328512,"rss_after_layout":155328512,"solve_ms":43.1025,"trees_ms":307.957,"chains_ms":4.9737,"layout_ms":8.70335,"build_ms":365.842}
	Command being timed: "/home/wenqianz/UNSW/pivoter/research/r1_skyline_index_20260918/build/chain_index_tool --build-only /home/wenqianz/UNSW/pivoter/research/r1_skyline_index_20260918/scale/cit-Patents_p20.edges"
	User time (seconds): 1.13
	System time (seconds): 0.10
	Percent of CPU this job got: 100%
	Elapsed (wall clock) time (h:mm:ss or m:ss): 0:01.23
	Average shared text size (kbytes): 0
	Average unshared data size (kbytes): 0
	Average stack size (kbytes): 0
	Average total size (kbytes): 0
	Maximum resident set size (kbytes): 151688
	Average resident set size (kbytes): 0
	Major (requiring I/O) page faults: 0
	Minor (reclaiming a frame) page faults: 52060
	Voluntary context switches: 1
	Involuntary context switches: 1
	Swaps: 0
	File system inputs: 0
	File system outputs: 0
	Socket messages sent: 0
	Socket messages received: 0
	Signals delivered: 0
	Page size (bytes): 4096
	Exit status: 0
