$ CHAIN_SOLVER=tail CHAIN_TREEPASS=fast /usr/bin/time -v /home/wenqianz/UNSW/pivoter/research/r1_skyline_index_20260918/build/chain_index_tool --build-only /home/wenqianz/UNSW/pivoter/research/r1_skyline_index_20260918/scale/cit-Patents_p80.edges
{"n":3019516,"solver":"tail","treepass":"fast","count_bits":64,"chains":156824,"canonical_nodes":102349,"index_bytes":8963004,"build_form_bytes":11404152,"compact_ms":5.25668,"bytes_map":1193464,"bytes_chains":4123477,"bytes_layers":3646063,"ti_ms":4734.58,"ti_bytes":511777392,"rss_loaded":148971520,"rss_with_ti":684912640,"rss_start":684912640,"rss_after_solve":987353088,"rss_after_chains":940982272,"rss_after_layout":940982272,"solve_ms":1798.17,"trees_ms":3162.24,"chains_ms":17.7698,"layout_ms":58.7172,"build_ms":5154.55}
	Command being timed: "/home/wenqianz/UNSW/pivoter/research/r1_skyline_index_20260918/build/chain_index_tool --build-only /home/wenqianz/UNSW/pivoter/research/r1_skyline_index_20260918/scale/cit-Patents_p80.edges"
	User time (seconds): 16.21
	System time (seconds): 0.96
	Percent of CPU this job got: 99%
	Elapsed (wall clock) time (h:mm:ss or m:ss): 0:17.17
	Average shared text size (kbytes): 0
	Average unshared data size (kbytes): 0
	Average stack size (kbytes): 0
	Average total size (kbytes): 0
	Maximum resident set size (kbytes): 1315988
	Average resident set size (kbytes): 0
	Major (requiring I/O) page faults: 0
	Minor (reclaiming a frame) page faults: 577419
	Voluntary context switches: 1
	Involuntary context switches: 21
	Swaps: 0
	File system inputs: 0
	File system outputs: 0
	Socket messages sent: 0
	Socket messages received: 0
	Signals delivered: 0
	Page size (bytes): 4096
	Exit status: 0
