$ CHAIN_SOLVER=terminal CHAIN_TREEPASS=old /usr/bin/time -v /home/wenqianz/UNSW/pivoter/research/r1_skyline_index_20260918/build/chain_index_tool --build-only /home/wenqianz/UNSW/pivoter/research/r1_skyline_index_20260918/scale/cit-Patents_p80.edges
{"n":3019516,"solver":"terminal","treepass":"old","count_bits":64,"chains":156824,"canonical_nodes":102349,"index_bytes":8963004,"build_form_bytes":11404152,"compact_ms":5.26856,"bytes_map":1193464,"bytes_chains":4123477,"bytes_layers":3646063,"ti_ms":4596.13,"ti_bytes":511777392,"rss_loaded":148979712,"rss_with_ti":684957696,"rss_start":684957696,"rss_after_solve":856715264,"rss_after_chains":810344448,"rss_after_layout":810344448,"solve_ms":2651.2,"trees_ms":4347.44,"chains_ms":18.1242,"layout_ms":59.3624,"build_ms":7081.26}
	Command being timed: "/home/wenqianz/UNSW/pivoter/research/r1_skyline_index_20260918/build/chain_index_tool --build-only /home/wenqianz/UNSW/pivoter/research/r1_skyline_index_20260918/scale/cit-Patents_p80.edges"
	User time (seconds): 17.81
	System time (seconds): 1.90
	Percent of CPU this job got: 99%
	Elapsed (wall clock) time (h:mm:ss or m:ss): 0:19.71
	Average shared text size (kbytes): 0
	Average unshared data size (kbytes): 0
	Average stack size (kbytes): 0
	Average total size (kbytes): 0
	Maximum resident set size (kbytes): 1324952
	Average resident set size (kbytes): 0
	Major (requiring I/O) page faults: 0
	Minor (reclaiming a frame) page faults: 1407186
	Voluntary context switches: 1
	Involuntary context switches: 25
	Swaps: 0
	File system inputs: 0
	File system outputs: 0
	Socket messages sent: 0
	Socket messages received: 0
	Signals delivered: 0
	Page size (bytes): 4096
	Exit status: 0
