$ CHAIN_SOLVER=tail CHAIN_TREEPASS=fast /usr/bin/time -v /home/wenqianz/UNSW/pivoter/research/r1_skyline_index_20260918/build/chain_index_tool --build-only /data/wenqianz/dsets/com-amazon.edges
{"n":334863,"solver":"tail","treepass":"fast","count_bits":64,"chains":46023,"canonical_nodes":68457,"index_bytes":3263670,"build_form_bytes":3978604,"compact_ms":2.06396,"bytes_map":246896,"bytes_chains":1170793,"bytes_layers":1845981,"ti_ms":220.454,"ti_bytes":31247012,"rss_loaded":30826496,"rss_with_ti":60981248,"rss_start":60981248,"rss_after_solve":114536448,"rss_after_chains":114806784,"rss_after_layout":115888128,"solve_ms":128.956,"trees_ms":347.305,"chains_ms":2.24162,"layout_ms":16.3732,"build_ms":501.979}
	Command being timed: "/home/wenqianz/UNSW/pivoter/research/r1_skyline_index_20260918/build/chain_index_tool --build-only /data/wenqianz/dsets/com-amazon.edges"
	User time (seconds): 1.20
	System time (seconds): 0.05
	Percent of CPU this job got: 99%
	Elapsed (wall clock) time (h:mm:ss or m:ss): 0:01.26
	Average shared text size (kbytes): 0
	Average unshared data size (kbytes): 0
	Average stack size (kbytes): 0
	Average total size (kbytes): 0
	Maximum resident set size (kbytes): 113172
	Average resident set size (kbytes): 0
	Major (requiring I/O) page faults: 0
	Minor (reclaiming a frame) page faults: 35944
	Voluntary context switches: 1
	Involuntary context switches: 1
	Swaps: 0
	File system inputs: 0
	File system outputs: 0
	Socket messages sent: 0
	Socket messages received: 0
	Signals delivered: 0
	Page size (bytes): 4096
	Exit status: 0
