$ CHAIN_SOLVER=tail CHAIN_TREEPASS=fast /usr/bin/time -v /home/wenqianz/UNSW/pivoter/research/r1_skyline_index_20260918/build/chain_index_tool --build-only /data/wenqianz/dsets/com-dblp.edges
{"n":317080,"solver":"tail","treepass":"fast","count_bits":128,"chains":13459,"canonical_nodes":33979,"index_bytes":1641981,"build_form_bytes":1729876,"compact_ms":0.785569,"bytes_map":113304,"bytes_chains":460177,"bytes_layers":1068500,"ti_ms":268.832,"ti_bytes":29113540,"rss_loaded":32149504,"rss_with_ti":52871168,"rss_start":52871168,"rss_after_solve":117563392,"rss_after_chains":118104064,"rss_after_layout":118435840,"solve_ms":144.593,"trees_ms":478.186,"chains_ms":2.10832,"layout_ms":9.11965,"build_ms":641.054}
	Command being timed: "/home/wenqianz/UNSW/pivoter/research/r1_skyline_index_20260918/build/chain_index_tool --build-only /data/wenqianz/dsets/com-dblp.edges"
	User time (seconds): 1.43
	System time (seconds): 0.04
	Percent of CPU this job got: 99%
	Elapsed (wall clock) time (h:mm:ss or m:ss): 0:01.47
	Average shared text size (kbytes): 0
	Average unshared data size (kbytes): 0
	Average stack size (kbytes): 0
	Average total size (kbytes): 0
	Maximum resident set size (kbytes): 115660
	Average resident set size (kbytes): 0
	Major (requiring I/O) page faults: 0
	Minor (reclaiming a frame) page faults: 35825
	Voluntary context switches: 1
	Involuntary context switches: 1
	Swaps: 0
	File system inputs: 0
	File system outputs: 0
	Socket messages sent: 0
	Socket messages received: 0
	Signals delivered: 0
	Page size (bytes): 4096
	Exit status: 0
