$ CHAIN_SOLVER=terminal CHAIN_TREEPASS=old /usr/bin/time -v /home/wenqianz/UNSW/pivoter/research/r1_skyline_index_20260918/build/chain_index_tool --build-only /data/wenqianz/dsets/com-amazon.edges
{"n":334863,"solver":"terminal","treepass":"old","count_bits":64,"chains":46023,"canonical_nodes":68457,"index_bytes":3263670,"build_form_bytes":3978604,"compact_ms":2.08538,"bytes_map":246896,"bytes_chains":1170793,"bytes_layers":1845981,"ti_ms":215.072,"ti_bytes":31247012,"rss_loaded":30834688,"rss_with_ti":60923904,"rss_start":60923904,"rss_after_solve":120766464,"rss_after_chains":120766464,"rss_after_layout":120766464,"solve_ms":147.06,"trees_ms":429.407,"chains_ms":2.3409,"layout_ms":16.536,"build_ms":597.398}
	Command being timed: "/home/wenqianz/UNSW/pivoter/research/r1_skyline_index_20260918/build/chain_index_tool --build-only /data/wenqianz/dsets/com-amazon.edges"
	User time (seconds): 1.28
	System time (seconds): 0.07
	Percent of CPU this job got: 100%
	Elapsed (wall clock) time (h:mm:ss or m:ss): 0:01.35
	Average shared text size (kbytes): 0
	Average unshared data size (kbytes): 0
	Average stack size (kbytes): 0
	Average total size (kbytes): 0
	Maximum resident set size (kbytes): 117936
	Average resident set size (kbytes): 0
	Major (requiring I/O) page faults: 0
	Minor (reclaiming a frame) page faults: 37127
	Voluntary context switches: 1
	Involuntary context switches: 3
	Swaps: 0
	File system inputs: 0
	File system outputs: 0
	Socket messages sent: 0
	Socket messages received: 0
	Signals delivered: 0
	Page size (bytes): 4096
	Exit status: 0
