$ CHAIN_SOLVER=tail CHAIN_TREEPASS=old /usr/bin/time -v /home/wenqianz/UNSW/pivoter/research/r1_skyline_index_20260918/build/chain_index_tool --build-only /data/wenqianz/dsets/com-amazon.edges
{"n":334863,"solver":"tail","treepass":"old","count_bits":64,"chains":46023,"canonical_nodes":68457,"index_bytes":3263670,"build_form_bytes":3978604,"compact_ms":2.08761,"bytes_map":246896,"bytes_chains":1170793,"bytes_layers":1845981,"ti_ms":262.849,"ti_bytes":31247012,"rss_loaded":30834688,"rss_with_ti":60923904,"rss_start":60923904,"rss_after_solve":120434688,"rss_after_chains":120705024,"rss_after_layout":120975360,"solve_ms":132.777,"trees_ms":446.154,"chains_ms":2.43268,"layout_ms":16.7734,"build_ms":600.217}
	Command being timed: "/home/wenqianz/UNSW/pivoter/research/r1_skyline_index_20260918/build/chain_index_tool --build-only /data/wenqianz/dsets/com-amazon.edges"
	User time (seconds): 1.45
	System time (seconds): 0.04
	Percent of CPU this job got: 100%
	Elapsed (wall clock) time (h:mm:ss or m:ss): 0:01.50
	Average shared text size (kbytes): 0
	Average unshared data size (kbytes): 0
	Average stack size (kbytes): 0
	Average total size (kbytes): 0
	Maximum resident set size (kbytes): 118140
	Average resident set size (kbytes): 0
	Major (requiring I/O) page faults: 0
	Minor (reclaiming a frame) page faults: 37201
	Voluntary context switches: 1
	Involuntary context switches: 1
	Swaps: 0
	File system inputs: 0
	File system outputs: 0
	Socket messages sent: 0
	Socket messages received: 0
	Signals delivered: 0
	Page size (bytes): 4096
	Exit status: 0
