$ CHAIN_SOLVER=terminal CHAIN_TREEPASS=old /usr/bin/time -v /home/wenqianz/UNSW/pivoter/research/r1_skyline_index_20260918/build/chain_index_tool --build-only /home/wenqianz/UNSW/pivoter/research/r1_skyline_index_20260918/scale/web-BerkStan_p80.edges
{"n":548210,"solver":"terminal","treepass":"old","count_bits":256,"chains":37078,"canonical_nodes":98433,"index_bytes":6259913,"build_form_bytes":6387856,"compact_ms":3.37932,"bytes_map":251112,"bytes_chains":2295674,"bytes_layers":3713127,"ti_ms":1606.25,"ti_bytes":176047088,"rss_loaded":90456064,"rss_with_ti":287158272,"rss_start":287158272,"rss_after_solve":380424192,"rss_after_chains":380424192,"rss_after_layout":380424192,"solve_ms":20666.7,"trees_ms":4389.75,"chains_ms":5.77558,"layout_ms":51.4675,"build_ms":25118.6}
	Command being timed: "/home/wenqianz/UNSW/pivoter/research/r1_skyline_index_20260918/build/chain_index_tool --build-only /home/wenqianz/UNSW/pivoter/research/r1_skyline_index_20260918/scale/web-BerkStan_p80.edges"
	User time (seconds): 17.95
	System time (seconds): 10.70
	Percent of CPU this job got: 99%
	Elapsed (wall clock) time (h:mm:ss or m:ss): 0:28.65
	Average shared text size (kbytes): 0
	Average unshared data size (kbytes): 0
	Average stack size (kbytes): 0
	Average total size (kbytes): 0
	Maximum resident set size (kbytes): 617732
	Average resident set size (kbytes): 0
	Major (requiring I/O) page faults: 0
	Minor (reclaiming a frame) page faults: 8193768
	Voluntary context switches: 1
	Involuntary context switches: 70
	Swaps: 0
	File system inputs: 0
	File system outputs: 0
	Socket messages sent: 0
	Socket messages received: 0
	Signals delivered: 0
	Page size (bytes): 4096
	Exit status: 0
