$ CHAIN_SOLVER=tail CHAIN_TREEPASS=fast /usr/bin/time -v /home/wenqianz/UNSW/pivoter/research/r1_skyline_index_20260918/build/chain_index_tool --build-only /data/wenqianz/dsets/web-Stanford.edges
{"n":281903,"solver":"tail","treepass":"fast","count_bits":64,"chains":17963,"canonical_nodes":53239,"index_bytes":3552754,"build_form_bytes":3737596,"compact_ms":2.02843,"bytes_map":124720,"bytes_chains":1315734,"bytes_layers":2112300,"ti_ms":1236.42,"ti_bytes":121008860,"rss_loaded":45948928,"rss_with_ti":177094656,"rss_start":177094656,"rss_after_solve":241758208,"rss_after_chains":241758208,"rss_after_layout":242028544,"solve_ms":1155.1,"trees_ms":1422.24,"chains_ms":2.98921,"layout_ms":25.6127,"build_ms":2617.02}
	Command being timed: "/home/wenqianz/UNSW/pivoter/research/r1_skyline_index_20260918/build/chain_index_tool --build-only /data/wenqianz/dsets/web-Stanford.edges"
	User time (seconds): 4.71
	System time (seconds): 0.11
	Percent of CPU this job got: 99%
	Elapsed (wall clock) time (h:mm:ss or m:ss): 0:04.82
	Average shared text size (kbytes): 0
	Average unshared data size (kbytes): 0
	Average stack size (kbytes): 0
	Average total size (kbytes): 0
	Maximum resident set size (kbytes): 236356
	Average resident set size (kbytes): 0
	Major (requiring I/O) page faults: 0
	Minor (reclaiming a frame) page faults: 86561
	Voluntary context switches: 1
	Involuntary context switches: 5
	Swaps: 0
	File system inputs: 0
	File system outputs: 0
	Socket messages sent: 0
	Socket messages received: 0
	Signals delivered: 0
	Page size (bytes): 4096
	Exit status: 0
