$ CHAIN_SOLVER=tail CHAIN_TREEPASS=old /usr/bin/time -v /home/wenqianz/UNSW/pivoter/research/r1_skyline_index_20260918/build/chain_index_tool --build-only /home/wenqianz/UNSW/pivoter/research/r1_skyline_index_20260918/scale/web-BerkStan_p80.edges
{"n":548210,"solver":"tail","treepass":"old","count_bits":256,"chains":37078,"canonical_nodes":98433,"index_bytes":6259913,"build_form_bytes":6387856,"compact_ms":3.38133,"bytes_map":251112,"bytes_chains":2295674,"bytes_layers":3713127,"ti_ms":1621,"ti_bytes":176047088,"rss_loaded":90427392,"rss_with_ti":287129600,"rss_start":287129600,"rss_after_solve":410103808,"rss_after_chains":410103808,"rss_after_layout":410370048,"solve_ms":7146.73,"trees_ms":4377.25,"chains_ms":5.63145,"layout_ms":53.9593,"build_ms":11588.4}
	Command being timed: "/home/wenqianz/UNSW/pivoter/research/r1_skyline_index_20260918/build/chain_index_tool --build-only /home/wenqianz/UNSW/pivoter/research/r1_skyline_index_20260918/scale/web-BerkStan_p80.edges"
	User time (seconds): 14.91
	System time (seconds): 0.23
	Percent of CPU this job got: 99%
	Elapsed (wall clock) time (h:mm:ss or m:ss): 0:15.14
	Average shared text size (kbytes): 0
	Average unshared data size (kbytes): 0
	Average stack size (kbytes): 0
	Average total size (kbytes): 0
	Maximum resident set size (kbytes): 595124
	Average resident set size (kbytes): 0
	Major (requiring I/O) page faults: 0
	Minor (reclaiming a frame) page faults: 174771
	Voluntary context switches: 1
	Involuntary context switches: 16
	Swaps: 0
	File system inputs: 0
	File system outputs: 0
	Socket messages sent: 0
	Socket messages received: 0
	Signals delivered: 0
	Page size (bytes): 4096
	Exit status: 0
