$ CHAIN_SOLVER=terminal CHAIN_TREEPASS=fast /usr/bin/time -v /home/wenqianz/UNSW/pivoter/research/r1_skyline_index_20260918/build/chain_index_tool --build-only /data/wenqianz/dsets/web-NotreDame.edges
{"n":325729,"solver":"terminal","treepass":"fast","count_bits":256,"chains":9122,"canonical_nodes":15604,"index_bytes":1007187,"build_form_bytes":1158624,"compact_ms":0.610638,"bytes_map":97576,"bytes_chains":366176,"bytes_layers":543435,"ti_ms":266.662,"ti_bytes":34484628,"rss_loaded":33112064,"rss_with_ti":64552960,"rss_start":64552960,"rss_after_solve":162983936,"rss_after_chains":163520512,"rss_after_layout":164061184,"solve_ms":2896.18,"trees_ms":646.418,"chains_ms":2.23484,"layout_ms":7.99242,"build_ms":3558.94}
	Command being timed: "/home/wenqianz/UNSW/pivoter/research/r1_skyline_index_20260918/build/chain_index_tool --build-only /data/wenqianz/dsets/web-NotreDame.edges"
	User time (seconds): 4.23
	System time (seconds): 0.12
	Percent of CPU this job got: 99%
	Elapsed (wall clock) time (h:mm:ss or m:ss): 0:04.35
	Average shared text size (kbytes): 0
	Average unshared data size (kbytes): 0
	Average stack size (kbytes): 0
	Average total size (kbytes): 0
	Maximum resident set size (kbytes): 189896
	Average resident set size (kbytes): 0
	Major (requiring I/O) page faults: 0
	Minor (reclaiming a frame) page faults: 98772
	Voluntary context switches: 1
	Involuntary context switches: 5
	Swaps: 0
	File system inputs: 0
	File system outputs: 0
	Socket messages sent: 0
	Socket messages received: 0
	Signals delivered: 0
	Page size (bytes): 4096
	Exit status: 0
