$ CHAIN_SOLVER=tail CHAIN_TREEPASS=fast /usr/bin/time -v /home/wenqianz/UNSW/pivoter/research/r1_skyline_index_20260918/build/chain_index_tool --build-only /data/wenqianz/dsets/web-BerkStan.edges
{"n":685230,"solver":"tail","treepass":"fast","count_bits":256,"chains":39559,"canonical_nodes":120579,"index_bytes":8607977,"build_form_bytes":8616820,"compact_ms":4.64522,"bytes_map":286728,"bytes_chains":3341711,"bytes_layers":4979538,"ti_ms":3809.65,"ti_bytes":367327060,"rss_loaded":70995968,"rss_with_ti":459948032,"rss_start":459948032,"rss_after_solve":580567040,"rss_after_chains":580567040,"rss_after_layout":582995968,"solve_ms":16810.7,"trees_ms":5743.59,"chains_ms":7.80388,"layout_ms":77.642,"build_ms":22682.3}
	Command being timed: "/home/wenqianz/UNSW/pivoter/research/r1_skyline_index_20260918/build/chain_index_tool --build-only /data/wenqianz/dsets/web-BerkStan.edges"
	User time (seconds): 28.91
	System time (seconds): 0.61
	Percent of CPU this job got: 99%
	Elapsed (wall clock) time (h:mm:ss or m:ss): 0:29.53
	Average shared text size (kbytes): 0
	Average unshared data size (kbytes): 0
	Average stack size (kbytes): 0
	Average total size (kbytes): 0
	Maximum resident set size (kbytes): 1085452
	Average resident set size (kbytes): 0
	Major (requiring I/O) page faults: 0
	Minor (reclaiming a frame) page faults: 373033
	Voluntary context switches: 1
	Involuntary context switches: 80
	Swaps: 0
	File system inputs: 0
	File system outputs: 0
	Socket messages sent: 0
	Socket messages received: 0
	Signals delivered: 0
	Page size (bytes): 4096
	Exit status: 0
