$ CHAIN_SOLVER=terminal CHAIN_TREEPASS=old /usr/bin/time -v /home/wenqianz/UNSW/pivoter/research/r1_skyline_index_20260918/build/chain_index_tool --build-only /data/wenqianz/dsets/web-NotreDame.edges
{"n":325729,"solver":"terminal","treepass":"old","count_bits":256,"chains":9122,"canonical_nodes":15604,"index_bytes":1007187,"build_form_bytes":1158624,"compact_ms":0.622005,"bytes_map":97576,"bytes_chains":366176,"bytes_layers":543435,"ti_ms":267.87,"ti_bytes":34484628,"rss_loaded":32903168,"rss_with_ti":64458752,"rss_start":64458752,"rss_after_solve":94875648,"rss_after_chains":94875648,"rss_after_layout":94875648,"solve_ms":4163.24,"trees_ms":1681.6,"chains_ms":2.12669,"layout_ms":7.92687,"build_ms":5856.18}
	Command being timed: "/home/wenqianz/UNSW/pivoter/research/r1_skyline_index_20260918/build/chain_index_tool --build-only /data/wenqianz/dsets/web-NotreDame.edges"
	User time (seconds): 4.53
	System time (seconds): 2.11
	Percent of CPU this job got: 100%
	Elapsed (wall clock) time (h:mm:ss or m:ss): 0:06.64
	Average shared text size (kbytes): 0
	Average unshared data size (kbytes): 0
	Average stack size (kbytes): 0
	Average total size (kbytes): 0
	Maximum resident set size (kbytes): 195248
	Average resident set size (kbytes): 0
	Major (requiring I/O) page faults: 0
	Minor (reclaiming a frame) page faults: 1445354
	Voluntary context switches: 1
	Involuntary context switches: 9
	Swaps: 0
	File system inputs: 0
	File system outputs: 0
	Socket messages sent: 0
	Socket messages received: 0
	Signals delivered: 0
	Page size (bytes): 4096
	Exit status: 0
