$ CHAIN_SOLVER=tail CHAIN_TREEPASS=fast /usr/bin/time -v /home/wenqianz/UNSW/pivoter/research/r1_skyline_index_20260918/build/chain_index_tool --build-only /data/wenqianz/dsets/web-Google.edges
{"n":875713,"solver":"tail","treepass":"fast","count_bits":64,"chains":73836,"canonical_nodes":188362,"index_bytes":11156521,"build_form_bytes":12200784,"compact_ms":6.59041,"bytes_map":459560,"bytes_chains":3805974,"bytes_layers":6890987,"ti_ms":1426.17,"ti_bytes":123475112,"rss_loaded":56020992,"rss_with_ti":207446016,"rss_start":207446016,"rss_after_solve":366272512,"rss_after_chains":367083520,"rss_after_layout":368435200,"solve_ms":1337.81,"trees_ms":2363.54,"chains_ms":7.22037,"layout_ms":72.8265,"build_ms":3806.51}
	Command being timed: "/home/wenqianz/UNSW/pivoter/research/r1_skyline_index_20260918/build/chain_index_tool --build-only /data/wenqianz/dsets/web-Google.edges"
	User time (seconds): 7.41
	System time (seconds): 0.19
	Percent of CPU this job got: 99%
	Elapsed (wall clock) time (h:mm:ss or m:ss): 0:07.61
	Average shared text size (kbytes): 0
	Average unshared data size (kbytes): 0
	Average stack size (kbytes): 0
	Average total size (kbytes): 0
	Maximum resident set size (kbytes): 359800
	Average resident set size (kbytes): 0
	Major (requiring I/O) page faults: 0
	Minor (reclaiming a frame) page faults: 139902
	Voluntary context switches: 1
	Involuntary context switches: 9
	Swaps: 0
	File system inputs: 0
	File system outputs: 0
	Socket messages sent: 0
	Socket messages received: 0
	Signals delivered: 0
	Page size (bytes): 4096
	Exit status: 0
