$ CHAIN_SOLVER=terminal CHAIN_TREEPASS=old /usr/bin/time -v /home/wenqianz/UNSW/pivoter/research/r1_skyline_index_20260918/build/chain_index_tool --build-only /home/wenqianz/UNSW/pivoter/research/r1_skyline_index_20260918/scale/web-BerkStan_p40.edges
{"n":274384,"solver":"terminal","treepass":"old","count_bits":128,"chains":23630,"canonical_nodes":40500,"index_bytes":1922455,"build_form_bytes":2166704,"compact_ms":1.01036,"bytes_map":145984,"bytes_chains":624467,"bytes_layers":1152004,"ti_ms":230.133,"ti_bytes":31283320,"rss_loaded":30867456,"rss_with_ti":51949568,"rss_start":51949568,"rss_after_solve":114692096,"rss_after_chains":114692096,"rss_after_layout":114692096,"solve_ms":656.784,"trees_ms":630.641,"chains_ms":1.9353,"layout_ms":11.9006,"build_ms":1303.62}
	Command being timed: "/home/wenqianz/UNSW/pivoter/research/r1_skyline_index_20260918/build/chain_index_tool --build-only /home/wenqianz/UNSW/pivoter/research/r1_skyline_index_20260918/scale/web-BerkStan_p40.edges"
	User time (seconds): 1.97
	System time (seconds): 0.07
	Percent of CPU this job got: 99%
	Elapsed (wall clock) time (h:mm:ss or m:ss): 0:02.05
	Average shared text size (kbytes): 0
	Average unshared data size (kbytes): 0
	Average stack size (kbytes): 0
	Average total size (kbytes): 0
	Maximum resident set size (kbytes): 112004
	Average resident set size (kbytes): 0
	Major (requiring I/O) page faults: 0
	Minor (reclaiming a frame) page faults: 38698
	Voluntary context switches: 1
	Involuntary context switches: 2
	Swaps: 0
	File system inputs: 0
	File system outputs: 0
	Socket messages sent: 0
	Socket messages received: 0
	Signals delivered: 0
	Page size (bytes): 4096
	Exit status: 0
