$ CHAIN_SOLVER=tail CHAIN_TREEPASS=fast /usr/bin/time -v /home/wenqianz/UNSW/pivoter/research/r1_skyline_index_20260918/build/chain_index_tool --build-only /home/wenqianz/UNSW/pivoter/research/r1_skyline_index_20260918/scale/web-BerkStan_p20.edges
{"n":136792,"solver":"tail","treepass":"fast","count_bits":64,"chains":12301,"canonical_nodes":17470,"index_bytes":727322,"build_form_bytes":837776,"compact_ms":0.314283,"bytes_map":74868,"bytes_chains":237123,"bytes_layers":415331,"ti_ms":41.2993,"ti_bytes":7967596,"rss_loaded":12869632,"rss_with_ti":19337216,"rss_start":19337216,"rss_after_solve":36503552,"rss_after_chains":36503552,"rss_after_layout":36503552,"solve_ms":23.1815,"trees_ms":64.9926,"chains_ms":0.812615,"layout_ms":3.25553,"build_ms":94.3971}
	Command being timed: "/home/wenqianz/UNSW/pivoter/research/r1_skyline_index_20260918/build/chain_index_tool --build-only /home/wenqianz/UNSW/pivoter/research/r1_skyline_index_20260918/scale/web-BerkStan_p20.edges"
	User time (seconds): 0.27
	System time (seconds): 0.01
	Percent of CPU this job got: 99%
	Elapsed (wall clock) time (h:mm:ss or m:ss): 0:00.28
	Average shared text size (kbytes): 0
	Average unshared data size (kbytes): 0
	Average stack size (kbytes): 0
	Average total size (kbytes): 0
	Maximum resident set size (kbytes): 35648
	Average resident set size (kbytes): 0
	Major (requiring I/O) page faults: 0
	Minor (reclaiming a frame) page faults: 10639
	Voluntary context switches: 1
	Involuntary context switches: 0
	Swaps: 0
	File system inputs: 0
	File system outputs: 0
	Socket messages sent: 0
	Socket messages received: 0
	Signals delivered: 0
	Page size (bytes): 4096
	Exit status: 0
