$ CHAIN_SOLVER=terminal CHAIN_TREEPASS=fast /usr/bin/time -v /home/wenqianz/UNSW/pivoter/research/r1_skyline_index_20260918/build/chain_index_tool --build-only /home/wenqianz/UNSW/pivoter/research/r1_skyline_index_20260918/scale/web-BerkStan_p80.edges
{"n":548210,"solver":"terminal","treepass":"fast","count_bits":256,"chains":37078,"canonical_nodes":98433,"index_bytes":6259913,"build_form_bytes":6387856,"compact_ms":3.35663,"bytes_map":251112,"bytes_chains":2295674,"bytes_layers":3713127,"ti_ms":1618.09,"ti_bytes":176047088,"rss_loaded":90574848,"rss_with_ti":287211520,"rss_start":287211520,"rss_after_solve":370216960,"rss_after_chains":370216960,"rss_after_layout":370216960,"solve_ms":20681.2,"trees_ms":2760.56,"chains_ms":5.27904,"layout_ms":51.2245,"build_ms":23514.7}
	Command being timed: "/home/wenqianz/UNSW/pivoter/research/r1_skyline_index_20260918/build/chain_index_tool --build-only /home/wenqianz/UNSW/pivoter/research/r1_skyline_index_20260918/scale/web-BerkStan_p80.edges"
	User time (seconds): 16.55
	System time (seconds): 10.50
	Percent of CPU this job got: 99%
	Elapsed (wall clock) time (h:mm:ss or m:ss): 0:27.06
	Average shared text size (kbytes): 0
	Average unshared data size (kbytes): 0
	Average stack size (kbytes): 0
	Average total size (kbytes): 0
	Maximum resident set size (kbytes): 607764
	Average resident set size (kbytes): 0
	Major (requiring I/O) page faults: 0
	Minor (reclaiming a frame) page faults: 8170508
	Voluntary context switches: 1
	Involuntary context switches: 76
	Swaps: 0
	File system inputs: 0
	File system outputs: 0
	Socket messages sent: 0
	Socket messages received: 0
	Signals delivered: 0
	Page size (bytes): 4096
	Exit status: 0
