$ CHAIN_SOLVER=tail CHAIN_TREEPASS=old /usr/bin/time -v /home/wenqianz/UNSW/pivoter/research/r1_skyline_index_20260918/build/chain_index_tool --build-only /data/wenqianz/dsets/web-BerkStan.edges
{"n":685230,"solver":"tail","treepass":"old","count_bits":256,"chains":39559,"canonical_nodes":120579,"index_bytes":8607977,"build_form_bytes":8616820,"compact_ms":4.6491,"bytes_map":286728,"bytes_chains":3341711,"bytes_layers":4979538,"ti_ms":3840.59,"ti_bytes":367327060,"rss_loaded":71004160,"rss_with_ti":459956224,"rss_start":459956224,"rss_after_solve":653111296,"rss_after_chains":653377536,"rss_after_layout":655810560,"solve_ms":16729.4,"trees_ms":9340.89,"chains_ms":8.78033,"layout_ms":77.7964,"build_ms":26168.1}
	Command being timed: "/home/wenqianz/UNSW/pivoter/research/r1_skyline_index_20260918/build/chain_index_tool --build-only /data/wenqianz/dsets/web-BerkStan.edges"
	User time (seconds): 32.01
	System time (seconds): 1.02
	Percent of CPU this job got: 99%
	Elapsed (wall clock) time (h:mm:ss or m:ss): 0:33.04
	Average shared text size (kbytes): 0
	Average unshared data size (kbytes): 0
	Average stack size (kbytes): 0
	Average total size (kbytes): 0
	Maximum resident set size (kbytes): 1091376
	Average resident set size (kbytes): 0
	Major (requiring I/O) page faults: 0
	Minor (reclaiming a frame) page faults: 715772
	Voluntary context switches: 1
	Involuntary context switches: 92
	Swaps: 0
	File system inputs: 0
	File system outputs: 0
	Socket messages sent: 0
	Socket messages received: 0
	Signals delivered: 0
	Page size (bytes): 4096
	Exit status: 0
