$ CHAIN_SOLVER=tail CHAIN_TREEPASS=old /usr/bin/time -v /home/wenqianz/UNSW/pivoter/research/r1_skyline_index_20260918/build/chain_index_tool --build-only /data/wenqianz/dsets/web-NotreDame.edges
{"n":325729,"solver":"tail","treepass":"old","count_bits":256,"chains":9122,"canonical_nodes":15604,"index_bytes":1007187,"build_form_bytes":1158624,"compact_ms":0.619589,"bytes_map":97576,"bytes_chains":366176,"bytes_layers":543435,"ti_ms":270.073,"ti_bytes":34484628,"rss_loaded":33103872,"rss_with_ti":64479232,"rss_start":64479232,"rss_after_solve":101654528,"rss_after_chains":101654528,"rss_after_layout":101654528,"solve_ms":437.784,"trees_ms":1147.47,"chains_ms":2.11274,"layout_ms":7.87984,"build_ms":1596.45}
	Command being timed: "/home/wenqianz/UNSW/pivoter/research/r1_skyline_index_20260918/build/chain_index_tool --build-only /data/wenqianz/dsets/web-NotreDame.edges"
	User time (seconds): 2.31
	System time (seconds): 0.07
	Percent of CPU this job got: 99%
	Elapsed (wall clock) time (h:mm:ss or m:ss): 0:02.38
	Average shared text size (kbytes): 0
	Average unshared data size (kbytes): 0
	Average stack size (kbytes): 0
	Average total size (kbytes): 0
	Maximum resident set size (kbytes): 181276
	Average resident set size (kbytes): 0
	Major (requiring I/O) page faults: 0
	Minor (reclaiming a frame) page faults: 53590
	Voluntary context switches: 1
	Involuntary context switches: 2
	Swaps: 0
	File system inputs: 0
	File system outputs: 0
	Socket messages sent: 0
	Socket messages received: 0
	Signals delivered: 0
	Page size (bytes): 4096
	Exit status: 0
