$ CHAIN_SOLVER=tail CHAIN_TREEPASS=fast /usr/bin/time -v /home/wenqianz/UNSW/pivoter/research/r1_skyline_index_20260918/build/chain_index_tool --build-only /home/wenqianz/UNSW/pivoter/research/r1_skyline_index_20260918/scale/web-BerkStan_p60.edges
{"n":411236,"solver":"tail","treepass":"fast","count_bits":256,"chains":29958,"canonical_nodes":66414,"index_bytes":3864328,"build_form_bytes":4054096,"compact_ms":2.08165,"bytes_map":196952,"bytes_chains":1371080,"bytes_layers":2296296,"ti_ms":735.822,"ti_bytes":82287224,"rss_loaded":57458688,"rss_with_ti":133156864,"rss_start":133156864,"rss_after_solve":228728832,"rss_after_chains":228995072,"rss_after_layout":230076416,"solve_ms":2804.05,"trees_ms":1300.05,"chains_ms":3.38143,"layout_ms":28.9728,"build_ms":4149.1}
	Command being timed: "/home/wenqianz/UNSW/pivoter/research/r1_skyline_index_20260918/build/chain_index_tool --build-only /home/wenqianz/UNSW/pivoter/research/r1_skyline_index_20260918/scale/web-BerkStan_p60.edges"
	User time (seconds): 5.89
	System time (seconds): 0.13
	Percent of CPU this job got: 99%
	Elapsed (wall clock) time (h:mm:ss or m:ss): 0:06.02
	Average shared text size (kbytes): 0
	Average unshared data size (kbytes): 0
	Average stack size (kbytes): 0
	Average total size (kbytes): 0
	Maximum resident set size (kbytes): 321740
	Average resident set size (kbytes): 0
	Major (requiring I/O) page faults: 0
	Minor (reclaiming a frame) page faults: 98138
	Voluntary context switches: 1
	Involuntary context switches: 7
	Swaps: 0
	File system inputs: 0
	File system outputs: 0
	Socket messages sent: 0
	Socket messages received: 0
	Signals delivered: 0
	Page size (bytes): 4096
	Exit status: 0
