$ CHAIN_SOLVER=terminal CHAIN_TREEPASS=fast /usr/bin/time -v /home/wenqianz/UNSW/pivoter/research/r1_skyline_index_20260918/build/chain_index_tool --build-only /data/wenqianz/dsets/web-BerkStan.edges
{"n":685230,"solver":"terminal","treepass":"fast","count_bits":256,"chains":39559,"canonical_nodes":120579,"index_bytes":8607977,"build_form_bytes":8616820,"compact_ms":4.62357,"bytes_map":286728,"bytes_chains":3341711,"bytes_layers":4979538,"ti_ms":3809.45,"ti_bytes":367327060,"rss_loaded":70971392,"rss_with_ti":460091392,"rss_start":460091392,"rss_after_solve":604987392,"rss_after_chains":604987392,"rss_after_layout":605253632,"solve_ms":47087.7,"trees_ms":5801.11,"chains_ms":9.13485,"layout_ms":76.7042,"build_ms":53017.2}
	Command being timed: "/home/wenqianz/UNSW/pivoter/research/r1_skyline_index_20260918/build/chain_index_tool --build-only /data/wenqianz/dsets/web-BerkStan.edges"
	User time (seconds): 35.54
	System time (seconds): 24.31
	Percent of CPU this job got: 99%
	Elapsed (wall clock) time (h:mm:ss or m:ss): 0:59.86
	Average shared text size (kbytes): 0
	Average unshared data size (kbytes): 0
	Average stack size (kbytes): 0
	Average total size (kbytes): 0
	Maximum resident set size (kbytes): 1109364
	Average resident set size (kbytes): 0
	Major (requiring I/O) page faults: 0
	Minor (reclaiming a frame) page faults: 19763443
	Voluntary context switches: 1
	Involuntary context switches: 105
	Swaps: 0
	File system inputs: 0
	File system outputs: 0
	Socket messages sent: 0
	Socket messages received: 0
	Signals delivered: 0
	Page size (bytes): 4096
	Exit status: 0
