$ CHAIN_SOLVER=terminal CHAIN_TREEPASS=old /usr/bin/time -v /home/wenqianz/UNSW/pivoter/research/r1_skyline_index_20260918/build/chain_index_tool --build-only /home/wenqianz/UNSW/pivoter/research/r1_skyline_index_20260918/scale/web-BerkStan_p80.edges
{"n":548210,"solver":"terminal","treepass":"old","count_bits":256,"chains":37078,"canonical_nodes":98433,"index_bytes":6259913,"build_form_bytes":6387856,"compact_ms":3.43524,"bytes_map":251112,"bytes_chains":2295674,"bytes_layers":3713127,"ti_ms":1614.32,"ti_bytes":176047088,"rss_loaded":90656768,"rss_with_ti":287293440,"rss_start":287293440,"rss_after_solve":380559360,"rss_after_chains":380559360,"rss_after_layout":380559360,"solve_ms":20725.2,"trees_ms":4385.9,"chains_ms":5.78472,"layout_ms":51.3055,"build_ms":25173.1}
	Command being timed: "/home/wenqianz/UNSW/pivoter/research/r1_skyline_index_20260918/build/chain_index_tool --build-only /home/wenqianz/UNSW/pivoter/research/r1_skyline_index_20260918/scale/web-BerkStan_p80.edges"
	User time (seconds): 18.11
	System time (seconds): 10.60
	Percent of CPU this job got: 99%
	Elapsed (wall clock) time (h:mm:ss or m:ss): 0:28.71
	Average shared text size (kbytes): 0
	Average unshared data size (kbytes): 0
	Average stack size (kbytes): 0
	Average total size (kbytes): 0
	Maximum resident set size (kbytes): 617864
	Average resident set size (kbytes): 0
	Major (requiring I/O) page faults: 0
	Minor (reclaiming a frame) page faults: 8193769
	Voluntary context switches: 1
	Involuntary context switches: 80
	Swaps: 0
	File system inputs: 0
	File system outputs: 0
	Socket messages sent: 0
	Socket messages received: 0
	Signals delivered: 0
	Page size (bytes): 4096
	Exit status: 0
