$ CHAIN_SOLVER=terminal CHAIN_TREEPASS=fast /usr/bin/time -v /home/wenqianz/UNSW/pivoter/research/r1_skyline_index_20260918/build/chain_index_tool --build-only /home/wenqianz/UNSW/pivoter/research/r1_skyline_index_20260918/scale/web-BerkStan_p20.edges
{"n":136792,"solver":"terminal","treepass":"fast","count_bits":64,"chains":12301,"canonical_nodes":17470,"index_bytes":727322,"build_form_bytes":837776,"compact_ms":0.31687,"bytes_map":74868,"bytes_chains":237123,"bytes_layers":415331,"ti_ms":40.2934,"ti_bytes":7967596,"rss_loaded":13004800,"rss_with_ti":19361792,"rss_start":19361792,"rss_after_solve":36167680,"rss_after_chains":36438016,"rss_after_layout":36438016,"solve_ms":70.9622,"trees_ms":65.5134,"chains_ms":0.831422,"layout_ms":3.23529,"build_ms":142.592}
	Command being timed: "/home/wenqianz/UNSW/pivoter/research/r1_skyline_index_20260918/build/chain_index_tool --build-only /home/wenqianz/UNSW/pivoter/research/r1_skyline_index_20260918/scale/web-BerkStan_p20.edges"
	User time (seconds): 0.30
	System time (seconds): 0.03
	Percent of CPU this job got: 99%
	Elapsed (wall clock) time (h:mm:ss or m:ss): 0:00.33
	Average shared text size (kbytes): 0
	Average unshared data size (kbytes): 0
	Average stack size (kbytes): 0
	Average total size (kbytes): 0
	Maximum resident set size (kbytes): 35584
	Average resident set size (kbytes): 0
	Major (requiring I/O) page faults: 0
	Minor (reclaiming a frame) page faults: 10589
	Voluntary context switches: 1
	Involuntary context switches: 1
	Swaps: 0
	File system inputs: 0
	File system outputs: 0
	Socket messages sent: 0
	Socket messages received: 0
	Signals delivered: 0
	Page size (bytes): 4096
	Exit status: 0
