$ CHAIN_SOLVER=terminal CHAIN_TREEPASS=old /usr/bin/time -v /home/wenqianz/UNSW/pivoter/research/r1_skyline_index_20260918/build/chain_index_tool --build-only /data/wenqianz/dsets/web-BerkStan.edges
{"n":685230,"solver":"terminal","treepass":"old","count_bits":256,"chains":39559,"canonical_nodes":120579,"index_bytes":8607977,"build_form_bytes":8616820,"compact_ms":4.59896,"bytes_map":286728,"bytes_chains":3341711,"bytes_layers":4979538,"ti_ms":3777.09,"ti_bytes":367327060,"rss_loaded":71024640,"rss_with_ti":459976704,"rss_start":459976704,"rss_after_solve":586620928,"rss_after_chains":586620928,"rss_after_layout":586887168,"solve_ms":47328.4,"trees_ms":12660.9,"chains_ms":8.41095,"layout_ms":77.7348,"build_ms":60082.4}
	Command being timed: "/home/wenqianz/UNSW/pivoter/research/r1_skyline_index_20260918/build/chain_index_tool --build-only /data/wenqianz/dsets/web-BerkStan.edges"
	User time (seconds): 37.97
	System time (seconds): 28.91
	Percent of CPU this job got: 99%
	Elapsed (wall clock) time (h:mm:ss or m:ss): 1:06.89
	Average shared text size (kbytes): 0
	Average unshared data size (kbytes): 0
	Average stack size (kbytes): 0
	Average total size (kbytes): 0
	Maximum resident set size (kbytes): 1091192
	Average resident set size (kbytes): 0
	Major (requiring I/O) page faults: 0
	Minor (reclaiming a frame) page faults: 23012267
	Voluntary context switches: 1
	Involuntary context switches: 83
	Swaps: 0
	File system inputs: 0
	File system outputs: 0
	Socket messages sent: 0
	Socket messages received: 0
	Signals delivered: 0
	Page size (bytes): 4096
	Exit status: 0
