$ CHAIN_SOLVER=terminal CHAIN_TREEPASS=fast /usr/bin/time -v /home/wenqianz/UNSW/pivoter/research/r1_skyline_index_20260918/build/chain_index_tool --build-only /data/wenqianz/dsets/web-NotreDame.edges
{"n":325729,"solver":"terminal","treepass":"fast","count_bits":256,"chains":9122,"canonical_nodes":15604,"index_bytes":1007187,"build_form_bytes":1158624,"compact_ms":0.609886,"bytes_map":97576,"bytes_chains":366176,"bytes_layers":543435,"ti_ms":265.996,"ti_bytes":34484628,"rss_loaded":32944128,"rss_with_ti":64491520,"rss_start":64491520,"rss_after_solve":162885632,"rss_after_chains":163422208,"rss_after_layout":163962880,"solve_ms":2888.93,"trees_ms":650.911,"chains_ms":2.24288,"layout_ms":7.97927,"build_ms":3556.26}
	Command being timed: "/home/wenqianz/UNSW/pivoter/research/r1_skyline_index_20260918/build/chain_index_tool --build-only /data/wenqianz/dsets/web-NotreDame.edges"
	User time (seconds): 4.19
	System time (seconds): 0.16
	Percent of CPU this job got: 99%
	Elapsed (wall clock) time (h:mm:ss or m:ss): 0:04.35
	Average shared text size (kbytes): 0
	Average unshared data size (kbytes): 0
	Average stack size (kbytes): 0
	Average total size (kbytes): 0
	Maximum resident set size (kbytes): 189800
	Average resident set size (kbytes): 0
	Major (requiring I/O) page faults: 0
	Minor (reclaiming a frame) page faults: 98770
	Voluntary context switches: 1
	Involuntary context switches: 5
	Swaps: 0
	File system inputs: 0
	File system outputs: 0
	Socket messages sent: 0
	Socket messages received: 0
	Signals delivered: 0
	Page size (bytes): 4096
	Exit status: 0
