$ CHAIN_SOLVER=terminal CHAIN_TREEPASS=old /usr/bin/time -v /home/wenqianz/UNSW/pivoter/research/r1_skyline_index_20260918/build/chain_index_tool --build-only /home/wenqianz/UNSW/pivoter/research/r1_skyline_index_20260918/scale/web-BerkStan_p20.edges
{"n":136792,"solver":"terminal","treepass":"old","count_bits":64,"chains":12301,"canonical_nodes":17470,"index_bytes":727322,"build_form_bytes":837776,"compact_ms":0.403444,"bytes_map":74868,"bytes_chains":237123,"bytes_layers":415331,"ti_ms":49.5034,"ti_bytes":7967596,"rss_loaded":12992512,"rss_with_ti":19349504,"rss_start":19349504,"rss_after_solve":38637568,"rss_after_chains":38637568,"rss_after_layout":38637568,"solve_ms":88.635,"trees_ms":129.474,"chains_ms":0.936808,"layout_ms":4.00538,"build_ms":223.568}
	Command being timed: "/home/wenqianz/UNSW/pivoter/research/r1_skyline_index_20260918/build/chain_index_tool --build-only /home/wenqianz/UNSW/pivoter/research/r1_skyline_index_20260918/scale/web-BerkStan_p20.edges"
	User time (seconds): 0.42
	System time (seconds): 0.02
	Percent of CPU this job got: 100%
	Elapsed (wall clock) time (h:mm:ss or m:ss): 0:00.44
	Average shared text size (kbytes): 0
	Average unshared data size (kbytes): 0
	Average stack size (kbytes): 0
	Average total size (kbytes): 0
	Maximum resident set size (kbytes): 37732
	Average resident set size (kbytes): 0
	Major (requiring I/O) page faults: 0
	Minor (reclaiming a frame) page faults: 11173
	Voluntary context switches: 1
	Involuntary context switches: 0
	Swaps: 0
	File system inputs: 0
	File system outputs: 0
	Socket messages sent: 0
	Socket messages received: 0
	Signals delivered: 0
	Page size (bytes): 4096
	Exit status: 0
