$ CHAIN_SOLVER=terminal CHAIN_TREEPASS=old /usr/bin/time -v /home/wenqianz/UNSW/pivoter/research/r1_skyline_index_20260918/build/chain_index_tool --build-only /data/wenqianz/dsets/web-BerkStan.edges
{"n":685230,"solver":"terminal","treepass":"old","count_bits":256,"chains":39559,"canonical_nodes":120579,"index_bytes":8607977,"build_form_bytes":8616820,"compact_ms":4.57664,"bytes_map":286728,"bytes_chains":3341711,"bytes_layers":4979538,"ti_ms":3783.24,"ti_bytes":367327060,"rss_loaded":70766592,"rss_with_ti":459849728,"rss_start":459849728,"rss_after_solve":586493952,"rss_after_chains":586493952,"rss_after_layout":586760192,"solve_ms":47285.1,"trees_ms":12666.5,"chains_ms":9.41642,"layout_ms":77.9515,"build_ms":60045.7}
	Command being timed: "/home/wenqianz/UNSW/pivoter/research/r1_skyline_index_20260918/build/chain_index_tool --build-only /data/wenqianz/dsets/web-BerkStan.edges"
	User time (seconds): 38.13
	System time (seconds): 28.72
	Percent of CPU this job got: 99%
	Elapsed (wall clock) time (h:mm:ss or m:ss): 1:06.86
	Average shared text size (kbytes): 0
	Average unshared data size (kbytes): 0
	Average stack size (kbytes): 0
	Average total size (kbytes): 0
	Maximum resident set size (kbytes): 1091068
	Average resident set size (kbytes): 0
	Major (requiring I/O) page faults: 0
	Minor (reclaiming a frame) page faults: 23012266
	Voluntary context switches: 1
	Involuntary context switches: 176
	Swaps: 0
	File system inputs: 0
	File system outputs: 0
	Socket messages sent: 0
	Socket messages received: 0
	Signals delivered: 0
	Page size (bytes): 4096
	Exit status: 0
