$ CHAIN_SOLVER=tail CHAIN_TREEPASS=old /usr/bin/time -v /data/wenqianz/pivoter_repo/research/r1_skyline_index_20260918/build/chain_index_tool --build-only /data/wenqianz/graphs/ca-AstroPh.edges
{"n":18772,"solver":"tail","treepass":"old","count_bits":64,"chains":3331,"canonical_nodes":6462,"index_bytes":617240,"build_form_bytes":616488,"compact_ms":0.501262,"bytes_map":16860,"bytes_chains":232019,"bytes_layers":368361,"ti_ms":237.708,"ti_bytes":8266272,"rss_loaded":7593984,"rss_with_ti":17534976,"rss_start":17534976,"rss_after_solve":23248896,"rss_after_chains":23248896,"rss_after_layout":23248896,"solve_ms":94.6164,"trees_ms":186.746,"chains_ms":0.644056,"layout_ms":5.08443,"build_ms":287.834}
	Command being timed: "/data/wenqianz/pivoter_repo/research/r1_skyline_index_20260918/build/chain_index_tool --build-only /data/wenqianz/graphs/ca-AstroPh.edges"
	User time (seconds): 0.63
	System time (seconds): 0.00
	Percent of CPU this job got: 100%
	Elapsed (wall clock) time (h:mm:ss or m:ss): 0:00.63
	Average shared text size (kbytes): 0
	Average unshared data size (kbytes): 0
	Average stack size (kbytes): 0
	Average total size (kbytes): 0
	Maximum resident set size (kbytes): 22704
	Average resident set size (kbytes): 0
	Major (requiring I/O) page faults: 0
	Minor (reclaiming a frame) page faults: 6645
	Voluntary context switches: 1
	Involuntary context switches: 1
	Swaps: 0
	File system inputs: 0
	File system outputs: 0
	Socket messages sent: 0
	Socket messages received: 0
	Signals delivered: 0
	Page size (bytes): 4096
	Exit status: 0
