$ CHAIN_SOLVER=tail CHAIN_TREEPASS=old /usr/bin/time -v /data/wenqianz/pivoter_repo/research/r1_skyline_index_20260918/build/chain_index_tool --build-only /data/wenqianz/graphs/ca-AstroPh.edges
{"n":18772,"solver":"tail","treepass":"old","count_bits":64,"chains":3331,"canonical_nodes":6462,"index_bytes":617240,"build_form_bytes":616488,"compact_ms":0.5001,"bytes_map":16860,"bytes_chains":232019,"bytes_layers":368361,"ti_ms":237.999,"ti_bytes":8266272,"rss_loaded":7716864,"rss_with_ti":17694720,"rss_start":17694720,"rss_after_solve":23408640,"rss_after_chains":23408640,"rss_after_layout":23408640,"solve_ms":96.5324,"trees_ms":191.329,"chains_ms":0.643965,"layout_ms":5.10853,"build_ms":294.373}
	Command being timed: "/data/wenqianz/pivoter_repo/research/r1_skyline_index_20260918/build/chain_index_tool --build-only /data/wenqianz/graphs/ca-AstroPh.edges"
	User time (seconds): 0.61
	System time (seconds): 0.00
	Percent of CPU this job got: 99%
	Elapsed (wall clock) time (h:mm:ss or m:ss): 0:00.62
	Average shared text size (kbytes): 0
	Average unshared data size (kbytes): 0
	Average stack size (kbytes): 0
	Average total size (kbytes): 0
	Maximum resident set size (kbytes): 22860
	Average resident set size (kbytes): 0
	Major (requiring I/O) page faults: 0
	Minor (reclaiming a frame) page faults: 6646
	Voluntary context switches: 1
	Involuntary context switches: 0
	Swaps: 0
	File system inputs: 0
	File system outputs: 0
	Socket messages sent: 0
	Socket messages received: 0
	Signals delivered: 0
	Page size (bytes): 4096
	Exit status: 0
