$ CHAIN_SOLVER=terminal CHAIN_TREEPASS=fast /usr/bin/time -v /data/wenqianz/pivoter_repo/research/r1_skyline_index_20260918/build/chain_index_tool --build-only /data/wenqianz/graphs/ca-AstroPh.edges
{"n":18772,"solver":"terminal","treepass":"fast","count_bits":64,"chains":3331,"canonical_nodes":6462,"index_bytes":617240,"build_form_bytes":616488,"compact_ms":0.47898,"bytes_map":16860,"bytes_chains":232019,"bytes_layers":368361,"ti_ms":280.194,"ti_bytes":8266272,"rss_loaded":7553024,"rss_with_ti":17494016,"rss_start":17494016,"rss_after_solve":22700032,"rss_after_chains":22700032,"rss_after_layout":22700032,"solve_ms":186.053,"trees_ms":191.527,"chains_ms":0.615202,"layout_ms":5.09436,"build_ms":384.684}
	Command being timed: "/data/wenqianz/pivoter_repo/research/r1_skyline_index_20260918/build/chain_index_tool --build-only /data/wenqianz/graphs/ca-AstroPh.edges"
	User time (seconds): 0.75
	System time (seconds): 0.00
	Percent of CPU this job got: 98%
	Elapsed (wall clock) time (h:mm:ss or m:ss): 0:00.77
	Average shared text size (kbytes): 0
	Average unshared data size (kbytes): 0
	Average stack size (kbytes): 0
	Average total size (kbytes): 0
	Maximum resident set size (kbytes): 22168
	Average resident set size (kbytes): 0
	Major (requiring I/O) page faults: 0
	Minor (reclaiming a frame) page faults: 6530
	Voluntary context switches: 1
	Involuntary context switches: 75
	Swaps: 0
	File system inputs: 0
	File system outputs: 0
	Socket messages sent: 0
	Socket messages received: 0
	Signals delivered: 0
	Page size (bytes): 4096
	Exit status: 0
