$ CHAIN_SOLVER=terminal CHAIN_TREEPASS=old /usr/bin/time -v /data/wenqianz/pivoter_repo/research/r1_skyline_index_20260918/build/chain_index_tool --build-only /data/wenqianz/graphs/ca-coauthors-dblp.edges
{"n":540486,"solver":"terminal","treepass":"old","count_bits":512,"chains":9326,"canonical_nodes":78759,"index_bytes":4619939,"build_form_bytes":4098816,"compact_ms":1.96098,"bytes_map":138664,"bytes_chains":1110540,"bytes_layers":3370735,"ti_ms":7534.88,"ti_bytes":263752244,"rss_loaded":136761344,"rss_with_ti":417521664,"rss_start":417521664,"rss_after_solve":576442368,"rss_after_chains":576442368,"rss_after_layout":576442368,"solve_ms":79413.6,"trees_ms":25096.6,"chains_ms":15.0804,"layout_ms":31.0673,"build_ms":104567}
	Command being timed: "/data/wenqianz/pivoter_repo/research/r1_skyline_index_20260918/build/chain_index_tool --build-only /data/wenqianz/graphs/ca-coauthors-dblp.edges"
	User time (seconds): 89.27
	System time (seconds): 30.29
	Percent of CPU this job got: 99%
	Elapsed (wall clock) time (h:mm:ss or m:ss): 1:59.57
	Average shared text size (kbytes): 0
	Average unshared data size (kbytes): 0
	Average stack size (kbytes): 0
	Average total size (kbytes): 0
	Maximum resident set size (kbytes): 899508
	Average resident set size (kbytes): 0
	Major (requiring I/O) page faults: 0
	Minor (reclaiming a frame) page faults: 21437581
	Voluntary context switches: 2
	Involuntary context switches: 240
	Swaps: 0
	File system inputs: 391872
	File system outputs: 0
	Socket messages sent: 0
	Socket messages received: 0
	Signals delivered: 0
	Page size (bytes): 4096
	Exit status: 0
