$ CHAIN_SOLVER=tail CHAIN_TREEPASS=fast /usr/bin/time -v /data/wenqianz/pivoter_repo/research/r1_skyline_index_20260918/build/chain_index_tool --build-only /data/wenqianz/graphs/ca-coauthors-dblp.edges
{"n":540486,"solver":"tail","treepass":"fast","count_bits":512,"chains":9326,"canonical_nodes":78759,"index_bytes":4619939,"build_form_bytes":4098816,"compact_ms":1.89621,"bytes_map":138664,"bytes_chains":1110540,"bytes_layers":3370735,"ti_ms":6757.38,"ti_bytes":263752244,"rss_loaded":136728576,"rss_with_ti":418029568,"rss_start":418029568,"rss_after_solve":528068608,"rss_after_chains":528068608,"rss_after_layout":528068608,"solve_ms":2270.36,"trees_ms":19353,"chains_ms":13.3314,"layout_ms":30.3288,"build_ms":21691.2}
	Command being timed: "/data/wenqianz/pivoter_repo/research/r1_skyline_index_20260918/build/chain_index_tool --build-only /data/wenqianz/graphs/ca-coauthors-dblp.edges"
	User time (seconds): 35.49
	System time (seconds): 0.57
	Percent of CPU this job got: 99%
	Elapsed (wall clock) time (h:mm:ss or m:ss): 0:36.07
	Average shared text size (kbytes): 0
	Average unshared data size (kbytes): 0
	Average stack size (kbytes): 0
	Average total size (kbytes): 0
	Maximum resident set size (kbytes): 852168
	Average resident set size (kbytes): 0
	Major (requiring I/O) page faults: 0
	Minor (reclaiming a frame) page faults: 351180
	Voluntary context switches: 1
	Involuntary context switches: 1483
	Swaps: 0
	File system inputs: 0
	File system outputs: 0
	Socket messages sent: 0
	Socket messages received: 0
	Signals delivered: 0
	Page size (bytes): 4096
	Exit status: 0
