$ CHAIN_SOLVER=tail CHAIN_TREEPASS=old /usr/bin/time -v /data/wenqianz/pivoter_repo/research/r1_skyline_index_20260918/build/chain_index_tool --build-only /data/wenqianz/graphs/ca-CondMat.edges
{"n":23133,"solver":"tail","treepass":"old","count_bits":64,"chains":1917,"canonical_nodes":3357,"index_bytes":177574,"build_form_bytes":204208,"compact_ms":0.157595,"bytes_map":12020,"bytes_chains":61272,"bytes_layers":104282,"ti_ms":30.7034,"ti_bytes":2550144,"rss_loaded":6176768,"rss_with_ti":8515584,"rss_start":8515584,"rss_after_solve":12607488,"rss_after_chains":12607488,"rss_after_layout":12939264,"solve_ms":11.0773,"trees_ms":38.918,"chains_ms":0.199757,"layout_ms":1.11892,"build_ms":51.5136}
	Command being timed: "/data/wenqianz/pivoter_repo/research/r1_skyline_index_20260918/build/chain_index_tool --build-only /data/wenqianz/graphs/ca-CondMat.edges"
	User time (seconds): 0.13
	System time (seconds): 0.00
	Percent of CPU this job got: 99%
	Elapsed (wall clock) time (h:mm:ss or m:ss): 0:00.14
	Average shared text size (kbytes): 0
	Average unshared data size (kbytes): 0
	Average stack size (kbytes): 0
	Average total size (kbytes): 0
	Maximum resident set size (kbytes): 12636
	Average resident set size (kbytes): 0
	Major (requiring I/O) page faults: 0
	Minor (reclaiming a frame) page faults: 2947
	Voluntary context switches: 1
	Involuntary context switches: 1
	Swaps: 0
	File system inputs: 0
	File system outputs: 0
	Socket messages sent: 0
	Socket messages received: 0
	Signals delivered: 0
	Page size (bytes): 4096
	Exit status: 0
