$ CHAIN_SOLVER=terminal CHAIN_TREEPASS=fast /usr/bin/time -v /data/wenqianz/pivoter_repo/research/r1_skyline_index_20260918/build/chain_index_tool --build-only /data/wenqianz/graphs/ca-coauthors-dblp.edges
{"n":540486,"solver":"terminal","treepass":"fast","count_bits":512,"chains":9326,"canonical_nodes":78759,"index_bytes":4619939,"build_form_bytes":4098816,"compact_ms":1.93793,"bytes_map":138664,"bytes_chains":1110540,"bytes_layers":3370735,"ti_ms":8447.35,"ti_bytes":263752244,"rss_loaded":136581120,"rss_with_ti":417521664,"rss_start":417521664,"rss_after_solve":519606272,"rss_after_chains":519606272,"rss_after_layout":519606272,"solve_ms":82249.8,"trees_ms":19965,"chains_ms":13.5441,"layout_ms":30.4945,"build_ms":102282}
	Command being timed: "/data/wenqianz/pivoter_repo/research/r1_skyline_index_20260918/build/chain_index_tool --build-only /data/wenqianz/graphs/ca-coauthors-dblp.edges"
	User time (seconds): 85.28
	System time (seconds): 34.47
	Percent of CPU this job got: 99%
	Elapsed (wall clock) time (h:mm:ss or m:ss): 1:59.81
	Average shared text size (kbytes): 0
	Average unshared data size (kbytes): 0
	Average stack size (kbytes): 0
	Average total size (kbytes): 0
	Maximum resident set size (kbytes): 886236
	Average resident set size (kbytes): 0
	Major (requiring I/O) page faults: 0
	Minor (reclaiming a frame) page faults: 24979548
	Voluntary context switches: 1
	Involuntary context switches: 834
	Swaps: 0
	File system inputs: 0
	File system outputs: 0
	Socket messages sent: 0
	Socket messages received: 0
	Signals delivered: 0
	Page size (bytes): 4096
	Exit status: 0
