$ CHAIN_SOLVER=tail CHAIN_TREEPASS=old /usr/bin/time -v /data/wenqianz/pivoter_repo/research/r1_skyline_index_20260918/build/chain_index_tool --build-only /data/wenqianz/graphs/ca-coauthors-dblp.edges
{"n":540486,"solver":"tail","treepass":"old","count_bits":512,"chains":9326,"canonical_nodes":78759,"index_bytes":4619939,"build_form_bytes":4098816,"compact_ms":2.01848,"bytes_map":138664,"bytes_chains":1110540,"bytes_layers":3370735,"ti_ms":6901.86,"ti_bytes":263752244,"rss_loaded":136650752,"rss_with_ti":418017280,"rss_start":418017280,"rss_after_solve":544202752,"rss_after_chains":544202752,"rss_after_layout":544202752,"solve_ms":2366.78,"trees_ms":25425.7,"chains_ms":15.3366,"layout_ms":31.4359,"build_ms":27850.7}
	Command being timed: "/data/wenqianz/pivoter_repo/research/r1_skyline_index_20260918/build/chain_index_tool --build-only /data/wenqianz/graphs/ca-coauthors-dblp.edges"
	User time (seconds): 41.85
	System time (seconds): 0.71
	Percent of CPU this job got: 99%
	Elapsed (wall clock) time (h:mm:ss or m:ss): 0:42.58
	Average shared text size (kbytes): 0
	Average unshared data size (kbytes): 0
	Average stack size (kbytes): 0
	Average total size (kbytes): 0
	Maximum resident set size (kbytes): 867996
	Average resident set size (kbytes): 0
	Major (requiring I/O) page faults: 0
	Minor (reclaiming a frame) page faults: 355119
	Voluntary context switches: 1
	Involuntary context switches: 161
	Swaps: 0
	File system inputs: 0
	File system outputs: 0
	Socket messages sent: 0
	Socket messages received: 0
	Signals delivered: 0
	Page size (bytes): 4096
	Exit status: 0
