$ CHAIN_SOLVER=terminal CHAIN_TREEPASS=fast /usr/bin/time -v /data/wenqianz/pivoter_repo/research/r1_skyline_index_20260918/build/chain_index_tool --build-only /data/wenqianz/graphs/ca-CondMat.edges
{"n":23133,"solver":"terminal","treepass":"fast","count_bits":64,"chains":1917,"canonical_nodes":3357,"index_bytes":177574,"build_form_bytes":204208,"compact_ms":0.140618,"bytes_map":12020,"bytes_chains":61272,"bytes_layers":104282,"ti_ms":30.8927,"ti_bytes":2550144,"rss_loaded":6238208,"rss_with_ti":8577024,"rss_start":8577024,"rss_after_solve":12144640,"rss_after_chains":12144640,"rss_after_layout":12414976,"solve_ms":21.8547,"trees_ms":33.4263,"chains_ms":0.200623,"layout_ms":1.11487,"build_ms":57.1182}
	Command being timed: "/data/wenqianz/pivoter_repo/research/r1_skyline_index_20260918/build/chain_index_tool --build-only /data/wenqianz/graphs/ca-CondMat.edges"
	User time (seconds): 0.13
	System time (seconds): 0.01
	Percent of CPU this job got: 99%
	Elapsed (wall clock) time (h:mm:ss or m:ss): 0:00.15
	Average shared text size (kbytes): 0
	Average unshared data size (kbytes): 0
	Average stack size (kbytes): 0
	Average total size (kbytes): 0
	Maximum resident set size (kbytes): 12124
	Average resident set size (kbytes): 0
	Major (requiring I/O) page faults: 0
	Minor (reclaiming a frame) page faults: 2821
	Voluntary context switches: 1
	Involuntary context switches: 0
	Swaps: 0
	File system inputs: 0
	File system outputs: 0
	Socket messages sent: 0
	Socket messages received: 0
	Signals delivered: 0
	Page size (bytes): 4096
	Exit status: 0
