$ CHAIN_SOLVER=tail CHAIN_TREEPASS=fast /usr/bin/time -v /data/wenqianz/pivoter_repo/research/r1_skyline_index_20260918/build/chain_index_tool --build-only /data/wenqianz/graphs/ca-dblp-2012.edges
{"n":317080,"solver":"tail","treepass":"fast","count_bits":128,"chains":13459,"canonical_nodes":33979,"index_bytes":1641301,"build_form_bytes":1729876,"compact_ms":0.736962,"bytes_map":113304,"bytes_chains":460177,"bytes_layers":1067820,"ti_ms":304.99,"ti_bytes":29090232,"rss_loaded":31940608,"rss_with_ti":52715520,"rss_start":52715520,"rss_after_solve":117313536,"rss_after_chains":117583872,"rss_after_layout":118124544,"solve_ms":161.711,"trees_ms":533.49,"chains_ms":2.11489,"layout_ms":9.83114,"build_ms":714.489}
	Command being timed: "/data/wenqianz/pivoter_repo/research/r1_skyline_index_20260918/build/chain_index_tool --build-only /data/wenqianz/graphs/ca-dblp-2012.edges"
	User time (seconds): 1.57
	System time (seconds): 0.05
	Percent of CPU this job got: 99%
	Elapsed (wall clock) time (h:mm:ss or m:ss): 0:01.63
	Average shared text size (kbytes): 0
	Average unshared data size (kbytes): 0
	Average stack size (kbytes): 0
	Average total size (kbytes): 0
	Maximum resident set size (kbytes): 115356
	Average resident set size (kbytes): 0
	Major (requiring I/O) page faults: 0
	Minor (reclaiming a frame) page faults: 35829
	Voluntary context switches: 1
	Involuntary context switches: 30
	Swaps: 0
	File system inputs: 0
	File system outputs: 0
	Socket messages sent: 0
	Socket messages received: 0
	Signals delivered: 0
	Page size (bytes): 4096
	Exit status: 0
