$ CHAIN_SOLVER=tail CHAIN_TREEPASS=old /usr/bin/time -v /data/wenqianz/pivoter_repo/research/r1_skyline_index_20260918/build/chain_index_tool --build-only /data/wenqianz/graphs/ca-dblp-2012.edges
{"n":317080,"solver":"tail","treepass":"old","count_bits":128,"chains":13459,"canonical_nodes":33979,"index_bytes":1641301,"build_form_bytes":1729876,"compact_ms":0.93536,"bytes_map":113304,"bytes_chains":460177,"bytes_layers":1067820,"ti_ms":328.628,"ti_bytes":29090232,"rss_loaded":32055296,"rss_with_ti":52764672,"rss_start":52764672,"rss_after_solve":124051456,"rss_after_chains":124321792,"rss_after_layout":124321792,"solve_ms":166.712,"trees_ms":880.164,"chains_ms":2.53446,"layout_ms":11.3391,"build_ms":1063.49}
	Command being timed: "/data/wenqianz/pivoter_repo/research/r1_skyline_index_20260918/build/chain_index_tool --build-only /data/wenqianz/graphs/ca-dblp-2012.edges"
	User time (seconds): 2.03
	System time (seconds): 0.07
	Percent of CPU this job got: 99%
	Elapsed (wall clock) time (h:mm:ss or m:ss): 0:02.10
	Average shared text size (kbytes): 0
	Average unshared data size (kbytes): 0
	Average stack size (kbytes): 0
	Average total size (kbytes): 0
	Maximum resident set size (kbytes): 121408
	Average resident set size (kbytes): 0
	Major (requiring I/O) page faults: 0
	Minor (reclaiming a frame) page faults: 42172
	Voluntary context switches: 1
	Involuntary context switches: 13
	Swaps: 0
	File system inputs: 0
	File system outputs: 0
	Socket messages sent: 0
	Socket messages received: 0
	Signals delivered: 0
	Page size (bytes): 4096
	Exit status: 0
