$ CHAIN_SOLVER=terminal CHAIN_TREEPASS=old /usr/bin/time -v /data/wenqianz/pivoter_repo/research/r1_skyline_index_20260918/build/chain_index_tool --build-only /data/wenqianz/graphs/ca-dblp-2012.edges
{"n":317080,"solver":"terminal","treepass":"old","count_bits":128,"chains":13459,"canonical_nodes":33979,"index_bytes":1641301,"build_form_bytes":1729876,"compact_ms":0.77092,"bytes_map":113304,"bytes_chains":460177,"bytes_layers":1067820,"ti_ms":408.62,"ti_bytes":29090232,"rss_loaded":31924224,"rss_with_ti":52699136,"rss_start":52699136,"rss_after_solve":119607296,"rss_after_chains":119607296,"rss_after_layout":119607296,"solve_ms":983.299,"trees_ms":1061.75,"chains_ms":3.00017,"layout_ms":9.54837,"build_ms":2060.22}
	Command being timed: "/data/wenqianz/pivoter_repo/research/r1_skyline_index_20260918/build/chain_index_tool --build-only /data/wenqianz/graphs/ca-dblp-2012.edges"
	User time (seconds): 3.17
	System time (seconds): 0.09
	Percent of CPU this job got: 99%
	Elapsed (wall clock) time (h:mm:ss or m:ss): 0:03.27
	Average shared text size (kbytes): 0
	Average unshared data size (kbytes): 0
	Average stack size (kbytes): 0
	Average total size (kbytes): 0
	Maximum resident set size (kbytes): 116804
	Average resident set size (kbytes): 0
	Major (requiring I/O) page faults: 0
	Minor (reclaiming a frame) page faults: 52847
	Voluntary context switches: 1
	Involuntary context switches: 28
	Swaps: 0
	File system inputs: 0
	File system outputs: 0
	Socket messages sent: 0
	Socket messages received: 0
	Signals delivered: 0
	Page size (bytes): 4096
	Exit status: 0
