$ CHAIN_SOLVER=terminal CHAIN_TREEPASS=fast /usr/bin/time -v /data/wenqianz/pivoter_repo/research/r1_skyline_index_20260918/build/chain_index_tool --build-only /data/wenqianz/graphs/ca-dblp-2012.edges
{"n":317080,"solver":"terminal","treepass":"fast","count_bits":128,"chains":13459,"canonical_nodes":33979,"index_bytes":1641301,"build_form_bytes":1729876,"compact_ms":0.899692,"bytes_map":113304,"bytes_chains":460177,"bytes_layers":1067820,"ti_ms":314.846,"ti_bytes":29090232,"rss_loaded":32116736,"rss_with_ti":52826112,"rss_start":52826112,"rss_after_solve":116457472,"rss_after_chains":116727808,"rss_after_layout":116727808,"solve_ms":893.618,"trees_ms":584.975,"chains_ms":2.34776,"layout_ms":11.1157,"build_ms":1498.68}
	Command being timed: "/data/wenqianz/pivoter_repo/research/r1_skyline_index_20260918/build/chain_index_tool --build-only /data/wenqianz/graphs/ca-dblp-2012.edges"
	User time (seconds): 2.48
	System time (seconds): 0.06
	Percent of CPU this job got: 100%
	Elapsed (wall clock) time (h:mm:ss or m:ss): 0:02.54
	Average shared text size (kbytes): 0
	Average unshared data size (kbytes): 0
	Average stack size (kbytes): 0
	Average total size (kbytes): 0
	Maximum resident set size (kbytes): 113992
	Average resident set size (kbytes): 0
	Major (requiring I/O) page faults: 0
	Minor (reclaiming a frame) page faults: 40764
	Voluntary context switches: 1
	Involuntary context switches: 5
	Swaps: 0
	File system inputs: 0
	File system outputs: 0
	Socket messages sent: 0
	Socket messages received: 0
	Signals delivered: 0
	Page size (bytes): 4096
	Exit status: 0
