$ CHAIN_SOLVER=terminal CHAIN_TREEPASS=old /usr/bin/time -v /data/wenqianz/pivoter_repo/research/r1_skyline_index_20260918/build/chain_index_tool --build-only /data/wenqianz/graphs/ca-GrQc.edges
{"n":5242,"solver":"terminal","treepass":"old","count_bits":64,"chains":716,"canonical_nodes":1517,"index_bytes":61440,"build_form_bytes":66904,"compact_ms":0.051377,"bytes_map":3856,"bytes_chains":17321,"bytes_layers":40263,"ti_ms":4.06065,"ti_bytes":385400,"rss_loaded":4452352,"rss_with_ti":4759552,"rss_start":4759552,"rss_after_solve":5984256,"rss_after_chains":5984256,"rss_after_layout":5984256,"solve_ms":4.31464,"trees_ms":9.15304,"chains_ms":0.046752,"layout_ms":0.367499,"build_ms":13.988}
	Command being timed: "/data/wenqianz/pivoter_repo/research/r1_skyline_index_20260918/build/chain_index_tool --build-only /data/wenqianz/graphs/ca-GrQc.edges"
	User time (seconds): 0.02
	System time (seconds): 0.00
	Percent of CPU this job got: 96%
	Elapsed (wall clock) time (h:mm:ss or m:ss): 0:00.02
	Average shared text size (kbytes): 0
	Average unshared data size (kbytes): 0
	Average stack size (kbytes): 0
	Average total size (kbytes): 0
	Maximum resident set size (kbytes): 6072
	Average resident set size (kbytes): 0
	Major (requiring I/O) page faults: 0
	Minor (reclaiming a frame) page faults: 1499
	Voluntary context switches: 1
	Involuntary context switches: 1
	Swaps: 0
	File system inputs: 0
	File system outputs: 0
	Socket messages sent: 0
	Socket messages received: 0
	Signals delivered: 0
	Page size (bytes): 4096
	Exit status: 0
