$ CHAIN_SOLVER=tail CHAIN_TREEPASS=old /usr/bin/time -v /data/wenqianz/pivoter_repo/research/r1_skyline_index_20260918/build/chain_index_tool --build-only /data/wenqianz/graphs/ca-GrQc.edges
{"n":5242,"solver":"tail","treepass":"old","count_bits":64,"chains":716,"canonical_nodes":1517,"index_bytes":61440,"build_form_bytes":66904,"compact_ms":0.092659,"bytes_map":3856,"bytes_chains":17321,"bytes_layers":40263,"ti_ms":5.03347,"ti_bytes":385400,"rss_loaded":4300800,"rss_with_ti":4673536,"rss_start":4673536,"rss_after_solve":5939200,"rss_after_chains":5939200,"rss_after_layout":5939200,"solve_ms":2.62658,"trees_ms":16.4731,"chains_ms":0.100939,"layout_ms":0.701191,"build_ms":20.0928}
	Command being timed: "/data/wenqianz/pivoter_repo/research/r1_skyline_index_20260918/build/chain_index_tool --build-only /data/wenqianz/graphs/ca-GrQc.edges"
	User time (seconds): 0.03
	System time (seconds): 0.00
	Percent of CPU this job got: 100%
	Elapsed (wall clock) time (h:mm:ss or m:ss): 0:00.03
	Average shared text size (kbytes): 0
	Average unshared data size (kbytes): 0
	Average stack size (kbytes): 0
	Average total size (kbytes): 0
	Maximum resident set size (kbytes): 6180
	Average resident set size (kbytes): 0
	Major (requiring I/O) page faults: 0
	Minor (reclaiming a frame) page faults: 1368
	Voluntary context switches: 1
	Involuntary context switches: 0
	Swaps: 0
	File system inputs: 0
	File system outputs: 0
	Socket messages sent: 0
	Socket messages received: 0
	Signals delivered: 0
	Page size (bytes): 4096
	Exit status: 0
