$ CHAIN_SOLVER=tail CHAIN_TREEPASS=fast /usr/bin/time -v /data/wenqianz/pivoter_repo/research/r1_skyline_index_20260918/build/chain_index_tool --build-only /data/wenqianz/graphs/ca-HepPh.edges
{"n":12008,"solver":"tail","treepass":"fast","count_bits":256,"chains":1136,"canonical_nodes":3538,"index_bytes":193074,"build_form_bytes":186952,"compact_ms":0.166529,"bytes_map":6808,"bytes_chains":52117,"bytes_layers":134149,"ti_ms":102.018,"ti_bytes":3223068,"rss_loaded":6180864,"rss_with_ti":9187328,"rss_start":9187328,"rss_after_solve":16023552,"rss_after_chains":16023552,"rss_after_layout":16023552,"solve_ms":27.547,"trees_ms":143.8,"chains_ms":0.230299,"layout_ms":1.87724,"build_ms":175.661}
	Command being timed: "/data/wenqianz/pivoter_repo/research/r1_skyline_index_20260918/build/chain_index_tool --build-only /data/wenqianz/graphs/ca-HepPh.edges"
	User time (seconds): 0.34
	System time (seconds): 0.01
	Percent of CPU this job got: 99%
	Elapsed (wall clock) time (h:mm:ss or m:ss): 0:00.35
	Average shared text size (kbytes): 0
	Average unshared data size (kbytes): 0
	Average stack size (kbytes): 0
	Average total size (kbytes): 0
	Maximum resident set size (kbytes): 18316
	Average resident set size (kbytes): 0
	Major (requiring I/O) page faults: 0
	Minor (reclaiming a frame) page faults: 4466
	Voluntary context switches: 1
	Involuntary context switches: 1
	Swaps: 0
	File system inputs: 0
	File system outputs: 0
	Socket messages sent: 0
	Socket messages received: 0
	Signals delivered: 0
	Page size (bytes): 4096
	Exit status: 0
