$ CHAIN_SOLVER=terminal CHAIN_TREEPASS=old /usr/bin/time -v /data/wenqianz/pivoter_repo/research/r1_skyline_index_20260918/build/chain_index_tool --build-only /data/wenqianz/graphs/ca-MathSciNet.edges
{"n":332689,"solver":"terminal","treepass":"old","count_bits":64,"chains":15869,"canonical_nodes":22283,"index_bytes":1234250,"build_form_bytes":1412164,"compact_ms":0.683095,"bytes_map":125872,"bytes_chains":441265,"bytes_layers":667113,"ti_ms":293.915,"ti_bytes":29464704,"rss_loaded":28934144,"rss_with_ti":57798656,"rss_start":57798656,"rss_after_solve":107577344,"rss_after_chains":107577344,"rss_after_layout":107577344,"solve_ms":237.741,"trees_ms":475.339,"chains_ms":2.21475,"layout_ms":6.70223,"build_ms":722.923}
	Command being timed: "/data/wenqianz/pivoter_repo/research/r1_skyline_index_20260918/build/chain_index_tool --build-only /data/wenqianz/graphs/ca-MathSciNet.edges"
	User time (seconds): 1.58
	System time (seconds): 0.05
	Percent of CPU this job got: 99%
	Elapsed (wall clock) time (h:mm:ss or m:ss): 0:01.63
	Average shared text size (kbytes): 0
	Average unshared data size (kbytes): 0
	Average stack size (kbytes): 0
	Average total size (kbytes): 0
	Maximum resident set size (kbytes): 105056
	Average resident set size (kbytes): 0
	Major (requiring I/O) page faults: 0
	Minor (reclaiming a frame) page faults: 35292
	Voluntary context switches: 1
	Involuntary context switches: 16
	Swaps: 0
	File system inputs: 0
	File system outputs: 0
	Socket messages sent: 0
	Socket messages received: 0
	Signals delivered: 0
	Page size (bytes): 4096
	Exit status: 0
