$ CHAIN_SOLVER=tail CHAIN_TREEPASS=fast /usr/bin/time -v /data/wenqianz/pivoter_repo/research/r1_skyline_index_20260918/build/chain_index_tool --build-only /data/wenqianz/graphs/ca-MathSciNet.edges
{"n":332689,"solver":"tail","treepass":"fast","count_bits":64,"chains":15869,"canonical_nodes":22283,"index_bytes":1234250,"build_form_bytes":1412164,"compact_ms":0.686615,"bytes_map":125872,"bytes_chains":441265,"bytes_layers":667113,"ti_ms":292.851,"ti_bytes":29464704,"rss_loaded":28848128,"rss_with_ti":57712640,"rss_start":57712640,"rss_after_solve":101560320,"rss_after_chains":101560320,"rss_after_layout":101560320,"solve_ms":123.309,"trees_ms":319.873,"chains_ms":2.17019,"layout_ms":6.66222,"build_ms":458.349}
	Command being timed: "/data/wenqianz/pivoter_repo/research/r1_skyline_index_20260918/build/chain_index_tool --build-only /data/wenqianz/graphs/ca-MathSciNet.edges"
	User time (seconds): 1.27
	System time (seconds): 0.07
	Percent of CPU this job got: 99%
	Elapsed (wall clock) time (h:mm:ss or m:ss): 0:01.34
	Average shared text size (kbytes): 0
	Average unshared data size (kbytes): 0
	Average stack size (kbytes): 0
	Average total size (kbytes): 0
	Maximum resident set size (kbytes): 99180
	Average resident set size (kbytes): 0
	Major (requiring I/O) page faults: 0
	Minor (reclaiming a frame) page faults: 33812
	Voluntary context switches: 1
	Involuntary context switches: 2
	Swaps: 0
	File system inputs: 0
	File system outputs: 0
	Socket messages sent: 0
	Socket messages received: 0
	Signals delivered: 0
	Page size (bytes): 4096
	Exit status: 0
