$ CHAIN_SOLVER=tail CHAIN_TREEPASS=old /usr/bin/time -v /data/wenqianz/pivoter_repo/research/r1_skyline_index_20260918/build/chain_index_tool --build-only /data/wenqianz/graphs/ca-MathSciNet.edges
{"n":332689,"solver":"tail","treepass":"old","count_bits":64,"chains":15869,"canonical_nodes":22283,"index_bytes":1234250,"build_form_bytes":1412164,"compact_ms":0.695509,"bytes_map":125872,"bytes_chains":441265,"bytes_layers":667113,"ti_ms":289.436,"ti_bytes":29464704,"rss_loaded":28835840,"rss_with_ti":57806848,"rss_start":57806848,"rss_after_solve":106233856,"rss_after_chains":106233856,"rss_after_layout":106233856,"solve_ms":118.135,"trees_ms":405.388,"chains_ms":2.14647,"layout_ms":6.65874,"build_ms":533.125}
	Command being timed: "/data/wenqianz/pivoter_repo/research/r1_skyline_index_20260918/build/chain_index_tool --build-only /data/wenqianz/graphs/ca-MathSciNet.edges"
	User time (seconds): 1.36
	System time (seconds): 0.05
	Percent of CPU this job got: 99%
	Elapsed (wall clock) time (h:mm:ss or m:ss): 0:01.41
	Average shared text size (kbytes): 0
	Average unshared data size (kbytes): 0
	Average stack size (kbytes): 0
	Average total size (kbytes): 0
	Maximum resident set size (kbytes): 103744
	Average resident set size (kbytes): 0
	Major (requiring I/O) page faults: 0
	Minor (reclaiming a frame) page faults: 34976
	Voluntary context switches: 1
	Involuntary context switches: 4
	Swaps: 0
	File system inputs: 0
	File system outputs: 0
	Socket messages sent: 0
	Socket messages received: 0
	Signals delivered: 0
	Page size (bytes): 4096
	Exit status: 0
