$ CHAIN_SOLVER=tail CHAIN_TREEPASS=fast /usr/bin/time -v /data/wenqianz/pivoter_repo/research/r1_skyline_index_20260918/build/chain_index_tool --build-only /data/wenqianz/graphs/ca-MathSciNet.edges
{"n":332689,"solver":"tail","treepass":"fast","count_bits":64,"chains":15869,"canonical_nodes":22283,"index_bytes":1234250,"build_form_bytes":1412164,"compact_ms":0.686891,"bytes_map":125872,"bytes_chains":441265,"bytes_layers":667113,"ti_ms":277.542,"ti_bytes":29464704,"rss_loaded":28852224,"rss_with_ti":57749504,"rss_start":57749504,"rss_after_solve":101580800,"rss_after_chains":101580800,"rss_after_layout":101580800,"solve_ms":116.159,"trees_ms":303.136,"chains_ms":1.96723,"layout_ms":5.85021,"build_ms":433.461}
	Command being timed: "/data/wenqianz/pivoter_repo/research/r1_skyline_index_20260918/build/chain_index_tool --build-only /data/wenqianz/graphs/ca-MathSciNet.edges"
	User time (seconds): 1.16
	System time (seconds): 0.05
	Percent of CPU this job got: 99%
	Elapsed (wall clock) time (h:mm:ss or m:ss): 0:01.22
	Average shared text size (kbytes): 0
	Average unshared data size (kbytes): 0
	Average stack size (kbytes): 0
	Average total size (kbytes): 0
	Maximum resident set size (kbytes): 99200
	Average resident set size (kbytes): 0
	Major (requiring I/O) page faults: 0
	Minor (reclaiming a frame) page faults: 33811
	Voluntary context switches: 1
	Involuntary context switches: 11
	Swaps: 0
	File system inputs: 0
	File system outputs: 0
	Socket messages sent: 0
	Socket messages received: 0
	Signals delivered: 0
	Page size (bytes): 4096
	Exit status: 0
