$ CHAIN_SOLVER=terminal CHAIN_TREEPASS=old /usr/bin/time -v /data/wenqianz/pivoter_repo/research/r1_skyline_index_20260918/build/chain_index_tool --build-only /data/wenqianz/graphs/com-dblp.edges
{"n":317080,"solver":"terminal","treepass":"old","count_bits":128,"chains":13459,"canonical_nodes":33979,"index_bytes":1641981,"build_form_bytes":1729876,"compact_ms":0.90359,"bytes_map":113304,"bytes_chains":460177,"bytes_layers":1068500,"ti_ms":309.68,"ti_bytes":29113540,"rss_loaded":31825920,"rss_with_ti":52678656,"rss_start":52678656,"rss_after_solve":119390208,"rss_after_chains":119390208,"rss_after_layout":119390208,"solve_ms":984.337,"trees_ms":985.654,"chains_ms":2.40529,"layout_ms":11.23,"build_ms":1986.32}
	Command being timed: "/data/wenqianz/pivoter_repo/research/r1_skyline_index_20260918/build/chain_index_tool --build-only /data/wenqianz/graphs/com-dblp.edges"
	User time (seconds): 2.81
	System time (seconds): 0.07
	Percent of CPU this job got: 100%
	Elapsed (wall clock) time (h:mm:ss or m:ss): 0:02.88
	Average shared text size (kbytes): 0
	Average unshared data size (kbytes): 0
	Average stack size (kbytes): 0
	Average total size (kbytes): 0
	Maximum resident set size (kbytes): 116592
	Average resident set size (kbytes): 0
	Major (requiring I/O) page faults: 0
	Minor (reclaiming a frame) page faults: 50786
	Voluntary context switches: 1
	Involuntary context switches: 5
	Swaps: 0
	File system inputs: 0
	File system outputs: 0
	Socket messages sent: 0
	Socket messages received: 0
	Signals delivered: 0
	Page size (bytes): 4096
	Exit status: 0
