$ CHAIN_SOLVER=tail CHAIN_TREEPASS=fast /usr/bin/time -v /data/wenqianz/pivoter_repo/research/r1_skyline_index_20260918/build/chain_index_tool --build-only /data/wenqianz/graphs/com-youtube.edges
{"n":1134890,"solver":"tail","treepass":"fast","count_bits":64,"chains":42815,"canonical_nodes":22403,"index_bytes":3104309,"build_form_bytes":3987484,"compact_ms":2.00189,"bytes_map":384064,"bytes_chains":1477821,"bytes_layers":1242424,"ti_ms":4145.94,"ti_bytes":220101384,"rss_loaded":92368896,"rss_with_ti":303529984,"rss_start":303529984,"rss_after_solve":469303296,"rss_after_chains":451141632,"rss_after_layout":451141632,"solve_ms":905.924,"trees_ms":1417.36,"chains_ms":7.19428,"layout_ms":22.1248,"build_ms":2391.18}
	Command being timed: "/data/wenqianz/pivoter_repo/research/r1_skyline_index_20260918/build/chain_index_tool --build-only /data/wenqianz/graphs/com-youtube.edges"
	User time (seconds): 8.09
	System time (seconds): 0.30
	Percent of CPU this job got: 99%
	Elapsed (wall clock) time (h:mm:ss or m:ss): 0:08.39
	Average shared text size (kbytes): 0
	Average unshared data size (kbytes): 0
	Average stack size (kbytes): 0
	Average total size (kbytes): 0
	Maximum resident set size (kbytes): 515292
	Average resident set size (kbytes): 0
	Major (requiring I/O) page faults: 0
	Minor (reclaiming a frame) page faults: 182701
	Voluntary context switches: 1
	Involuntary context switches: 16
	Swaps: 0
	File system inputs: 0
	File system outputs: 0
	Socket messages sent: 0
	Socket messages received: 0
	Signals delivered: 0
	Page size (bytes): 4096
	Exit status: 0
