$ CHAIN_SOLVER=terminal CHAIN_TREEPASS=fast /usr/bin/time -v /data/wenqianz/pivoter_repo/research/r1_skyline_index_20260918/build/chain_index_tool --build-only /data/wenqianz/graphs/com-youtube.edges
{"n":1134890,"solver":"terminal","treepass":"fast","count_bits":64,"chains":42815,"canonical_nodes":22403,"index_bytes":3104309,"build_form_bytes":3987484,"compact_ms":2.53348,"bytes_map":384064,"bytes_chains":1477821,"bytes_layers":1242424,"ti_ms":4866.24,"ti_bytes":220101384,"rss_loaded":92303360,"rss_with_ti":303509504,"rss_start":303509504,"rss_after_solve":462303232,"rss_after_chains":444141568,"rss_after_layout":444141568,"solve_ms":1596.04,"trees_ms":1709.24,"chains_ms":10.5141,"layout_ms":27.2735,"build_ms":3392.8}
	Command being timed: "/data/wenqianz/pivoter_repo/research/r1_skyline_index_20260918/build/chain_index_tool --build-only /data/wenqianz/graphs/com-youtube.edges"
	User time (seconds): 9.78
	System time (seconds): 0.32
	Percent of CPU this job got: 99%
	Elapsed (wall clock) time (h:mm:ss or m:ss): 0:10.12
	Average shared text size (kbytes): 0
	Average unshared data size (kbytes): 0
	Average stack size (kbytes): 0
	Average total size (kbytes): 0
	Maximum resident set size (kbytes): 508404
	Average resident set size (kbytes): 0
	Major (requiring I/O) page faults: 0
	Minor (reclaiming a frame) page faults: 180996
	Voluntary context switches: 1
	Involuntary context switches: 151
	Swaps: 0
	File system inputs: 0
	File system outputs: 0
	Socket messages sent: 0
	Socket messages received: 0
	Signals delivered: 0
	Page size (bytes): 4096
	Exit status: 0
