$ CHAIN_SOLVER=tail CHAIN_TREEPASS=old /usr/bin/time -v /data/wenqianz/pivoter_repo/research/r1_skyline_index_20260918/build/chain_index_tool --build-only /data/wenqianz/graphs/com-youtube.edges
{"n":1134890,"solver":"tail","treepass":"old","count_bits":64,"chains":42815,"canonical_nodes":22403,"index_bytes":3104309,"build_form_bytes":3987484,"compact_ms":2.00404,"bytes_map":384064,"bytes_chains":1477821,"bytes_layers":1242424,"ti_ms":4272.83,"ti_bytes":220101384,"rss_loaded":92422144,"rss_with_ti":303620096,"rss_start":303620096,"rss_after_solve":464105472,"rss_after_chains":445943808,"rss_after_layout":445943808,"solve_ms":929.061,"trees_ms":2242.81,"chains_ms":8.10374,"layout_ms":22.6398,"build_ms":3205.15}
	Command being timed: "/data/wenqianz/pivoter_repo/research/r1_skyline_index_20260918/build/chain_index_tool --build-only /data/wenqianz/graphs/com-youtube.edges"
	User time (seconds): 8.71
	System time (seconds): 0.64
	Percent of CPU this job got: 99%
	Elapsed (wall clock) time (h:mm:ss or m:ss): 0:09.36
	Average shared text size (kbytes): 0
	Average unshared data size (kbytes): 0
	Average stack size (kbytes): 0
	Average total size (kbytes): 0
	Maximum resident set size (kbytes): 512624
	Average resident set size (kbytes): 0
	Major (requiring I/O) page faults: 0
	Minor (reclaiming a frame) page faults: 426116
	Voluntary context switches: 1
	Involuntary context switches: 14
	Swaps: 0
	File system inputs: 0
	File system outputs: 0
	Socket messages sent: 0
	Socket messages received: 0
	Signals delivered: 0
	Page size (bytes): 4096
	Exit status: 0
