$ CHAIN_SOLVER=tail CHAIN_TREEPASS=old /usr/bin/time -v /data/wenqianz/pivoter_repo/research/r1_skyline_index_20260918/build/chain_index_tool --build-only /data/wenqianz/graphs/com-amazon.ungraph.edges
{"n":334863,"solver":"tail","treepass":"old","count_bits":64,"chains":46023,"canonical_nodes":68457,"index_bytes":3263670,"build_form_bytes":3978604,"compact_ms":2.55148,"bytes_map":246896,"bytes_chains":1170793,"bytes_layers":1845981,"ti_ms":256.144,"ti_bytes":31247012,"rss_loaded":30646272,"rss_with_ti":60801024,"rss_start":60801024,"rss_after_solve":120311808,"rss_after_chains":120582144,"rss_after_layout":120852480,"solve_ms":142.116,"trees_ms":487.408,"chains_ms":2.82095,"layout_ms":19.8124,"build_ms":654.449}
	Command being timed: "/data/wenqianz/pivoter_repo/research/r1_skyline_index_20260918/build/chain_index_tool --build-only /data/wenqianz/graphs/com-amazon.ungraph.edges"
	User time (seconds): 1.42
	System time (seconds): 0.04
	Percent of CPU this job got: 100%
	Elapsed (wall clock) time (h:mm:ss or m:ss): 0:01.47
	Average shared text size (kbytes): 0
	Average unshared data size (kbytes): 0
	Average stack size (kbytes): 0
	Average total size (kbytes): 0
	Maximum resident set size (kbytes): 118420
	Average resident set size (kbytes): 0
	Major (requiring I/O) page faults: 0
	Minor (reclaiming a frame) page faults: 37201
	Voluntary context switches: 1
	Involuntary context switches: 3
	Swaps: 0
	File system inputs: 0
	File system outputs: 0
	Socket messages sent: 0
	Socket messages received: 0
	Signals delivered: 0
	Page size (bytes): 4096
	Exit status: 0
