$ CHAIN_SOLVER=tail CHAIN_TREEPASS=old /usr/bin/time -v /data/wenqianz/pivoter_repo/research/r1_skyline_index_20260918/build/chain_index_tool --build-only /data/wenqianz/graphs/com-youtube.edges
{"n":1134890,"solver":"tail","treepass":"old","count_bits":64,"chains":42815,"canonical_nodes":22403,"index_bytes":3104309,"build_form_bytes":3987484,"compact_ms":1.98762,"bytes_map":384064,"bytes_chains":1477821,"bytes_layers":1242424,"ti_ms":4315.35,"ti_bytes":220101384,"rss_loaded":92508160,"rss_with_ti":303665152,"rss_start":303665152,"rss_after_solve":464015360,"rss_after_chains":445853696,"rss_after_layout":445853696,"solve_ms":938.118,"trees_ms":2261.33,"chains_ms":7.99857,"layout_ms":22.2722,"build_ms":3232.25}
	Command being timed: "/data/wenqianz/pivoter_repo/research/r1_skyline_index_20260918/build/chain_index_tool --build-only /data/wenqianz/graphs/com-youtube.edges"
	User time (seconds): 8.83
	System time (seconds): 0.58
	Percent of CPU this job got: 99%
	Elapsed (wall clock) time (h:mm:ss or m:ss): 0:09.42
	Average shared text size (kbytes): 0
	Average unshared data size (kbytes): 0
	Average stack size (kbytes): 0
	Average total size (kbytes): 0
	Maximum resident set size (kbytes): 512536
	Average resident set size (kbytes): 0
	Major (requiring I/O) page faults: 0
	Minor (reclaiming a frame) page faults: 426116
	Voluntary context switches: 1
	Involuntary context switches: 13
	Swaps: 0
	File system inputs: 0
	File system outputs: 0
	Socket messages sent: 0
	Socket messages received: 0
	Signals delivered: 0
	Page size (bytes): 4096
	Exit status: 0
