$ CHAIN_SOLVER=terminal CHAIN_TREEPASS=fast /usr/bin/time -v /data/wenqianz/pivoter_repo/research/r1_skyline_index_20260918/build/chain_index_tool --build-only /data/wenqianz/graphs/com-amazon.ungraph.edges
{"n":334863,"solver":"terminal","treepass":"fast","count_bits":64,"chains":46023,"canonical_nodes":68457,"index_bytes":3263670,"build_form_bytes":3978604,"compact_ms":2.56353,"bytes_map":246896,"bytes_chains":1170793,"bytes_layers":1845981,"ti_ms":256.347,"ti_bytes":31247012,"rss_loaded":30572544,"rss_with_ti":60792832,"rss_start":60792832,"rss_after_solve":112734208,"rss_after_chains":112734208,"rss_after_layout":113004544,"solve_ms":170.602,"trees_ms":400.105,"chains_ms":2.57552,"layout_ms":19.144,"build_ms":600.001}
	Command being timed: "/data/wenqianz/pivoter_repo/research/r1_skyline_index_20260918/build/chain_index_tool --build-only /data/wenqianz/graphs/com-amazon.ungraph.edges"
	User time (seconds): 1.36
	System time (seconds): 0.06
	Percent of CPU this job got: 99%
	Elapsed (wall clock) time (h:mm:ss or m:ss): 0:01.42
	Average shared text size (kbytes): 0
	Average unshared data size (kbytes): 0
	Average stack size (kbytes): 0
	Average total size (kbytes): 0
	Maximum resident set size (kbytes): 110356
	Average resident set size (kbytes): 0
	Major (requiring I/O) page faults: 0
	Minor (reclaiming a frame) page faults: 35255
	Voluntary context switches: 0
	Involuntary context switches: 1
	Swaps: 0
	File system inputs: 0
	File system outputs: 0
	Socket messages sent: 0
	Socket messages received: 0
	Signals delivered: 0
	Page size (bytes): 4096
	Exit status: 0
