$ CHAIN_SOLVER=tail CHAIN_TREEPASS=old /usr/bin/time -v /data/wenqianz/pivoter_repo/research/r1_skyline_index_20260918/build/chain_index_tool --build-only /data/wenqianz/graphs/com-dblp.edges
{"n":317080,"solver":"tail","treepass":"old","count_bits":128,"chains":13459,"canonical_nodes":33979,"index_bytes":1641981,"build_form_bytes":1729876,"compact_ms":1.05654,"bytes_map":113304,"bytes_chains":460177,"bytes_layers":1068500,"ti_ms":319.874,"ti_bytes":29113540,"rss_loaded":31932416,"rss_with_ti":52719616,"rss_start":52719616,"rss_after_solve":119341056,"rss_after_chains":119627776,"rss_after_layout":119640064,"solve_ms":167.647,"trees_ms":1109.3,"chains_ms":9.23734,"layout_ms":19.8991,"build_ms":1310.65}
	Command being timed: "/data/wenqianz/pivoter_repo/research/r1_skyline_index_20260918/build/chain_index_tool --build-only /data/wenqianz/graphs/com-dblp.edges"
	User time (seconds): 2.14
	System time (seconds): 0.10
	Percent of CPU this job got: 99%
	Elapsed (wall clock) time (h:mm:ss or m:ss): 0:02.25
	Average shared text size (kbytes): 0
	Average unshared data size (kbytes): 0
	Average stack size (kbytes): 0
	Average total size (kbytes): 0
	Maximum resident set size (kbytes): 116836
	Average resident set size (kbytes): 0
	Major (requiring I/O) page faults: 0
	Minor (reclaiming a frame) page faults: 50571
	Voluntary context switches: 1
	Involuntary context switches: 43
	Swaps: 0
	File system inputs: 0
	File system outputs: 0
	Socket messages sent: 0
	Socket messages received: 0
	Signals delivered: 0
	Page size (bytes): 4096
	Exit status: 0
