$ CHAIN_SOLVER=terminal CHAIN_TREEPASS=fast /usr/bin/time -v /data/wenqianz/pivoter_repo/research/r1_skyline_index_20260918/build/chain_index_tool --build-only /data/wenqianz/graphs/dblp-core30.edges
{"n":1206,"solver":"terminal","treepass":"fast","count_bits":128,"chains":35,"canonical_nodes":1380,"index_bytes":50114,"build_form_bytes":45844,"compact_ms":0.04098,"bytes_map":376,"bytes_chains":6949,"bytes_layers":42789,"ti_ms":8.1027,"ti_bytes":320852,"rss_loaded":4243456,"rss_with_ti":4243456,"rss_start":4243456,"rss_after_solve":5648384,"rss_after_chains":5648384,"rss_after_layout":5648384,"solve_ms":21.0448,"trees_ms":27.3325,"chains_ms":0.044446,"layout_ms":0.264475,"build_ms":49.0099}
	Command being timed: "/data/wenqianz/pivoter_repo/research/r1_skyline_index_20260918/build/chain_index_tool --build-only /data/wenqianz/graphs/dblp-core30.edges"
	User time (seconds): 0.08
	System time (seconds): 0.00
	Percent of CPU this job got: 98%
	Elapsed (wall clock) time (h:mm:ss or m:ss): 0:00.08
	Average shared text size (kbytes): 0
	Average unshared data size (kbytes): 0
	Average stack size (kbytes): 0
	Average total size (kbytes): 0
	Maximum resident set size (kbytes): 5984
	Average resident set size (kbytes): 0
	Major (requiring I/O) page faults: 0
	Minor (reclaiming a frame) page faults: 639
	Voluntary context switches: 1
	Involuntary context switches: 2
	Swaps: 0
	File system inputs: 0
	File system outputs: 0
	Socket messages sent: 0
	Socket messages received: 0
	Signals delivered: 0
	Page size (bytes): 4096
	Exit status: 0
