$ CHAIN_SOLVER=tail CHAIN_TREEPASS=fast /usr/bin/time -v /data/wenqianz/pivoter_repo/research/r1_skyline_index_20260918/build/chain_index_tool --build-only /data/wenqianz/graphs/email-Eu-core.edges
{"n":1005,"solver":"tail","treepass":"fast","count_bits":64,"chains":667,"canonical_nodes":2602,"index_bytes":145590,"build_form_bytes":166432,"compact_ms":0.126527,"bytes_map":2868,"bytes_chains":47387,"bytes_layers":95335,"ti_ms":109.561,"ti_bytes":5520444,"rss_loaded":4059136,"rss_with_ti":10022912,"rss_start":10022912,"rss_after_solve":12763136,"rss_after_chains":12763136,"rss_after_layout":12763136,"solve_ms":39.8989,"trees_ms":53.0387,"chains_ms":0.098439,"layout_ms":1.31113,"build_ms":95.002}
	Command being timed: "/data/wenqianz/pivoter_repo/research/r1_skyline_index_20260918/build/chain_index_tool --build-only /data/wenqianz/graphs/email-Eu-core.edges"
	User time (seconds): 0.20
	System time (seconds): 0.00
	Percent of CPU this job got: 100%
	Elapsed (wall clock) time (h:mm:ss or m:ss): 0:00.21
	Average shared text size (kbytes): 0
	Average unshared data size (kbytes): 0
	Average stack size (kbytes): 0
	Average total size (kbytes): 0
	Maximum resident set size (kbytes): 12464
	Average resident set size (kbytes): 0
	Major (requiring I/O) page faults: 0
	Minor (reclaiming a frame) page faults: 3049
	Voluntary context switches: 1
	Involuntary context switches: 0
	Swaps: 0
	File system inputs: 0
	File system outputs: 0
	Socket messages sent: 0
	Socket messages received: 0
	Signals delivered: 0
	Page size (bytes): 4096
	Exit status: 0
