$ CHAIN_SOLVER=terminal CHAIN_TREEPASS=fast /usr/bin/time -v /data/wenqianz/pivoter_repo/research/r1_skyline_index_20260918/build/chain_index_tool --build-only /data/wenqianz/graphs/email-Eu-core.edges
{"n":1005,"solver":"terminal","treepass":"fast","count_bits":64,"chains":667,"canonical_nodes":2602,"index_bytes":145590,"build_form_bytes":166432,"compact_ms":0.131515,"bytes_map":2868,"bytes_chains":47387,"bytes_layers":95335,"ti_ms":116.303,"ti_bytes":5520444,"rss_loaded":4153344,"rss_with_ti":10055680,"rss_start":10055680,"rss_after_solve":12857344,"rss_after_chains":12857344,"rss_after_layout":12857344,"solve_ms":55.6731,"trees_ms":52.5786,"chains_ms":0.096579,"layout_ms":1.31889,"build_ms":110.316}
	Command being timed: "/data/wenqianz/pivoter_repo/research/r1_skyline_index_20260918/build/chain_index_tool --build-only /data/wenqianz/graphs/email-Eu-core.edges"
	User time (seconds): 0.23
	System time (seconds): 0.01
	Percent of CPU this job got: 100%
	Elapsed (wall clock) time (h:mm:ss or m:ss): 0:00.25
	Average shared text size (kbytes): 0
	Average unshared data size (kbytes): 0
	Average stack size (kbytes): 0
	Average total size (kbytes): 0
	Maximum resident set size (kbytes): 12556
	Average resident set size (kbytes): 0
	Major (requiring I/O) page faults: 0
	Minor (reclaiming a frame) page faults: 3040
	Voluntary context switches: 1
	Involuntary context switches: 1
	Swaps: 0
	File system inputs: 0
	File system outputs: 0
	Socket messages sent: 0
	Socket messages received: 0
	Signals delivered: 0
	Page size (bytes): 4096
	Exit status: 0
