$ CHAIN_SOLVER=tail CHAIN_TREEPASS=fast /usr/bin/time -v /data/wenqianz/pivoter_repo/research/r1_skyline_index_20260918/build/chain_index_tool --build-only /data/wenqianz/graphs/soc-Epinions1.edges
{"n":75879,"solver":"tail","treepass":"fast","count_bits":64,"chains":8821,"canonical_nodes":12886,"index_bytes":1117672,"build_form_bytes":1304016,"compact_ms":0.751708,"bytes_map":49524,"bytes_chains":456481,"bytes_layers":611667,"ti_ms":4539.47,"ti_bytes":223061316,"rss_loaded":13017088,"rss_with_ti":235540480,"rss_start":235540480,"rss_after_solve":296370176,"rss_after_chains":296370176,"rss_after_layout":296636416,"solve_ms":1340.62,"trees_ms":2201.18,"chains_ms":0.800928,"layout_ms":8.24872,"build_ms":3571.63}
	Command being timed: "/data/wenqianz/pivoter_repo/research/r1_skyline_index_20260918/build/chain_index_tool --build-only /data/wenqianz/graphs/soc-Epinions1.edges"
	User time (seconds): 8.16
	System time (seconds): 0.20
	Percent of CPU this job got: 99%
	Elapsed (wall clock) time (h:mm:ss or m:ss): 0:08.37
	Average shared text size (kbytes): 0
	Average unshared data size (kbytes): 0
	Average stack size (kbytes): 0
	Average total size (kbytes): 0
	Maximum resident set size (kbytes): 325108
	Average resident set size (kbytes): 0
	Major (requiring I/O) page faults: 0
	Minor (reclaiming a frame) page faults: 141867
	Voluntary context switches: 1
	Involuntary context switches: 10
	Swaps: 0
	File system inputs: 0
	File system outputs: 0
	Socket messages sent: 0
	Socket messages received: 0
	Signals delivered: 0
	Page size (bytes): 4096
	Exit status: 0
