$ CHAIN_SOLVER=tail CHAIN_TREEPASS=old /usr/bin/time -v /data/wenqianz/pivoter_repo/research/r1_skyline_index_20260918/build/chain_index_tool --build-only /data/wenqianz/graphs/soc-pokec-relationships.edges
{"n":1632803,"solver":"tail","treepass":"old","count_bits":64,"chains":383206,"canonical_nodes":67544,"index_bytes":32391325,"build_form_bytes":44018876,"compact_ms":28.743,"bytes_map":1838988,"bytes_chains":19247860,"bytes_layers":11304477,"ti_ms":33980.1,"ti_bytes":1525656592,"rss_loaded":215035904,"rss_with_ti":1753739264,"rss_start":1753739264,"rss_after_solve":2087133184,"rss_after_chains":2061004800,"rss_after_layout":2065051648,"solve_ms":16118.9,"trees_ms":24563.9,"chains_ms":23.5498,"layout_ms":338.413,"build_ms":41070.1}
	Command being timed: "/data/wenqianz/pivoter_repo/research/r1_skyline_index_20260918/build/chain_index_tool --build-only /data/wenqianz/graphs/soc-pokec-relationships.edges"
	User time (seconds): 78.98
	System time (seconds): 6.89
	Percent of CPU this job got: 99%
	Elapsed (wall clock) time (h:mm:ss or m:ss): 1:25.88
	Average shared text size (kbytes): 0
	Average unshared data size (kbytes): 0
	Average stack size (kbytes): 0
	Average total size (kbytes): 0
	Maximum resident set size (kbytes): 2896128
	Average resident set size (kbytes): 0
	Major (requiring I/O) page faults: 0
	Minor (reclaiming a frame) page faults: 4032851
	Voluntary context switches: 1
	Involuntary context switches: 135
	Swaps: 0
	File system inputs: 0
	File system outputs: 0
	Socket messages sent: 0
	Socket messages received: 0
	Signals delivered: 0
	Page size (bytes): 4096
	Exit status: 0
