$ CHAIN_SOLVER=terminal CHAIN_TREEPASS=old /usr/bin/time -v /data/wenqianz/pivoter_repo/research/r1_skyline_index_20260918/build/chain_index_tool --build-only /data/wenqianz/graphs/soc-pokec-relationships.edges
{"n":1632803,"solver":"terminal","treepass":"old","count_bits":64,"chains":383206,"canonical_nodes":67544,"index_bytes":32391325,"build_form_bytes":44018876,"compact_ms":28.3277,"bytes_map":1838988,"bytes_chains":19247860,"bytes_layers":11304477,"ti_ms":40153.4,"ti_bytes":1525656592,"rss_loaded":215076864,"rss_with_ti":1753735168,"rss_start":1753735168,"rss_after_solve":2067091456,"rss_after_chains":2040963072,"rss_after_layout":2041073664,"solve_ms":25624.2,"trees_ms":23842.8,"chains_ms":24.617,"layout_ms":331.983,"build_ms":49850.2}
	Command being timed: "/data/wenqianz/pivoter_repo/research/r1_skyline_index_20260918/build/chain_index_tool --build-only /data/wenqianz/graphs/soc-pokec-relationships.edges"
	User time (seconds): 87.18
	System time (seconds): 13.30
	Percent of CPU this job got: 98%
	Elapsed (wall clock) time (h:mm:ss or m:ss): 1:41.59
	Average shared text size (kbytes): 0
	Average unshared data size (kbytes): 0
	Average stack size (kbytes): 0
	Average total size (kbytes): 0
	Maximum resident set size (kbytes): 2876640
	Average resident set size (kbytes): 0
	Major (requiring I/O) page faults: 0
	Minor (reclaiming a frame) page faults: 7666065
	Voluntary context switches: 369
	Involuntary context switches: 7105
	Swaps: 0
	File system inputs: 529056
	File system outputs: 0
	Socket messages sent: 0
	Socket messages received: 0
	Signals delivered: 0
	Page size (bytes): 4096
	Exit status: 0
