$ CHAIN_SOLVER=terminal CHAIN_TREEPASS=fast /usr/bin/time -v /data/wenqianz/pivoter_repo/research/r1_skyline_index_20260918/build/chain_index_tool --build-only /data/wenqianz/graphs/soc-pokec-relationships.edges
{"n":1632803,"solver":"terminal","treepass":"fast","count_bits":64,"chains":383206,"canonical_nodes":67544,"index_bytes":32391325,"build_form_bytes":44018876,"compact_ms":28.2879,"bytes_map":1838988,"bytes_chains":19247860,"bytes_layers":11304477,"ti_ms":33400,"ti_bytes":1525656592,"rss_loaded":215097344,"rss_with_ti":1753755648,"rss_start":1753755648,"rss_after_solve":2064048128,"rss_after_chains":2037919744,"rss_after_layout":2038185984,"solve_ms":21039.6,"trees_ms":15008.9,"chains_ms":22.4673,"layout_ms":331.559,"build_ms":36662.7}
	Command being timed: "/data/wenqianz/pivoter_repo/research/r1_skyline_index_20260918/build/chain_index_tool --build-only /data/wenqianz/graphs/soc-pokec-relationships.edges"
	User time (seconds): 74.61
	System time (seconds): 6.56
	Percent of CPU this job got: 100%
	Elapsed (wall clock) time (h:mm:ss or m:ss): 1:21.17
	Average shared text size (kbytes): 0
	Average unshared data size (kbytes): 0
	Average stack size (kbytes): 0
	Average total size (kbytes): 0
	Maximum resident set size (kbytes): 2937696
	Average resident set size (kbytes): 0
	Major (requiring I/O) page faults: 0
	Minor (reclaiming a frame) page faults: 4719394
	Voluntary context switches: 1
	Involuntary context switches: 117
	Swaps: 0
	File system inputs: 0
	File system outputs: 0
	Socket messages sent: 0
	Socket messages received: 0
	Signals delivered: 0
	Page size (bytes): 4096
	Exit status: 0
