$ CHAIN_SOLVER=tail CHAIN_TREEPASS=fast /usr/bin/time -v /data/wenqianz/pivoter_repo/research/r1_skyline_index_20260918/build/chain_index_tool --build-only /data/wenqianz/graphs/soc-Epinions1.edges
{"n":75879,"solver":"tail","treepass":"fast","count_bits":64,"chains":8821,"canonical_nodes":12886,"index_bytes":1117672,"build_form_bytes":1304016,"compact_ms":0.760153,"bytes_map":49524,"bytes_chains":456481,"bytes_layers":611667,"ti_ms":4930.11,"ti_bytes":223061316,"rss_loaded":13045760,"rss_with_ti":235745280,"rss_start":235745280,"rss_after_solve":296476672,"rss_after_chains":296476672,"rss_after_layout":296742912,"solve_ms":1345.69,"trees_ms":2214.05,"chains_ms":0.812483,"layout_ms":8.27493,"build_ms":3590.37}
	Command being timed: "/data/wenqianz/pivoter_repo/research/r1_skyline_index_20260918/build/chain_index_tool --build-only /data/wenqianz/graphs/soc-Epinions1.edges"
	User time (seconds): 8.53
	System time (seconds): 0.25
	Percent of CPU this job got: 99%
	Elapsed (wall clock) time (h:mm:ss or m:ss): 0:08.78
	Average shared text size (kbytes): 0
	Average unshared data size (kbytes): 0
	Average stack size (kbytes): 0
	Average total size (kbytes): 0
	Maximum resident set size (kbytes): 325264
	Average resident set size (kbytes): 0
	Major (requiring I/O) page faults: 0
	Minor (reclaiming a frame) page faults: 147399
	Voluntary context switches: 1
	Involuntary context switches: 32
	Swaps: 0
	File system inputs: 0
	File system outputs: 0
	Socket messages sent: 0
	Socket messages received: 0
	Signals delivered: 0
	Page size (bytes): 4096
	Exit status: 0
