$ CHAIN_SOLVER=terminal CHAIN_TREEPASS=old /usr/bin/time -v /data/wenqianz/pivoter_repo/research/r1_skyline_index_20260918/build/chain_index_tool --build-only /data/wenqianz/graphs/soc-Epinions1.edges
{"n":75879,"solver":"terminal","treepass":"old","count_bits":64,"chains":8821,"canonical_nodes":12886,"index_bytes":1117672,"build_form_bytes":1304016,"compact_ms":0.771454,"bytes_map":49524,"bytes_chains":456481,"bytes_layers":611667,"ti_ms":4656.93,"ti_bytes":223061316,"rss_loaded":13090816,"rss_with_ti":235503616,"rss_start":235503616,"rss_after_solve":325894144,"rss_after_chains":325894144,"rss_after_layout":326164480,"solve_ms":1942.16,"trees_ms":2879.67,"chains_ms":0.876859,"layout_ms":8.54969,"build_ms":4832.24}
	Command being timed: "/data/wenqianz/pivoter_repo/research/r1_skyline_index_20260918/build/chain_index_tool --build-only /data/wenqianz/graphs/soc-Epinions1.edges"
	User time (seconds): 9.54
	System time (seconds): 0.21
	Percent of CPU this job got: 99%
	Elapsed (wall clock) time (h:mm:ss or m:ss): 0:09.75
	Average shared text size (kbytes): 0
	Average unshared data size (kbytes): 0
	Average stack size (kbytes): 0
	Average total size (kbytes): 0
	Maximum resident set size (kbytes): 318520
	Average resident set size (kbytes): 0
	Major (requiring I/O) page faults: 0
	Minor (reclaiming a frame) page faults: 140157
	Voluntary context switches: 1
	Involuntary context switches: 14
	Swaps: 0
	File system inputs: 0
	File system outputs: 0
	Socket messages sent: 0
	Socket messages received: 0
	Signals delivered: 0
	Page size (bytes): 4096
	Exit status: 0
