$ CHAIN_SOLVER=tail CHAIN_TREEPASS=fast /usr/bin/time -v /data/wenqianz/pivoter_repo/research/r1_skyline_index_20260918/build/chain_index_tool --build-only /data/wenqianz/graphs/soc-Epinions1.edges
{"n":75879,"solver":"tail","treepass":"fast","count_bits":64,"chains":8821,"canonical_nodes":12886,"index_bytes":1117672,"build_form_bytes":1304016,"compact_ms":0.73288,"bytes_map":49524,"bytes_chains":456481,"bytes_layers":611667,"ti_ms":4312.66,"ti_bytes":223061316,"rss_loaded":13058048,"rss_with_ti":235536384,"rss_start":235536384,"rss_after_solve":296349696,"rss_after_chains":296349696,"rss_after_layout":296615936,"solve_ms":1322.93,"trees_ms":2062.55,"chains_ms":0.853955,"layout_ms":8.0197,"build_ms":3414.33}
	Command being timed: "/data/wenqianz/pivoter_repo/research/r1_skyline_index_20260918/build/chain_index_tool --build-only /data/wenqianz/graphs/soc-Epinions1.edges"
	User time (seconds): 7.71
	System time (seconds): 0.22
	Percent of CPU this job got: 100%
	Elapsed (wall clock) time (h:mm:ss or m:ss): 0:07.93
	Average shared text size (kbytes): 0
	Average unshared data size (kbytes): 0
	Average stack size (kbytes): 0
	Average total size (kbytes): 0
	Maximum resident set size (kbytes): 325092
	Average resident set size (kbytes): 0
	Major (requiring I/O) page faults: 0
	Minor (reclaiming a frame) page faults: 141870
	Voluntary context switches: 1
	Involuntary context switches: 11
	Swaps: 0
	File system inputs: 0
	File system outputs: 0
	Socket messages sent: 0
	Socket messages received: 0
	Signals delivered: 0
	Page size (bytes): 4096
	Exit status: 0
