$ CHAIN_SOLVER=tail CHAIN_TREEPASS=old /usr/bin/time -v /data/wenqianz/pivoter_repo/research/r1_skyline_index_20260918/build/chain_index_tool --build-only /data/wenqianz/graphs/tech-as-skitter.edges
{"n":1694616,"solver":"tail","treepass":"old","count_bits":128,"chains":163053,"canonical_nodes":261039,"index_bytes":28075132,"build_form_bytes":29684900,"compact_ms":16.3905,"bytes_map":969968,"bytes_chains":12827047,"bytes_layers":14278117,"ti_ms":189220,"ti_bytes":11231683420,"rss_loaded":126488576,"rss_with_ti":11371741184,"rss_start":11371741184,"rss_after_solve":11626627072,"rss_after_chains":11599777792,"rss_after_layout":11602210816,"solve_ms":209819,"trees_ms":405591,"chains_ms":22.9622,"layout_ms":244.074,"build_ms":615698}
	Command being timed: "/data/wenqianz/pivoter_repo/research/r1_skyline_index_20260918/build/chain_index_tool --build-only /data/wenqianz/graphs/tech-as-skitter.edges"
	User time (seconds): 779.26
	System time (seconds): 32.60
	Percent of CPU this job got: 99%
	Elapsed (wall clock) time (h:mm:ss or m:ss): 13:31.92
	Average shared text size (kbytes): 0
	Average unshared data size (kbytes): 0
	Average stack size (kbytes): 0
	Average total size (kbytes): 0
	Maximum resident set size (kbytes): 14255388
	Average resident set size (kbytes): 0
	Major (requiring I/O) page faults: 0
	Minor (reclaiming a frame) page faults: 18725232
	Voluntary context switches: 1
	Involuntary context switches: 1559
	Swaps: 0
	File system inputs: 0
	File system outputs: 0
	Socket messages sent: 0
	Socket messages received: 0
	Signals delivered: 0
	Page size (bytes): 4096
	Exit status: 0
