$ CHAIN_SOLVER=terminal CHAIN_TREEPASS=fast /usr/bin/time -v /data/wenqianz/pivoter_repo/research/r1_skyline_index_20260918/build/chain_index_tool --build-only /data/wenqianz/graphs/tech-as-skitter.edges
{"n":1694616,"solver":"terminal","treepass":"fast","count_bits":128,"chains":163053,"canonical_nodes":261039,"index_bytes":28075132,"build_form_bytes":29684900,"compact_ms":17.4346,"bytes_map":969968,"bytes_chains":12827047,"bytes_layers":14278117,"ti_ms":175769,"ti_bytes":11231683420,"rss_loaded":126586880,"rss_with_ti":11371810816,"rss_start":11371810816,"rss_after_solve":11601625088,"rss_after_chains":11574509568,"rss_after_layout":11576872960,"solve_ms":373303,"trees_ms":296583,"chains_ms":30.3018,"layout_ms":247.022,"build_ms":670648}
	Command being timed: "/data/wenqianz/pivoter_repo/research/r1_skyline_index_20260918/build/chain_index_tool --build-only /data/wenqianz/graphs/tech-as-skitter.edges"
	User time (seconds): 789.26
	System time (seconds): 62.81
	Percent of CPU this job got: 99%
	Elapsed (wall clock) time (h:mm:ss or m:ss): 14:12.78
	Average shared text size (kbytes): 0
	Average unshared data size (kbytes): 0
	Average stack size (kbytes): 0
	Average total size (kbytes): 0
	Maximum resident set size (kbytes): 14354312
	Average resident set size (kbytes): 0
	Major (requiring I/O) page faults: 0
	Minor (reclaiming a frame) page faults: 40266733
	Voluntary context switches: 1
	Involuntary context switches: 2808
	Swaps: 0
	File system inputs: 0
	File system outputs: 0
	Socket messages sent: 0
	Socket messages received: 0
	Signals delivered: 0
	Page size (bytes): 4096
	Exit status: 0
