$ CHAIN_SOLVER=tail CHAIN_TREEPASS=fast /usr/bin/time -v /data/wenqianz/pivoter_repo/research/r1_skyline_index_20260918/build/chain_index_tool --build-only /data/wenqianz/graphs/tech-as-skitter.edges
{"n":1694616,"solver":"tail","treepass":"fast","count_bits":128,"chains":163053,"canonical_nodes":261039,"index_bytes":28075132,"build_form_bytes":29684900,"compact_ms":16.694,"bytes_map":969968,"bytes_chains":12827047,"bytes_layers":14278117,"ti_ms":184979,"ti_bytes":11231683420,"rss_loaded":126529536,"rss_with_ti":11371786240,"rss_start":11371786240,"rss_after_solve":11651305472,"rss_after_chains":11626889216,"rss_after_layout":11631755264,"solve_ms":212339,"trees_ms":294954,"chains_ms":24.2801,"layout_ms":245.855,"build_ms":508076}
	Command being timed: "/data/wenqianz/pivoter_repo/research/r1_skyline_index_20260918/build/chain_index_tool --build-only /data/wenqianz/graphs/tech-as-skitter.edges"
	User time (seconds): 686.57
	System time (seconds): 13.41
	Percent of CPU this job got: 99%
	Elapsed (wall clock) time (h:mm:ss or m:ss): 11:40.06
	Average shared text size (kbytes): 0
	Average unshared data size (kbytes): 0
	Average stack size (kbytes): 0
	Average total size (kbytes): 0
	Maximum resident set size (kbytes): 14404872
	Average resident set size (kbytes): 0
	Major (requiring I/O) page faults: 0
	Minor (reclaiming a frame) page faults: 6320940
	Voluntary context switches: 1
	Involuntary context switches: 3951
	Swaps: 0
	File system inputs: 0
	File system outputs: 0
	Socket messages sent: 0
	Socket messages received: 0
	Signals delivered: 0
	Page size (bytes): 4096
	Exit status: 0
