$ CHAIN_SOLVER=terminal CHAIN_TREEPASS=old /usr/bin/time -v /data/wenqianz/pivoter_repo/research/r1_skyline_index_20260918/build/chain_index_tool --build-only /data/wenqianz/graphs/tech-as-skitter.edges
{"n":1694616,"solver":"terminal","treepass":"old","count_bits":128,"chains":163053,"canonical_nodes":261039,"index_bytes":28075132,"build_form_bytes":29684900,"compact_ms":16.5946,"bytes_map":969968,"bytes_chains":12827047,"bytes_layers":14278117,"ti_ms":180901,"ti_bytes":11231683420,"rss_loaded":126578688,"rss_with_ti":11371769856,"rss_start":11371769856,"rss_after_solve":11587956736,"rss_after_chains":11560841216,"rss_after_layout":11562999808,"solve_ms":357740,"trees_ms":400196,"chains_ms":21.767,"layout_ms":238.954,"build_ms":758219}
	Command being timed: "/data/wenqianz/pivoter_repo/research/r1_skyline_index_20260918/build/chain_index_tool --build-only /data/wenqianz/graphs/tech-as-skitter.edges"
	User time (seconds): 869.08
	System time (seconds): 76.85
	Percent of CPU this job got: 99%
	Elapsed (wall clock) time (h:mm:ss or m:ss): 15:45.99
	Average shared text size (kbytes): 0
	Average unshared data size (kbytes): 0
	Average stack size (kbytes): 0
	Average total size (kbytes): 0
	Maximum resident set size (kbytes): 14215504
	Average resident set size (kbytes): 0
	Major (requiring I/O) page faults: 0
	Minor (reclaiming a frame) page faults: 52643220
	Voluntary context switches: 151
	Involuntary context switches: 1167
	Swaps: 0
	File system inputs: 278416
	File system outputs: 0
	Socket messages sent: 0
	Socket messages received: 0
	Signals delivered: 0
	Page size (bytes): 4096
	Exit status: 0
