$ CHAIN_SOLVER=terminal CHAIN_TREEPASS=fast /usr/bin/time -v /data/wenqianz/pivoter_repo/research/r1_skyline_index_20260918/build/chain_index_tool --build-only /data/wenqianz/graphs/web-Stanford.edges
{"n":281903,"solver":"terminal","treepass":"fast","count_bits":64,"chains":17963,"canonical_nodes":53239,"index_bytes":3552754,"build_form_bytes":3737596,"compact_ms":2.09082,"bytes_map":124720,"bytes_chains":1315734,"bytes_layers":2112300,"ti_ms":1246.57,"ti_bytes":121008860,"rss_loaded":45785088,"rss_with_ti":177106944,"rss_start":177106944,"rss_after_solve":235528192,"rss_after_chains":235528192,"rss_after_layout":235798528,"solve_ms":1828.16,"trees_ms":1486.92,"chains_ms":2.98266,"layout_ms":26.2,"build_ms":3355.94}
	Command being timed: "/data/wenqianz/pivoter_repo/research/r1_skyline_index_20260918/build/chain_index_tool --build-only /data/wenqianz/graphs/web-Stanford.edges"
	User time (seconds): 5.30
	System time (seconds): 0.16
	Percent of CPU this job got: 99%
	Elapsed (wall clock) time (h:mm:ss or m:ss): 0:05.46
	Average shared text size (kbytes): 0
	Average unshared data size (kbytes): 0
	Average stack size (kbytes): 0
	Average total size (kbytes): 0
	Maximum resident set size (kbytes): 230272
	Average resident set size (kbytes): 0
	Major (requiring I/O) page faults: 0
	Minor (reclaiming a frame) page faults: 85020
	Voluntary context switches: 1
	Involuntary context switches: 9
	Swaps: 0
	File system inputs: 0
	File system outputs: 0
	Socket messages sent: 0
	Socket messages received: 0
	Signals delivered: 0
	Page size (bytes): 4096
	Exit status: 0
