$ CHAIN_SOLVER=terminal CHAIN_TREEPASS=fast /usr/bin/time -v /data/wenqianz/pivoter_repo/research/r1_skyline_index_20260918/build/chain_index_tool --build-only /data/wenqianz/graphs/web-Google.edges
{"n":875713,"solver":"terminal","treepass":"fast","count_bits":64,"chains":73836,"canonical_nodes":188362,"index_bytes":11156521,"build_form_bytes":12200784,"compact_ms":6.78877,"bytes_map":459560,"bytes_chains":3805974,"bytes_layers":6890987,"ti_ms":1826.54,"ti_bytes":123475112,"rss_loaded":56066048,"rss_with_ti":207384576,"rss_start":207384576,"rss_after_solve":367194112,"rss_after_chains":367194112,"rss_after_layout":367194112,"solve_ms":2018.92,"trees_ms":2551.05,"chains_ms":7.20392,"layout_ms":75.8769,"build_ms":4683.63}
	Command being timed: "/data/wenqianz/pivoter_repo/research/r1_skyline_index_20260918/build/chain_index_tool --build-only /data/wenqianz/graphs/web-Google.edges"
	User time (seconds): 8.70
	System time (seconds): 0.29
	Percent of CPU this job got: 99%
	Elapsed (wall clock) time (h:mm:ss or m:ss): 0:09.00
	Average shared text size (kbytes): 0
	Average unshared data size (kbytes): 0
	Average stack size (kbytes): 0
	Average total size (kbytes): 0
	Maximum resident set size (kbytes): 358836
	Average resident set size (kbytes): 0
	Major (requiring I/O) page faults: 0
	Minor (reclaiming a frame) page faults: 156503
	Voluntary context switches: 1
	Involuntary context switches: 30
	Swaps: 0
	File system inputs: 0
	File system outputs: 0
	Socket messages sent: 0
	Socket messages received: 0
	Signals delivered: 0
	Page size (bytes): 4096
	Exit status: 0
