$ CHAIN_SOLVER=terminal CHAIN_TREEPASS=old /usr/bin/time -v /data/wenqianz/pivoter_repo/research/r1_skyline_index_20260918/build/chain_index_tool --build-only /data/wenqianz/graphs/web-Stanford.edges
{"n":281903,"solver":"terminal","treepass":"old","count_bits":64,"chains":17963,"canonical_nodes":53239,"index_bytes":3552754,"build_form_bytes":3737596,"compact_ms":2.11783,"bytes_map":124720,"bytes_chains":1315734,"bytes_layers":2112300,"ti_ms":1536.59,"ti_bytes":121008860,"rss_loaded":45903872,"rss_with_ti":177049600,"rss_start":177049600,"rss_after_solve":240058368,"rss_after_chains":240058368,"rss_after_layout":240275456,"solve_ms":2107.28,"trees_ms":2293.4,"chains_ms":3.31354,"layout_ms":26.0888,"build_ms":4433.05}
	Command being timed: "/data/wenqianz/pivoter_repo/research/r1_skyline_index_20260918/build/chain_index_tool --build-only /data/wenqianz/graphs/web-Stanford.edges"
	User time (seconds): 6.65
	System time (seconds): 0.27
	Percent of CPU this job got: 99%
	Elapsed (wall clock) time (h:mm:ss or m:ss): 0:06.94
	Average shared text size (kbytes): 0
	Average unshared data size (kbytes): 0
	Average stack size (kbytes): 0
	Average total size (kbytes): 0
	Maximum resident set size (kbytes): 234644
	Average resident set size (kbytes): 0
	Major (requiring I/O) page faults: 0
	Minor (reclaiming a frame) page faults: 124508
	Voluntary context switches: 1
	Involuntary context switches: 114
	Swaps: 0
	File system inputs: 0
	File system outputs: 0
	Socket messages sent: 0
	Socket messages received: 0
	Signals delivered: 0
	Page size (bytes): 4096
	Exit status: 0
