$ CHAIN_SOLVER=terminal CHAIN_TREEPASS=old /usr/bin/time -v /data/wenqianz/pivoter_repo/research/r1_skyline_index_20260918/build/chain_index_tool --build-only /data/wenqianz/graphs/web-Google.edges
{"n":875713,"solver":"terminal","treepass":"old","count_bits":64,"chains":73836,"canonical_nodes":188362,"index_bytes":11156521,"build_form_bytes":12200784,"compact_ms":8.0616,"bytes_map":459560,"bytes_chains":3805974,"bytes_layers":6890987,"ti_ms":1752.74,"ti_bytes":123475112,"rss_loaded":56090624,"rss_with_ti":207618048,"rss_start":207618048,"rss_after_solve":376176640,"rss_after_chains":376176640,"rss_after_layout":376446976,"solve_ms":1866.11,"trees_ms":3087.88,"chains_ms":8.99457,"layout_ms":86.5633,"build_ms":5062.71}
	Command being timed: "/data/wenqianz/pivoter_repo/research/r1_skyline_index_20260918/build/chain_index_tool --build-only /data/wenqianz/graphs/web-Google.edges"
	User time (seconds): 9.05
	System time (seconds): 0.38
	Percent of CPU this job got: 99%
	Elapsed (wall clock) time (h:mm:ss or m:ss): 0:09.45
	Average shared text size (kbytes): 0
	Average unshared data size (kbytes): 0
	Average stack size (kbytes): 0
	Average total size (kbytes): 0
	Maximum resident set size (kbytes): 367624
	Average resident set size (kbytes): 0
	Major (requiring I/O) page faults: 0
	Minor (reclaiming a frame) page faults: 214467
	Voluntary context switches: 1
	Involuntary context switches: 106
	Swaps: 0
	File system inputs: 0
	File system outputs: 0
	Socket messages sent: 0
	Socket messages received: 0
	Signals delivered: 0
	Page size (bytes): 4096
	Exit status: 0
