$ CHAIN_SOLVER=terminal CHAIN_TREEPASS=old /usr/bin/time -v /data/wenqianz/pivoter_repo/research/r1_skyline_index_20260918/build/chain_index_tool --build-only /data/wenqianz/graphs/web-Google.edges
{"n":875713,"solver":"terminal","treepass":"old","count_bits":64,"chains":73836,"canonical_nodes":188362,"index_bytes":11156521,"build_form_bytes":12200784,"compact_ms":6.87995,"bytes_map":459560,"bytes_chains":3805974,"bytes_layers":6890987,"ti_ms":1750.13,"ti_bytes":123475112,"rss_loaded":55963648,"rss_with_ti":207388672,"rss_start":207388672,"rss_after_solve":376193024,"rss_after_chains":376193024,"rss_after_layout":376307712,"solve_ms":2271.55,"trees_ms":3744.21,"chains_ms":14.5746,"layout_ms":80.452,"build_ms":6123.25}
	Command being timed: "/data/wenqianz/pivoter_repo/research/r1_skyline_index_20260918/build/chain_index_tool --build-only /data/wenqianz/graphs/web-Google.edges"
	User time (seconds): 9.99
	System time (seconds): 0.49
	Percent of CPU this job got: 99%
	Elapsed (wall clock) time (h:mm:ss or m:ss): 0:10.50
	Average shared text size (kbytes): 0
	Average unshared data size (kbytes): 0
	Average stack size (kbytes): 0
	Average total size (kbytes): 0
	Maximum resident set size (kbytes): 367488
	Average resident set size (kbytes): 0
	Major (requiring I/O) page faults: 0
	Minor (reclaiming a frame) page faults: 260679
	Voluntary context switches: 1
	Involuntary context switches: 220
	Swaps: 0
	File system inputs: 0
	File system outputs: 0
	Socket messages sent: 0
	Socket messages received: 0
	Signals delivered: 0
	Page size (bytes): 4096
	Exit status: 0
