$ CHAIN_SOLVER=terminal CHAIN_TREEPASS=old /usr/bin/time -v /data/wenqianz/pivoter_repo/research/r1_skyline_index_20260918/build/chain_index_tool --build-only /data/wenqianz/graphs/web-uk-2005.edges
{"n":129632,"solver":"terminal","treepass":"old","count_bits":512,"chains":839,"canonical_nodes":126612,"index_bytes":4093454,"build_form_bytes":4094976,"compact_ms":0.971339,"bytes_map":27676,"bytes_chains":521850,"bytes_layers":3543928,"ti_ms":2274.93,"ti_bytes":99656172,"rss_loaded":100528128,"rss_with_ti":210452480,"rss_start":210452480,"rss_after_solve":311984128,"rss_after_chains":311984128,"rss_after_layout":311984128,"solve_ms":47978.1,"trees_ms":17283.7,"chains_ms":11.2539,"layout_ms":15.5002,"build_ms":65300.6}
	Command being timed: "/data/wenqianz/pivoter_repo/research/r1_skyline_index_20260918/build/chain_index_tool --build-only /data/wenqianz/graphs/web-uk-2005.edges"
	User time (seconds): 72.10
	System time (seconds): 0.24
	Percent of CPU this job got: 100%
	Elapsed (wall clock) time (h:mm:ss or m:ss): 1:12.34
	Average shared text size (kbytes): 0
	Average unshared data size (kbytes): 0
	Average stack size (kbytes): 0
	Average total size (kbytes): 0
	Maximum resident set size (kbytes): 304672
	Average resident set size (kbytes): 0
	Major (requiring I/O) page faults: 0
	Minor (reclaiming a frame) page faults: 161174
	Voluntary context switches: 2
	Involuntary context switches: 89
	Swaps: 0
	File system inputs: 281248
	File system outputs: 0
	Socket messages sent: 0
	Socket messages received: 0
	Signals delivered: 0
	Page size (bytes): 4096
	Exit status: 0
