$ CHAIN_SOLVER=tail CHAIN_TREEPASS=fast /usr/bin/time -v /data/wenqianz/pivoter_repo/research/r1_skyline_index_20260918/build/chain_index_tool --build-only /data/wenqianz/graphs/web-it-2004.edges
{"n":509338,"solver":"tail","treepass":"fast","count_bits":512,"chains":35402,"canonical_nodes":180627,"index_bytes":9866036,"build_form_bytes":9923116,"compact_ms":3.78318,"bytes_map":237124,"bytes_chains":2835907,"bytes_layers":6793005,"ti_ms":1295.59,"ti_bytes":92415220,"rss_loaded":71540736,"rss_with_ti":180133888,"rss_start":180133888,"rss_after_solve":298844160,"rss_after_chains":299442176,"rss_after_layout":300584960,"solve_ms":1416.89,"trees_ms":8334.44,"chains_ms":12.9415,"layout_ms":70.4906,"build_ms":9855.82}
	Command being timed: "/data/wenqianz/pivoter_repo/research/r1_skyline_index_20260918/build/chain_index_tool --build-only /data/wenqianz/graphs/web-it-2004.edges"
	User time (seconds): 13.65
	System time (seconds): 0.24
	Percent of CPU this job got: 99%
	Elapsed (wall clock) time (h:mm:ss or m:ss): 0:13.89
	Average shared text size (kbytes): 0
	Average unshared data size (kbytes): 0
	Average stack size (kbytes): 0
	Average total size (kbytes): 0
	Maximum resident set size (kbytes): 501768
	Average resident set size (kbytes): 0
	Major (requiring I/O) page faults: 0
	Minor (reclaiming a frame) page faults: 185209
	Voluntary context switches: 1
	Involuntary context switches: 18
	Swaps: 0
	File system inputs: 0
	File system outputs: 0
	Socket messages sent: 0
	Socket messages received: 0
	Signals delivered: 0
	Page size (bytes): 4096
	Exit status: 0
