$ CHAIN_SOLVER=terminal CHAIN_TREEPASS=old /usr/bin/time -v /data/wenqianz/pivoter_repo/research/r1_skyline_index_20260918/build/chain_index_tool --build-only /data/wenqianz/graphs/web-Stanford.edges
{"n":281903,"solver":"terminal","treepass":"old","count_bits":64,"chains":17963,"canonical_nodes":53239,"index_bytes":3552754,"build_form_bytes":3737596,"compact_ms":2.14379,"bytes_map":124720,"bytes_chains":1315734,"bytes_layers":2112300,"ti_ms":1528.3,"ti_bytes":121008860,"rss_loaded":45719552,"rss_with_ti":176996352,"rss_start":176996352,"rss_after_solve":239751168,"rss_after_chains":239751168,"rss_after_layout":240021504,"solve_ms":1849.01,"trees_ms":2056.3,"chains_ms":3.49795,"layout_ms":26.529,"build_ms":3938.28}
	Command being timed: "/data/wenqianz/pivoter_repo/research/r1_skyline_index_20260918/build/chain_index_tool --build-only /data/wenqianz/graphs/web-Stanford.edges"
	User time (seconds): 6.31
	System time (seconds): 0.13
	Percent of CPU this job got: 99%
	Elapsed (wall clock) time (h:mm:ss or m:ss): 0:06.45
	Average shared text size (kbytes): 0
	Average unshared data size (kbytes): 0
	Average stack size (kbytes): 0
	Average total size (kbytes): 0
	Maximum resident set size (kbytes): 234396
	Average resident set size (kbytes): 0
	Major (requiring I/O) page faults: 0
	Minor (reclaiming a frame) page faults: 86111
	Voluntary context switches: 0
	Involuntary context switches: 12
	Swaps: 0
	File system inputs: 0
	File system outputs: 0
	Socket messages sent: 0
	Socket messages received: 0
	Signals delivered: 0
	Page size (bytes): 4096
	Exit status: 0
