$ CHAIN_SOLVER=tail CHAIN_TREEPASS=fast /usr/bin/time -v /data/wenqianz/pivoter_repo/research/r1_skyline_index_20260918/build/chain_index_tool --build-only /data/wenqianz/graphs/web-uk-2005.edges
{"n":129632,"solver":"tail","treepass":"fast","count_bits":512,"chains":839,"canonical_nodes":126612,"index_bytes":4093454,"build_form_bytes":4094976,"compact_ms":1.04375,"bytes_map":27676,"bytes_chains":521850,"bytes_layers":3543928,"ti_ms":2337.25,"ti_bytes":99656172,"rss_loaded":100536320,"rss_with_ti":211169280,"rss_start":211169280,"rss_after_solve":299184128,"rss_after_chains":299184128,"rss_after_layout":299184128,"solve_ms":379.735,"trees_ms":15337.5,"chains_ms":11.228,"layout_ms":16.0341,"build_ms":15758.6}
	Command being timed: "/data/wenqianz/pivoter_repo/research/r1_skyline_index_20260918/build/chain_index_tool --build-only /data/wenqianz/graphs/web-uk-2005.edges"
	User time (seconds): 23.10
	System time (seconds): 0.28
	Percent of CPU this job got: 99%
	Elapsed (wall clock) time (h:mm:ss or m:ss): 0:23.39
	Average shared text size (kbytes): 0
	Average unshared data size (kbytes): 0
	Average stack size (kbytes): 0
	Average total size (kbytes): 0
	Maximum resident set size (kbytes): 292172
	Average resident set size (kbytes): 0
	Major (requiring I/O) page faults: 0
	Minor (reclaiming a frame) page faults: 157999
	Voluntary context switches: 1
	Involuntary context switches: 51
	Swaps: 0
	File system inputs: 0
	File system outputs: 0
	Socket messages sent: 0
	Socket messages received: 0
	Signals delivered: 0
	Page size (bytes): 4096
	Exit status: 0
