$ CHAIN_SOLVER=terminal CHAIN_TREEPASS=old /usr/bin/time -v /data/wenqianz/pivoter_repo/research/r1_skyline_index_20260918/build/chain_index_tool --build-only /data/wenqianz/graphs/web-it-2004.edges
{"n":509338,"solver":"terminal","treepass":"old","count_bits":512,"chains":35402,"canonical_nodes":180627,"index_bytes":9866036,"build_form_bytes":9923116,"compact_ms":3.9049,"bytes_map":237124,"bytes_chains":2835907,"bytes_layers":6793005,"ti_ms":1281.64,"ti_bytes":92415220,"rss_loaded":71467008,"rss_with_ti":180174848,"rss_start":180174848,"rss_after_solve":305836032,"rss_after_chains":305836032,"rss_after_layout":305836032,"solve_ms":53304.8,"trees_ms":12093.1,"chains_ms":14.9681,"layout_ms":70.9908,"build_ms":65495.4}
	Command being timed: "/data/wenqianz/pivoter_repo/research/r1_skyline_index_20260918/build/chain_index_tool --build-only /data/wenqianz/graphs/web-it-2004.edges"
	User time (seconds): 46.43
	System time (seconds): 22.68
	Percent of CPU this job got: 99%
	Elapsed (wall clock) time (h:mm:ss or m:ss): 1:09.12
	Average shared text size (kbytes): 0
	Average unshared data size (kbytes): 0
	Average stack size (kbytes): 0
	Average total size (kbytes): 0
	Maximum resident set size (kbytes): 538500
	Average resident set size (kbytes): 0
	Major (requiring I/O) page faults: 0
	Minor (reclaiming a frame) page faults: 17381723
	Voluntary context switches: 1
	Involuntary context switches: 93
	Swaps: 0
	File system inputs: 0
	File system outputs: 0
	Socket messages sent: 0
	Socket messages received: 0
	Signals delivered: 0
	Page size (bytes): 4096
	Exit status: 0
