$ CHAIN_SOLVER=terminal CHAIN_TREEPASS=fast /usr/bin/time -v /data/wenqianz/pivoter_repo/research/r1_skyline_index_20260918/build/chain_index_tool --build-only /data/wenqianz/graphs/web-it-2004.edges
{"n":509338,"solver":"terminal","treepass":"fast","count_bits":512,"chains":35402,"canonical_nodes":180627,"index_bytes":9866036,"build_form_bytes":9923116,"compact_ms":3.8674,"bytes_map":237124,"bytes_chains":2835907,"bytes_layers":6793005,"ti_ms":1297.27,"ti_bytes":92415220,"rss_loaded":71643136,"rss_with_ti":180236288,"rss_start":180236288,"rss_after_solve":291139584,"rss_after_chains":291139584,"rss_after_layout":291139584,"solve_ms":51983.3,"trees_ms":8356.44,"chains_ms":12.4685,"layout_ms":69.8546,"build_ms":60443.2}
	Command being timed: "/data/wenqianz/pivoter_repo/research/r1_skyline_index_20260918/build/chain_index_tool --build-only /data/wenqianz/graphs/web-it-2004.edges"
	User time (seconds): 42.73
	System time (seconds): 21.37
	Percent of CPU this job got: 99%
	Elapsed (wall clock) time (h:mm:ss or m:ss): 1:04.10
	Average shared text size (kbytes): 0
	Average unshared data size (kbytes): 0
	Average stack size (kbytes): 0
	Average total size (kbytes): 0
	Maximum resident set size (kbytes): 533796
	Average resident set size (kbytes): 0
	Major (requiring I/O) page faults: 0
	Minor (reclaiming a frame) page faults: 17383221
	Voluntary context switches: 1
	Involuntary context switches: 80
	Swaps: 0
	File system inputs: 0
	File system outputs: 0
	Socket messages sent: 0
	Socket messages received: 0
	Signals delivered: 0
	Page size (bytes): 4096
	Exit status: 0
