$ CHAIN_SOLVER=tail CHAIN_TREEPASS=fast /usr/bin/time -v /data/wenqianz/pivoter_repo/research/r1_skyline_index_20260918/build/chain_index_tool --build-only /data/wenqianz/graphs/web-Google.edges
{"n":875713,"solver":"tail","treepass":"fast","count_bits":64,"chains":73836,"canonical_nodes":188362,"index_bytes":11156521,"build_form_bytes":12200784,"compact_ms":6.58758,"bytes_map":459560,"bytes_chains":3805974,"bytes_layers":6890987,"ti_ms":1421.09,"ti_bytes":123475112,"rss_loaded":56049664,"rss_with_ti":207441920,"rss_start":207441920,"rss_after_solve":366178304,"rss_after_chains":366989312,"rss_after_layout":368340992,"solve_ms":1332.82,"trees_ms":2340.39,"chains_ms":7.33158,"layout_ms":73.0515,"build_ms":3777.59}
	Command being timed: "/data/wenqianz/pivoter_repo/research/r1_skyline_index_20260918/build/chain_index_tool --build-only /data/wenqianz/graphs/web-Google.edges"
	User time (seconds): 7.26
	System time (seconds): 0.19
	Percent of CPU this job got: 99%
	Elapsed (wall clock) time (h:mm:ss or m:ss): 0:07.45
	Average shared text size (kbytes): 0
	Average unshared data size (kbytes): 0
	Average stack size (kbytes): 0
	Average total size (kbytes): 0
	Maximum resident set size (kbytes): 359708
	Average resident set size (kbytes): 0
	Major (requiring I/O) page faults: 0
	Minor (reclaiming a frame) page faults: 139904
	Voluntary context switches: 1
	Involuntary context switches: 9
	Swaps: 0
	File system inputs: 0
	File system outputs: 0
	Socket messages sent: 0
	Socket messages received: 0
	Signals delivered: 0
	Page size (bytes): 4096
	Exit status: 0
