$ CHAIN_SOLVER=tail CHAIN_TREEPASS=old /usr/bin/time -v /data/wenqianz/pivoter_repo/research/r1_skyline_index_20260918/build/chain_index_tool --build-only /data/wenqianz/graphs/web-uk-2005.edges
{"n":129632,"solver":"tail","treepass":"old","count_bits":512,"chains":839,"canonical_nodes":126612,"index_bytes":4093454,"build_form_bytes":4094976,"compact_ms":0.983991,"bytes_map":27676,"bytes_chains":521850,"bytes_layers":3543928,"ti_ms":2295.85,"ti_bytes":99656172,"rss_loaded":100421632,"rss_with_ti":210886656,"rss_start":210886656,"rss_after_solve":301604864,"rss_after_chains":301604864,"rss_after_layout":301604864,"solve_ms":357.029,"trees_ms":17041.4,"chains_ms":11.1376,"layout_ms":15.2564,"build_ms":17437.6}
	Command being timed: "/data/wenqianz/pivoter_repo/research/r1_skyline_index_20260918/build/chain_index_tool --build-only /data/wenqianz/graphs/web-uk-2005.edges"
	User time (seconds): 24.92
	System time (seconds): 0.26
	Percent of CPU this job got: 100%
	Elapsed (wall clock) time (h:mm:ss or m:ss): 0:25.17
	Average shared text size (kbytes): 0
	Average unshared data size (kbytes): 0
	Average stack size (kbytes): 0
	Average total size (kbytes): 0
	Maximum resident set size (kbytes): 294536
	Average resident set size (kbytes): 0
	Major (requiring I/O) page faults: 0
	Minor (reclaiming a frame) page faults: 158683
	Voluntary context switches: 1
	Involuntary context switches: 34
	Swaps: 0
	File system inputs: 0
	File system outputs: 0
	Socket messages sent: 0
	Socket messages received: 0
	Signals delivered: 0
	Page size (bytes): 4096
	Exit status: 0
