$ CHAIN_SOLVER=tail CHAIN_TREEPASS=fast /usr/bin/time -v /data/wenqianz/pivoter_repo/research/r1_skyline_index_20260918/build/chain_index_tool --build-only /data/wenqianz/graphs/web-Stanford.edges
{"n":281903,"solver":"tail","treepass":"fast","count_bits":64,"chains":17963,"canonical_nodes":53239,"index_bytes":3552754,"build_form_bytes":3737596,"compact_ms":2.59597,"bytes_map":124720,"bytes_chains":1315734,"bytes_layers":2112300,"ti_ms":1448.09,"ti_bytes":121008860,"rss_loaded":45867008,"rss_with_ti":177078272,"rss_start":177078272,"rss_after_solve":241745920,"rss_after_chains":241811456,"rss_after_layout":242122752,"solve_ms":1761.22,"trees_ms":2041,"chains_ms":3.93827,"layout_ms":32.484,"build_ms":3850.18}
	Command being timed: "/data/wenqianz/pivoter_repo/research/r1_skyline_index_20260918/build/chain_index_tool --build-only /data/wenqianz/graphs/web-Stanford.edges"
	User time (seconds): 5.98
	System time (seconds): 0.30
	Percent of CPU this job got: 99%
	Elapsed (wall clock) time (h:mm:ss or m:ss): 0:06.30
	Average shared text size (kbytes): 0
	Average unshared data size (kbytes): 0
	Average stack size (kbytes): 0
	Average total size (kbytes): 0
	Maximum resident set size (kbytes): 236448
	Average resident set size (kbytes): 0
	Major (requiring I/O) page faults: 0
	Minor (reclaiming a frame) page faults: 133960
	Voluntary context switches: 1
	Involuntary context switches: 80
	Swaps: 0
	File system inputs: 0
	File system outputs: 0
	Socket messages sent: 0
	Socket messages received: 0
	Signals delivered: 0
	Page size (bytes): 4096
	Exit status: 0
