$ CHAIN_SOLVER=terminal CHAIN_TREEPASS=fast /usr/bin/time -v /data/wenqianz/pivoter_repo/research/r1_skyline_index_20260918/build/chain_index_tool --build-only /data/wenqianz/graphs/wiki-Talk.edges
{"n":2394385,"solver":"terminal","treepass":"fast","count_bits":64,"chains":29699,"canonical_nodes":41214,"index_bytes":3964777,"build_form_bytes":4591020,"compact_ms":2.20601,"bytes_map":567760,"bytes_chains":1507311,"bytes_layers":1889706,"ti_ms":293806,"ti_bytes":16525526936,"rss_loaded":89022464,"rss_with_ti":16633716736,"rss_start":16633716736,"rss_after_solve":16833249280,"rss_after_chains":16794935296,"rss_after_layout":16795262976,"solve_ms":184904,"trees_ms":217595,"chains_ms":29.6686,"layout_ms":30.1329,"build_ms":403617}
	Command being timed: "/data/wenqianz/pivoter_repo/research/r1_skyline_index_20260918/build/chain_index_tool --build-only /data/wenqianz/graphs/wiki-Talk.edges"
	User time (seconds): 663.55
	System time (seconds): 37.20
	Percent of CPU this job got: 99%
	Elapsed (wall clock) time (h:mm:ss or m:ss): 11:40.83
	Average shared text size (kbytes): 0
	Average unshared data size (kbytes): 0
	Average stack size (kbytes): 0
	Average total size (kbytes): 0
	Maximum resident set size (kbytes): 20969864
	Average resident set size (kbytes): 0
	Major (requiring I/O) page faults: 0
	Minor (reclaiming a frame) page faults: 23969567
	Voluntary context switches: 1
	Involuntary context switches: 1932
	Swaps: 0
	File system inputs: 0
	File system outputs: 0
	Socket messages sent: 0
	Socket messages received: 0
	Signals delivered: 0
	Page size (bytes): 4096
	Exit status: 0
