$ CHAIN_SOLVER=tail CHAIN_TREEPASS=fast /usr/bin/time -v /data/wenqianz/pivoter_repo/research/r1_skyline_index_20260918/build/chain_index_tool --build-only /data/wenqianz/graphs/wiki-Talk.edges
{"n":2394385,"solver":"tail","treepass":"fast","count_bits":64,"chains":29699,"canonical_nodes":41214,"index_bytes":3964777,"build_form_bytes":4591020,"compact_ms":2.2152,"bytes_map":567760,"bytes_chains":1507311,"bytes_layers":1889706,"ti_ms":284163,"ti_bytes":16525526936,"rss_loaded":89116672,"rss_with_ti":16633810944,"rss_start":16633810944,"rss_after_solve":16856592384,"rss_after_chains":16825303040,"rss_after_layout":16826384384,"solve_ms":112586,"trees_ms":219106,"chains_ms":18.4209,"layout_ms":30.412,"build_ms":332823}
	Command being timed: "/data/wenqianz/pivoter_repo/research/r1_skyline_index_20260918/build/chain_index_tool --build-only /data/wenqianz/graphs/wiki-Talk.edges"
	User time (seconds): 605.34
	System time (seconds): 14.92
	Percent of CPU this job got: 99%
	Elapsed (wall clock) time (h:mm:ss or m:ss): 10:20.28
	Average shared text size (kbytes): 0
	Average unshared data size (kbytes): 0
	Average stack size (kbytes): 0
	Average total size (kbytes): 0
	Maximum resident set size (kbytes): 21073500
	Average resident set size (kbytes): 0
	Major (requiring I/O) page faults: 0
	Minor (reclaiming a frame) page faults: 8408498
	Voluntary context switches: 1
	Involuntary context switches: 473
	Swaps: 0
	File system inputs: 0
	File system outputs: 0
	Socket messages sent: 0
	Socket messages received: 0
	Signals delivered: 0
	Page size (bytes): 4096
	Exit status: 0
