$ CHAIN_SOLVER=tail CHAIN_TREEPASS=old /usr/bin/time -v /data/wenqianz/pivoter_repo/research/r1_skyline_index_20260918/build/chain_index_tool --build-only /data/wenqianz/graphs/wiki-Talk.edges
{"n":2394385,"solver":"tail","treepass":"old","count_bits":64,"chains":29699,"canonical_nodes":41214,"index_bytes":3964777,"build_form_bytes":4591020,"compact_ms":2.22672,"bytes_map":567760,"bytes_chains":1507311,"bytes_layers":1889706,"ti_ms":289727,"ti_bytes":16525526936,"rss_loaded":89018368,"rss_with_ti":16633708544,"rss_start":16633708544,"rss_after_solve":16817819648,"rss_after_chains":16779505664,"rss_after_layout":16779771904,"solve_ms":112175,"trees_ms":303817,"chains_ms":16.0929,"layout_ms":30.2461,"build_ms":416045}
	Command being timed: "/data/wenqianz/pivoter_repo/research/r1_skyline_index_20260918/build/chain_index_tool --build-only /data/wenqianz/graphs/wiki-Talk.edges"
	User time (seconds): 677.86
	System time (seconds): 31.69
	Percent of CPU this job got: 99%
	Elapsed (wall clock) time (h:mm:ss or m:ss): 11:49.58
	Average shared text size (kbytes): 0
	Average unshared data size (kbytes): 0
	Average stack size (kbytes): 0
	Average total size (kbytes): 0
	Maximum resident set size (kbytes): 20736872
	Average resident set size (kbytes): 0
	Major (requiring I/O) page faults: 0
	Minor (reclaiming a frame) page faults: 18276758
	Voluntary context switches: 1
	Involuntary context switches: 792
	Swaps: 0
	File system inputs: 0
	File system outputs: 0
	Socket messages sent: 0
	Socket messages received: 0
	Signals delivered: 0
	Page size (bytes): 4096
	Exit status: 0
