$ CHAIN_SOLVER=terminal CHAIN_TREEPASS=old /usr/bin/time -v /data/wenqianz/pivoter_repo/research/r1_skyline_index_20260918/build/chain_index_tool --build-only /data/wenqianz/graphs/wiki-Talk.edges
{"n":2394385,"solver":"terminal","treepass":"old","count_bits":64,"chains":29699,"canonical_nodes":41214,"index_bytes":3964777,"build_form_bytes":4591020,"compact_ms":2.19281,"bytes_map":567760,"bytes_chains":1507311,"bytes_layers":1889706,"ti_ms":288532,"ti_bytes":16525526936,"rss_loaded":89042944,"rss_with_ti":16633843712,"rss_start":16633843712,"rss_after_solve":16787427328,"rss_after_chains":16749113344,"rss_after_layout":16749379584,"solve_ms":186815,"trees_ms":301575,"chains_ms":16.7093,"layout_ms":30.0864,"build_ms":488450}
	Command being timed: "/data/wenqianz/pivoter_repo/research/r1_skyline_index_20260918/build/chain_index_tool --build-only /data/wenqianz/graphs/wiki-Talk.edges"
	User time (seconds): 727.09
	System time (seconds): 53.23
	Percent of CPU this job got: 99%
	Elapsed (wall clock) time (h:mm:ss or m:ss): 13:00.36
	Average shared text size (kbytes): 0
	Average unshared data size (kbytes): 0
	Average stack size (kbytes): 0
	Average total size (kbytes): 0
	Maximum resident set size (kbytes): 20626436
	Average resident set size (kbytes): 0
	Major (requiring I/O) page faults: 0
	Minor (reclaiming a frame) page faults: 33869999
	Voluntary context switches: 2
	Involuntary context switches: 1096
	Swaps: 0
	File system inputs: 118192
	File system outputs: 0
	Socket messages sent: 0
	Socket messages received: 0
	Signals delivered: 0
	Page size (bytes): 4096
	Exit status: 0
