$ /usr/bin/time -v /home/wenqianz/UNSW/pivoter/research/r1_skyline_index_20260918/build/chain_index_tool --bench /data/wenqianz/dsets/cit-Patents.edges /home/wenqianz/UNSW/pivoter/research/r1_skyline_index_20260918/cx/cit-Patents.cx
{"passed":true,"n":3774768,"m":16518947,"s_max":65,"count_bits":64,"chains":203819,"canonical_nodes":123156,"max_depth":176,"pairs_total":663981,"runs_total":255437,"vertex_pairs":6678119,"vertex_residue_cells":4679890,"baseline_vertex_bytes":146173956,"bytes_map":1523056,"bytes_chains":5807230,"bytes_layers":4749278,"bytes_total":12079564,"file_bytes":11589677,"perm_bytes":15099072,"slice_bytes_layers":5611668,"slice_bytes_total":15821668,"solve_ms":4674.289,"trees_ms":7136.919,"chains_ms":22.654,"layout_ms":86.446,"build_ms":11926.998,"compact_ms":7.417,"save_ms":6.109,"load_ms":2.996,"ti_ms":7598.039,"ti_bytes":883247468,"rss_start":1125003264,"rss_after_solve":1400238080,"rss_after_chains":1339838464,"rss_after_layout":1339838464,"slice_range_own_ns":243071.602,"slice_range_half_ns":281177.458,"slice_range_root_ns":288154.254,"slice_explicit_own_ns":562765.944,"slice_explicit_half_ns":707809.724,"slice_explicit_root_ns":781436.777,"slice_own_ranges":4055.319,"slice_half_ranges":4997.222,"slice_root_ranges":5739.272,"full_bytes_total":12822662,"full_bytes_layers":5492376,"full_range_own_ns":1623.005,"full_range_half_ns":2010.507,"full_range_root_ns":2296.395,"full_explicit_own_ns":312629.342,"full_climb_own_ns":14.664,"full_climb_half_ns":28.096,"full_climb_root_ns":13.078,"full_ptr_own_ns":22.037,"full_ptr_half_ns":35.175,"full_ptr_root_ns":15.579,"full_value_ns":21.761,"climb_own_ns":20.136,"climb_half_ns":36.590,"climb_root_ns":17.855,"slice_climb_own_ns":14.258,"slice_climb_half_ns":27.468,"slice_climb_root_ns":13.294,"ptr_own_ns":23.783,"ptr_half_ns":41.875,"ptr_root_ns":18.696,"ptr_checksum":267027428222,"range_own_ns":1625.313,"range_half_ns":2012.442,"range_root_ns":2297.605,"explicit_own_ns":313243.120,"explicit_half_ns":422106.827,"explicit_root_ns":480595.190,"own_output":1990758.569,"half_output":2674425.596,"root_output":3052812.002,"own_ranges":4055.319,"half_ranges":4997.222,"root_ranges":5739.272,"own_chains":4055.319,"half_chains":4997.222,"root_chains":5739.272,"value_ns":22.025,"value_checksum":0}
	Command being timed: "/home/wenqianz/UNSW/pivoter/research/r1_skyline_index_20260918/build/chain_index_tool --bench /data/wenqianz/dsets/cit-Patents.edges /home/wenqianz/UNSW/pivoter/research/r1_skyline_index_20260918/cx/cit-Patents.cx"
	User time (seconds): 375.90
	System time (seconds): 5.54
	Percent of CPU this job got: 99%
	Elapsed (wall clock) time (h:mm:ss or m:ss): 6:21.48
	Average shared text size (kbytes): 0
	Average unshared data size (kbytes): 0
	Average stack size (kbytes): 0
	Average total size (kbytes): 0
	Maximum resident set size (kbytes): 2052724
	Average resident set size (kbytes): 0
	Major (requiring I/O) page faults: 0
	Minor (reclaiming a frame) page faults: 2308507
	Voluntary context switches: 1
	Involuntary context switches: 1443
	Swaps: 0
	File system inputs: 500544
	File system outputs: 52136
	Socket messages sent: 0
	Socket messages received: 0
	Signals delivered: 0
	Page size (bytes): 4096
	Exit status: 0
