$ /usr/bin/time -v /home/wenqianz/UNSW/pivoter/research/r1_skyline_index_20260918/build/chain_index_tool --bench /data/wenqianz/dsets/com-amazon.edges /home/wenqianz/UNSW/pivoter/research/r1_skyline_index_20260918/cx/com-amazon.cx
{"passed":true,"n":334863,"m":925872,"s_max":7,"count_bits":64,"chains":46023,"canonical_nodes":68457,"max_depth":10,"pairs_total":142136,"runs_total":51042,"vertex_pairs":852903,"vertex_residue_cells":333083,"baseline_vertex_bytes":15545122,"bytes_map":246896,"bytes_chains":1170793,"bytes_layers":1845981,"bytes_total":3263670,"file_bytes":2990201,"perm_bytes":1339452,"slice_bytes_layers":2211512,"slice_bytes_total":3978604,"solve_ms":130.635,"trees_ms":375.148,"chains_ms":2.134,"layout_ms":15.995,"build_ms":525.725,"compact_ms":2.033,"save_ms":1.830,"load_ms":0.798,"ti_ms":190.676,"ti_bytes":31247012,"rss_start":60915712,"rss_after_solve":120635392,"rss_after_chains":120635392,"rss_after_layout":120635392,"slice_range_own_ns":31953.887,"slice_range_half_ns":43348.996,"slice_range_root_ns":45900.865,"slice_explicit_own_ns":51947.059,"slice_explicit_half_ns":74884.890,"slice_explicit_root_ns":79949.664,"slice_own_ranges":658.482,"slice_half_ranges":1023.953,"slice_root_ranges":1312.413,"full_bytes_total":3742869,"full_bytes_layers":2325180,"full_range_own_ns":294.123,"full_range_half_ns":451.879,"full_range_root_ns":565.681,"full_explicit_own_ns":15350.045,"full_climb_own_ns":15.069,"full_climb_half_ns":29.025,"full_climb_root_ns":12.257,"full_ptr_own_ns":25.890,"full_ptr_half_ns":34.490,"full_ptr_root_ns":16.039,"full_value_ns":19.316,"climb_own_ns":19.884,"climb_half_ns":34.672,"climb_root_ns":18.757,"slice_climb_own_ns":14.886,"slice_climb_half_ns":28.428,"slice_climb_root_ns":13.478,"ptr_own_ns":30.288,"ptr_half_ns":40.233,"ptr_root_ns":21.951,"ptr_checksum":27495092428,"range_own_ns":301.558,"range_half_ns":457.142,"range_root_ns":554.653,"explicit_own_ns":15340.396,"explicit_half_ns":24222.076,"explicit_root_ns":27185.413,"own_output":135493.648,"half_output":195626.375,"root_output":206704.392,"own_ranges":658.482,"half_ranges":1023.953,"root_ranges":1312.413,"own_chains":658.482,"half_chains":1023.953,"root_chains":1312.413,"value_ns":19.272,"value_checksum":0}
	Command being timed: "/home/wenqianz/UNSW/pivoter/research/r1_skyline_index_20260918/build/chain_index_tool --bench /data/wenqianz/dsets/com-amazon.edges /home/wenqianz/UNSW/pivoter/research/r1_skyline_index_20260918/cx/com-amazon.cx"
	User time (seconds): 33.20
	System time (seconds): 0.07
	Percent of CPU this job got: 99%
	Elapsed (wall clock) time (h:mm:ss or m:ss): 0:33.27
	Average shared text size (kbytes): 0
	Average unshared data size (kbytes): 0
	Average stack size (kbytes): 0
	Average total size (kbytes): 0
	Maximum resident set size (kbytes): 117808
	Average resident set size (kbytes): 0
	Major (requiring I/O) page faults: 0
	Minor (reclaiming a frame) page faults: 37099
	Voluntary context switches: 1
	Involuntary context switches: 88
	Swaps: 0
	File system inputs: 0
	File system outputs: 8472
	Socket messages sent: 0
	Socket messages received: 0
	Signals delivered: 0
	Page size (bytes): 4096
	Exit status: 0
