$ /usr/bin/time -v /home/wenqianz/UNSW/pivoter/research/r1_skyline_index_20260918/build/chain_index_tool --bench /data/wenqianz/dsets/com-dblp.edges /home/wenqianz/UNSW/pivoter/research/r1_skyline_index_20260918/cx/com-dblp.cx
{"passed":true,"n":317080,"m":1049866,"s_max":114,"count_bits":128,"chains":13459,"canonical_nodes":33979,"max_depth":157,"pairs_total":70208,"runs_total":28805,"vertex_pairs":1246933,"vertex_residue_cells":84010,"baseline_vertex_bytes":16710168,"bytes_map":113304,"bytes_chains":460177,"bytes_layers":1068500,"bytes_total":1641981,"file_bytes":1510811,"perm_bytes":1268320,"slice_bytes_layers":1096328,"slice_bytes_total":1729876,"solve_ms":788.718,"trees_ms":817.684,"chains_ms":1.821,"layout_ms":8.938,"build_ms":1618.253,"compact_ms":0.710,"save_ms":1.407,"load_ms":0.452,"ti_ms":299.945,"ti_bytes":29113540,"rss_start":52916224,"rss_after_solve":118759424,"rss_after_chains":118759424,"rss_after_layout":118759424,"slice_range_own_ns":13490.726,"slice_range_half_ns":14924.982,"slice_range_root_ns":17380.784,"slice_explicit_own_ns":45224.304,"slice_explicit_half_ns":53851.235,"slice_explicit_root_ns":62501.953,"slice_own_ranges":872.640,"slice_half_ranges":952.139,"slice_root_ranges":1241.646,"full_bytes_total":1756237,"full_bytes_layers":1182756,"full_range_own_ns":339.856,"full_range_half_ns":375.335,"full_range_root_ns":468.356,"full_explicit_own_ns":30663.772,"full_climb_own_ns":12.830,"full_climb_half_ns":26.408,"full_climb_root_ns":11.077,"full_ptr_own_ns":19.138,"full_ptr_half_ns":30.507,"full_ptr_root_ns":14.959,"full_value_ns":15.421,"climb_own_ns":22.560,"climb_half_ns":37.794,"climb_root_ns":22.894,"slice_climb_own_ns":13.357,"slice_climb_half_ns":26.458,"slice_climb_root_ns":13.334,"ptr_own_ns":27.201,"ptr_half_ns":42.977,"ptr_root_ns":27.949,"ptr_checksum":4643884162,"range_own_ns":340.218,"range_half_ns":385.298,"range_root_ns":481.898,"explicit_own_ns":30663.519,"explicit_half_ns":37634.992,"explicit_root_ns":44168.183,"own_output":164797.759,"half_output":199756.685,"root_output":229666.790,"own_ranges":872.640,"half_ranges":952.139,"root_ranges":1241.646,"own_chains":872.640,"half_chains":952.139,"root_chains":1241.646,"value_ns":15.414,"value_checksum":0}
	Command being timed: "/home/wenqianz/UNSW/pivoter/research/r1_skyline_index_20260918/build/chain_index_tool --bench /data/wenqianz/dsets/com-dblp.edges /home/wenqianz/UNSW/pivoter/research/r1_skyline_index_20260918/cx/com-dblp.cx"
	User time (seconds): 30.69
	System time (seconds): 0.07
	Percent of CPU this job got: 99%
	Elapsed (wall clock) time (h:mm:ss or m:ss): 0:30.77
	Average shared text size (kbytes): 0
	Average unshared data size (kbytes): 0
	Average stack size (kbytes): 0
	Average total size (kbytes): 0
	Maximum resident set size (kbytes): 115976
	Average resident set size (kbytes): 0
	Major (requiring I/O) page faults: 0
	Minor (reclaiming a frame) page faults: 40777
	Voluntary context switches: 3
	Involuntary context switches: 69
	Swaps: 0
	File system inputs: 26192
	File system outputs: 5432
	Socket messages sent: 0
	Socket messages received: 0
	Signals delivered: 0
	Page size (bytes): 4096
	Exit status: 0
