$ /usr/bin/time -v /home/wenqianz/UNSW/pivoter/research/r1_skyline_index_20260918/build/chain_index_tool --bench /data/wenqianz/dsets/web-NotreDame.edges /home/wenqianz/UNSW/pivoter/research/r1_skyline_index_20260918/cx/web-NotreDame.cx
{"passed":true,"n":325729,"m":1090108,"s_max":156,"count_bits":256,"chains":9122,"canonical_nodes":15604,"max_depth":236,"pairs_total":43912,"runs_total":19395,"vertex_pairs":1177313,"vertex_residue_cells":317974,"baseline_vertex_bytes":24840466,"bytes_map":97576,"bytes_chains":366176,"bytes_layers":543435,"bytes_total":1007187,"file_bytes":951239,"perm_bytes":1302916,"slice_bytes_layers":550144,"slice_bytes_total":1158624,"solve_ms":2684.631,"trees_ms":1192.069,"chains_ms":2.018,"layout_ms":7.721,"build_ms":3892.341,"compact_ms":0.603,"save_ms":0.727,"load_ms":0.379,"ti_ms":262.774,"ti_bytes":34484628,"rss_start":64466944,"rss_after_solve":166887424,"rss_after_chains":166887424,"rss_after_layout":166887424,"slice_range_own_ns":9729.191,"slice_range_half_ns":10271.614,"slice_range_root_ns":10666.325,"slice_explicit_own_ns":44245.409,"slice_explicit_half_ns":52022.554,"slice_explicit_root_ns":56063.656,"slice_own_ranges":74.070,"slice_half_ranges":88.365,"slice_root_ranges":104.081,"full_bytes_total":1057064,"full_bytes_layers":593312,"full_range_own_ns":54.724,"full_range_half_ns":64.258,"full_range_root_ns":57.920,"full_explicit_own_ns":34074.885,"full_climb_own_ns":12.469,"full_climb_half_ns":18.945,"full_climb_root_ns":9.760,"full_ptr_own_ns":16.856,"full_ptr_half_ns":21.971,"full_ptr_root_ns":12.899,"full_value_ns":18.383,"climb_own_ns":15.687,"climb_half_ns":23.951,"climb_root_ns":13.972,"slice_climb_own_ns":12.517,"slice_climb_half_ns":19.425,"slice_climb_root_ns":9.129,"ptr_own_ns":19.002,"ptr_half_ns":26.904,"ptr_root_ns":17.381,"ptr_checksum":6369604030,"range_own_ns":57.723,"range_half_ns":69.898,"range_root_ns":66.403,"explicit_own_ns":34119.577,"explicit_half_ns":41358.895,"explicit_root_ns":44998.388,"own_output":194481.931,"half_output":232346.942,"root_output":251893.138,"own_ranges":74.070,"half_ranges":88.365,"root_ranges":104.081,"own_chains":74.070,"half_chains":88.365,"root_chains":104.081,"value_ns":18.399,"value_checksum":0}
	Command being timed: "/home/wenqianz/UNSW/pivoter/research/r1_skyline_index_20260918/build/chain_index_tool --bench /data/wenqianz/dsets/web-NotreDame.edges /home/wenqianz/UNSW/pivoter/research/r1_skyline_index_20260918/cx/web-NotreDame.cx"
	User time (seconds): 32.42
	System time (seconds): 0.13
	Percent of CPU this job got: 99%
	Elapsed (wall clock) time (h:mm:ss or m:ss): 0:32.56
	Average shared text size (kbytes): 0
	Average unshared data size (kbytes): 0
	Average stack size (kbytes): 0
	Average total size (kbytes): 0
	Maximum resident set size (kbytes): 193876
	Average resident set size (kbytes): 0
	Major (requiring I/O) page faults: 0
	Minor (reclaiming a frame) page faults: 108235
	Voluntary context switches: 3
	Involuntary context switches: 118
	Swaps: 0
	File system inputs: 28232
	File system outputs: 4416
	Socket messages sent: 0
	Socket messages received: 0
	Signals delivered: 0
	Page size (bytes): 4096
	Exit status: 0
