$ /usr/bin/time -v /home/wenqianz/UNSW/pivoter/research/r1_skyline_index_20260918/build/chain_index_tool --bench /data/wenqianz/dsets/web-Stanford.edges /home/wenqianz/UNSW/pivoter/research/r1_skyline_index_20260918/cx/web-Stanford.cx
{"passed":true,"n":281903,"m":1992636,"s_max":72,"count_bits":64,"chains":17963,"canonical_nodes":53239,"max_depth":2138,"pairs_total":151364,"runs_total":97080,"vertex_pairs":1607989,"vertex_residue_cells":872260,"baseline_vertex_bytes":24853426,"bytes_map":124720,"bytes_chains":1315734,"bytes_layers":2112300,"bytes_total":3552754,"file_bytes":3342822,"perm_bytes":1127612,"slice_bytes_layers":1883192,"slice_bytes_total":3737596,"solve_ms":1698.126,"trees_ms":1800.285,"chains_ms":2.909,"layout_ms":26.308,"build_ms":3530.055,"compact_ms":1.980,"save_ms":2.059,"load_ms":0.912,"ti_ms":1361.408,"ti_bytes":121008860,"rss_start":177082368,"rss_after_solve":238694400,"rss_after_chains":238694400,"rss_after_layout":238964736,"slice_range_own_ns":13219.477,"slice_range_half_ns":15046.548,"slice_range_root_ns":17318.995,"slice_explicit_own_ns":24907.163,"slice_explicit_half_ns":29714.855,"slice_explicit_root_ns":34739.702,"slice_own_ranges":1217.450,"slice_half_ranges":1339.078,"slice_root_ranges":1776.453,"full_bytes_total":3708354,"full_bytes_layers":2267900,"full_range_own_ns":495.110,"full_range_half_ns":576.053,"full_range_root_ns":731.887,"full_explicit_own_ns":11259.639,"full_climb_own_ns":12.140,"full_climb_half_ns":39.863,"full_climb_root_ns":14.650,"full_ptr_own_ns":19.608,"full_ptr_half_ns":48.074,"full_ptr_root_ns":21.635,"full_value_ns":21.748,"climb_own_ns":19.080,"climb_half_ns":48.138,"climb_root_ns":21.893,"slice_climb_own_ns":11.836,"slice_climb_half_ns":39.869,"slice_climb_root_ns":19.239,"ptr_own_ns":23.725,"ptr_half_ns":54.348,"ptr_root_ns":25.490,"ptr_checksum":4108560314,"range_own_ns":492.182,"range_half_ns":570.989,"range_root_ns":713.284,"explicit_own_ns":11245.972,"explicit_half_ns":13867.913,"explicit_root_ns":16983.995,"own_output":83168.623,"half_output":103142.560,"root_output":115825.581,"own_ranges":1217.450,"half_ranges":1339.078,"root_ranges":1776.453,"own_chains":1217.450,"half_chains":1339.078,"root_chains":1776.453,"value_ns":21.452,"value_checksum":0}
	Command being timed: "/home/wenqianz/UNSW/pivoter/research/r1_skyline_index_20260918/build/chain_index_tool --bench /data/wenqianz/dsets/web-Stanford.edges /home/wenqianz/UNSW/pivoter/research/r1_skyline_index_20260918/cx/web-Stanford.cx"
	User time (seconds): 21.05
	System time (seconds): 0.11
	Percent of CPU this job got: 99%
	Elapsed (wall clock) time (h:mm:ss or m:ss): 0:21.17
	Average shared text size (kbytes): 0
	Average unshared data size (kbytes): 0
	Average stack size (kbytes): 0
	Average total size (kbytes): 0
	Maximum resident set size (kbytes): 233364
	Average resident set size (kbytes): 0
	Major (requiring I/O) page faults: 0
	Minor (reclaiming a frame) page faults: 85822
	Voluntary context switches: 2
	Involuntary context switches: 67
	Swaps: 0
	File system inputs: 46864
	File system outputs: 8744
	Socket messages sent: 0
	Socket messages received: 0
	Signals delivered: 0
	Page size (bytes): 4096
	Exit status: 0
