$ CHAIN_SOLVER=terminal CHAIN_TREEPASS=old /usr/bin/time -l /Users/zhangwenqian/UNSW/pivoter/research/r1_skyline_index_20260918/build/chain_index_tool --build-only /Users/zhangwenqian/UNSW/pivoter/graphs/amazon0302.edges
{"n":262111,"solver":"terminal","treepass":"old","count_bits":64,"chains":40867,"canonical_nodes":65134,"index_bytes":3081868,"build_form_bytes":3875704,"compact_ms":0.88475,"bytes_map":212628,"bytes_chains":1122338,"bytes_layers":1746902,"ti_ms":101.719,"ti_bytes":29625400,"rss_loaded":35930112,"rss_with_ti":79577088,"rss_start":79593472,"rss_after_solve":130482176,"rss_after_chains":130498560,"rss_after_layout":130940928,"solve_ms":78.1446,"trees_ms":170.929,"chains_ms":0.880625,"layout_ms":7.23233,"build_ms":257.761}
        0.59 real         0.58 user         0.01 sys
           131022848  maximum resident set size
                   0  average shared memory size
                   0  average unshared data size
                   0  average unshared stack size
                8191  page reclaims
                   1  page faults
                   0  swaps
                   0  block input operations
                   0  block output operations
                   0  messages sent
                   0  messages received
                   0  signals received
                   0  voluntary context switches
                 130  involuntary context switches
          7915651772  instructions retired
          2588371536  cycles elapsed
           130384352  peak memory footprint
