$ CHAIN_SOLVER=tail CHAIN_TREEPASS=fast /usr/bin/time -l /Users/zhangwenqian/UNSW/pivoter/research/r1_skyline_index_20260918/build/chain_index_tool --build-only /Users/zhangwenqian/UNSW/pivoter/graphs/amazon0302.edges
{"n":262111,"solver":"tail","treepass":"fast","count_bits":64,"chains":40867,"canonical_nodes":65134,"index_bytes":3081868,"build_form_bytes":3875704,"compact_ms":0.892416,"bytes_map":212628,"bytes_chains":1122338,"bytes_layers":1746902,"ti_ms":102.748,"ti_bytes":29625400,"rss_loaded":34897920,"rss_with_ti":78528512,"rss_start":78544896,"rss_after_solve":118439936,"rss_after_chains":118718464,"rss_after_layout":119701504,"solve_ms":75.2833,"trees_ms":137.54,"chains_ms":0.967542,"layout_ms":7.52179,"build_ms":222.932}
        0.56 real         0.54 user         0.01 sys
           119799808  maximum resident set size
                   0  average shared memory size
                   0  average unshared data size
                   0  average unshared stack size
                7506  page reclaims
                   1  page faults
                   0  swaps
                   0  block input operations
                   0  block output operations
                   0  messages sent
                   0  messages received
                   0  signals received
                   0  voluntary context switches
                 127  involuntary context switches
          7641779529  instructions retired
          2450684160  cycles elapsed
           119128520  peak memory footprint
