$ CHAIN_SOLVER=terminal CHAIN_TREEPASS=old /usr/bin/time -l /Users/zhangwenqian/UNSW/pivoter/research/r1_skyline_index_20260918/build/chain_index_tool --build-only /Users/zhangwenqian/UNSW/pivoter/graphs/amazon-copurchase.edges
{"n":548552,"solver":"terminal","treepass":"old","count_bits":64,"chains":56315,"canonical_nodes":86798,"index_bytes":3975343,"build_form_bytes":4840472,"compact_ms":1.12358,"bytes_map":328132,"bytes_chains":1385981,"bytes_layers":2261230,"ti_ms":114.197,"ti_bytes":34704420,"rss_loaded":49692672,"rss_with_ti":109805568,"rss_start":109821952,"rss_after_solve":164888576,"rss_after_chains":164904960,"rss_after_layout":165183488,"solve_ms":63.0641,"trees_ms":192.293,"chains_ms":1.73217,"layout_ms":8.47837,"build_ms":266.326}
        0.68 real         0.66 user         0.01 sys
           165314560  maximum resident set size
                   0  average shared memory size
                   0  average unshared data size
                   0  average unshared stack size
               10284  page reclaims
                   1  page faults
                   0  swaps
                   0  block input operations
                   0  block output operations
                   0  messages sent
                   0  messages received
                   0  signals received
                   0  voluntary context switches
                 193  involuntary context switches
          8884206144  instructions retired
          2988441940  cycles elapsed
           164725288  peak memory footprint
