$ CHAIN_SOLVER=terminal CHAIN_TREEPASS=old /usr/bin/time -l /Users/zhangwenqian/UNSW/pivoter/research/r1_skyline_index_20260918/build/chain_index_tool --build-only /Users/zhangwenqian/UNSW/pivoter/graphs/amazon-copurchase.edges
{"n":548552,"solver":"terminal","treepass":"old","count_bits":64,"chains":56315,"canonical_nodes":86798,"index_bytes":3975343,"build_form_bytes":4840472,"compact_ms":1.12979,"bytes_map":328132,"bytes_chains":1385981,"bytes_layers":2261230,"ti_ms":128.728,"ti_bytes":34704420,"rss_loaded":49692672,"rss_with_ti":109772800,"rss_start":109789184,"rss_after_solve":165380096,"rss_after_chains":165396480,"rss_after_layout":165773312,"solve_ms":63.5905,"trees_ms":203.923,"chains_ms":1.74675,"layout_ms":9.32433,"build_ms":279.506}
        0.73 real         0.70 user         0.01 sys
           165904384  maximum resident set size
                   0  average shared memory size
                   0  average unshared data size
                   0  average unshared stack size
               10320  page reclaims
                   1  page faults
                   0  swaps
                   0  block input operations
                   0  block output operations
                   0  messages sent
                   0  messages received
                   0  signals received
                   0  voluntary context switches
                 351  involuntary context switches
          8883194203  instructions retired
          3109639876  cycles elapsed
           165315112  peak memory footprint
