$ CHAIN_SOLVER=terminal CHAIN_TREEPASS=old /usr/bin/time -l /Users/zhangwenqian/UNSW/pivoter/research/r1_skyline_index_20260918/build/chain_index_tool --build-only /Users/zhangwenqian/UNSW/pivoter/graphs/amazon0302.edges
{"n":262111,"solver":"terminal","treepass":"old","count_bits":64,"chains":40867,"canonical_nodes":65134,"index_bytes":3081868,"build_form_bytes":3875704,"compact_ms":0.900792,"bytes_map":212628,"bytes_chains":1122338,"bytes_layers":1746902,"ti_ms":108.709,"ti_bytes":29625400,"rss_loaded":35930112,"rss_with_ti":79577088,"rss_start":79593472,"rss_after_solve":134397952,"rss_after_chains":134414336,"rss_after_layout":134676480,"solve_ms":81.7393,"trees_ms":182.168,"chains_ms":0.922917,"layout_ms":7.70417,"build_ms":273.164}
        0.62 real         0.59 user         0.01 sys
           134742016  maximum resident set size
                   0  average shared memory size
                   0  average unshared data size
                   0  average unshared stack size
                8418  page reclaims
                   1  page faults
                   0  swaps
                   0  block input operations
                   0  block output operations
                   0  messages sent
                   0  messages received
                   0  signals received
                   0  voluntary context switches
                 320  involuntary context switches
          7919268643  instructions retired
          2643964047  cycles elapsed
           134103520  peak memory footprint
