$ CHAIN_SOLVER=tail CHAIN_TREEPASS=fast /usr/bin/time -l /Users/zhangwenqian/UNSW/pivoter/research/r1_skyline_index_20260918/build/chain_index_tool --build-only /Users/zhangwenqian/UNSW/pivoter/graphs/amazon0302.edges
{"n":262111,"solver":"tail","treepass":"fast","count_bits":64,"chains":40867,"canonical_nodes":65134,"index_bytes":3081868,"build_form_bytes":3875704,"compact_ms":0.8495,"bytes_map":212628,"bytes_chains":1122338,"bytes_layers":1746902,"ti_ms":110.613,"ti_bytes":29625400,"rss_loaded":35930112,"rss_with_ti":79577088,"rss_start":79593472,"rss_after_solve":117391360,"rss_after_chains":117669888,"rss_after_layout":118636544,"solve_ms":76.8798,"trees_ms":138.266,"chains_ms":0.954584,"layout_ms":7.31279,"build_ms":224.765}
        0.58 real         0.56 user         0.01 sys
           118734848  maximum resident set size
                   0  average shared memory size
                   0  average unshared data size
                   0  average unshared stack size
                7441  page reclaims
                   1  page faults
                   0  swaps
                   0  block input operations
                   0  block output operations
                   0  messages sent
                   0  messages received
                   0  signals received
                   0  voluntary context switches
                 181  involuntary context switches
          7637782767  instructions retired
          2496899743  cycles elapsed
           118063560  peak memory footprint
