$ CHAIN_SOLVER=terminal CHAIN_TREEPASS=old /usr/bin/time -l /Users/zhangwenqian/UNSW/pivoter/research/r1_skyline_index_20260918/build/chain_index_tool --build-only /Users/zhangwenqian/UNSW/pivoter/graphs/amazon0302.edges
{"n":262111,"solver":"terminal","treepass":"old","count_bits":64,"chains":40867,"canonical_nodes":65134,"index_bytes":3081868,"build_form_bytes":3875704,"compact_ms":0.881584,"bytes_map":212628,"bytes_chains":1122338,"bytes_layers":1746902,"ti_ms":105.211,"ti_bytes":29625400,"rss_loaded":35930112,"rss_with_ti":79577088,"rss_start":79593472,"rss_after_solve":130695168,"rss_after_chains":130711552,"rss_after_layout":131137536,"solve_ms":77.8345,"trees_ms":167.281,"chains_ms":0.858333,"layout_ms":7.40188,"build_ms":253.952}
        0.60 real         0.58 user         0.01 sys
           131186688  maximum resident set size
                   0  average shared memory size
                   0  average unshared data size
                   0  average unshared stack size
                8201  page reclaims
                   1  page faults
                   0  swaps
                   0  block input operations
                   0  block output operations
                   0  messages sent
                   0  messages received
                   0  signals received
                   0  voluntary context switches
                 190  involuntary context switches
          7914271929  instructions retired
          2615710437  cycles elapsed
           130548192  peak memory footprint
