$ CHAIN_SOLVER=tail CHAIN_TREEPASS=fast /usr/bin/time -l /Users/zhangwenqian/UNSW/pivoter/research/r1_skyline_index_20260918/build/chain_index_tool --build-only /Users/zhangwenqian/UNSW/pivoter/graphs/amazon-copurchase.edges
{"n":548552,"solver":"tail","treepass":"fast","count_bits":64,"chains":56315,"canonical_nodes":86798,"index_bytes":3975343,"build_form_bytes":4840472,"compact_ms":1.24171,"bytes_map":328132,"bytes_chains":1385981,"bytes_layers":2261230,"ti_ms":104.838,"ti_bytes":34704420,"rss_loaded":49676288,"rss_with_ti":109740032,"rss_start":109756416,"rss_after_solve":165330944,"rss_after_chains":165396480,"rss_after_layout":166199296,"solve_ms":61.9975,"trees_ms":145.335,"chains_ms":1.71904,"layout_ms":8.74229,"build_ms":219.859}
        0.63 real         0.61 user         0.02 sys
           166379520  maximum resident set size
                   0  average shared memory size
                   0  average unshared data size
                   0  average unshared stack size
               10349  page reclaims
                   1  page faults
                   0  swaps
                   0  block input operations
                   0  block output operations
                   0  messages sent
                   0  messages received
                   0  signals received
                   0  voluntary context switches
                 172  involuntary context switches
          8545963272  instructions retired
          2776838390  cycles elapsed
           165773864  peak memory footprint
