$ CHAIN_SOLVER=tail CHAIN_TREEPASS=fast /usr/bin/time -l /Users/zhangwenqian/UNSW/pivoter/research/r1_skyline_index_20260918/build/chain_index_tool --build-only /Users/zhangwenqian/UNSW/pivoter/graphs/amazon0302.edges
{"n":262111,"solver":"tail","treepass":"fast","count_bits":64,"chains":40867,"canonical_nodes":65134,"index_bytes":3081868,"build_form_bytes":3875704,"compact_ms":0.896042,"bytes_map":212628,"bytes_chains":1122338,"bytes_layers":1746902,"ti_ms":105.653,"ti_bytes":29625400,"rss_loaded":35930112,"rss_with_ti":79527936,"rss_start":79544320,"rss_after_solve":117342208,"rss_after_chains":117620736,"rss_after_layout":118620160,"solve_ms":80.4478,"trees_ms":139.712,"chains_ms":0.906584,"layout_ms":7.56917,"build_ms":229.919}
        0.57 real         0.55 user         0.01 sys
           118702080  maximum resident set size
                   0  average shared memory size
                   0  average unshared data size
                   0  average unshared stack size
                7439  page reclaims
                   1  page faults
                   0  swaps
                   0  block input operations
                   0  block output operations
                   0  messages sent
                   0  messages received
                   0  signals received
                   0  voluntary context switches
                 153  involuntary context switches
          7643183728  instructions retired
          2479792887  cycles elapsed
           118030792  peak memory footprint
