$ CHAIN_SOLVER=tail CHAIN_TREEPASS=fast /usr/bin/time -l /Users/zhangwenqian/UNSW/pivoter/research/r1_skyline_index_20260918/build/chain_index_tool --build-only /Users/zhangwenqian/UNSW/pivoter/graphs/amazon0302.edges
{"n":262111,"solver":"tail","treepass":"fast","count_bits":64,"chains":40867,"canonical_nodes":65134,"index_bytes":3081868,"build_form_bytes":3875704,"compact_ms":0.900625,"bytes_map":212628,"bytes_chains":1122338,"bytes_layers":1746902,"ti_ms":103.674,"ti_bytes":29625400,"rss_loaded":35930112,"rss_with_ti":79544320,"rss_start":79560704,"rss_after_solve":117342208,"rss_after_chains":117620736,"rss_after_layout":118603776,"solve_ms":76.2357,"trees_ms":136.58,"chains_ms":0.890208,"layout_ms":7.48654,"build_ms":222.634}
        0.58 real         0.55 user         0.01 sys
           118702080  maximum resident set size
                   0  average shared memory size
                   0  average unshared data size
                   0  average unshared stack size
                7439  page reclaims
                   1  page faults
                   0  swaps
                   0  block input operations
                   0  block output operations
                   0  messages sent
                   0  messages received
                   0  signals received
                   0  voluntary context switches
                 324  involuntary context switches
          7642817423  instructions retired
          2486555167  cycles elapsed
           118030792  peak memory footprint
