$ CHAIN_SOLVER=terminal CHAIN_TREEPASS=old /usr/bin/time -l /Users/zhangwenqian/UNSW/pivoter/research/r1_skyline_index_20260918/build/chain_index_tool --build-only /Users/zhangwenqian/UNSW/pivoter/graphs/amazon-copurchase.edges
{"n":548552,"solver":"terminal","treepass":"old","count_bits":64,"chains":56315,"canonical_nodes":86798,"index_bytes":3975343,"build_form_bytes":4840472,"compact_ms":1.12529,"bytes_map":328132,"bytes_chains":1385981,"bytes_layers":2261230,"ti_ms":107.796,"ti_bytes":34704420,"rss_loaded":49692672,"rss_with_ti":109740032,"rss_start":109756416,"rss_after_solve":164970496,"rss_after_chains":164986880,"rss_after_layout":165363712,"solve_ms":62.192,"trees_ms":197.826,"chains_ms":1.69554,"layout_ms":8.30729,"build_ms":270.795}
        0.68 real         0.66 user         0.01 sys
           165511168  maximum resident set size
                   0  average shared memory size
                   0  average unshared data size
                   0  average unshared stack size
               10296  page reclaims
                   1  page faults
                   0  swaps
                   0  block input operations
                   0  block output operations
                   0  messages sent
                   0  messages received
                   0  signals received
                   0  voluntary context switches
                 228  involuntary context switches
          8875760909  instructions retired
          2964307099  cycles elapsed
           164921896  peak memory footprint
