$ CHAIN_SOLVER=terminal CHAIN_TREEPASS=old /usr/bin/time -l /Users/zhangwenqian/UNSW/pivoter/research/r1_skyline_index_20260918/build/chain_index_tool --build-only /Users/zhangwenqian/UNSW/pivoter/graphs/amazon-copurchase.edges
{"n":548552,"solver":"terminal","treepass":"old","count_bits":64,"chains":56315,"canonical_nodes":86798,"index_bytes":3975343,"build_form_bytes":4840472,"compact_ms":1.1235,"bytes_map":328132,"bytes_chains":1385981,"bytes_layers":2261230,"ti_ms":111.656,"ti_bytes":34704420,"rss_loaded":49692672,"rss_with_ti":109805568,"rss_start":109821952,"rss_after_solve":165101568,"rss_after_chains":165117952,"rss_after_layout":165511168,"solve_ms":62.9455,"trees_ms":192.161,"chains_ms":1.73908,"layout_ms":8.44754,"build_ms":266.06}
        0.69 real         0.66 user         0.02 sys
           165642240  maximum resident set size
                   0  average shared memory size
                   0  average unshared data size
                   0  average unshared stack size
               10304  page reclaims
                   1  page faults
                   0  swaps
                   0  block input operations
                   0  block output operations
                   0  messages sent
                   0  messages received
                   0  signals received
                   0  voluntary context switches
                 193  involuntary context switches
          8889522042  instructions retired
          2998699145  cycles elapsed
           165052968  peak memory footprint
