$ CHAIN_SOLVER=tail CHAIN_TREEPASS=fast /usr/bin/time -l /Users/zhangwenqian/UNSW/pivoter/research/r1_skyline_index_20260918/build/chain_index_tool --build-only /Users/zhangwenqian/UNSW/pivoter/graphs/amazon-copurchase.edges
{"n":548552,"solver":"tail","treepass":"fast","count_bits":64,"chains":56315,"canonical_nodes":86798,"index_bytes":3975343,"build_form_bytes":4840472,"compact_ms":1.08979,"bytes_map":328132,"bytes_chains":1385981,"bytes_layers":2261230,"ti_ms":117.227,"ti_bytes":34704420,"rss_loaded":49692672,"rss_with_ti":111706112,"rss_start":111722496,"rss_after_solve":166428672,"rss_after_chains":166494208,"rss_after_layout":167297024,"solve_ms":67.5811,"trees_ms":152.83,"chains_ms":1.7785,"layout_ms":8.66025,"build_ms":232.93}
        0.66 real         0.64 user         0.01 sys
           167477248  maximum resident set size
                   0  average shared memory size
                   0  average unshared data size
                   0  average unshared stack size
               10416  page reclaims
                   1  page faults
                   0  swaps
                   0  block input operations
                   0  block output operations
                   0  messages sent
                   0  messages received
                   0  signals received
                   0  voluntary context switches
                 336  involuntary context switches
          8554531566  instructions retired
          2844989058  cycles elapsed
           166871592  peak memory footprint
