$ CHAIN_SOLVER=tail CHAIN_TREEPASS=fast /usr/bin/time -l /Users/zhangwenqian/UNSW/pivoter/research/r1_skyline_index_20260918/build/chain_index_tool --build-only /Users/zhangwenqian/UNSW/pivoter/graphs/amazon0302.edges
{"n":262111,"solver":"tail","treepass":"fast","count_bits":64,"chains":40867,"canonical_nodes":65134,"index_bytes":3081868,"build_form_bytes":3875704,"compact_ms":0.907292,"bytes_map":212628,"bytes_chains":1122338,"bytes_layers":1746902,"ti_ms":101.307,"ti_bytes":29625400,"rss_loaded":34897920,"rss_with_ti":78495744,"rss_start":78512128,"rss_after_solve":118423552,"rss_after_chains":119046144,"rss_after_layout":119963648,"solve_ms":78.9184,"trees_ms":142.157,"chains_ms":1.18521,"layout_ms":7.64279,"build_ms":231.34}
        0.57 real         0.55 user         0.01 sys
           120061952  maximum resident set size
                   0  average shared memory size
                   0  average unshared data size
                   0  average unshared stack size
                7522  page reclaims
                   1  page faults
                   0  swaps
                   0  block input operations
                   0  block output operations
                   0  messages sent
                   0  messages received
                   0  signals received
                   0  voluntary context switches
                 156  involuntary context switches
          7634933876  instructions retired
          2461876548  cycles elapsed
           119407072  peak memory footprint
