$ CHAIN_SOLVER=tail CHAIN_TREEPASS=fast /usr/bin/time -l /Users/zhangwenqian/UNSW/pivoter/research/r1_skyline_index_20260918/build/chain_index_tool --build-only /Users/zhangwenqian/UNSW/pivoter/graphs/ca-AstroPh.edges
{"n":18772,"solver":"tail","treepass":"fast","count_bits":64,"chains":3331,"canonical_nodes":6462,"index_bytes":617232,"build_form_bytes":616488,"compact_ms":0.21725,"bytes_map":16860,"bytes_chains":232019,"bytes_layers":368353,"ti_ms":111.937,"ti_bytes":8266272,"rss_loaded":7307264,"rss_with_ti":20742144,"rss_start":20758528,"rss_after_solve":22790144,"rss_after_chains":22822912,"rss_after_layout":23724032,"solve_ms":45.7695,"trees_ms":77.3131,"chains_ms":0.27875,"layout_ms":2.02588,"build_ms":125.779}
        0.28 real         0.27 user         0.00 sys
            24035328  maximum resident set size
                   0  average shared memory size
                   0  average unshared data size
                   0  average unshared stack size
                1661  page reclaims
                   1  page faults
                   0  swaps
                   0  block input operations
                   0  block output operations
                   0  messages sent
                   0  messages received
                   0  signals received
                   0  voluntary context switches
                 196  involuntary context switches
          3330929961  instructions retired
          1179651990  cycles elapsed
            23298408  peak memory footprint
