$ CHAIN_SOLVER=tail CHAIN_TREEPASS=fast /usr/bin/time -l /Users/zhangwenqian/UNSW/pivoter/research/r1_skyline_index_20260918/build/chain_index_tool --build-only /Users/zhangwenqian/UNSW/pivoter/graphs/ca-AstroPh.edges
{"n":18772,"solver":"tail","treepass":"fast","count_bits":64,"chains":3331,"canonical_nodes":6462,"index_bytes":617232,"build_form_bytes":616488,"compact_ms":0.231,"bytes_map":16860,"bytes_chains":232019,"bytes_layers":368353,"ti_ms":119.725,"ti_bytes":8266272,"rss_loaded":7307264,"rss_with_ti":20856832,"rss_start":20873216,"rss_after_solve":22839296,"rss_after_chains":22855680,"rss_after_layout":23707648,"solve_ms":42.046,"trees_ms":69.1109,"chains_ms":0.270083,"layout_ms":1.82517,"build_ms":113.671}
        0.27 real         0.26 user         0.00 sys
            24051712  maximum resident set size
                   0  average shared memory size
                   0  average unshared data size
                   0  average unshared stack size
                1662  page reclaims
                   1  page faults
                   0  swaps
                   0  block input operations
                   0  block output operations
                   0  messages sent
                   0  messages received
                   0  signals received
                   0  voluntary context switches
                 260  involuntary context switches
          3336802511  instructions retired
          1157696803  cycles elapsed
            23331200  peak memory footprint
