$ CHAIN_SOLVER=terminal CHAIN_TREEPASS=old /usr/bin/time -l /Users/zhangwenqian/UNSW/pivoter/research/r1_skyline_index_20260918/build/chain_index_tool --build-only /Users/zhangwenqian/UNSW/pivoter/graphs/cit-HepPh.edges
{"n":34546,"solver":"terminal","treepass":"old","count_bits":64,"chains":16623,"canonical_nodes":9369,"index_bytes":1610959,"build_form_bytes":2093928,"compact_ms":0.614584,"bytes_map":72980,"bytes_chains":831455,"bytes_layers":706524,"ti_ms":359.48,"ti_bytes":44387636,"rss_loaded":13385728,"rss_with_ti":87228416,"rss_start":87244800,"rss_after_solve":94617600,"rss_after_chains":94650368,"rss_after_layout":95993856,"solve_ms":165.969,"trees_ms":206.556,"chains_ms":0.421875,"layout_ms":5.21179,"build_ms":378.588}
        0.82 real         0.80 user         0.01 sys
            96108544  maximum resident set size
                   0  average shared memory size
                   0  average unshared data size
                   0  average unshared stack size
                6060  page reclaims
                   1  page faults
                   0  swaps
                   0  block input operations
                   0  block output operations
                   0  messages sent
                   0  messages received
                   0  signals received
                   0  voluntary context switches
                 828  involuntary context switches
          9398479985  instructions retired
          3579908761  cycles elapsed
            95437232  peak memory footprint
