$ CHAIN_SOLVER=tail CHAIN_TREEPASS=fast /usr/bin/time -l /Users/zhangwenqian/UNSW/pivoter/research/r1_skyline_index_20260918/build/chain_index_tool --build-only /Users/zhangwenqian/UNSW/pivoter/graphs/cit-HepPh.edges
{"n":34546,"solver":"tail","treepass":"fast","count_bits":64,"chains":16623,"canonical_nodes":9369,"index_bytes":1610959,"build_form_bytes":2093928,"compact_ms":0.640709,"bytes_map":72980,"bytes_chains":831455,"bytes_layers":706524,"ti_ms":379.031,"ti_bytes":44387636,"rss_loaded":13385728,"rss_with_ti":87277568,"rss_start":87293952,"rss_after_solve":105463808,"rss_after_chains":105480192,"rss_after_layout":107970560,"solve_ms":154.972,"trees_ms":204.189,"chains_ms":0.425,"layout_ms":4.98679,"build_ms":366.113}
        0.83 real         0.81 user         0.01 sys
           108199936  maximum resident set size
                   0  average shared memory size
                   0  average unshared data size
                   0  average unshared stack size
                6798  page reclaims
                   1  page faults
                   0  swaps
                   0  block input operations
                   0  block output operations
                   0  messages sent
                   0  messages received
                   0  signals received
                   0  voluntary context switches
                 415  involuntary context switches
          9151069107  instructions retired
          3563373184  cycles elapsed
           107528648  peak memory footprint
