$ CHAIN_SOLVER=terminal CHAIN_TREEPASS=old /usr/bin/time -l /Users/zhangwenqian/UNSW/pivoter/research/r1_skyline_index_20260918/build/chain_index_tool --build-only /Users/zhangwenqian/UNSW/pivoter/graphs/cit-HepPh.edges
{"n":34546,"solver":"terminal","treepass":"old","count_bits":64,"chains":16623,"canonical_nodes":9369,"index_bytes":1610959,"build_form_bytes":2093928,"compact_ms":0.616958,"bytes_map":72980,"bytes_chains":831455,"bytes_layers":706524,"ti_ms":362.504,"ti_bytes":44387636,"rss_loaded":13402112,"rss_with_ti":87621632,"rss_start":87638016,"rss_after_solve":94715904,"rss_after_chains":94748672,"rss_after_layout":96059392,"solve_ms":159.119,"trees_ms":202.695,"chains_ms":0.418209,"layout_ms":4.83258,"build_ms":367.527}
        0.82 real         0.80 user         0.01 sys
            96174080  maximum resident set size
                   0  average shared memory size
                   0  average unshared data size
                   0  average unshared stack size
                6064  page reclaims
                   1  page faults
                   0  swaps
                   0  block input operations
                   0  block output operations
                   0  messages sent
                   0  messages received
                   0  signals received
                   0  voluntary context switches
                 223  involuntary context switches
          9402909135  instructions retired
          3560035767  cycles elapsed
            95502768  peak memory footprint
