$ CHAIN_SOLVER=terminal CHAIN_TREEPASS=old /usr/bin/time -l /Users/zhangwenqian/UNSW/pivoter/research/r1_skyline_index_20260918/build/chain_index_tool --build-only /Users/zhangwenqian/UNSW/pivoter/graphs/cit-HepPh.edges
{"n":34546,"solver":"terminal","treepass":"old","count_bits":64,"chains":16623,"canonical_nodes":9369,"index_bytes":1610959,"build_form_bytes":2093928,"compact_ms":0.616625,"bytes_map":72980,"bytes_chains":831455,"bytes_layers":706524,"ti_ms":381.247,"ti_bytes":44387636,"rss_loaded":13385728,"rss_with_ti":87343104,"rss_start":87359488,"rss_after_solve":95485952,"rss_after_chains":95518720,"rss_after_layout":96894976,"solve_ms":161.064,"trees_ms":205.167,"chains_ms":0.42975,"layout_ms":4.855,"build_ms":371.99}
        0.84 real         0.82 user         0.01 sys
            97009664  maximum resident set size
                   0  average shared memory size
                   0  average unshared data size
                   0  average unshared stack size
                6115  page reclaims
                   1  page faults
                   0  swaps
                   0  block input operations
                   0  block output operations
                   0  messages sent
                   0  messages received
                   0  signals received
                   0  voluntary context switches
                 416  involuntary context switches
          9401930114  instructions retired
          3600313118  cycles elapsed
            96338352  peak memory footprint
