$ CHAIN_SOLVER=tail CHAIN_TREEPASS=fast /usr/bin/time -l /Users/zhangwenqian/UNSW/pivoter/research/r1_skyline_index_20260918/build/chain_index_tool --build-only /Users/zhangwenqian/UNSW/pivoter/graphs/cit-HepPh.edges
{"n":34546,"solver":"tail","treepass":"fast","count_bits":64,"chains":16623,"canonical_nodes":9369,"index_bytes":1610959,"build_form_bytes":2093928,"compact_ms":0.634,"bytes_map":72980,"bytes_chains":831455,"bytes_layers":706524,"ti_ms":363.532,"ti_bytes":44387636,"rss_loaded":13385728,"rss_with_ti":88424448,"rss_start":88440832,"rss_after_solve":105431040,"rss_after_chains":105447424,"rss_after_layout":107905024,"solve_ms":151.599,"trees_ms":186.914,"chains_ms":0.502458,"layout_ms":4.97767,"build_ms":345.63}
        0.79 real         0.77 user         0.01 sys
           108232704  maximum resident set size
                   0  average shared memory size
                   0  average unshared data size
                   0  average unshared stack size
                6800  page reclaims
                   1  page faults
                   0  swaps
                   0  block input operations
                   0  block output operations
                   0  messages sent
                   0  messages received
                   0  signals received
                   0  voluntary context switches
                 227  involuntary context switches
          9149108903  instructions retired
          3486909497  cycles elapsed
           107561416  peak memory footprint
