$ CHAIN_SOLVER=tail CHAIN_TREEPASS=fast /usr/bin/time -l /Users/zhangwenqian/UNSW/pivoter/research/r1_skyline_index_20260918/build/chain_index_tool --build-only /Users/zhangwenqian/UNSW/pivoter/graphs/email-Eu-core.edges
{"n":1005,"solver":"tail","treepass":"fast","count_bits":64,"chains":667,"canonical_nodes":2602,"index_bytes":145590,"build_form_bytes":166432,"compact_ms":0.065167,"bytes_map":2868,"bytes_chains":47387,"bytes_layers":95335,"ti_ms":45.1336,"ti_bytes":5520444,"rss_loaded":2113536,"rss_with_ti":9469952,"rss_start":9486336,"rss_after_solve":11370496,"rss_after_chains":11370496,"rss_after_layout":11878400,"solve_ms":16.2675,"trees_ms":23.6984,"chains_ms":0.034334,"layout_ms":0.535625,"build_ms":40.6645}
        0.09 real         0.08 user         0.00 sys
            12009472  maximum resident set size
                   0  average shared memory size
                   0  average unshared data size
                   0  average unshared stack size
                 927  page reclaims
                   1  page faults
                   0  swaps
                   0  block input operations
                   0  block output operations
                   0  messages sent
                   0  messages received
                   0  signals received
                   0  voluntary context switches
                  15  involuntary context switches
          1239312732  instructions retired
           388469190  cycles elapsed
            11256144  peak memory footprint
