$ CHAIN_SOLVER=terminal CHAIN_TREEPASS=old /usr/bin/time -l /Users/zhangwenqian/UNSW/pivoter/research/r1_skyline_index_20260918/build/chain_index_tool --build-only /Users/zhangwenqian/UNSW/pivoter/graphs/email-Eu-core.edges
{"n":1005,"solver":"terminal","treepass":"old","count_bits":64,"chains":667,"canonical_nodes":2602,"index_bytes":145590,"build_form_bytes":166432,"compact_ms":0.062542,"bytes_map":2868,"bytes_chains":47387,"bytes_layers":95335,"ti_ms":44.7524,"ti_bytes":5520444,"rss_loaded":2097152,"rss_with_ti":9469952,"rss_start":9486336,"rss_after_solve":11583488,"rss_after_chains":11616256,"rss_after_layout":11862016,"solve_ms":16.9209,"trees_ms":24.2229,"chains_ms":0.037334,"layout_ms":0.501166,"build_ms":41.7538}
        0.09 real         0.08 user         0.00 sys
            11927552  maximum resident set size
                   0  average shared memory size
                   0  average unshared data size
                   0  average unshared stack size
                 922  page reclaims
                   1  page faults
                   0  swaps
                   0  block input operations
                   0  block output operations
                   0  messages sent
                   0  messages received
                   0  signals received
                   2  voluntary context switches
                  29  involuntary context switches
          1276191982  instructions retired
           394614683  cycles elapsed
            11190608  peak memory footprint
