$ CHAIN_SOLVER=terminal CHAIN_TREEPASS=old /usr/bin/time -l /Users/zhangwenqian/UNSW/pivoter/research/r1_skyline_index_20260918/build/chain_index_tool --build-only /Users/zhangwenqian/UNSW/pivoter/graphs/email-Eu-core.edges
{"n":1005,"solver":"terminal","treepass":"old","count_bits":64,"chains":667,"canonical_nodes":2602,"index_bytes":145590,"build_form_bytes":166432,"compact_ms":0.0625,"bytes_map":2868,"bytes_chains":47387,"bytes_layers":95335,"ti_ms":48.414,"ti_bytes":5520444,"rss_loaded":2097152,"rss_with_ti":11206656,"rss_start":11223040,"rss_after_solve":15433728,"rss_after_chains":15466496,"rss_after_layout":15712256,"solve_ms":17.498,"trees_ms":25.7197,"chains_ms":0.038542,"layout_ms":0.503292,"build_ms":43.8348}
        0.09 real         0.09 user         0.00 sys
            15777792  maximum resident set size
                   0  average shared memory size
                   0  average unshared data size
                   0  average unshared stack size
                1159  page reclaims
                   1  page faults
                   0  swaps
                   0  block input operations
                   0  block output operations
                   0  messages sent
                   0  messages received
                   0  signals received
                   0  voluntary context switches
                  59  involuntary context switches
          1280316358  instructions retired
           418902770  cycles elapsed
            15057256  peak memory footprint
