$ CHAIN_SOLVER=tail CHAIN_TREEPASS=fast /usr/bin/time -l /Users/zhangwenqian/UNSW/pivoter/research/r1_skyline_index_20260918/build/chain_index_tool --build-only /Users/zhangwenqian/UNSW/pivoter/graphs/email-Eu-core.edges
{"n":1005,"solver":"tail","treepass":"fast","count_bits":64,"chains":667,"canonical_nodes":2602,"index_bytes":145590,"build_form_bytes":166432,"compact_ms":0.086917,"bytes_map":2868,"bytes_chains":47387,"bytes_layers":95335,"ti_ms":45.1723,"ti_bytes":5520444,"rss_loaded":2097152,"rss_with_ti":9469952,"rss_start":9486336,"rss_after_solve":11436032,"rss_after_chains":11468800,"rss_after_layout":11993088,"solve_ms":17.5886,"trees_ms":24.7997,"chains_ms":0.042375,"layout_ms":0.63325,"build_ms":43.204}
        0.09 real         0.09 user         0.00 sys
            12042240  maximum resident set size
                   0  average shared memory size
                   0  average unshared data size
                   0  average unshared stack size
                 929  page reclaims
                   1  page faults
                   0  swaps
                   0  block input operations
                   0  block output operations
                   0  messages sent
                   0  messages received
                   0  signals received
                   0  voluntary context switches
                  32  involuntary context switches
          1242469183  instructions retired
           397944222  cycles elapsed
            11305320  peak memory footprint
