$ /usr/bin/time -l /Users/zhangwenqian/UNSW/pivoter/research/r1_skyline_index_20260918/build/chain_index_tool --bench graphs/ca-AstroPh.edges /Users/zhangwenqian/UNSW/pivoter/research/r1_skyline_index_20260918/cx/ca-AstroPh.cx
{"passed":true,"n":18772,"m":198050,"s_max":57,"count_bits":64,"chains":3331,"canonical_nodes":6462,"max_depth":571,"pairs_total":36381,"runs_total":25742,"vertex_pairs":205525,"vertex_residue_cells":22527,"baseline_vertex_bytes":2216476,"bytes_map":16860,"bytes_chains":292354,"bytes_layers":387320,"bytes_total":696534,"file_bytes":673022,"perm_bytes":75088,"slice_bytes_layers":300612,"slice_bytes_total":609826,"solve_ms":442.970,"trees_ms":132.440,"chains_ms":2.496,"layout_ms":1.654,"build_ms":579.732,"compact_ms":0.157,"save_ms":2.853,"load_ms":0.277,"slice_range_own_ns":2367.046,"slice_range_half_ns":2651.912,"slice_range_root_ns":3369.084,"slice_explicit_own_ns":5163.927,"slice_explicit_half_ns":5294.192,"slice_explicit_root_ns":6855.583,"slice_ladder_ns":31152.381,"slice_own_ranges":960.821,"slice_half_ranges":984.422,"slice_root_ranges":1140.781,"ptr_own_ns":4.790,"ptr_half_ns":18.496,"ptr_root_ns":4.583,"ptr_checksum":2080035480,"range_own_ns":352.052,"range_half_ns":407.552,"range_root_ns":237.792,"explicit_own_ns":3333.025,"explicit_half_ns":2327.562,"explicit_root_ns":2529.541,"own_output":8853.513,"half_output":9701.497,"root_output":11775.012,"own_ranges":960.821,"half_ranges":984.422,"root_ranges":1140.781,"own_chains":960.821,"half_chains":984.422,"root_chains":1140.781,"member_ns":12.558,"member_checksum":64032,"value_ns":4.950,"value_checksum":0,"ladder_ns":8429.635,"ladder_steps":42.850}
        8.23 real         8.03 user         0.06 sys
            56000512  maximum resident set size
                   0  average shared memory size
                   0  average unshared data size
                   0  average unshared stack size
                3606  page reclaims
                   1  page faults
                   0  swaps
                   0  block input operations
                   0  block output operations
                   0  messages sent
                   0  messages received
                   0  signals received
                   3  voluntary context switches
                9268  involuntary context switches
        119684401747  instructions retired
         21598699367  cycles elapsed
            55361944  peak memory footprint
