$ /usr/bin/time -l /Users/zhangwenqian/UNSW/pivoter/research/r1_skyline_index_20260918/build/chain_index_tool --bench graphs/ca-CondMat.edges /Users/zhangwenqian/UNSW/pivoter/research/r1_skyline_index_20260918/cx/ca-CondMat.cx
{"passed":true,"n":23133,"m":93439,"s_max":26,"count_bits":64,"chains":1917,"canonical_nodes":3357,"max_depth":105,"pairs_total":8693,"runs_total":3658,"vertex_pairs":103768,"vertex_residue_cells":9756,"baseline_vertex_bytes":1299206,"bytes_map":12020,"bytes_chains":61272,"bytes_layers":104370,"bytes_total":177662,"file_bytes":165372,"perm_bytes":92532,"slice_bytes_layers":115340,"slice_bytes_total":204208,"solve_ms":7.141,"trees_ms":15.370,"chains_ms":0.114,"layout_ms":0.470,"build_ms":23.158,"compact_ms":0.114,"save_ms":2.512,"load_ms":0.148,"ti_ms":14.335,"ti_bytes":2550144,"rss_start":7323648,"rss_after_solve":12009472,"rss_after_chains":12009472,"rss_after_layout":12255232,"slice_range_own_ns":660.231,"slice_range_half_ns":829.229,"slice_range_root_ns":719.042,"slice_explicit_own_ns":1675.769,"slice_explicit_half_ns":1860.654,"slice_explicit_root_ns":2271.084,"slice_ladder_ns":1987.058,"slice_own_ranges":165.008,"slice_half_ranges":181.059,"slice_root_ranges":214.896,"full_bytes_total":196752,"full_bytes_layers":123460,"full_range_own_ns":88.635,"full_range_half_ns":99.371,"full_range_root_ns":97.000,"full_explicit_own_ns":876.550,"full_climb_own_ns":11.379,"full_climb_half_ns":15.898,"full_climb_root_ns":8.292,"full_ptr_own_ns":14.783,"full_ptr_half_ns":23.100,"full_ptr_root_ns":8.292,"full_member_ns":9.781,"full_value_ns":9.480,"full_ladder_ns":254.735,"climb_own_ns":8.233,"climb_half_ns":20.552,"climb_root_ns":6.583,"slice_climb_own_ns":11.994,"slice_climb_half_ns":26.456,"slice_climb_root_ns":5.167,"ptr_own_ns":8.250,"ptr_half_ns":20.704,"ptr_root_ns":7.625,"ptr_checksum":233927754,"range_own_ns":74.388,"range_half_ns":84.588,"range_root_ns":81.000,"explicit_own_ns":860.129,"explicit_half_ns":949.477,"explicit_root_ns":1220.042,"own_output":9998.650,"half_output":12008.097,"root_output":14388.631,"own_ranges":165.008,"half_ranges":181.059,"root_ranges":214.896,"own_chains":165.008,"half_chains":181.059,"root_chains":214.896,"member_ns":17.937,"member_checksum":62178,"value_ns":10.116,"value_checksum":0,"ladder_ns":258.079,"ladder_steps":7.104}
        1.38 real         1.35 user         0.01 sys
            15302656  maximum resident set size
                   0  average shared memory size
                   0  average unshared data size
                   0  average unshared stack size
                1124  page reclaims
                   1  page faults
                   0  swaps
                   0  block input operations
                   0  block output operations
                   0  messages sent
                   0  messages received
                   0  signals received
                   4  voluntary context switches
                1179  involuntary context switches
         22770866782  instructions retired
          3845326811  cycles elapsed
            14582144  peak memory footprint
