$ /usr/bin/time -l /Users/zhangwenqian/UNSW/pivoter/research/r1_skyline_index_20260918/build/chain_index_tool --bench data/ca-GrQc.edges /Users/zhangwenqian/UNSW/pivoter/research/r1_skyline_index_20260918/cx/ca-GrQc.cx
{"passed":true,"n":5242,"m":14484,"s_max":44,"count_bits":64,"chains":716,"canonical_nodes":1517,"max_depth":26,"pairs_total":2079,"runs_total":624,"vertex_pairs":20045,"vertex_residue_cells":1058,"baseline_vertex_bytes":272564,"bytes_map":3856,"bytes_chains":16892,"bytes_layers":47812,"bytes_total":68560,"file_bytes":64308,"perm_bytes":20968,"slice_bytes_layers":44724,"slice_bytes_total":65472,"solve_ms":8.749,"trees_ms":4.574,"chains_ms":0.456,"layout_ms":0.168,"build_ms":13.977,"compact_ms":0.047,"save_ms":4.322,"load_ms":0.126,"slice_range_own_ns":146.346,"slice_range_half_ns":263.569,"slice_range_root_ns":271.625,"slice_explicit_own_ns":223.477,"slice_explicit_half_ns":370.206,"slice_explicit_root_ns":235.916,"slice_ladder_ns":200.004,"slice_own_ranges":14.084,"slice_half_ranges":15.750,"slice_root_ranges":18.610,"ptr_own_ns":12.717,"ptr_half_ns":13.069,"ptr_root_ns":5.167,"ptr_checksum":495280072,"range_own_ns":51.708,"range_half_ns":23.927,"range_root_ns":10.875,"explicit_own_ns":163.119,"explicit_half_ns":260.904,"explicit_root_ns":277.167,"own_output":1658.127,"half_output":2107.703,"root_output":2208.126,"own_ranges":14.084,"half_ranges":15.750,"root_ranges":18.610,"own_chains":14.084,"half_chains":15.750,"root_chains":18.610,"member_ns":9.808,"member_checksum":45720,"value_ns":13.489,"value_checksum":0,"ladder_ns":57.817,"ladder_steps":2.084}
        0.27 real         0.25 user         0.00 sys
            11943936  maximum resident set size
                   0  average shared memory size
                   0  average unshared data size
                   0  average unshared stack size
                 899  page reclaims
                  19  page faults
                   0  swaps
                   0  block input operations
                   0  block output operations
                   0  messages sent
                   0  messages received
                   0  signals received
                   7  voluntary context switches
                 230  involuntary context switches
          3281296186  instructions retired
           700023947  cycles elapsed
            11272552  peak memory footprint
