$ /usr/bin/time -l /Users/zhangwenqian/UNSW/pivoter/research/r1_skyline_index_20260918/build/chain_index_tool --bench graphs/cit-HepPh.edges /Users/zhangwenqian/UNSW/pivoter/research/r1_skyline_index_20260918/cx/cit-HepPh.cx
{"passed":true,"n":34546,"m":420877,"s_max":31,"count_bits":64,"chains":16623,"canonical_nodes":9369,"max_depth":1062,"pairs_total":104308,"runs_total":61217,"vertex_pairs":169637,"vertex_residue_cells":146399,"baseline_vertex_bytes":3199324,"bytes_map":72980,"bytes_chains":831455,"bytes_layers":706524,"bytes_total":1610959,"file_bytes":1574826,"perm_bytes":138184,"slice_bytes_layers":642088,"slice_bytes_total":2093928,"solve_ms":176.360,"trees_ms":228.148,"chains_ms":0.520,"layout_ms":5.426,"build_ms":410.950,"compact_ms":0.736,"save_ms":3.190,"load_ms":0.364,"ti_ms":486.787,"ti_bytes":44387636,"rss_start":87359488,"rss_after_solve":96780288,"rss_after_chains":96780288,"rss_after_layout":97910784,"slice_range_own_ns":9593.890,"slice_range_half_ns":11032.069,"slice_range_root_ns":12014.833,"slice_explicit_own_ns":17585.000,"slice_explicit_half_ns":14122.640,"slice_explicit_root_ns":15934.209,"slice_ladder_ns":94998.298,"slice_own_ranges":3693.721,"slice_half_ranges":4107.761,"slice_root_ranges":4941.047,"full_bytes_total":1656743,"full_bytes_layers":752308,"full_range_own_ns":1138.975,"full_range_half_ns":1309.192,"full_range_root_ns":1295.416,"full_explicit_own_ns":4067.787,"full_climb_own_ns":4.938,"full_climb_half_ns":32.812,"full_climb_root_ns":5.667,"full_ptr_own_ns":5.950,"full_ptr_half_ns":29.040,"full_ptr_root_ns":6.583,"full_member_ns":18.884,"full_value_ns":8.361,"full_ladder_ns":18928.504,"climb_own_ns":4.844,"climb_half_ns":24.919,"climb_root_ns":6.334,"slice_climb_own_ns":5.194,"slice_climb_half_ns":30.846,"slice_climb_root_ns":4.083,"ptr_own_ns":5.062,"ptr_half_ns":28.821,"ptr_root_ns":5.958,"ptr_checksum":926284728,"range_own_ns":1013.465,"range_half_ns":1150.458,"range_root_ns":1367.917,"explicit_own_ns":3721.044,"explicit_half_ns":3925.010,"explicit_root_ns":5146.583,"own_output":18252.493,"half_output":21347.797,"root_output":26460.514,"own_ranges":3693.721,"half_ranges":4107.761,"root_ranges":4941.047,"own_chains":3693.721,"half_chains":4107.761,"root_chains":4941.047,"member_ns":9.756,"member_checksum":74418,"value_ns":7.099,"value_checksum":0,"ladder_ns":16675.829,"ladder_steps":48.101}
       24.73 real        24.42 user         0.20 sys
            99598336  maximum resident set size
                   0  average shared memory size
                   0  average unshared data size
                   0  average unshared stack size
                6269  page reclaims
                   1  page faults
                   0  swaps
                   0  block input operations
                   0  block output operations
                   0  messages sent
                   0  messages received
                   0  signals received
                   5  voluntary context switches
               10100  involuntary context switches
        526250745391  instructions retired
         86633072705  cycles elapsed
            98927048  peak memory footprint
