$ /usr/bin/time -l /Users/zhangwenqian/UNSW/pivoter/research/r1_skyline_index_20260918/build/chain_index_tool --bench graphs/com-youtube.edges /Users/zhangwenqian/UNSW/pivoter/research/r1_skyline_index_20260918/cx/com-youtube.cx
{"passed":true,"n":1134890,"m":2987624,"s_max":52,"count_bits":64,"chains":42815,"canonical_nodes":22403,"max_depth":1604,"pairs_total":179601,"runs_total":93541,"vertex_pairs":1573649,"vertex_residue_cells":615211,"baseline_vertex_bytes":33847412,"bytes_map":384064,"bytes_chains":1477821,"bytes_layers":1241440,"bytes_total":3103325,"file_bytes":3015917,"perm_bytes":4539560,"slice_bytes_layers":1256076,"slice_bytes_total":3987484,"solve_ms":518.061,"trees_ms":976.556,"chains_ms":4.321,"layout_ms":10.500,"build_ms":1510.413,"compact_ms":1.051,"save_ms":6.173,"load_ms":0.735,"ti_ms":2079.851,"ti_bytes":220101384,"rss_start":447479808,"rss_after_solve":578256896,"rss_after_chains":578273280,"rss_after_layout":579846144,"slice_range_own_ns":26083.583,"slice_range_half_ns":31352.950,"slice_range_root_ns":27304.791,"slice_explicit_own_ns":58156.883,"slice_explicit_half_ns":68614.642,"slice_explicit_root_ns":65871.208,"slice_ladder_ns":29214.273,"slice_own_ranges":959.719,"slice_half_ranges":993.223,"slice_root_ranges":985.664,"full_bytes_total":3237905,"full_bytes_layers":1376020,"full_range_own_ns":314.654,"full_range_half_ns":329.560,"full_range_root_ns":309.958,"full_explicit_own_ns":31037.717,"full_climb_own_ns":6.806,"full_climb_half_ns":5.925,"full_climb_root_ns":4.375,"full_ptr_own_ns":8.023,"full_ptr_half_ns":6.219,"full_ptr_root_ns":5.375,"full_member_ns":7.979,"full_value_ns":8.838,"full_ladder_ns":2425.006,"climb_own_ns":9.160,"climb_half_ns":6.573,"climb_root_ns":4.791,"slice_climb_own_ns":10.077,"slice_climb_half_ns":10.394,"slice_climb_root_ns":4.458,"ptr_own_ns":12.340,"ptr_half_ns":17.556,"ptr_root_ns":4.458,"ptr_checksum":55171191788,"range_own_ns":291.804,"range_half_ns":301.500,"range_root_ns":277.375,"explicit_own_ns":32013.685,"explicit_half_ns":38678.113,"explicit_root_ns":43573.708,"own_output":774494.746,"half_output":936661.260,"root_output":1005937.040,"own_ranges":959.719,"half_ranges":993.223,"root_ranges":985.664,"own_chains":959.719,"half_chains":993.223,"root_chains":985.664,"member_ns":8.139,"member_checksum":96102,"value_ns":8.689,"value_checksum":0,"ladder_ns":2454.752,"ladder_steps":4.122}
       44.71 real        44.10 user         0.41 sys
           582139904  maximum resident set size
                   0  average shared memory size
                   0  average unshared data size
                   0  average unshared stack size
               35723  page reclaims
                   1  page faults
                   0  swaps
                   0  block input operations
                   0  block output operations
                   0  messages sent
                   0  messages received
                   0  signals received
                  12  voluntary context switches
               19794  involuntary context switches
       1106609680824  instructions retired
        152600547923  cycles elapsed
           581780320  peak memory footprint
