$ /usr/bin/time -l /Users/zhangwenqian/UNSW/pivoter/research/r1_skyline_index_20260918/build/chain_index_tool --bench graphs/loc-Brightkite.edges /Users/zhangwenqian/UNSW/pivoter/research/r1_skyline_index_20260918/cx/loc-Brightkite.cx
{"passed":true,"n":58228,"m":214078,"s_max":53,"count_bits":64,"chains":6326,"canonical_nodes":11547,"max_depth":730,"pairs_total":35833,"runs_total":21427,"vertex_pairs":126403,"vertex_residue_cells":71438,"baseline_vertex_bytes":2628872,"bytes_map":36232,"bytes_chains":319597,"bytes_layers":455239,"bytes_total":811068,"file_bytes":767125,"perm_bytes":232912,"slice_bytes_layers":420460,"slice_bytes_total":915304,"solve_ms":294.634,"trees_ms":482.127,"chains_ms":0.424,"layout_ms":3.226,"build_ms":780.731,"compact_ms":0.329,"save_ms":4.920,"load_ms":0.268,"ti_ms":312.013,"ti_bytes":42905568,"rss_start":76546048,"rss_after_solve":88883200,"rss_after_chains":88948736,"rss_after_layout":89866240,"slice_range_own_ns":3788.373,"slice_range_half_ns":3623.027,"slice_range_root_ns":3699.917,"slice_explicit_own_ns":5030.023,"slice_explicit_half_ns":5301.321,"slice_explicit_root_ns":5699.375,"slice_ladder_ns":4679.396,"slice_own_ranges":400.674,"slice_half_ranges":415.296,"slice_root_ranges":463.869,"full_bytes_total":850977,"full_bytes_layers":495148,"full_range_own_ns":107.583,"full_range_half_ns":117.929,"full_range_root_ns":117.000,"full_explicit_own_ns":1779.771,"full_climb_own_ns":8.227,"full_climb_half_ns":12.456,"full_climb_root_ns":2.833,"full_ptr_own_ns":9.050,"full_ptr_half_ns":11.819,"full_ptr_root_ns":4.833,"full_member_ns":8.550,"full_value_ns":9.195,"full_ladder_ns":621.767,"climb_own_ns":7.229,"climb_half_ns":9.940,"climb_root_ns":5.250,"slice_climb_own_ns":9.573,"slice_climb_half_ns":6.102,"slice_climb_root_ns":4.208,"ptr_own_ns":11.469,"ptr_half_ns":11.260,"ptr_root_ns":4.959,"ptr_checksum":3654907986,"range_own_ns":108.465,"range_half_ns":114.592,"range_root_ns":115.375,"explicit_own_ns":1812.240,"explicit_half_ns":2210.483,"explicit_root_ns":2478.542,"own_output":32323.257,"half_output":39732.150,"root_output":45279.031,"own_ranges":400.674,"half_ranges":415.296,"root_ranges":463.869,"own_chains":400.674,"half_chains":415.296,"root_chains":463.869,"member_ns":10.410,"member_checksum":79374,"value_ns":9.741,"value_checksum":0,"ladder_ns":643.200,"ladder_steps":7.233}
        4.89 real         4.81 user         0.05 sys
            91111424  maximum resident set size
                   0  average shared memory size
                   0  average unshared data size
                   0  average unshared stack size
                5751  page reclaims
                   1  page faults
                   0  swaps
                   0  block input operations
                   0  block output operations
                   0  messages sent
                   0  messages received
                   0  signals received
                   8  voluntary context switches
                1848  involuntary context switches
        106100953926  instructions retired
         17386636244  cycles elapsed
            90423728  peak memory footprint
