$ /usr/bin/time -l /Users/zhangwenqian/UNSW/pivoter/research/r1_skyline_index_20260918/build/chain_index_tool --bench graphs/soc-Slashdot0902.edges /Users/zhangwenqian/UNSW/pivoter/research/r1_skyline_index_20260918/cx/soc-Slashdot0902.cx
{"passed":true,"n":82168,"m":504230,"s_max":56,"count_bits":64,"chains":6798,"canonical_nodes":6309,"max_depth":587,"pairs_total":30496,"runs_total":17551,"vertex_pairs":132210,"vertex_residue_cells":82646,"baseline_vertex_bytes":2995392,"bytes_map":42608,"bytes_chains":269319,"bytes_layers":289200,"bytes_total":601127,"file_bytes":578259,"perm_bytes":328672,"slice_bytes_layers":273400,"slice_bytes_total":734136,"solve_ms":444.813,"trees_ms":874.168,"chains_ms":0.471,"layout_ms":2.469,"build_ms":1322.155,"compact_ms":0.320,"save_ms":4.488,"load_ms":0.238,"ti_ms":852.540,"ti_bytes":111677832,"rss_start":246267904,"rss_after_solve":271548416,"rss_after_chains":271679488,"rss_after_layout":272482304,"slice_range_own_ns":5210.860,"slice_range_half_ns":4725.481,"slice_range_root_ns":4521.708,"slice_explicit_own_ns":6645.815,"slice_explicit_half_ns":7174.246,"slice_explicit_root_ns":7637.750,"slice_ladder_ns":8575.321,"slice_own_ranges":469.457,"slice_half_ranges":478.650,"slice_root_ranges":459.083,"full_bytes_total":629427,"full_bytes_layers":317500,"full_range_own_ns":128.606,"full_range_half_ns":142.654,"full_range_root_ns":130.000,"full_explicit_own_ns":2431.290,"full_climb_own_ns":9.779,"full_climb_half_ns":8.240,"full_climb_root_ns":5.375,"full_ptr_own_ns":10.423,"full_ptr_half_ns":8.904,"full_ptr_root_ns":5.041,"full_member_ns":9.814,"full_value_ns":8.499,"full_ladder_ns":781.833,"climb_own_ns":7.756,"climb_half_ns":8.442,"climb_root_ns":4.334,"slice_climb_own_ns":9.704,"slice_climb_half_ns":7.088,"slice_climb_root_ns":4.625,"ptr_own_ns":7.971,"ptr_half_ns":8.406,"ptr_root_ns":6.667,"ptr_checksum":2011797226,"range_own_ns":138.504,"range_half_ns":156.179,"range_root_ns":139.209,"explicit_own_ns":2704.296,"explicit_half_ns":2716.804,"explicit_root_ns":2854.167,"own_output":47604.378,"half_output":59056.621,"root_output":70420.760,"own_ranges":469.457,"half_ranges":478.650,"root_ranges":459.083,"own_chains":469.457,"half_chains":478.650,"root_chains":459.083,"member_ns":5.871,"member_checksum":86412,"value_ns":7.191,"value_checksum":0,"ladder_ns":640.365,"ladder_steps":6.461}
        7.52 real         7.40 user         0.08 sys
           273399808  maximum resident set size
                   0  average shared memory size
                   0  average unshared data size
                   0  average unshared stack size
               16877  page reclaims
                   1  page faults
                   0  swaps
                   0  block input operations
                   0  block output operations
                   0  messages sent
                   0  messages received
                   0  signals received
                   5  voluntary context switches
                3036  involuntary context switches
        156887830429  instructions retired
         26901267738  cycles elapsed
           272826968  peak memory footprint
