$ /usr/bin/time -l /Users/zhangwenqian/UNSW/pivoter/research/r1_skyline_index_20260918/build/chain_index_tool --bench graphs/soc-pokec.edges /Users/zhangwenqian/UNSW/pivoter/research/r1_skyline_index_20260918/cx/soc-pokec.cx
{"passed":true,"n":1632803,"m":22301964,"s_max":48,"count_bits":64,"chains":383206,"canonical_nodes":67544,"max_depth":2413,"pairs_total":2375352,"runs_total":1212885,"vertex_pairs":5325365,"vertex_residue_cells":4369699,"baseline_vertex_bytes":101770646,"bytes_map":1838988,"bytes_chains":19247860,"bytes_layers":11304285,"bytes_total":32391133,"file_bytes":32122997,"perm_bytes":6531212,"slice_bytes_layers":11122464,"slice_bytes_total":44018876,"solve_ms":7073.439,"trees_ms":9008.511,"chains_ms":12.936,"layout_ms":117.634,"build_ms":16244.030,"compact_ms":19.654,"save_ms":33.462,"load_ms":8.499,"ti_ms":19185.818,"ti_bytes":1525656592,"rss_start":2930720768,"rss_after_solve":3369304064,"rss_after_chains":3370778624,"rss_after_layout":3382509568,"slice_range_own_ns":344699.790,"slice_range_half_ns":374935.394,"slice_range_root_ns":423324.083,"slice_explicit_own_ns":505275.777,"slice_explicit_half_ns":751647.748,"slice_explicit_root_ns":811181.375,"slice_ladder_ns":2153675.862,"slice_own_ranges":40378.242,"slice_half_ranges":44650.270,"slice_root_ranges":51695.142,"full_bytes_total":32681536,"full_bytes_layers":11594688,"full_range_own_ns":12332.992,"full_range_half_ns":15126.615,"full_range_root_ns":16859.625,"full_explicit_own_ns":94457.685,"full_climb_own_ns":5.329,"full_climb_half_ns":37.842,"full_climb_root_ns":9.417,"full_ptr_own_ns":15.329,"full_ptr_half_ns":42.577,"full_ptr_root_ns":11.083,"full_member_ns":14.553,"full_value_ns":11.959,"full_ladder_ns":138149.521,"climb_own_ns":9.765,"climb_half_ns":23.575,"climb_root_ns":15.833,"slice_climb_own_ns":7.804,"slice_climb_half_ns":24.715,"slice_climb_root_ns":5.042,"ptr_own_ns":8.152,"ptr_half_ns":37.052,"ptr_root_ns":7.208,"ptr_checksum":120767184566,"range_own_ns":12446.546,"range_half_ns":13897.079,"range_root_ns":13230.000,"explicit_own_ns":88852.573,"explicit_half_ns":102827.765,"explicit_root_ns":129016.041,"own_output":827163.134,"half_output":992601.993,"root_output":1240689.469,"own_ranges":40378.242,"half_ranges":44650.270,"root_ranges":51695.142,"own_chains":40378.242,"half_chains":44650.270,"root_chains":51695.142,"member_ns":27.172,"member_checksum":75138,"value_ns":14.648,"value_checksum":0,"ladder_ns":143009.771,"ladder_steps":23.035}
      632.57 real       616.23 user         5.71 sys
          3382509568  maximum resident set size
                   0  average shared memory size
                   0  average unshared data size
                   0  average unshared stack size
              211360  page reclaims
                   1  page faults
                   0  swaps
                   0  block input operations
                   0  block output operations
                   0  messages sent
                   0  messages received
                   0  signals received
                  50  voluntary context switches
              398576  involuntary context switches
       8475553042128  instructions retired
       1847743106464  cycles elapsed
          3383593816  peak memory footprint
