$ /usr/bin/time -l /Users/zhangwenqian/UNSW/pivoter/research/r1_skyline_index_20260918/build/chain_index_tool --bench graphs/web-Stanford.edges /Users/zhangwenqian/UNSW/pivoter/research/r1_skyline_index_20260918/cx/web-Stanford.cx
{"passed":true,"n":281903,"m":1992636,"s_max":72,"count_bits":64,"chains":17963,"canonical_nodes":53239,"max_depth":2138,"pairs_total":151364,"runs_total":97074,"bytes_map":124720,"bytes_chains":1693758,"bytes_layers":2267852,"bytes_total":4086330,"file_bytes":3876310,"perm_bytes":1127612,"slice_bytes_layers":1883192,"slice_bytes_total":3701670,"solve_ms":3556.617,"trees_ms":1143.751,"chains_ms":41.487,"layout_ms":18.233,"build_ms":4761.710,"compact_ms":1.146,"save_ms":6.679,"load_ms":1.579,"slice_range_own_ns":9105.200,"slice_range_half_ns":9691.731,"slice_range_root_ns":7757.375,"slice_explicit_own_ns":17125.844,"slice_explicit_half_ns":19562.875,"slice_explicit_root_ns":25187.417,"slice_ladder_ns":81487.692,"slice_own_ranges":1217.681,"slice_half_ranges":1339.647,"slice_root_ranges":1772.804,"ptr_own_ns":9.833,"ptr_half_ns":39.677,"ptr_root_ns":11.000,"ptr_checksum":4030630702,"range_own_ns":421.954,"range_half_ns":660.177,"range_root_ns":408.667,"explicit_own_ns":10157.502,"explicit_half_ns":12988.433,"explicit_root_ns":15558.292,"own_output":83227.127,"half_output":102996.711,"root_output":115933.627,"own_ranges":1217.681,"half_ranges":1339.647,"root_ranges":1772.804,"own_chains":1217.681,"half_chains":1339.647,"root_chains":1772.804,"member_ns":15.597,"member_checksum":42840,"value_ns":16.324,"value_checksum":0,"ladder_ns":18940.529,"ladder_steps":61.199}
       28.82 real        27.94 user         0.33 sys
           909213696  maximum resident set size
                   0  average shared memory size
                   0  average unshared data size
                   0  average unshared stack size
               55690  page reclaims
                   2  page faults
                   0  swaps
                   0  block input operations
                   0  block output operations
                   0  messages sent
                   0  messages received
                   0  signals received
                   7  voluntary context switches
               30809  involuntary context switches
        386434500137  instructions retired
         74513750855  cycles elapsed
           909100160  peak memory footprint
