$ /usr/bin/time -l /Users/zhangwenqian/UNSW/pivoter/research/r1_skyline_index_20260918/build/chain_index_tool --bench graphs/com-youtube.edges /Users/zhangwenqian/UNSW/pivoter/research/r1_skyline_index_20260918/cx/com-youtube.cx
{"passed":true,"n":1134890,"m":2987624,"s_max":52,"count_bits":64,"chains":42815,"canonical_nodes":22403,"max_depth":1604,"pairs_total":179601,"runs_total":93541,"vertex_pairs":1573649,"vertex_residue_cells":615211,"baseline_vertex_bytes":33847412,"bytes_map":384064,"bytes_chains":2261714,"bytes_layers":1376020,"bytes_total":4021798,"file_bytes":3934322,"perm_bytes":4539560,"slice_bytes_layers":1256076,"slice_bytes_total":3901854,"solve_ms":5983.501,"trees_ms":1206.126,"chains_ms":75.273,"layout_ms":12.327,"build_ms":7283.129,"compact_ms":0.734,"save_ms":7.121,"load_ms":1.467,"slice_range_own_ns":35061.498,"slice_range_half_ns":41801.177,"slice_range_root_ns":30641.042,"slice_explicit_own_ns":85362.471,"slice_explicit_half_ns":92032.554,"slice_explicit_root_ns":96138.667,"slice_ladder_ns":38750.996,"slice_own_ranges":959.719,"slice_half_ranges":993.223,"slice_root_ranges":985.664,"ptr_own_ns":18.925,"ptr_half_ns":26.917,"ptr_root_ns":8.917,"ptr_checksum":55171191788,"range_own_ns":397.152,"range_half_ns":346.052,"range_root_ns":379.208,"explicit_own_ns":52608.058,"explicit_half_ns":53530.131,"explicit_root_ns":68493.958,"own_output":774494.746,"half_output":936661.260,"root_output":1005937.040,"own_ranges":959.719,"half_ranges":993.223,"root_ranges":985.664,"own_chains":959.719,"half_chains":993.223,"root_chains":985.664,"member_ns":11.764,"member_checksum":96102,"value_ns":12.227,"value_checksum":0,"ladder_ns":3305.600,"ladder_steps":4.122}
       61.32 real        59.05 user         0.61 sys
          1743306752  maximum resident set size
                   0  average shared memory size
                   0  average unshared data size
                   0  average unshared stack size
              106998  page reclaims
                   1  page faults
                   0  swaps
                   0  block input operations
                   0  block output operations
                   0  messages sent
                   0  messages received
                   0  signals received
                  10  voluntary context switches
               60429  involuntary context switches
       1023027365878  instructions retired
        160500646781  cycles elapsed
          1743685432  peak memory footprint
