$ /usr/bin/time -l /Users/zhangwenqian/UNSW/pivoter/research/r1_skyline_index_20260918/build/chain_index_tool --bench graphs/soc-Slashdot0902.edges /Users/zhangwenqian/UNSW/pivoter/research/r1_skyline_index_20260918/cx/soc-Slashdot0902.cx
{"passed":true,"n":82168,"m":504230,"s_max":56,"count_bits":64,"chains":6798,"canonical_nodes":6309,"max_depth":587,"pairs_total":30496,"runs_total":17551,"vertex_pairs":132210,"vertex_residue_cells":82646,"baseline_vertex_bytes":2995392,"bytes_map":42608,"bytes_chains":404532,"bytes_layers":317500,"bytes_total":764640,"file_bytes":741700,"perm_bytes":328672,"slice_bytes_layers":273400,"slice_bytes_total":720540,"solve_ms":2806.280,"trees_ms":934.541,"chains_ms":8.824,"layout_ms":2.742,"build_ms":3752.764,"compact_ms":0.159,"save_ms":5.266,"load_ms":0.331,"slice_range_own_ns":6215.223,"slice_range_half_ns":6427.788,"slice_range_root_ns":6616.875,"slice_explicit_own_ns":9399.225,"slice_explicit_half_ns":10473.410,"slice_explicit_root_ns":10771.375,"slice_ladder_ns":11397.760,"slice_own_ranges":469.457,"slice_half_ranges":478.650,"slice_root_ranges":459.083,"ptr_own_ns":8.323,"ptr_half_ns":4.873,"ptr_root_ns":3.584,"ptr_checksum":2011797226,"range_own_ns":174.233,"range_half_ns":196.456,"range_root_ns":191.792,"explicit_own_ns":2993.356,"explicit_half_ns":2521.454,"explicit_root_ns":2714.208,"own_output":47604.378,"half_output":59056.621,"root_output":70420.760,"own_ranges":469.457,"half_ranges":478.650,"root_ranges":459.083,"own_chains":469.457,"half_chains":478.650,"root_chains":459.083,"member_ns":5.225,"member_checksum":86412,"value_ns":6.251,"value_checksum":0,"ladder_ns":603.496,"ladder_steps":6.461}
       11.62 real        11.31 user         0.14 sys
           665042944  maximum resident set size
                   0  average shared memory size
                   0  average unshared data size
                   0  average unshared stack size
               40774  page reclaims
                   6  page faults
                   0  swaps
                   0  block input operations
                   0  block output operations
                   0  messages sent
                   0  messages received
                   0  signals received
                  15  voluntary context switches
                9555  involuntary context switches
        163045252786  instructions retired
         31742089552  cycles elapsed
           664798168  peak memory footprint
